04-29 20:43:58.278 29140 29175 D AccountTypeManager: Registering external account type=com.whatsapp, packageName=com.whatsapp
04-29 20:43:58.289  2936 24809 I Icing   : IndexChimeraService.getServiceInterface callingPackage=com.google.android.gms componentName=AppsCorpus serviceId=SEARCH_QUERIES
04-29 20:43:58.292  1283  4769 W BroadcastQueue: Background execution not allowed: receiving Intent { act=android.intent.action.PACKAGE_ADDED dat=package:com.example.bradycardia flg=0x4000010 (has extras) } to com.facebook.katana/com.facebook.feed.platformads.AppInstallReceiver
04-29 20:43:58.293  1283  1396 W BroadcastQueue: Background execution not allowed: receiving Intent { act=android.intent.action.PACKAGE_ADDED dat=package:com.example.bradycardia flg=0x4000010 (has extras) } to com.facebook.katana/com.facebook.games.packagecontroller.PackageChangeReceiver
04-29 20:43:58.304 29140 29175 D AccountTypeManager: Registering external account type=com.facebook.messenger, packageName=com.facebook.orca
04-29 20:43:58.305 29140 29175 W ResourceType: Failure getting entry for 0x7f1907a7 (t=24 e=1959) (error -2147483647)
04-29 20:43:58.305 29140 29175 W ResourceType: Failure getting entry for 0x7f1907a7 (t=24 e=1959) (error -2147483647)
04-29 20:43:58.306 29140 29175 W ResourceType: Failure getting entry for 0x7f1907a8 (t=24 e=1960) (error -2147483647)
04-29 20:43:58.306 29140 29175 W ResourceType: Failure getting entry for 0x7f1907a9 (t=24 e=1961) (error -2147483647)
04-29 20:43:58.306 29140 29175 D AccountTypeManager: Registering external account type=com.linkedin.android, packageName=com.linkedin.android
04-29 20:43:58.313 29140 29175 D AccountTypeManager: Registering external account type=com.google.android.gms.matchstick, packageName=com.google.android.gms
04-29 20:43:58.318 29140 29175 W ResourceType: For resource 0x7f02042e, entry index(1070) is beyond type entryCount(530)
04-29 20:43:58.318 29140 29175 W ResourceType: Failure getting entry for 0x7f02042e (t=1 e=1070) (error -75)
04-29 20:43:58.318 29140 29175 W ResourceType: For resource 0x7f02042e, entry index(1070) is beyond type entryCount(530)
04-29 20:43:58.318 29140 29175 W ResourceType: Failure getting entry for 0x7f02042e (t=1 e=1070) (error -75)
04-29 20:43:58.318 29140 29175 D AccountTypeManager: Registering external account type=com.truecaller.account, packageName=com.truecaller
04-29 20:43:58.320 29140 29175 W ResourceType: For resource 0x7f080635, entry index(1589) is beyond type entryCount(609)
04-29 20:43:58.320 29140 29175 W ResourceType: Failure getting entry for 0x7f080635 (t=7 e=1589) (error -75)
04-29 20:43:58.320 29140 29175 W ResourceType: For resource 0x7f0806e4, entry index(1764) is beyond type entryCount(609)
04-29 20:43:58.320 29140 29175 W ResourceType: Failure getting entry for 0x7f0806e4 (t=7 e=1764) (error -75)
04-29 20:43:58.320 29140 29175 W ResourceType: For resource 0x7f0806e4, entry index(1764) is beyond type entryCount(609)
04-29 20:43:58.320 29140 29175 W ResourceType: Failure getting entry for 0x7f0806e4 (t=7 e=1764) (error -75)
04-29 20:43:58.320 29140 29175 W ResourceType: For resource 0x7f0806e5, entry index(1765) is beyond type entryCount(609)
04-29 20:43:58.320 29140 29175 W ResourceType: Failure getting entry for 0x7f0806e5 (t=7 e=1765) (error -75)
04-29 20:43:58.321 29140 29175 D AccountTypeManager: Registering 1 extension packages
04-29 20:43:58.325  1283  4769 W BroadcastQueue: Background execution not allowed: receiving Intent { act=android.intent.action.PACKAGE_ADDED dat=package:com.example.bradycardia flg=0x4000010 (has extras) } to com.jio.myjio/com.inn.passivesdk.receiver.PackageReceiver
04-29 20:43:58.327 29140 29175 W ResourceType: For resource 0x7f02042e, entry index(1070) is beyond type entryCount(530)
04-29 20:43:58.327 29140 29175 W ResourceType: Failure getting entry for 0x7f02042e (t=1 e=1070) (error -75)
04-29 20:43:58.327 29140 29175 W ResourceType: For resource 0x7f02042e, entry index(1070) is beyond type entryCount(530)
04-29 20:43:58.327 29140 29175 W ResourceType: Failure getting entry for 0x7f02042e (t=1 e=1070) (error -75)
04-29 20:43:58.327 29140 29175 W AccountTypeManager: Skipping extension package com.google.android.gms because the CONTACTS_STRUCTURE metadata doesn't have the accountType attribute
04-29 20:43:58.327 29140 29175 I AccountTypeManager: addSimAccount
04-29 20:43:58.328  1283  1396 W BroadcastQueue: Background execution not allowed: receiving Intent { act=android.intent.action.PACKAGE_ADDED dat=package:com.example.bradycardia flg=0x4000010 (has extras) } to com.lenovo.anyshare.gps/com.lenovo.anyshare.app.DefaultReceiver
04-29 20:43:58.329  1283  1396 W BroadcastQueue: Background execution not allowed: receiving Intent { act=android.intent.action.PACKAGE_ADDED dat=package:com.example.bradycardia flg=0x4000010 (has extras) } to com.lge.app1/.service.InstallReceiver
04-29 20:43:58.329  1283  1396 W BroadcastQueue: Background execution not allowed: receiving Intent { act=android.intent.action.PACKAGE_ADDED dat=package:com.example.bradycardia flg=0x4000010 (has extras) } to com.microsoft.office.excel/com.microsoft.office.notification.SystemBroadcastReceiver
04-29 20:43:58.329  1283  1396 W BroadcastQueue: Background execution not allowed: receiving Intent { act=android.intent.action.PACKAGE_ADDED dat=package:com.example.bradycardia flg=0x4000010 (has extras) } to com.microsoft.office.excel/com.microsoft.android.crosssell.PackageStateReceiver
04-29 20:43:58.329  1283  1396 W BroadcastQueue: Background execution not allowed: receiving Intent { act=android.intent.action.PACKAGE_ADDED dat=package:com.example.bradycardia flg=0x4000010 (has extras) } to com.microsoft.office.powerpoint/com.microsoft.office.notification.SystemBroadcastReceiver
04-29 20:43:58.329  1283  1396 W BroadcastQueue: Background execution not allowed: receiving Intent { act=android.intent.action.PACKAGE_ADDED dat=package:com.example.bradycardia flg=0x4000010 (has extras) } to com.microsoft.office.powerpoint/com.microsoft.android.crosssell.PackageStateReceiver
04-29 20:43:58.329  1283  1396 W BroadcastQueue: Background execution not allowed: receiving Intent { act=android.intent.action.PACKAGE_ADDED dat=package:com.example.bradycardia flg=0x4000010 (has extras) } to com.microsoft.office.word/com.microsoft.office.notification.SystemBroadcastReceiver
04-29 20:43:58.333  1283  4769 W BroadcastQueue: Background execution not allowed: receiving Intent { act=android.intent.action.PACKAGE_ADDED dat=package:com.example.bradycardia flg=0x4000010 (has extras) } to com.sony.songpal/.app.SmartConnectInstallReceiver
04-29 20:43:58.336  2936 24809 I Icing   : IndexChimeraService.getServiceInterface callingPackage=com.google.android.gms componentName=AppsCorpus serviceId=SEARCH_CORPORA
04-29 20:43:58.336  1283  1396 W BroadcastQueue: Background execution not allowed: receiving Intent { act=android.intent.action.PACKAGE_REPLACED dat=package:com.example.bradycardia flg=0x4000010 (has extras) } to com.google.android.apps.photos/.account.full.FetchAccountPropertiesAppUpgradeBroadcastReceiver
04-29 20:43:58.338  1283  1396 W BroadcastQueue: Background execution not allowed: receiving Intent { act=android.intent.action.PACKAGE_REPLACED dat=package:com.example.bradycardia flg=0x4000010 (has extras) } to com.google.android.apps.photos/.account.full.SyncAccountsForLoginBroadcastReceiver
04-29 20:43:58.338  1283  1396 W BroadcastQueue: Background execution not allowed: receiving Intent { act=android.intent.action.PACKAGE_REPLACED dat=package:com.example.bradycardia flg=0x4000010 (has extras) } to com.google.android.apps.photos/.experiments.phenotype.full.PhenotypeAppUpgradeBroadcastReceiver
04-29 20:43:58.338  1283  1396 W BroadcastQueue: Background execution not allowed: receiving Intent { act=android.intent.action.PACKAGE_REPLACED dat=package:com.example.bradycardia flg=0x4000010 (has extras) } to com.google.android.apps.photos/.notificationchannels.AppUpdateBroadcastReceiver
04-29 20:43:58.338  1283  1396 W BroadcastQueue: Background execution not allowed: receiving Intent { act=android.intent.action.PACKAGE_REPLACED dat=package:com.example.bradycardia flg=0x4000010 (has extras) } to com.google.android.gms/.gass.chimera.PackageChangeBroadcastReceiver
04-29 20:43:58.338  1283  1396 W BroadcastQueue: Background execution not allowed: receiving Intent { act=android.intent.action.PACKAGE_REPLACED dat=package:com.example.bradycardia flg=0x4000010 (has extras) } to com.google.android.gms/.chimera.GmsIntentOperationService$PersistentTrustedReceiver
04-29 20:43:58.338  1283  1396 W BroadcastQueue: Background execution not allowed: receiving Intent { act=android.intent.action.PACKAGE_REPLACED dat=package:com.example.bradycardia flg=0x4000010 (has extras) } to com.google.android.googlequicksearchbox/com.google.android.apps.gsa.googlequicksearchbox.GelStubAppWatcher
04-29 20:43:58.338  1283  1396 W BroadcastQueue: Background execution not allowed: receiving Intent { act=android.intent.action.PACKAGE_REPLACED dat=package:com.example.bradycardia flg=0x4000010 (has extras) } to com.facebook.katana/com.facebook.games.packagecontroller.PackageChangeReceiver
04-29 20:43:58.338  1283  1396 W BroadcastQueue: Background execution not allowed: receiving Intent { act=android.intent.action.PACKAGE_REPLACED dat=package:com.example.bradycardia flg=0x4000010 (has extras) } to com.jio.myjio/com.inn.passivesdk.receiver.PackageReceiver
04-29 20:43:58.338  1283  1396 W BroadcastQueue: Background execution not allowed: receiving Intent { act=android.intent.action.PACKAGE_REPLACED dat=package:com.example.bradycardia flg=0x4000010 (has extras) } to com.lge.app1/.service.InstallReceiver
04-29 20:43:58.349 29140 29175 I AccountTypeManager: sim1 is ready
04-29 20:43:58.360 29140 29175 I AccountTypeManager: sim2 is ready
04-29 20:43:58.380  9664  9664 I chatty  : uid=10260(com.example.bradycardia) expire 253 lines
04-29 20:43:58.420 29140 29175 I AccountTypeManager: Loaded meta-data for 12 account types, 10 accounts in 147ms(wall) 13ms(cpu)
04-29 20:43:58.479  2936  6948 I Icing   : Usage reports ok 1, Failed Usage reports 0, indexed 0, rejected 0, imm upload false
04-29 20:43:58.498  2936  6948 I Icing   : Usage reports ok 0, Failed Usage reports 0, indexed 0, rejected 0, imm upload false
04-29 20:43:58.533  8049  8055 E zygote  : # HandleSigQuit # DumpForSigQuit # after # pid=8049
04-29 20:43:58.539  8049  8055 I zygote  : Wrote stack traces to '/data/anr/traces.txt'
04-29 20:43:58.576  1283  1390 W SearchableInfo: Invalid searchable metadata for com.paypal.android.p2pmobile/com.paypal.android.foundation.presentation.activity.DeveloperConfigRcsFlagsActivity: Search label must be a resource reference.
04-29 20:43:58.592  2936 10773 I Icing   : IndexChimeraService.getServiceInterface callingPackage=com.google.android.gms componentName=AppsCorpus serviceId=SEARCH_QUERIES
04-29 20:43:58.593  2936  1142 I Icing   : IndexChimeraService.getServiceInterface callingPackage=com.google.android.gms componentName=AppsCorpus serviceId=SEARCH_CORPORA
04-29 20:43:58.594  1283  1390 W ResourceType: For resource 0x7f102434, entry index(9268) is beyond type entryCount(2689)
04-29 20:43:58.595  1283  1390 I chatty  : uid=1000(system) android.bg identical 2 lines
04-29 20:43:58.596  1283  1390 W ResourceType: For resource 0x7f102434, entry index(9268) is beyond type entryCount(2689)
04-29 20:43:58.613  1283  1390 V Theme   : com.android.contacts, Add app's resource
04-29 20:43:58.613  1283  1390 V Theme   : ColorMode:com.android.contacts is false
04-29 20:43:58.614  1283  1390 V Theme   : com.android.contacts, Add app's resource
04-29 20:43:58.614  1283  1390 V Theme   : ColorMode:com.android.contacts is false
04-29 20:43:58.615  1283  1390 V Theme   : com.android.mms, Add app's resource
04-29 20:43:58.615  1283  1390 V Theme   : ColorMode:com.android.mms is false
04-29 20:43:58.615  1283  1390 V Theme   : com.android.mms, Add app's resource
04-29 20:43:58.615  1283  1390 V Theme   : ColorMode:com.android.mms is false
04-29 20:43:58.658  1283  1390 W SearchableInfo: Invalid searchable metadata for com.paypal.android.p2pmobile/com.paypal.android.foundation.presentation.activity.DeveloperConfigRcsFlagsActivity: Search label must be a resource reference.
04-29 20:43:58.663  1283  1390 W ResourceType: For resource 0x7f102434, entry index(9268) is beyond type entryCount(2689)
04-29 20:43:58.666  1283  1390 W ResourceType: For resource 0x7f102434, entry index(9268) is beyond type entryCount(2689)
04-29 20:43:58.673  2936  9111 I Icing   : Usage reports ok 0, Failed Usage reports 0, indexed 0, rejected 0, imm upload false
04-29 20:43:58.696 29543 29543 D Launcher.Model: onPackageChanged: com.example.bradycardia @ UserHandle{0}
04-29 20:43:58.696 29543 29564 D PackageUpdatedTask: mAllAppsList.updatePackage com.example.bradycardia
04-29 20:43:58.750  2936  9111 I Icing   : Usage reports ok 0, Failed Usage reports 0, indexed 0, rejected 0, imm upload false
04-29 20:43:58.756 29543 29543 D Launcher.Model:     - deferredRunnable@bindAppsUpdated
04-29 20:43:58.757 29543 29543 D Launcher: Deferring update until onResume
04-29 20:43:58.782  9664  9739 I chatty  : uid=10260(com.example.bradycardia) expire 9 lines
04-29 20:43:58.819 29543 29543 D QuickPage: updateWidgetItem: com.example.bradycardia
04-29 20:43:58.819 29543 29543 D QuickPage: updateWidgetRestoreFlag: com.example.bradycardia
04-29 20:43:58.819 29543 29543 D QuickPage: refreshQuickPageList(com.example.bradycardia)
04-29 20:43:58.821 29543 29543 D FrequentAppsGrid: onIconPackChanged:com.example.bradycardia
04-29 20:43:58.899   472   472 W auditd  : type=1400 "RenderThread""proc""debugfs"
04-29 20:43:59.017  1283 19820 I OpenGLRenderer: Initialized EGL, version 1.4
04-29 20:43:59.017  1283 19820 D OpenGLRenderer: Swap behavior 2
04-29 20:43:59.023  9664  9695 I chatty  : uid=10260(com.example.bradycardia) expire 13 lines
04-29 20:43:59.089  1283  1491 I ActivityManager: Displayed com.example.bradycardia/.MainActivity: +1s221ms
04-29 20:43:59.326 29543 29543 D FrequentAppsGrid: bindAppGridItem pkg status: com.example.bradycardia. isPackageValid: true, isPackageRestoring: false
04-29 20:43:59.326 29543 29543 D FrequentAppsGrid: bindAppGridItem: 0
04-29 20:43:59.503  2936  7151 I Icing   : Indexing com.google.android.gms-internal.3p:MobileApplication from com.google.android.gms
04-29 20:43:59.549  2936  7151 I Icing   : Indexing done com.google.android.gms-internal.3p:MobileApplication
04-29 20:43:59.553  2936  7151 I Icing   : Indexing com.google.android.gms-internal.3p:MusicGroup from com.google.android.gms
04-29 20:43:59.564  2936  7151 I Icing   : Indexing com.google.android.gms-internal.3p:DigitalDocument from com.google.android.gms
04-29 20:43:59.576  2936  7151 I Icing   : Indexing com.google.android.gms-internal.3p:Message from com.google.android.gms
04-29 20:43:59.584  2936  7151 I Icing   : Indexing com.google.android.gms-internal.3p:Event from com.google.android.gms
04-29 20:43:59.591  2936  7151 I Icing   : Indexing com.google.android.gms-internal.3p:Photograph from com.google.android.gms
04-29 20:43:59.598  2936  7151 I Icing   : Indexing com.google.android.gms-internal.3p:MusicRecording from com.google.android.gms
04-29 20:43:59.604  2936  7151 I Icing   : Indexing com.google.android.gms-apps from com.google.android.gms
04-29 20:43:59.672  2936  7151 I Icing   : Indexing done com.google.android.gms-internal.3p:MusicGroup
04-29 20:43:59.676  2936  7151 I Icing   : Indexing done com.google.android.gms-internal.3p:DigitalDocument
04-29 20:43:59.679  2936  7151 I Icing   : Indexing done com.google.android.gms-internal.3p:Message
04-29 20:43:59.682  2936  7151 I Icing   : Indexing done com.google.android.gms-internal.3p:Event
04-29 20:43:59.685  2936  7151 I Icing   : Indexing done com.google.android.gms-internal.3p:Photograph
04-29 20:43:59.692  2936  7151 I Icing   : Indexing done com.google.android.gms-internal.3p:MusicRecording
04-29 20:43:59.694  2936  7151 I Icing   : Indexing done com.google.android.gms-apps
04-29 20:43:59.762  2936  7151 I Icing   : Indexing com.google.android.gms-apps from com.google.android.gms
04-29 20:43:59.764  2936  7151 I Icing   : Indexing done com.google.android.gms-apps
04-29 20:43:59.863   558   625 E ANDR-PERF-OPTSHANDLER: perf_lock_rel: updated /sys/class/scsi_host/host0/../../../clkscale_enable with 1
04-29 20:43:59.863   558   625 E ANDR-PERF-OPTSHANDLER:  return value 2
04-29 20:44:00.000  1283  1757 V AlarmManager: Triggering alarm #0: 3 when =295100580 package =android operation =*alarm*:android.intent.action.TIME_TICK flags =0x1
04-29 20:44:00.052  1983  2070 I ClockCtrl:  schedule next: 59948
04-29 20:44:00.052  1983  2070 I KeyguardUpdateMonitor: onTimeChanged
04-29 20:44:00.052  1983  1983 D KeyguardUpdateMonitor: handleTimeUpdate
04-29 20:44:00.060  1983  1983 I Clock   : onTimeChanged
04-29 20:44:00.061  1983  1983 I DateView: onTimeChanged
04-29 20:44:00.437  1283  6949 I ActivityManager: Start proc 9746:com.android.externalstorage/u0a9 for content provider com.android.externalstorage/.ExternalStorageProvider
04-29 20:44:00.516  9746  9746 D ExternalStorage: After updating volumes, found 3 active roots
04-29 20:44:00.521  9746  9746 V Font    : Change font:2
04-29 20:44:00.627  9698  9711 W zygote64: Checksum mismatch for dex OPFilemanager.apk
04-29 20:44:00.730  1283  1897 D ConnectivityService: updateNetworkScore for NetworkAgentInfo [WIFI () - 153] to 56
04-29 20:44:00.730  1283  1897 D ConnectivityService: rematching NetworkAgentInfo [WIFI () - 153]
04-29 20:44:00.730  1283  1897 D ConnectivityService:  network has: [ Transports: WIFI Capabilities: NOT_METERED&INTERNET&NOT_RESTRICTED&TRUSTED&NOT_VPN&VALIDATED&FOREGROUND LinkUpBandwidth>=1048576Kbps LinkDnBandwidth>=1048576Kbps SignalStrength: -65]
04-29 20:44:00.767  1283  2732 E JobSchedulerService: jobid:20536
04-29 20:44:00.767  1283  2732 E JobSchedulerService: java.lang.IllegalStateException: Same jobid in systemuid.
04-29 20:44:00.767  1283  2732 E JobSchedulerService: 	at com.android.server.job.JobSchedulerService.scheduleAsPackage(JobSchedulerService.java:710)
04-29 20:44:00.767  1283  2732 E JobSchedulerService: 	at com.android.server.job.JobSchedulerService$JobSchedulerStub.schedule(JobSchedulerService.java:1904)
04-29 20:44:00.767  1283  2732 E JobSchedulerService: 	at android.app.JobSchedulerImpl.schedule(JobSchedulerImpl.java:44)
04-29 20:44:00.767  1283  2732 E JobSchedulerService: 	at com.android.server.backup.FullBackupJob.schedule(FullBackupJob.java:52)
04-29 20:44:00.767  1283  2732 E JobSchedulerService: 	at com.android.server.backup.BackupManagerService$4.run(BackupManagerService.java:5417)
04-29 20:44:00.767  1283  2732 E JobSchedulerService: 	at android.os.Handler.handleCallback(Handler.java:789)
04-29 20:44:00.767  1283  2732 E JobSchedulerService: 	at android.os.Handler.dispatchMessage(Handler.java:98)
04-29 20:44:00.767  1283  2732 E JobSchedulerService: 	at android.os.Looper.loop(Looper.java:164)
04-29 20:44:00.767  1283  2732 E JobSchedulerService: 	at android.os.HandlerThread.run(HandlerThread.java:65)
04-29 20:44:00.627  9698  9711 W zygote64: Checksum mismatch for dex OPFilemanager.apk
04-29 20:44:01.868  1983  2144 I NetworkController.MobileSignalController(3):  showDisableIcon:false
04-29 20:44:03.710  1283  3040 I ActivityManager: Killing 8769:com.google.process.gapps/u0a10 (adj 906): empty #17
04-29 20:44:03.740  1283  3043 D ActivityManager: Process com.google.process.gapps has 0 services
04-29 20:44:05.027  1283  4769 I ActivityManager: Killing 9246:com.google.android.partnersetup/u0a14 (adj 906): empty #17
04-29 20:44:05.050  1283  4769 D ActivityManager: Process com.google.android.partnersetup has 0 services
04-29 20:44:06.996  1983  2144 I NetworkController.MobileSignalController(4):  showDisableIcon:false
04-29 20:44:06.997  1983  2144 I NetworkController.MobileSignalController(3):  showDisableIcon:false
04-29 20:44:07.868  1283  1395 D Embryo_Uterus: trim size=31
04-29 20:44:08.745  1658  1658 E GMSLocationHelper: location timeout
04-29 20:44:08.746  1658  1658 D LocationProvider: fetchAccuLocationData
04-29 20:44:08.746  1658  1658 E AlarmReceiver: Location ERR:3
04-29 20:44:08.750  1658  1658 D WeatherRequestExecuter: Request url: https://api.accuweather.com/currentconditions/v1/336877.json?apikey=590df10b57554ac099b44ffbfaafa5bb&language=en-US&details=true
04-29 20:44:08.760  1658  9400 E UnregisterListenerTask: Received call to unregister a listener without a matching registration call.
04-29 20:44:08.760  1658  9400 E UnregisterListenerTask: java.lang.Exception
04-29 20:44:08.760  1658  9400 E UnregisterListenerTask: 	at com.google.android.gms.internal.zzbcd.zzb(Unknown Source:37)
04-29 20:44:08.760  1658  9400 E UnregisterListenerTask: 	at com.google.android.gms.internal.zzbbz.zza(Unknown Source:0)
04-29 20:44:08.760  1658  9400 E UnregisterListenerTask: 	at com.google.android.gms.internal.zzbep.zzb(Unknown Source:9)
04-29 20:44:08.760  1658  9400 E UnregisterListenerTask: 	at com.google.android.gms.internal.zzbep.zzqo(Unknown Source:80)
04-29 20:44:08.760  1658  9400 E UnregisterListenerTask: 	at com.google.android.gms.internal.zzbep.onConnected(Unknown Source:16)
04-29 20:44:08.760  1658  9400 E UnregisterListenerTask: 	at com.google.android.gms.common.internal.zzab.onConnected(Unknown Source:2)
04-29 20:44:08.760  1658  9400 E UnregisterListenerTask: 	at com.google.android.gms.common.internal.zzn.zzrh(Unknown Source:147)
04-29 20:44:08.760  1658  9400 E UnregisterListenerTask: 	at com.google.android.gms.common.internal.zze.zzs(Unknown Source:47)
04-29 20:44:08.760  1658  9400 E UnregisterListenerTask: 	at com.google.android.gms.common.internal.zzi.zzri(Unknown Source:54)
04-29 20:44:08.760  1658  9400 E UnregisterListenerTask: 	at com.google.android.gms.common.internal.zzh.handleMessage(Unknown Source:275)
04-29 20:44:08.760  1658  9400 E UnregisterListenerTask: 	at android.os.Handler.dispatchMessage(Handler.java:105)
04-29 20:44:08.760  1658  9400 E UnregisterListenerTask: 	at android.os.Looper.loop(Looper.java:164)
04-29 20:44:08.760  1658  9400 E UnregisterListenerTask: 	at android.os.HandlerThread.run(HandlerThread.java:65)
04-29 20:44:08.765  1658  1658 D WeatherRequestExecuter: Request url: null
04-29 20:44:08.765  1658  1658 E WeatherRequestExecuter: onError: net.oneplus.weather.api.WeatherException: Url is null, not support request type!
04-29 20:44:08.766  1658  1658 D WeatherRequestExecuter: Request url: null
04-29 20:44:08.766  1658  1658 E WeatherRequestExecuter: onError: net.oneplus.weather.api.WeatherException: Url is null, not support request type!
04-29 20:44:08.766  1658  1658 D WeatherRequestExecuter: Request url: https://api.accuweather.com/forecasts/v1/daily/10day/336877?apikey=590df10b57554ac099b44ffbfaafa5bb&language=en-US&details=true&metric=true
04-29 20:44:08.766  1658  9400 E UnregisterListenerTask: Received call to unregister a listener without a matching registration call.
04-29 20:44:08.766  1658  9400 E UnregisterListenerTask: java.lang.Exception
04-29 20:44:08.766  1658  9400 E UnregisterListenerTask: 	at com.google.android.gms.internal.zzbcd.zzb(Unknown Source:37)
04-29 20:44:08.766  1658  9400 E UnregisterListenerTask: 	at com.google.android.gms.internal.zzbbz.zza(Unknown Source:0)
04-29 20:44:08.766  1658  9400 E UnregisterListenerTask: 	at com.google.android.gms.internal.zzbep.zzb(Unknown Source:9)
04-29 20:44:08.766  1658  9400 E UnregisterListenerTask: 	at com.google.android.gms.internal.zzbep.zzqo(Unknown Source:80)
04-29 20:44:08.766  1658  9400 E UnregisterListenerTask: 	at com.google.android.gms.internal.zzbep.onConnected(Unknown Source:16)
04-29 20:44:08.766  1658  9400 E UnregisterListenerTask: 	at com.google.android.gms.common.internal.zzab.onConnected(Unknown Source:2)
04-29 20:44:08.766  1658  9400 E UnregisterListenerTask: 	at com.google.android.gms.common.internal.zzn.zzrh(Unknown Source:147)
04-29 20:44:08.766  1658  9400 E UnregisterListenerTask: 	at com.google.android.gms.common.internal.zze.zzs(Unknown Source:47)
04-29 20:44:08.766  1658  9400 E UnregisterListenerTask: 	at com.google.android.gms.common.internal.zzi.zzri(Unknown Source:54)
04-29 20:44:08.766  1658  9400 E UnregisterListenerTask: 	at com.google.android.gms.common.internal.zzh.handleMessage(Unknown Source:275)
04-29 20:44:08.766  1658  9400 E UnregisterListenerTask: 	at android.os.Handler.dispatchMessage(Handler.java:105)
04-29 20:44:08.766  1658  9400 E UnregisterListenerTask: 	at android.os.Looper.loop(Looper.java:164)
04-29 20:44:08.766  1658  9400 E UnregisterListenerTask: 	at android.os.HandlerThread.run(HandlerThread.java:65)
04-29 20:44:08.778  3069  3802 D OPReportService: addMonitorFolder onEvent path=data_app_wtf@2019-04-29-20_44_08_777.txt, event:128
04-29 20:44:08.780  1283  1396 W BroadcastQueue: Background execution not allowed: receiving Intent { act=android.intent.action.DROPBOX_ENTRY_ADDED flg=0x10 (has extras) } to com.google.android.gms/.stats.service.DropBoxEntryAddedReceiver
04-29 20:44:08.780  1283  1396 W BroadcastQueue: Background execution not allowed: receiving Intent { act=android.intent.action.DROPBOX_ENTRY_ADDED flg=0x10 (has extras) } to com.google.android.gms/.chimera.GmsIntentOperationService$PersistentTrustedReceiver
04-29 20:44:08.784  3069  3802 D OPReportService: addMonitorFolder onEvent path=data_app_wtf@2019-04-29-20_44_08_783.txt, event:128
04-29 20:44:08.792  1283  1396 W BroadcastQueue: Background execution not allowed: receiving Intent { act=android.intent.action.DROPBOX_ENTRY_ADDED flg=0x10 (has extras) } to com.google.android.gms/.stats.service.DropBoxEntryAddedReceiver
04-29 20:44:08.792  1283  1396 W BroadcastQueue: Background execution not allowed: receiving Intent { act=android.intent.action.DROPBOX_ENTRY_ADDED flg=0x10 (has extras) } to com.google.android.gms/.chimera.GmsIntentOperationService$PersistentTrustedReceiver
04-29 20:44:08.793  1658  1658 D WeatherRequestExecuter: Request url: https://api.accuweather.com/alerts/v1/336877.json?apikey=590df10b57554ac099b44ffbfaafa5bb&language=en-US&details=true
04-29 20:44:08.820  1658  1658 D OPWeather: notifyWeatherDataChange
04-29 20:44:08.833  8437  8437 D WeatherDataReceiver: onReceive: net.oneplus.weather.receiver.update
04-29 20:44:08.891  1283  9784 D DropBoxManagerService: file :: /data/system/dropbox/data_app_wtf@2019-04-29-20_44_08_783.txt
04-29 20:44:08.911  1658  1674 I WeatherDataSharedProvider: wait
04-29 20:44:08.915  1658  1658 D WeatherDataSharedProvider: nendChangeLanguage :false
04-29 20:44:08.918  1283  9772 D DropBoxManagerService: file :: /data/system/dropbox/data_app_wtf@2019-04-29-20_44_08_777.txt
04-29 20:44:08.920  1658  1658 I WeatherDataSharedProvider: share data: 24     city:Tempe
04-29 20:44:08.924 29543 29575 D WeatherProvider: [Raw Weather Data] timestamp: 201904292022, city: Tempe, code: 1001, name: Sunny, temp: 24, high: 27, low: 16, unit: 
04-29 20:44:08.924 29543 29575 D WeatherProvider: get weather: 1001
04-29 20:44:08.926 29543 29575 D WeatherProvider: [timestamp] 1556594520; [cityName] Tempe; [weatherCode] 1001; [weatherName] Sunny; [temperature] 24; [temperatureHigh] 27; [temperatureLow] 16; [temperatureUnit] ; 
04-29 20:44:08.926 29543 29575 D WeatherProvider: push the weather information to the callbacks
04-29 20:44:08.931 29543 29575 D WeatherIconDelegate: DynamicIcon putNewData weatherId = 1001, tempString = 24
04-29 20:44:08.931 29543 29575 D WeatherIconDelegate: DynamicIcon check needInvalidate true
04-29 20:44:08.963 29543 29575 D WeatherIconDelegate: DynamicIcon check needInvalidate true
04-29 20:44:08.965 29543 29575 D FrequentAppsGrid: onDynamicIconChanged:ComponentInfo{net.oneplus.weather/net.oneplus.weather.app.MainActivity}
04-29 20:44:08.968 29543 29543 D Launcher: DynamicIcon doWorkspaceOrFolderIconAnimation be skip
04-29 20:44:09.551  1983  2144 I NetworkController.MobileSignalController(3):  showDisableIcon:false
04-29 20:44:09.556  1983  2144 I NetworkController.MobileSignalController(4):  showDisableIcon:false
04-29 20:44:14.674  1983  2144 I NetworkController.MobileSignalController(3):  showDisableIcon:false
04-29 20:44:17.248  1983  2144 I NetworkController.MobileSignalController(3):  showDisableIcon:false
04-29 20:44:17.254  1983  2144 I NetworkController.MobileSignalController(4):  showDisableIcon:false
04-29 20:44:18.337   896   999 I ThermalEngine: Monitor : quiet_therm = 30, msm_therm = 30, ufs_therm = 30, battery_therm = 266,current_now = 0 
04-29 20:44:18.965  1283  1757 V AlarmManager: Triggering alarm #0: 3 when =295119544 package =com.google.android.gms operation =*alarm*:com.google.android.gms/.lockbox.LockboxAlarmReceiver flags =0x0
04-29 20:44:24.925  1983  2144 I NetworkController.MobileSignalController(4):  showDisableIcon:false
04-29 20:44:27.003  1983  2144 D NetworkController.MobileSignalController(3): onSignalStrengthsChanged signalStrength=SignalStrength: 7 0 -120 -160 -120 -1 -1 99 2147483647 2147483647 2147483647 2147483647 0 2147483647 2 3 gsm|lte level=3 voicelevel=2 datalevel=3
04-29 20:44:27.010  1983  2144 I NetworkController.MobileSignalController(3):  showDisableIcon:false
04-29 20:44:27.011  1983  2144 D NetworkController.MobileSignalController(3): onSignalStrengthsChanged signalStrength=SignalStrength: 7 0 -120 -160 -120 -1 -1 99 2147483647 2147483647 2147483647 2147483647 0 2147483647 2 2 gsm|lte level=2 voicelevel=2 datalevel=2
04-29 20:44:27.018  1983  2144 I NetworkController.MobileSignalController(3):  showDisableIcon:false
04-29 20:44:27.483  1983  2144 I NetworkController.MobileSignalController(4):  showDisableIcon:false
04-29 20:44:32.597  1983  2144 I NetworkController.MobileSignalController(3):  showDisableIcon:false
04-29 20:44:34.085   472   472 W auditd  : type=1400 "memtrack@1.0-se""mem""debugfs"
04-29 20:44:34.086   472   472 W auditd  : type=1400 "memtrack@1.0-se""mem""debugfs"
04-29 20:44:35.164  1983  2144 I NetworkController.MobileSignalController(3):  showDisableIcon:false
04-29 20:44:40.286  1983  2144 I NetworkController.MobileSignalController(3):  showDisableIcon:false
04-29 20:44:40.291  1983  2144 I NetworkController.MobileSignalController(4):  showDisableIcon:false
04-29 20:44:42.841  1983  2144 I NetworkController.MobileSignalController(4):  showDisableIcon:false
04-29 20:44:42.848  1983  2144 I NetworkController.MobileSignalController(3):  showDisableIcon:false
04-29 20:44:44.597  2147  2261 I QcrilOemhookMsgTunnel: [1]processOemHookIndication length=21
04-29 20:44:44.597  2147  2147 D QcrilMsgTunnelIfaceManager: handleMessage what = 0
04-29 20:44:44.600  1283  1283 D QC_RIL_OEM_HOOK: Received Broadcast Intent ACTION_UNSOL_RESPONSE_OEM_HOOK_RAW
04-29 20:44:44.601  1283  1283 D QC_RIL_OEM_HOOK: Oem ID in QCRILHOOK UNSOL RESP is QOEMHOOK
04-29 20:44:44.600  1983  2144 I NetworkController.MobileSignalController(4):  showDisableIcon:false
04-29 20:44:44.602  2183  2183 D QC_RIL_OEM_HOOK: Received Broadcast Intent ACTION_UNSOL_RESPONSE_OEM_HOOK_RAW
04-29 20:44:44.602  2183  2183 D QC_RIL_OEM_HOOK: Oem ID in QCRILHOOK UNSOL RESP is QOEMHOOK
04-29 20:44:44.603  3866  3866 D QC_RIL_OEM_HOOK: Received Broadcast Intent ACTION_UNSOL_RESPONSE_OEM_HOOK_RAW
04-29 20:44:44.603  2183  2183 D QC_RIL_OEM_HOOK: Received Broadcast Intent ACTION_UNSOL_RESPONSE_OEM_HOOK_RAW
04-29 20:44:44.604 29387 29387 D QC_RIL_OEM_HOOK: Received Broadcast Intent ACTION_UNSOL_RESPONSE_OEM_HOOK_RAW
04-29 20:44:44.604  2183  2183 D QC_RIL_OEM_HOOK: Oem ID in QCRILHOOK UNSOL RESP is QOEMHOOK
04-29 20:44:44.604  3866  3866 D QC_RIL_OEM_HOOK: Oem ID in QCRILHOOK UNSOL RESP is QOEMHOOK
04-29 20:44:44.604 29387 29387 D QC_RIL_OEM_HOOK: Oem ID in QCRILHOOK UNSOL RESP is QOEMHOOK
04-29 20:44:44.604  2183  2183 D QC_RIL_OEM_HOOK: Received Broadcast Intent ACTION_UNSOL_RESPONSE_OEM_HOOK_RAW
04-29 20:44:44.604  2183  2183 D QC_RIL_OEM_HOOK: Oem ID in QCRILHOOK UNSOL RESP is QOEMHOOK
04-29 20:44:44.604  2168  2168 D QC_RIL_OEM_HOOK: Received Broadcast Intent ACTION_UNSOL_RESPONSE_OEM_HOOK_RAW
04-29 20:44:44.604  2183  2183 D QC_RIL_OEM_HOOK: Received Broadcast Intent ACTION_UNSOL_RESPONSE_OEM_HOOK_RAW
04-29 20:44:44.604  2183  2183 D QC_RIL_OEM_HOOK: Oem ID in QCRILHOOK UNSOL RESP is QOEMHOOK
04-29 20:44:44.604  2168  2168 D QC_RIL_OEM_HOOK: Oem ID in QCRILHOOK UNSOL RESP is QOEMHOOK
04-29 20:44:44.627  1983  2144 I NetworkController.MobileSignalController(3):  showDisableIcon:false
04-29 20:44:44.729  1983  2144 D NetworkController.MobileSignalController(3): onServiceStateChanged voiceState=0 dataState=1 isUsingCarrierAggregation:false
04-29 20:44:44.733  1983  2144 I NetworkController.MobileSignalController(3):  showDisableIcon:false
04-29 20:44:44.736  2183  2183 D ServiceStateProvider: subId=3
04-29 20:44:44.739  1983  1983 V KeyguardUpdateMonitor: action android.intent.action.SERVICE_STATE serviceState=0 1 voice International Roaming data roaming AT&T AT&T 310410 AT&T AT&T 310410  UMTS Unknown CSS not supported -1 -1 RoamInd=-1 DefRoamInd=-1 EmergOnly=false IsDataRoamingFromRegistration=true IsUsingCarrierAggregation=false mLteEarfcnRsrpBoost=0 slotId=1 subId=3
04-29 20:44:44.739  1983  1983 D KeyguardUpdateMonitor: handleServiceStateChange(slotId=1, subId=3, serviceState=0 1 voice International Roaming data roaming AT&T AT&T 310410 AT&T AT&T 310410  UMTS Unknown CSS not supported -1 -1 RoamInd=-1 DefRoamInd=-1 EmergOnly=false IsDataRoamingFromRegistration=true IsUsingCarrierAggregation=false mLteEarfcnRsrpBoost=0
04-29 20:44:44.739  1983  1983 D CarrierText: updateCarrierText(): 2
04-29 20:44:44.740  1983  1983 D CarrierText: Handling (subId=4): READY AT&T
04-29 20:44:44.742  1983  1983 D CarrierText: SIM ready and in service: slotId=0, ss=0 0 voice home data home AT&T AT&T 310410 AT&T AT&T 310410  UMTS HSPA CSS not supported -1 -1 RoamInd=-1 DefRoamInd=-1 EmergOnly=false IsDataRoamingFromRegistration=false IsUsingCarrierAggregation=false mLteEarfcnRsrpBoost=0
04-29 20:44:44.743  1983  1983 D CarrierText: Handling (subId=3): READY AT&T(Jio 4G)
04-29 20:44:44.745  1983  1983 D CarrierText: updateCarrierText(): 2
04-29 20:44:44.746  1983  1983 D CarrierText: Handling (subId=4): READY AT&T
04-29 20:44:44.748  1983  1983 D CarrierText: SIM ready and in service: slotId=0, ss=0 0 voice home data home AT&T AT&T 310410 AT&T AT&T 310410  UMTS HSPA CSS not supported -1 -1 RoamInd=-1 DefRoamInd=-1 EmergOnly=false IsDataRoamingFromRegistration=false IsUsingCarrierAggregation=false mLteEarfcnRsrpBoost=0
04-29 20:44:44.749  1983  1983 D CarrierText: Handling (subId=3): READY AT&T(Jio 4G)
04-29 20:44:44.757  1283  1396 I ActivityManager: Start proc 9822:com.myairtelapp/u0a101 for broadcast com.myairtelapp/com.airtel.agilelab.dartsdk.receiver.ServiceStateReceiver
04-29 20:44:44.762  2183  2183 I PhoneApp: noServiceSimNotification  subId: 3 slotId: 1 state: 0
04-29 20:44:44.762  2183  2183 I OPSimAlarmReceiver: SoltId 1 isScheduled false
04-29 20:44:44.853  9822  9822 I MultiDex: VM with version 2.1.0 has multidex support
04-29 20:44:44.853  9822  9822 I MultiDex: Installing application
04-29 20:44:44.853  9822  9822 I MultiDex: VM has multidex support, MultiDex support library is disabled.
04-29 20:44:44.860  9822  9822 D FirebaseApp: com.google.firebase.auth.FirebaseAuth is not linked. Skipping initialization.
04-29 20:44:44.868  9822  9822 D FirebaseApp: com.google.firebase.crash.FirebaseCrash is not linked. Skipping initialization.
04-29 20:44:44.879  9822  9822 I FirebaseInitProvider: FirebaseApp initialization successful
04-29 20:44:44.891  9822  9850 I FA      : App measurement is starting up, version: 11910
04-29 20:44:44.891  9822  9850 I FA      : To enable debug logging run: adb shell setprop log.tag.FA VERBOSE
04-29 20:44:44.892  9822  9850 I FA      : To enable faster debug mode event logging run:
04-29 20:44:44.892  9822  9850 I FA      :   adb shell setprop debug.firebase.analytics.app com.myairtelapp
04-29 20:44:44.894  9822  9822 V Font    : Change font:2
04-29 20:44:44.899  9822  9850 E FA      : AppMeasurementService not registered/enabled
04-29 20:44:44.899  9822  9850 E FA      : Uploading is not possible. App measurement disabled
04-29 20:44:44.913  9822  9822 I MultiDex: Installing application
04-29 20:44:44.913  9822  9822 I MultiDex: VM has multidex support, MultiDex support library is disabled.
04-29 20:44:44.945  9822  9822 V [2/main] [AirtelOne]  PrefUtils: apd.: onSharedPreferenceChanged : af_sdk_initialised
04-29 20:44:44.946  9822  9822 I [2/main] [AirtelOne]  APPS_FLYER_SDK: acR.onCreate: AF_SDK initialised
04-29 20:44:44.966  9822  9857 D NetworkSecurityConfig: No Network Security Config specified, using platform default
04-29 20:44:44.967  9822  9857 I DpmTcmClient: RegisterTcmMonitor from: com.android.okhttp.TcmIdleTimerMonitor
04-29 20:44:44.985  9822  9822 W [2/main] [AirtelOne]  LOCALE: aoV.: Incoming locale same as Config.locale, no change
04-29 20:44:45.038  9822  9822 I CrashlyticsCore: Initializing Crashlytics 2.3.12.143
04-29 20:44:45.119  1283  3043 I ActivityManager: Force stopping com.example.bradycardia appid=10260 user=0: from pid 9893
04-29 20:44:45.120  1283  3043 I ActivityManager: Killing 9664:com.example.bradycardia/u0a260 (adj 0): stop com.example.bradycardia
04-29 20:44:45.122  1283  3043 D ActivityManager: Process com.example.bradycardia has 0 services
04-29 20:44:45.123  1283  3043 W ActivityManager: Force removing ActivityRecord{26b612b u0 com.example.bradycardia/.MainActivity t1172}: app died, no saved state
04-29 20:44:45.129  1283  3043 I WindowManager: Failed to capture screenshot of Token{195a988 ActivityRecord{26b612b u0 com.example.bradycardia/.MainActivity t1172 f}} appWin=Window{a1c5d81 u0 com.example.bradycardia/com.example.bradycardia.MainActivity} drawState=4
04-29 20:44:45.161  1283  3043 D EmbryoManager: prepare com.example.bradycardia user 0
04-29 20:44:45.172  1283  3043 I ActivityManager: Force stopping com.example.bradycardia appid=10260 user=999: from pid 9893
04-29 20:44:45.189  2981  2981 I chatty  : uid=1027(nfc) com.android.nfc expire 265 lines
04-29 20:44:45.191  1283  1396 D RestartProcessManager: Update Total Launch Times :com.android.settings
04-29 20:44:45.191  1283  1396 D RestartProcessManager: updateSelf :  com.android.settings, size : 30
04-29 20:44:45.191  1283  1396 D RestartProcessManager: Increase Total Launch Time : com.android.settings, times : 18, index : 29
04-29 20:44:45.191  1283  1396 D RestartProcessManager: Last Running Package : com.android.settings , start time 1556595885191
04-29 20:44:45.195  2183  2183 D CarrierSvcBindHelper: No carrier app for: 0
04-29 20:44:45.198  1283  3008 I ActivityManager: Killing 9297:com.gaana/u0a128 (adj 906): empty #17
04-29 20:44:45.199  2183  2183 D CarrierSvcBindHelper: No carrier app for: 1
04-29 20:44:45.205  1283  2999 W ActivityManager: Permission Denial: Accessing service ComponentInfo{com.google.android.music/com.google.android.music.dial.DialMediaRouteProviderService} from pid=9297, uid=10128 that is not exported from uid 10063
04-29 20:44:45.210  2183  2183 D CarrierSvcBindHelper: No carrier app for: 0
04-29 20:44:45.214  2183  2183 D CarrierSvcBindHelper: No carrier app for: 1
04-29 20:44:45.215  1283  1491 W ActivityManager: setHasOverlayUi called on unknown pid: 9664
04-29 20:44:45.235 23879 23879 W Settings: Setting bugreport_in_power_menu has moved from android.provider.Settings.Secure to android.provider.Settings.Global.
04-29 20:44:45.256  2183  2183 E PhoneInterfaceManager: [PhoneIntfMgr] getAllowedCarriers: CommandException: com.android.internal.telephony.CommandException: REQUEST_NOT_SUPPORTED
04-29 20:44:45.261  2183  2183 E PhoneInterfaceManager: [PhoneIntfMgr] getAllowedCarriers: CommandException: com.android.internal.telephony.CommandException: REQUEST_NOT_SUPPORTED
04-29 20:44:45.264 23879  9903 D SettingsActivity: getLauncherPackageName count:[net.oneplus.launcher], pkgs:net.oneplus.launcher,
04-29 20:44:45.309 23879  9905 W TileUtils: Found com.android.settings.Settings$TetherSettingsActivity for intent Intent { act=com.android.settings.action.SETTINGS pkg=com.android.settings } missing metadata com.android.settings.category
04-29 20:44:45.310 23879  9905 W TileUtils: Found com.android.settings.Settings$PaymentSettingsActivity for intent Intent { act=com.android.settings.action.SETTINGS pkg=com.android.settings } missing metadata com.android.settings.category
04-29 20:44:45.310 23879  9905 W TileUtils: Found com.android.settings.BackupSettingsActivity for intent Intent { act=com.android.settings.action.SETTINGS pkg=com.android.settings } missing metadata com.android.settings.category
04-29 20:44:45.312  1283  2999 D EmbryoManager: prepare com.gaana user 0
04-29 20:44:45.313 23879  9905 W TileUtils: Found com.android.settings.Settings$CustomSettings for intent Intent { act=com.android.settings.category.custom pkg=com.android.settings } missing metadata 
04-29 20:44:45.314  1283  2999 D ActivityManager: Process com.gaana has 0 services
04-29 20:44:45.333  2936  9111 I DiscoveryManager: Filter criteria(null) scannerFlags(0)
04-29 20:44:45.350  2048  2048 E wpa_supplicant: wpa_driver_nl80211_driver_cmd: failed to issue private commands
04-29 20:44:45.351  1283  1892 E SupplicantStaIfaceHal: ISupplicantStaIface.removeRxFilter failed: FAILURE_UNKNOWN, 
04-29 20:44:45.376 23879  9906 W TileUtils: Found com.android.settings.Settings$TetherSettingsActivity for intent Intent { act=com.android.settings.action.SETTINGS pkg=com.android.settings } missing metadata com.android.settings.category
04-29 20:44:45.376 23879  9906 W TileUtils: Found com.android.settings.Settings$PaymentSettingsActivity for intent Intent { act=com.android.settings.action.SETTINGS pkg=com.android.settings } missing metadata com.android.settings.category
04-29 20:44:45.377 23879  9906 W TileUtils: Found com.android.settings.BackupSettingsActivity for intent Intent { act=com.android.settings.action.SETTINGS pkg=com.android.settings } missing metadata com.android.settings.category
04-29 20:44:45.730  9902  9902 W ADebug  : Failed to get property persist.sys.media.traces
04-29 20:44:45.758  9902  9902 D AndroidRuntime: >>>>>> START com.android.internal.os.RuntimeInit uid 2000 <<<<<<
04-29 20:44:45.966  9902  9902 E app_process: No implementation found for boolean android.os.SystemProperties.native_get_boolean(java.lang.String, boolean) (tried Java_android_os_SystemProperties_native_1get_1boolean and Java_android_os_SystemProperties_native_1get_1boolean__Ljava_lang_String_2Z)
04-29 20:44:45.970  1283  1897 D ConnectivityService: updateNetworkScore for NetworkAgentInfo [WIFI () - 153] to 60
04-29 20:44:45.971  1283  1897 D ConnectivityService: rematching NetworkAgentInfo [WIFI () - 153]
04-29 20:44:45.971  1283  1897 D ConnectivityService:  network has: [ Transports: WIFI Capabilities: NOT_METERED&INTERNET&NOT_RESTRICTED&TRUSTED&NOT_VPN&VALIDATED&FOREGROUND LinkUpBandwidth>=1048576Kbps LinkDnBandwidth>=1048576Kbps SignalStrength: -65]
04-29 20:44:45.967  9902  9902 I chatty  : uid=2000(shell) identical 1 line
04-29 20:44:45.968  9902  9902 E app_process: No implementation found for boolean android.os.SystemProperties.native_get_boolean(java.lang.String, boolean) (tried Java_android_os_SystemProperties_native_1get_1boolean and Java_android_os_SystemProperties_native_1get_1boolean__Ljava_lang_String_2Z)
04-29 20:44:46.046  9902  9902 D AndroidRuntime: Calling main entry com.android.commands.pm.Pm
04-29 20:44:46.062  9902  9902 I app_process: System.exit called, status: 0
04-29 20:44:46.062  9902  9914 W MessageQueue: Handler (android.os.Handler) {fcb3e0c} sending message to a Handler on a dead thread
04-29 20:44:46.062  9902  9914 W MessageQueue: java.lang.IllegalStateException: Handler (android.os.Handler) {fcb3e0c} sending message to a Handler on a dead thread
04-29 20:44:46.062  9902  9914 W MessageQueue: 	at android.os.MessageQueue.enqueueMessage(MessageQueue.java:579)
04-29 20:44:46.062  9902  9914 W MessageQueue: 	at android.os.Handler.enqueueMessage(Handler.java:661)
04-29 20:44:46.062  9902  9914 W MessageQueue: 	at android.os.Handler.sendMessageAtTime(Handler.java:630)
04-29 20:44:46.062  9902  9914 W MessageQueue: 	at android.os.Handler.sendMessageDelayed(Handler.java:600)
04-29 20:44:46.062  9902  9914 W MessageQueue: 	at android.os.Handler.post(Handler.java:356)
04-29 20:44:46.062  9902  9914 W MessageQueue: 	at android.os.ResultReceiver$MyResultReceiver.send(ResultReceiver.java:57)
04-29 20:44:46.062  9902  9914 W MessageQueue: 	at com.android.internal.os.IResultReceiver$Stub.onTransact(IResultReceiver.java:58)
04-29 20:44:46.062  9902  9914 W MessageQueue: 	at android.os.Binder.execTransact(Binder.java:692)
04-29 20:44:46.062  9902  9902 I AndroidRuntime: VM exiting with result code 0.
04-29 20:44:46.393  6162  6162 E adbd    : failed to connect to socket 'localabstract:com.example.bradycardia': Connection refused
04-29 20:44:46.927  9928  9928 W ADebug  : Failed to get property persist.sys.media.traces
04-29 20:44:46.956  9928  9928 D AndroidRuntime: >>>>>> START com.android.internal.os.RuntimeInit uid 2000 <<<<<<
04-29 20:44:47.178  9928  9928 E app_process: No implementation found for boolean android.os.SystemProperties.native_get_boolean(java.lang.String, boolean) (tried Java_android_os_SystemProperties_native_1get_1boolean and Java_android_os_SystemProperties_native_1get_1boolean__Ljava_lang_String_2Z)
04-29 20:44:47.179  9928  9928 I chatty  : uid=2000(shell) identical 1 line
04-29 20:44:47.179  9928  9928 E app_process: No implementation found for boolean android.os.SystemProperties.native_get_boolean(java.lang.String, boolean) (tried Java_android_os_SystemProperties_native_1get_1boolean and Java_android_os_SystemProperties_native_1get_1boolean__Ljava_lang_String_2Z)
04-29 20:44:47.258  9928  9928 D AndroidRuntime: Calling main entry com.android.commands.pm.Pm
04-29 20:44:47.273  9928  9928 I app_process: System.exit called, status: 0
04-29 20:44:47.273  9928  9939 W MessageQueue: Handler (android.os.Handler) {26dd875} sending message to a Handler on a dead thread
04-29 20:44:47.273  9928  9939 W MessageQueue: java.lang.IllegalStateException: Handler (android.os.Handler) {26dd875} sending message to a Handler on a dead thread
04-29 20:44:47.273  9928  9939 W MessageQueue: 	at android.os.MessageQueue.enqueueMessage(MessageQueue.java:579)
04-29 20:44:47.273  9928  9939 W MessageQueue: 	at android.os.Handler.enqueueMessage(Handler.java:661)
04-29 20:44:47.273  9928  9939 W MessageQueue: 	at android.os.Handler.sendMessageAtTime(Handler.java:630)
04-29 20:44:47.273  9928  9939 W MessageQueue: 	at android.os.Handler.sendMessageDelayed(Handler.java:600)
04-29 20:44:47.273  9928  9939 W MessageQueue: 	at android.os.Handler.post(Handler.java:356)
04-29 20:44:47.273  9928  9939 W MessageQueue: 	at android.os.ResultReceiver$MyResultReceiver.send(ResultReceiver.java:57)
04-29 20:44:47.273  9928  9939 W MessageQueue: 	at com.android.internal.os.IResultReceiver$Stub.onTransact(IResultReceiver.java:58)
04-29 20:44:47.273  9928  9939 W MessageQueue: 	at android.os.Binder.execTransact(Binder.java:692)
04-29 20:44:47.273  9928  9928 I AndroidRuntime: VM exiting with result code 0.
04-29 20:44:48.988  1283  1897 D ConnectivityService: updateNetworkScore for NetworkAgentInfo [WIFI () - 153] to 56
04-29 20:44:48.988  1283  1897 D ConnectivityService: rematching NetworkAgentInfo [WIFI () - 153]
04-29 20:44:48.989  1283  1897 D ConnectivityService:  network has: [ Transports: WIFI Capabilities: NOT_METERED&INTERNET&NOT_RESTRICTED&TRUSTED&NOT_VPN&VALIDATED&FOREGROUND LinkUpBandwidth>=1048576Kbps LinkDnBandwidth>=1048576Kbps SignalStrength: -65]
04-29 20:44:49.842  9822  9847 I zygote64: Waiting for a blocking GC ProfileSaver
04-29 20:44:49.875  9822  9847 I zygote64: WaitForGcToComplete blocked for 33.272ms for cause ProfileSaver
04-29 20:44:50.490  1983  2144 I NetworkController.MobileSignalController(3):  showDisableIcon:false
04-29 20:44:50.755 29543 29564 D PackageInstallerCompatVL: addSessionInfoToCache:com.example.bradycardia, null
04-29 20:44:50.764 29543 29543 D Launcher.Model:     - deferredRunnable@bindAppsUpdated
04-29 20:44:50.764 29543 29543 D Launcher: Deferring update until onResume
04-29 20:44:50.831 29543 29564 D PackageInstallerCompatVL: sendUpdate:com.example.bradycardia, 1, 30
04-29 20:44:50.833 29543  9952 D Stats   : SaveStats doInBackground...
04-29 20:44:50.836 29543 29543 D Stats   : SaveStats onPreExecute onStatsChanged:
04-29 20:44:50.836 29543 29564 D QuickPage: setPackageState: com.example.bradycardia, 1, 30
04-29 20:44:50.836 29543 29543 D FrequentAppsGrid: onRestoreItemsChanged: com.example.bradycardia, 1, 30
04-29 20:44:50.836 29543 29543 D FrequentAppsGrid: updateItemForRestored restore item is found: com.example.bradycardia
04-29 20:44:50.837 29543 29564 D PackageInstallerCompatVL: sendUpdate:com.example.bradycardia, 1, 80
04-29 20:44:50.837 29543 29543 D FrequentAppsGrid: updateItemForRestored restore item is not found: com.example.bradycardia
04-29 20:44:50.837 29543 29543 I chatty  : uid=10157(net.oneplus.launcher) identical 21 lines
04-29 20:44:50.837 29543 29543 D FrequentAppsGrid: updateItemForRestored restore item is not found: com.example.bradycardia
04-29 20:44:50.837 29543 29543 D Stats   : SaveStats onPreExecute onStatsChanged:
04-29 20:44:50.837 29543 29543 D FrequentAppsGrid: onRestoreItemsChanged: com.example.bradycardia, 1, 80
04-29 20:44:50.837 29543 29543 D FrequentAppsGrid: updateItemForRestored restore item is found: com.example.bradycardia
04-29 20:44:50.838 29543 29543 D FrequentAppsGrid: updateItemForRestored restore item is not found: com.example.bradycardia
04-29 20:44:50.838 29543 29543 D FrequentAppsGrid: updateItemForRestored restore item is not found: com.example.bradycardia
04-29 20:44:50.838 29543 29564 D QuickPage: setPackageState: com.example.bradycardia, 1, 80
