04-29 16:14:20.911  4456  4456 I MultiDex: Installing application
04-29 16:14:20.911  4456  4456 I MultiDex: VM has multidex support, MultiDex support library is disabled.
04-29 16:14:20.916  2510  3208 W Uploader: anonymous no longer exists, so no auth token.
04-29 16:14:20.939  2510  2510 W ChimeraUtils: Non Chimera context
04-29 16:14:20.940  2510  2510 W ChimeraUtils: Non Chimera context
04-29 16:14:20.948  4456  4456 D FirebaseApp: com.google.firebase.auth.FirebaseAuth is not linked. Skipping initialization.
04-29 16:14:20.959  4456  4456 D FirebaseApp: com.google.firebase.crash.FirebaseCrash is not linked. Skipping initialization.
04-29 16:14:20.969  4456  4456 I FirebaseInitProvider: FirebaseApp initialization successful
04-29 16:14:20.976  4456  4456 D DUSCONTENTPROVIDER: Setting authority: com.flipkart.android.dus.duscontentprovider
04-29 16:14:20.976  4456  4456 D DUSCONTENTPROVIDER: Getting authority: com.flipkart.android.dus.duscontentprovider
04-29 16:14:20.990  4456  4474 I FA      : App measurement is starting up, version: 12210
04-29 16:14:20.990  4456  4474 I FA      : To enable debug logging run: adb shell setprop log.tag.FA VERBOSE
04-29 16:14:20.991  4456  4474 I FA      : To enable faster debug mode event logging run:
04-29 16:14:20.991  4456  4474 I FA      :   adb shell setprop debug.firebase.analytics.app com.flipkart.android
04-29 16:14:21.005  8317  8359 W Conscrypt: Could not set socket write timeout: java.net.SocketException: Socket closed
04-29 16:14:21.006  8317  8359 W Conscrypt: 	at com.google.android.gms.org.conscrypt.Platform.setSocketWriteTimeout(:com.google.android.gms@16091019@16.0.91 (040400-244116403):2)
04-29 16:14:21.006  8317  8359 W Conscrypt: 	at com.google.android.gms.org.conscrypt.ConscryptFileDescriptorSocket.setSoWriteTimeout(:com.google.android.gms@16091019@16.0.91 (040400-244116403):2)
04-29 16:14:21.020  2510  3208 W Conscrypt: Could not set socket write timeout: java.net.SocketException: Socket closed
04-29 16:14:21.021  2510  3208 W Conscrypt: 	at com.google.android.gms.org.conscrypt.Platform.setSocketWriteTimeout(:com.google.android.gms@16091019@16.0.91 (040400-244116403):2)
04-29 16:14:21.021  2510  3208 W Conscrypt: 	at com.google.android.gms.org.conscrypt.ConscryptFileDescriptorSocket.setSoWriteTimeout(:com.google.android.gms@16091019@16.0.91 (040400-244116403):2)
04-29 16:14:21.028  4456  4483 D NetworkSecurityConfig: Using Network Security Config from resource network_security_config debugBuild: false
04-29 16:14:21.030  4456  4483 I DpmTcmClient: RegisterTcmMonitor from: com.android.okhttp.TcmIdleTimerMonitor
04-29 16:14:21.037  4456  4456 V Font    : Change font:2
04-29 16:14:21.044  4456  4498 W b       : initStore should have been called before calling setUserID
04-29 16:14:21.102  1983  2144 I NetworkController.MobileSignalController(3):  showDisableIcon:false
04-29 16:14:21.108  8317  8359 W Conscrypt: Could not set socket write timeout: java.net.SocketException: Socket closed
04-29 16:14:21.109  8317  8359 W Conscrypt: 	at com.google.android.gms.org.conscrypt.Platform.setSocketWriteTimeout(:com.google.android.gms@16091019@16.0.91 (040400-244116403):2)
04-29 16:14:21.109  8317  8359 W Conscrypt: 	at com.google.android.gms.org.conscrypt.ConscryptFileDescriptorSocket.setSoWriteTimeout(:com.google.android.gms@16091019@16.0.91 (040400-244116403):2)
04-29 16:14:21.120  2510  3208 W Conscrypt: Could not set socket write timeout: java.net.SocketException: Socket closed
04-29 16:14:21.120  2510  3208 W Conscrypt: 	at com.google.android.gms.org.conscrypt.Platform.setSocketWriteTimeout(:com.google.android.gms@16091019@16.0.91 (040400-244116403):2)
04-29 16:14:21.120  2510  3208 W Conscrypt: 	at com.google.android.gms.org.conscrypt.ConscryptFileDescriptorSocket.setSoWriteTimeout(:com.google.android.gms@16091019@16.0.91 (040400-244116403):2)
04-29 16:14:21.178  4456  4456 I CrashlyticsCore: Initializing Crashlytics 2.4.1.19
04-29 16:14:21.243  2510  3208 W Uploader: anonymous no longer exists, so no auth token.
04-29 16:14:21.260  4456  4522 E ADBMobile: ADBMobile Error : Wearable - Failed to load class com.adobe.mobile.ConfigSynchronizer
04-29 16:14:21.285  2510  3208 W Uploader: anonymous no longer exists, so no auth token.
04-29 16:14:21.310  4456  4494 W CrashlyticsCore: Use of setListener is deprecated.
04-29 16:14:21.323  8317  8359 W Uploader: anonymous no longer exists, so no auth token.
04-29 16:14:21.376  8317  8359 I chatty  : uid=99910010(com.google.android.gms) lowpool[1] identical 2 lines
04-29 16:14:21.394  8317  8359 W Uploader: anonymous no longer exists, so no auth token.
04-29 16:14:21.422  4456  4485 I Tune#a():105: Initializing Tune Version 4.16.0
04-29 16:14:21.524  1283  3508 I ActivityManager: Killing 4039:com.gaana/u0a128 (adj 906): empty #17
04-29 16:14:21.549  8317  8359 W Conscrypt: Could not set socket write timeout: java.net.SocketException: Socket closed
04-29 16:14:21.551  8317  8359 W Conscrypt: 	at com.google.android.gms.org.conscrypt.Platform.setSocketWriteTimeout(:com.google.android.gms@16091019@16.0.91 (040400-244116403):2)
04-29 16:14:21.551  8317  8359 W Conscrypt: 	at com.google.android.gms.org.conscrypt.ConscryptFileDescriptorSocket.setSoWriteTimeout(:com.google.android.gms@16091019@16.0.91 (040400-244116403):2)
04-29 16:14:21.553  1283  3065 D ActivityManager: Process com.gaana has 0 services
04-29 16:14:21.560  2936  4300 I DiscoveryManager: Filter criteria(null) scannerFlags(0)
04-29 16:14:21.568  2048  2048 E wpa_supplicant: wpa_driver_nl80211_driver_cmd: failed to issue private commands
04-29 16:14:21.574  2510  4455 E NetworkScheduler.ATC: Called cancelTask for already completed task com.flipkart.android/.notification.FkGCMTaskService{u=0 tag="PullNotificationManager" trigger=window{period=43200s,flex=18000s,earliest=-55s,latest=17944s} requirements=[NET_CONNECTED] attributes=[PERSISTED,RECURRING] scheduled=-25255s last_run=0s jid=N/A status=ACTIVE retries=0 client_lib=MANCHEGO_GCM-12210000} :RESCHEDULED
04-29 16:14:21.579  8317  8359 W Conscrypt: Could not set socket write timeout: java.net.SocketException: Socket closed
04-29 16:14:21.580  8317  8359 W Conscrypt: 	at com.google.android.gms.org.conscrypt.Platform.setSocketWriteTimeout(:com.google.android.gms@16091019@16.0.91 (040400-244116403):2)
04-29 16:14:21.580  8317  8359 W Conscrypt: 	at com.google.android.gms.org.conscrypt.ConscryptFileDescriptorSocket.setSoWriteTimeout(:com.google.android.gms@16091019@16.0.91 (040400-244116403):2)
04-29 16:14:21.633  2510  3208 W Uploader: anonymous no longer exists, so no auth token.
04-29 16:14:21.944  2510  3208 I chatty  : uid=10010(com.google.android.gms) lowpool[1623] identical 2 lines
04-29 16:14:21.960  2510  3208 W Uploader: anonymous no longer exists, so no auth token.
04-29 16:14:22.206  1283  1299 I chatty  : uid=1000(system) HeapTaskDaemon expire 1 line
04-29 16:14:22.388  4456  4456 I WebViewFactory: Loading com.android.chrome version 71.0.3578.99 (code 357809952)
04-29 16:14:22.440  2510  3208 W Conscrypt: Could not set socket write timeout: java.net.SocketException: Socket closed
04-29 16:14:22.441  2510  3208 W Conscrypt: 	at com.google.android.gms.org.conscrypt.Platform.setSocketWriteTimeout(:com.google.android.gms@16091019@16.0.91 (040400-244116403):2)
04-29 16:14:22.441  2510  3208 W Conscrypt: 	at com.google.android.gms.org.conscrypt.ConscryptFileDescriptorSocket.setSoWriteTimeout(:com.google.android.gms@16091019@16.0.91 (040400-244116403):2)
04-29 16:14:22.471  2510  3208 W Conscrypt: Could not set socket write timeout: java.net.SocketException: Socket closed
04-29 16:14:22.471  4456  4456 I cr_LibraryLoader: Time to load native libraries: 8 ms (timestamps 3275-3283)
04-29 16:14:22.471  2510  3208 W Conscrypt: 	at com.google.android.gms.org.conscrypt.Platform.setSocketWriteTimeout(:com.google.android.gms@16091019@16.0.91 (040400-244116403):2)
04-29 16:14:22.471  2510  3208 W Conscrypt: 	at com.google.android.gms.org.conscrypt.ConscryptFileDescriptorSocket.setSoWriteTimeout(:com.google.android.gms@16091019@16.0.91 (040400-244116403):2)
04-29 16:14:22.488  4456  4456 I chromium: [INFO:library_loader_hooks.cc(36)] Chromium logging enabled: level = 0, default verbosity = 0
04-29 16:14:22.489  4456  4456 I cr_LibraryLoader: Expected native library version number "71.0.3578.99", actual native library version number "71.0.3578.99"
04-29 16:14:22.510  4456  4556 W cr_ChildProcLH: Create a new ChildConnectionAllocator with package name = com.android.chrome, sandboxed = true
04-29 16:14:22.522  4456  4456 I cr_BrowserStartup: Initializing chromium process, singleProcess=false
04-29 16:14:22.527  4456  4456 W ResourceType: Failure getting entry for 0x7f120515 (t=17 e=1301) (error -2147483647)
04-29 16:14:22.532  1283  2955 I ActivityManager: Start proc 4559:com.android.chrome:sandboxed_process0/u0i437 for webview_service com.flipkart.android/org.chromium.content.app.SandboxedProcessService0
04-29 16:14:22.537  4559  4559 E /system/bin/webview_zygote32: failed to make and chown /acct/uid_99437: Permission denied
04-29 16:14:22.537  4559  4559 E Zygote  : createProcessGroup(99437, 0) failed: Permission denied
04-29 16:14:22.542  4559  4559 W /system/bin/webview_zygote32: Using default instruction set features for ARM CPU variant (cortex-a9) using conservative defaults
04-29 16:14:22.584  4559  4559 I SamplingProfilerIntegration: Profiling disabled.
04-29 16:14:22.596  4579  4579 W Zygote  : child_detach_binder close binder 
04-29 16:14:22.619  1283  1897 D ConnectivityService: updateNetworkScore for NetworkAgentInfo [WIFI () - 150] to 60
04-29 16:14:22.619  1283  1897 D ConnectivityService: rematching NetworkAgentInfo [WIFI () - 150]
04-29 16:14:22.619  1283  1897 D ConnectivityService:  network has: [ Transports: WIFI Capabilities: NOT_METERED&INTERNET&NOT_RESTRICTED&TRUSTED&NOT_VPN&VALIDATED&FOREGROUND LinkUpBandwidth>=1048576Kbps LinkDnBandwidth>=1048576Kbps SignalStrength: -65]
04-29 16:14:22.626  4579  4579 E asset   : setgid: Operation not permitted
04-29 16:14:22.633  1283  2955 D ConnectivityService: listenForNetwork for uid/pid:10109/4456 NetworkRequest [ LISTEN id=1485, [ Capabilities: INTERNET&NOT_RESTRICTED&TRUSTED&FOREGROUND] ]
04-29 16:14:22.634  1283  1897 D ConnectivityService: rematching NetworkAgentInfo [WIFI () - 150]
04-29 16:14:22.634  1283  1897 D ConnectivityService:  network has: [ Transports: WIFI Capabilities: NOT_METERED&INTERNET&NOT_RESTRICTED&TRUSTED&NOT_VPN&VALIDATED&FOREGROUND LinkUpBandwidth>=1048576Kbps LinkDnBandwidth>=1048576Kbps SignalStrength: -65]
04-29 16:14:22.634  1283  1897 D ConnectivityService: sending notification AVAILABLE for NetworkRequest [ LISTEN id=1485, [ Capabilities: INTERNET&NOT_RESTRICTED&TRUSTED&FOREGROUND] ]
04-29 16:14:22.635  1283  1897 D ConnectivityService: sending notification CAP_CHANGED for NetworkRequest [ LISTEN id=1485, [ Capabilities: INTERNET&NOT_RESTRICTED&TRUSTED&FOREGROUND] ]
04-29 16:14:22.635  1283  1897 D ConnectivityService: sending notification IP_CHANGED for NetworkRequest [ LISTEN id=1485, [ Capabilities: INTERNET&NOT_RESTRICTED&TRUSTED&FOREGROUND] ]
04-29 16:14:22.705  1007  2118 V LocSvc_HIDL_IzatProvider: [onLocationChanged][67] [HS] =>>>> [HC]
04-29 16:14:22.706  1007  2118 V LocSvc_HIDL_IzatProvider: [onLocationChanged][67] [HS] =>>>> [HC]
04-29 16:14:22.792  4559  4559 E Typeface: Error mapping font file /system/fonts/NotoSansKhmer-Regular.ttf
04-29 16:14:22.793  4559  4559 E Typeface: Error mapping font file /system/fonts/NotoSansKhmer-Bold.ttf
04-29 16:14:22.793  4559  4559 E Minikin : Could not get cmap table size!
04-29 16:14:22.793  4559  4559 E Typeface: Unable to load Family: null:und-Khmr
04-29 16:14:22.811  4559  4559 E Minikin : addFont failed to create font, invalid request
04-29 16:14:22.811  4559  4559 E Typeface: Error creating font /system/fonts/MYingHeiPRC-W4.ttf#2
04-29 16:14:22.812  4559  4559 E Minikin : Could not get cmap table size!
04-29 16:14:22.812  4559  4559 E Typeface: Unable to load Family: null:zh-Hans
04-29 16:14:22.812  4559  4559 E Minikin : addFont failed to create font, invalid request
04-29 16:14:22.812  4559  4559 E Typeface: Error creating font /system/fonts/MYingHeiPRC-W4.ttf#3
04-29 16:14:22.812  4559  4559 E Minikin : Could not get cmap table size!
04-29 16:14:22.812  4559  4559 E Typeface: Unable to load Family: null:zh-Hant
04-29 16:14:22.819  4559  4559 E Typeface: Error mapping font file /system/fonts/DroidSansFallback.ttf
04-29 16:14:22.819  4559  4559 E Minikin : Could not get cmap table size!
04-29 16:14:22.819  4559  4559 E Typeface: Unable to load Family: null:null
04-29 16:14:22.827  4559  4559 E Typeface: Error mapping font file /system/fonts/NotoSansCJKsc-Thin.otf
04-29 16:14:22.828  4559  4559 E Typeface: Error mapping font file /system/fonts/NotoSansCJKsc-Light.otf
04-29 16:14:22.829  4559  4559 E Typeface: Error mapping font file /system/fonts/NotoSansCJKsc-Regular.otf
04-29 16:14:22.830  4559  4559 E Typeface: Error mapping font file /system/fonts/NotoSansCJKsc-Medium.otf
04-29 16:14:22.831  4559  4559 E Typeface: Error mapping font file /system/fonts/NotoSansCJKsc-Bold.otf
04-29 16:14:22.832  4559  4559 E Typeface: Error mapping font file /system/fonts/NotoSansCJKsc-Black.otf
04-29 16:14:22.834  4559  4559 E Typeface: Error mapping font file /system/fonts/RobotoCondensed-Thin.ttf
04-29 16:14:22.957  4559  4559 V Font    : Change font:2
04-29 16:14:22.967  4559  4559 I cr_ChildProcessService: Creating new ChildProcessService pid=4559
04-29 16:14:22.975  1283  3065 I ActivityManager: Killing 4191:com.android.keychain/1000 (adj 906): empty #17
04-29 16:14:22.994  1283  3065 D ActivityManager: Process com.android.keychain has 0 services
04-29 16:14:23.957  1983  2144 I NetworkController.MobileSignalController(4):  showDisableIcon:false
04-29 16:14:25.861  4456  4470 I zygote  : Waiting for a blocking GC ProfileSaver
04-29 16:14:25.875  4456  4470 I zygote  : WaitForGcToComplete blocked for 13.731ms for cause ProfileSaver
04-29 16:14:29.080  1983  2144 I NetworkController.MobileSignalController(3):  showDisableIcon:false
04-29 16:14:29.086  1983  2144 I NetworkController.MobileSignalController(4):  showDisableIcon:false
04-29 16:14:30.397   472   472 W auditd  : type=1400 "vendor.qti.hard"
04-29 16:14:31.624  1983  2144 I NetworkController.MobileSignalController(3):  showDisableIcon:false
04-29 16:14:31.630  1983  2144 I NetworkController.MobileSignalController(4):  showDisableIcon:false
04-29 16:14:34.686  1283  1897 D ConnectivityService: updateNetworkScore for NetworkAgentInfo [WIFI () - 150] to 59
04-29 16:14:34.687  1283  1897 D ConnectivityService: rematching NetworkAgentInfo [WIFI () - 150]
04-29 16:14:34.687  1283  1897 D ConnectivityService:  network has: [ Transports: WIFI Capabilities: NOT_METERED&INTERNET&NOT_RESTRICTED&TRUSTED&NOT_VPN&VALIDATED&FOREGROUND LinkUpBandwidth>=1048576Kbps LinkDnBandwidth>=1048576Kbps SignalStrength: -65]
04-29 16:14:36.367  4456  4499 D NativeCrypto: jniThrowException: java/net/SocketTimeoutException: Read timed out
04-29 16:14:36.746  1983  2144 I NetworkController.MobileSignalController(3):  showDisableIcon:false
04-29 16:14:36.762  1983  2144 I NetworkController.MobileSignalController(4):  showDisableIcon:false
04-29 16:14:37.705  1283  1897 D ConnectivityService: updateNetworkScore for NetworkAgentInfo [WIFI () - 150] to 60
04-29 16:14:37.705  1283  1897 D ConnectivityService: rematching NetworkAgentInfo [WIFI () - 150]
04-29 16:14:37.705  1283  1897 D ConnectivityService:  network has: [ Transports: WIFI Capabilities: NOT_METERED&INTERNET&NOT_RESTRICTED&TRUSTED&NOT_VPN&VALIDATED&FOREGROUND LinkUpBandwidth>=1048576Kbps LinkDnBandwidth>=1048576Kbps SignalStrength: -65]
04-29 16:14:40.724  1283  1897 D ConnectivityService: updateNetworkScore for NetworkAgentInfo [WIFI () - 150] to 55
04-29 16:14:40.724  1283  1897 D ConnectivityService: rematching NetworkAgentInfo [WIFI () - 150]
04-29 16:14:40.725  1283  1897 D ConnectivityService:  network has: [ Transports: WIFI Capabilities: NOT_METERED&INTERNET&NOT_RESTRICTED&TRUSTED&NOT_VPN&VALIDATED&FOREGROUND LinkUpBandwidth>=1048576Kbps LinkDnBandwidth>=1048576Kbps SignalStrength: -65]
04-29 16:14:39.313  1983  2144 I NetworkController.MobileSignalController(4):  showDisableIcon:false
04-29 16:14:41.456   896   999 I ThermalEngine: Monitor : quiet_therm = 36, msm_therm = 36, ufs_therm = 36, battery_therm = 325,current_now = -1330000 
04-29 16:14:43.736  1283  1897 D ConnectivityService: updateNetworkScore for NetworkAgentInfo [WIFI () - 150] to 60
04-29 16:14:43.736  1283  1897 D ConnectivityService: rematching NetworkAgentInfo [WIFI () - 150]
04-29 16:14:43.736  1283  1897 D ConnectivityService:  network has: [ Transports: WIFI Capabilities: NOT_METERED&INTERNET&NOT_RESTRICTED&TRUSTED&NOT_VPN&VALIDATED&FOREGROUND LinkUpBandwidth>=1048576Kbps LinkDnBandwidth>=1048576Kbps SignalStrength: -65]
04-29 16:14:44.434  1983  2144 I NetworkController.MobileSignalController(3):  showDisableIcon:false
04-29 16:14:46.754  1283  1897 D ConnectivityService: notifyType CAP_CHANGED for NetworkAgentInfo [WIFI () - 150]
04-29 16:14:46.755  1283  1897 D ConnectivityService:  sending notification for NetworkRequest [ REQUEST id=1, [ Capabilities: INTERNET&NOT_RESTRICTED&TRUSTED&NOT_VPN] ]
04-29 16:14:46.755  1283  1897 D ConnectivityService:  sending notification for NetworkRequest [ TRACK_DEFAULT id=3, [ Capabilities: INTERNET&NOT_RESTRICTED&TRUSTED&NOT_VPN] ]
04-29 16:14:46.755  1283  1897 D ConnectivityService: sending notification CAP_CHANGED for NetworkRequest [ TRACK_DEFAULT id=3, [ Capabilities: INTERNET&NOT_RESTRICTED&TRUSTED&NOT_VPN] ]
04-29 16:14:46.756  1283  1897 D ConnectivityService:  sending notification for NetworkRequest [ LISTEN id=4, [ Transports: CELLULAR|WIFI Capabilities: NOT_RESTRICTED&TRUSTED&NOT_VPN] ]
04-29 16:14:46.756  1283  1897 D ConnectivityService: sending notification CAP_CHANGED for NetworkRequest [ LISTEN id=4, [ Transports: CELLULAR|WIFI Capabilities: NOT_RESTRICTED&TRUSTED&NOT_VPN] ]
04-29 16:14:46.756  1283  1897 D ConnectivityService:  sending notification for NetworkRequest [ LISTEN id=5, [ Transports: WIFI Capabilities: INTERNET&NOT_RESTRICTED&TRUSTED&NOT_VPN] ]
04-29 16:14:46.757  1283  1897 D ConnectivityService: sending notification CAP_CHANGED for NetworkRequest [ LISTEN id=5, [ Transports: WIFI Capabilities: INTERNET&NOT_RESTRICTED&TRUSTED&NOT_VPN] ]
04-29 16:14:46.759  1283  1897 D ConnectivityService:  sending notification for NetworkRequest [ TRACK_DEFAULT id=7, [ Capabilities: INTERNET&NOT_RESTRICTED&TRUSTED&NOT_VPN] ]
04-29 16:14:46.762  1283  1897 D ConnectivityService: sending notification CAP_CHANGED for NetworkRequest [ TRACK_DEFAULT id=7, [ Capabilities: INTERNET&NOT_RESTRICTED&TRUSTED&NOT_VPN] ]
04-29 16:14:46.764  2159  2250 I QCNEJ/CndHalConnector: -> SND notifyWifiStatusChanged(RatInfo{type=1, subType=101, state=CONNECTED, v4=IfaceAddrPair{iface=wlan0, addr=10.157.14.202}, v6=IfaceAddrPair{iface=, addr=}, timestamp=2019-04-29 16:14:46.764, isAndroidValidated=true, netHandle=644261530334, slotIdx=0} WifiInfo{freq=TWO_GHz, state=3, ssid=asu, bssid=e8:65:49:b8:3a:1f, dns=[129.219.17.200, 129.219.17.5, 0.0.0.0, 0.0.0.0, ]})
04-29 16:14:46.768  1283  1897 D ConnectivityService:  sending notification for NetworkRequest [ LISTEN id=8, [] ]
04-29 16:14:46.768  1283  1897 D ConnectivityService: sending notification CAP_CHANGED for NetworkRequest [ LISTEN id=8, [] ]
04-29 16:14:46.769  1283  1897 D ConnectivityService:  sending notification for NetworkRequest [ LISTEN id=31, [ Capabilities: INTERNET&NOT_RESTRICTED&TRUSTED&NOT_VPN] ]
04-29 16:14:46.770  1283  1897 D ConnectivityService: sending notification CAP_CHANGED for NetworkRequest [ LISTEN id=31, [ Capabilities: INTERNET&NOT_RESTRICTED&TRUSTED&NOT_VPN] ]
04-29 16:14:46.771  1283  1897 D ConnectivityService:  sending notification for NetworkRequest [ LISTEN id=57, [ Capabilities: INTERNET&NOT_RESTRICTED&TRUSTED] ]
04-29 16:14:46.771  1283  1897 D ConnectivityService: sending notification CAP_CHANGED for NetworkRequest [ LISTEN id=57, [ Capabilities: INTERNET&NOT_RESTRICTED&TRUSTED] ]
04-29 16:14:46.771  1283  1897 D ConnectivityService:  sending notification for NetworkRequest [ LISTEN id=58, [ Capabilities: INTERNET&NOT_RESTRICTED&TRUSTED] ]
04-29 16:14:46.772  1283  1897 D ConnectivityService: sending notification CAP_CHANGED for NetworkRequest [ LISTEN id=58, [ Capabilities: INTERNET&NOT_RESTRICTED&TRUSTED] ]
04-29 16:14:46.772  1283  1897 D ConnectivityService:  sending notification for NetworkRequest [ LISTEN id=334, [ Capabilities: INTERNET&NOT_RESTRICTED&TRUSTED] ]
04-29 16:14:46.775  1283  1897 D ConnectivityService: sending notification CAP_CHANGED for NetworkRequest [ LISTEN id=334, [ Capabilities: INTERNET&NOT_RESTRICTED&TRUSTED] ]
04-29 16:14:46.777  1283  1897 D ConnectivityService:  sending notification for NetworkRequest [ LISTEN id=949, [ Capabilities: INTERNET&NOT_RESTRICTED&TRUSTED&NOT_VPN&FOREGROUND] ]
04-29 16:14:46.777  1283  1897 D ConnectivityService: sending notification CAP_CHANGED for NetworkRequest [ LISTEN id=949, [ Capabilities: INTERNET&NOT_RESTRICTED&TRUSTED&NOT_VPN&FOREGROUND] ]
04-29 16:14:46.778  1283  1897 D ConnectivityService:  sending notification for NetworkRequest [ LISTEN id=1442, [ Capabilities: INTERNET&NOT_RESTRICTED&TRUSTED] ]
04-29 16:14:46.779  1283  1897 D ConnectivityService: sending notification CAP_CHANGED for NetworkRequest [ LISTEN id=1442, [ Capabilities: INTERNET&NOT_RESTRICTED&TRUSTED] ]
04-29 16:14:46.779  1283  1897 D ConnectivityService:  sending notification for NetworkRequest [ LISTEN id=1443, [ Capabilities: INTERNET&NOT_RESTRICTED&TRUSTED] ]
04-29 16:14:46.780  1283  1897 D ConnectivityService: sending notification CAP_CHANGED for NetworkRequest [ LISTEN id=1443, [ Capabilities: INTERNET&NOT_RESTRICTED&TRUSTED] ]
04-29 16:14:46.781  1283  1897 D ConnectivityService:  sending notification for NetworkRequest [ LISTEN id=1444, [ Capabilities: INTERNET&NOT_RESTRICTED&TRUSTED&FOREGROUND] ]
04-29 16:14:46.781  1283  1897 D ConnectivityService: sending notification CAP_CHANGED for NetworkRequest [ LISTEN id=1444, [ Capabilities: INTERNET&NOT_RESTRICTED&TRUSTED&FOREGROUND] ]
04-29 16:14:46.782  1283  1897 D ConnectivityService:  sending notification for NetworkRequest [ LISTEN id=1445, [ Capabilities: INTERNET&NOT_RESTRICTED&TRUSTED&FOREGROUND] ]
04-29 16:14:46.782  1283  1897 D ConnectivityService: sending notification CAP_CHANGED for NetworkRequest [ LISTEN id=1445, [ Capabilities: INTERNET&NOT_RESTRICTED&TRUSTED&FOREGROUND] ]
04-29 16:14:46.784  1283  1897 D ConnectivityService:  sending notification for NetworkRequest [ LISTEN id=1477, [ Capabilities: INTERNET&NOT_RESTRICTED&TRUSTED&NOT_VPN&FOREGROUND] ]
04-29 16:14:46.784  1283  1897 D ConnectivityService: sending notification CAP_CHANGED for NetworkRequest [ LISTEN id=1477, [ Capabilities: INTERNET&NOT_RESTRICTED&TRUSTED&NOT_VPN&FOREGROUND] ]
04-29 16:14:46.786  1283  1897 D ConnectivityService:  sending notification for NetworkRequest [ LISTEN id=1478, [ Capabilities: NOT_RESTRICTED&TRUSTED&NOT_VPN&FOREGROUND] ]
04-29 16:14:46.787  1283  1897 D ConnectivityService: sending notification CAP_CHANGED for NetworkRequest [ LISTEN id=1478, [ Capabilities: NOT_RESTRICTED&TRUSTED&NOT_VPN&FOREGROUND] ]
04-29 16:14:46.787  1283  1897 D ConnectivityService:  sending notification for NetworkRequest [ LISTEN id=1479, [ Capabilities: INTERNET&NOT_RESTRICTED&TRUSTED&FOREGROUND] ]
04-29 16:14:46.788  1283  1897 D ConnectivityService: sending notification CAP_CHANGED for NetworkRequest [ LISTEN id=1479, [ Capabilities: INTERNET&NOT_RESTRICTED&TRUSTED&FOREGROUND] ]
04-29 16:14:46.789  1283  1897 D ConnectivityService:  sending notification for NetworkRequest [ LISTEN id=1480, [ Capabilities: INTERNET&NOT_RESTRICTED&TRUSTED&FOREGROUND] ]
04-29 16:14:46.789  1283  1897 D ConnectivityService: sending notification CAP_CHANGED for NetworkRequest [ LISTEN id=1480, [ Capabilities: INTERNET&NOT_RESTRICTED&TRUSTED&FOREGROUND] ]
04-29 16:14:46.790  1283  1897 D ConnectivityService:  sending notification for NetworkRequest [ LISTEN id=1484, [ Capabilities: INTERNET&NOT_RESTRICTED&TRUSTED] ]
04-29 16:14:46.790  1283  1897 D ConnectivityService: sending notification CAP_CHANGED for NetworkRequest [ LISTEN id=1484, [ Capabilities: INTERNET&NOT_RESTRICTED&TRUSTED] ]
04-29 16:14:46.790  1283  1897 D ConnectivityService:  sending notification for NetworkRequest [ LISTEN id=1485, [ Capabilities: INTERNET&NOT_RESTRICTED&TRUSTED&FOREGROUND] ]
04-29 16:14:46.790  1283  1897 D ConnectivityService: sending notification CAP_CHANGED for NetworkRequest [ LISTEN id=1485, [ Capabilities: INTERNET&NOT_RESTRICTED&TRUSTED&FOREGROUND] ]
04-29 16:14:46.791  1283  1897 D ConnectivityService: updateNetworkScore for NetworkAgentInfo [WIFI () - 150] to 56
04-29 16:14:46.791  1283  1897 D ConnectivityService: rematching NetworkAgentInfo [WIFI () - 150]
04-29 16:14:46.791  1283  1897 D ConnectivityService:  network has: [ Transports: WIFI Capabilities: NOT_METERED&INTERNET&NOT_RESTRICTED&TRUSTED&NOT_VPN&VALIDATED&FOREGROUND LinkUpBandwidth>=1048576Kbps LinkDnBandwidth>=1048576Kbps SignalStrength: -64]
04-29 16:14:46.991  1983  2144 I NetworkController.MobileSignalController(4):  showDisableIcon:false
04-29 16:14:46.993  1983  2144 I NetworkController.MobileSignalController(3):  showDisableIcon:false
04-29 16:14:49.783  1283  1897 D ConnectivityService: notifyType CAP_CHANGED for NetworkAgentInfo [WIFI () - 150]
04-29 16:14:49.784  1283  1897 D ConnectivityService:  sending notification for NetworkRequest [ REQUEST id=1, [ Capabilities: INTERNET&NOT_RESTRICTED&TRUSTED&NOT_VPN] ]
04-29 16:14:49.784  1283  1897 D ConnectivityService:  sending notification for NetworkRequest [ TRACK_DEFAULT id=3, [ Capabilities: INTERNET&NOT_RESTRICTED&TRUSTED&NOT_VPN] ]
04-29 16:14:49.785  1283  1897 D ConnectivityService: sending notification CAP_CHANGED for NetworkRequest [ TRACK_DEFAULT id=3, [ Capabilities: INTERNET&NOT_RESTRICTED&TRUSTED&NOT_VPN] ]
04-29 16:14:49.785  1283  1897 D ConnectivityService:  sending notification for NetworkRequest [ LISTEN id=4, [ Transports: CELLULAR|WIFI Capabilities: NOT_RESTRICTED&TRUSTED&NOT_VPN] ]
04-29 16:14:49.785  1283  1897 D ConnectivityService: sending notification CAP_CHANGED for NetworkRequest [ LISTEN id=4, [ Transports: CELLULAR|WIFI Capabilities: NOT_RESTRICTED&TRUSTED&NOT_VPN] ]
04-29 16:14:49.786  1283  1897 D ConnectivityService:  sending notification for NetworkRequest [ LISTEN id=5, [ Transports: WIFI Capabilities: INTERNET&NOT_RESTRICTED&TRUSTED&NOT_VPN] ]
04-29 16:14:49.786  1283  1897 D ConnectivityService: sending notification CAP_CHANGED for NetworkRequest [ LISTEN id=5, [ Transports: WIFI Capabilities: INTERNET&NOT_RESTRICTED&TRUSTED&NOT_VPN] ]
04-29 16:14:49.787  1283  1897 D ConnectivityService:  sending notification for NetworkRequest [ TRACK_DEFAULT id=7, [ Capabilities: INTERNET&NOT_RESTRICTED&TRUSTED&NOT_VPN] ]
04-29 16:14:49.788  1283  1897 D ConnectivityService: sending notification CAP_CHANGED for NetworkRequest [ TRACK_DEFAULT id=7, [ Capabilities: INTERNET&NOT_RESTRICTED&TRUSTED&NOT_VPN] ]
04-29 16:14:49.789  1283  1897 D ConnectivityService:  sending notification for NetworkRequest [ LISTEN id=8, [] ]
04-29 16:14:49.790  1283  1897 D ConnectivityService: sending notification CAP_CHANGED for NetworkRequest [ LISTEN id=8, [] ]
04-29 16:14:49.793  1283  1897 D ConnectivityService:  sending notification for NetworkRequest [ LISTEN id=31, [ Capabilities: INTERNET&NOT_RESTRICTED&TRUSTED&NOT_VPN] ]
04-29 16:14:49.793  1283  1897 D ConnectivityService: sending notification CAP_CHANGED for NetworkRequest [ LISTEN id=31, [ Capabilities: INTERNET&NOT_RESTRICTED&TRUSTED&NOT_VPN] ]
04-29 16:14:49.797  1283  1897 D ConnectivityService:  sending notification for NetworkRequest [ LISTEN id=57, [ Capabilities: INTERNET&NOT_RESTRICTED&TRUSTED] ]
04-29 16:14:49.798  1283  1897 D ConnectivityService: sending notification CAP_CHANGED for NetworkRequest [ LISTEN id=57, [ Capabilities: INTERNET&NOT_RESTRICTED&TRUSTED] ]
04-29 16:14:49.799  1283  1897 D ConnectivityService:  sending notification for NetworkRequest [ LISTEN id=58, [ Capabilities: INTERNET&NOT_RESTRICTED&TRUSTED] ]
04-29 16:14:49.799  1283  1897 D ConnectivityService: sending notification CAP_CHANGED for NetworkRequest [ LISTEN id=58, [ Capabilities: INTERNET&NOT_RESTRICTED&TRUSTED] ]
04-29 16:14:49.800  1283  1897 D ConnectivityService:  sending notification for NetworkRequest [ LISTEN id=334, [ Capabilities: INTERNET&NOT_RESTRICTED&TRUSTED] ]
04-29 16:14:49.801  1283  1897 D ConnectivityService: sending notification CAP_CHANGED for NetworkRequest [ LISTEN id=334, [ Capabilities: INTERNET&NOT_RESTRICTED&TRUSTED] ]
04-29 16:14:49.802  1283  1897 D ConnectivityService:  sending notification for NetworkRequest [ LISTEN id=949, [ Capabilities: INTERNET&NOT_RESTRICTED&TRUSTED&NOT_VPN&FOREGROUND] ]
04-29 16:14:49.802  1283  1897 D ConnectivityService: sending notification CAP_CHANGED for NetworkRequest [ LISTEN id=949, [ Capabilities: INTERNET&NOT_RESTRICTED&TRUSTED&NOT_VPN&FOREGROUND] ]
04-29 16:14:49.803  1283  1897 D ConnectivityService:  sending notification for NetworkRequest [ LISTEN id=1442, [ Capabilities: INTERNET&NOT_RESTRICTED&TRUSTED] ]
04-29 16:14:49.804  1283  1897 D ConnectivityService: sending notification CAP_CHANGED for NetworkRequest [ LISTEN id=1442, [ Capabilities: INTERNET&NOT_RESTRICTED&TRUSTED] ]
04-29 16:14:49.804  1283  1897 D ConnectivityService:  sending notification for NetworkRequest [ LISTEN id=1443, [ Capabilities: INTERNET&NOT_RESTRICTED&TRUSTED] ]
04-29 16:14:49.805  1283  1897 D ConnectivityService: sending notification CAP_CHANGED for NetworkRequest [ LISTEN id=1443, [ Capabilities: INTERNET&NOT_RESTRICTED&TRUSTED] ]
04-29 16:14:49.806  1283  1897 D ConnectivityService:  sending notification for NetworkRequest [ LISTEN id=1444, [ Capabilities: INTERNET&NOT_RESTRICTED&TRUSTED&FOREGROUND] ]
04-29 16:14:49.806  1283  1897 D ConnectivityService: sending notification CAP_CHANGED for NetworkRequest [ LISTEN id=1444, [ Capabilities: INTERNET&NOT_RESTRICTED&TRUSTED&FOREGROUND] ]
04-29 16:14:49.808  1283  1897 D ConnectivityService:  sending notification for NetworkRequest [ LISTEN id=1445, [ Capabilities: INTERNET&NOT_RESTRICTED&TRUSTED&FOREGROUND] ]
04-29 16:14:49.808  1283  1897 D ConnectivityService: sending notification CAP_CHANGED for NetworkRequest [ LISTEN id=1445, [ Capabilities: INTERNET&NOT_RESTRICTED&TRUSTED&FOREGROUND] ]
04-29 16:14:49.809  1283  1897 D ConnectivityService:  sending notification for NetworkRequest [ LISTEN id=1477, [ Capabilities: INTERNET&NOT_RESTRICTED&TRUSTED&NOT_VPN&FOREGROUND] ]
04-29 16:14:49.811  1283  1897 D ConnectivityService: sending notification CAP_CHANGED for NetworkRequest [ LISTEN id=1477, [ Capabilities: INTERNET&NOT_RESTRICTED&TRUSTED&NOT_VPN&FOREGROUND] ]
04-29 16:14:49.812  1283  1897 D ConnectivityService:  sending notification for NetworkRequest [ LISTEN id=1478, [ Capabilities: NOT_RESTRICTED&TRUSTED&NOT_VPN&FOREGROUND] ]
04-29 16:14:49.812  1283  1897 D ConnectivityService: sending notification CAP_CHANGED for NetworkRequest [ LISTEN id=1478, [ Capabilities: NOT_RESTRICTED&TRUSTED&NOT_VPN&FOREGROUND] ]
04-29 16:14:49.813  1283  1897 D ConnectivityService:  sending notification for NetworkRequest [ LISTEN id=1479, [ Capabilities: INTERNET&NOT_RESTRICTED&TRUSTED&FOREGROUND] ]
04-29 16:14:49.813  1283  1897 D ConnectivityService: sending notification CAP_CHANGED for NetworkRequest [ LISTEN id=1479, [ Capabilities: INTERNET&NOT_RESTRICTED&TRUSTED&FOREGROUND] ]
04-29 16:14:49.814  1283  1897 D ConnectivityService:  sending notification for NetworkRequest [ LISTEN id=1480, [ Capabilities: INTERNET&NOT_RESTRICTED&TRUSTED&FOREGROUND] ]
04-29 16:14:49.814  1283  1897 D ConnectivityService: sending notification CAP_CHANGED for NetworkRequest [ LISTEN id=1480, [ Capabilities: INTERNET&NOT_RESTRICTED&TRUSTED&FOREGROUND] ]
04-29 16:14:49.814  2159  2250 I QCNEJ/CndHalConnector: -> SND notifyWifiStatusChanged(RatInfo{type=1, subType=101, state=CONNECTED, v4=IfaceAddrPair{iface=wlan0, addr=10.157.14.202}, v6=IfaceAddrPair{iface=, addr=}, timestamp=2019-04-29 16:14:49.814, isAndroidValidated=true, netHandle=644261530334, slotIdx=0} WifiInfo{freq=TWO_GHz, state=3, ssid=asu, bssid=e8:65:49:b8:3a:1f, dns=[129.219.17.200, 129.219.17.5, 0.0.0.0, 0.0.0.0, ]})
04-29 16:14:49.814  1283  1897 D ConnectivityService:  sending notification for NetworkRequest [ LISTEN id=1484, [ Capabilities: INTERNET&NOT_RESTRICTED&TRUSTED] ]
04-29 16:14:49.815  1283  1897 D ConnectivityService: sending notification CAP_CHANGED for NetworkRequest [ LISTEN id=1484, [ Capabilities: INTERNET&NOT_RESTRICTED&TRUSTED] ]
04-29 16:14:49.815  1283  1897 D ConnectivityService:  sending notification for NetworkRequest [ LISTEN id=1485, [ Capabilities: INTERNET&NOT_RESTRICTED&TRUSTED&FOREGROUND] ]
04-29 16:14:49.815  1283  1897 D ConnectivityService: sending notification CAP_CHANGED for NetworkRequest [ LISTEN id=1485, [ Capabilities: INTERNET&NOT_RESTRICTED&TRUSTED&FOREGROUND] ]
04-29 16:14:52.110  1983  2144 I NetworkController.MobileSignalController(3):  showDisableIcon:false
04-29 16:14:54.674  1983  2144 I chatty  : uid=10026(com.android.systemui) SysUiBg identical 1 line
04-29 16:14:59.797  1983  2144 I NetworkController.MobileSignalController(3):  showDisableIcon:false
04-29 16:14:59.804  1983  2144 I NetworkController.MobileSignalController(4):  showDisableIcon:false
04-29 16:15:00.000  1283  1757 V AlarmManager: Triggering alarm #0: 3 when =278960580 package =android operation =*alarm*:android.intent.action.TIME_TICK flags =0x1
04-29 16:15:00.058  1983  2070 I ClockCtrl:  schedule next: 59942
04-29 16:15:00.059  1983  2070 I KeyguardUpdateMonitor: onTimeChanged
04-29 16:15:00.059  1983  1983 D KeyguardUpdateMonitor: handleTimeUpdate
04-29 16:15:00.065  1983  1983 I Clock   : onTimeChanged
04-29 16:15:00.066  1983  1983 I DateView: onTimeChanged
04-29 16:15:00.339  1983  1983 D KeyguardIndication: onRefreshBatteryInfo: plugged:true, charged:false, level:54, speed:1, last speed:1, visible:false
04-29 16:15:00.358  1283  1404 E BatteryStatsService: no controller energy info supplied
04-29 16:15:00.358  1283  1404 E BatteryStatsService: no controller energy info supplied
04-29 16:15:01.865  1283  1897 D ConnectivityService: updateNetworkScore for NetworkAgentInfo [WIFI () - 150] to 55
04-29 16:15:01.868  1283  1897 D ConnectivityService: rematching NetworkAgentInfo [WIFI () - 150]
04-29 16:15:01.869  1283  1897 D ConnectivityService:  network has: [ Transports: WIFI Capabilities: NOT_METERED&INTERNET&NOT_RESTRICTED&TRUSTED&NOT_VPN&VALIDATED&FOREGROUND LinkUpBandwidth>=1048576Kbps LinkDnBandwidth>=1048576Kbps SignalStrength: -67]
04-29 16:15:02.352  1983  2144 I NetworkController.MobileSignalController(3):  showDisableIcon:false
04-29 16:15:04.431  1983  2144 D NetworkController.MobileSignalController(3): onSignalStrengthsChanged signalStrength=SignalStrength: 7 0 -120 -160 -120 -1 -1 99 2147483647 2147483647 2147483647 2147483647 0 2147483647 2 3 gsm|lte level=3 voicelevel=2 datalevel=3
04-29 16:15:04.440  1983  2144 I NetworkController.MobileSignalController(3):  showDisableIcon:false
04-29 16:15:04.441  1983  2144 D NetworkController.MobileSignalController(3): onSignalStrengthsChanged signalStrength=SignalStrength: 7 0 -120 -160 -120 -1 -1 99 2147483647 2147483647 2147483647 2147483647 0 2147483647 2 2 gsm|lte level=2 voicelevel=2 datalevel=2
04-29 16:15:04.447  1983  2144 I NetworkController.MobileSignalController(3):  showDisableIcon:false
04-29 16:15:04.884  1283  1897 D ConnectivityService: updateNetworkScore for NetworkAgentInfo [WIFI () - 150] to 56
04-29 16:15:04.884  1283  1897 D ConnectivityService: rematching NetworkAgentInfo [WIFI () - 150]
04-29 16:15:04.884  1283  1897 D ConnectivityService:  network has: [ Transports: WIFI Capabilities: NOT_METERED&INTERNET&NOT_RESTRICTED&TRUSTED&NOT_VPN&VALIDATED&FOREGROUND LinkUpBandwidth>=1048576Kbps LinkDnBandwidth>=1048576Kbps SignalStrength: -67]
04-29 16:15:04.912  1983  2144 I NetworkController.MobileSignalController(4):  showDisableIcon:false
04-29 16:15:06.241  1283  1396 D RestartProcessManager: Start to rank all packages
04-29 16:15:06.241  1283  1396 D RestartProcessManager: updateSelf :  com.sony.songpal, size : 30
04-29 16:15:06.241  1283  1396 D RestartProcessManager: updateSelf :  com.myntra.android, size : 30
04-29 16:15:06.241  1283  1396 D RestartProcessManager: updateSelf :  com.google.android.keep, size : 30
04-29 16:15:06.241  1283  1396 D RestartProcessManager: updateSelf :  com.olacabs.customer, size : 30
04-29 16:15:06.241  1283  1396 D RestartProcessManager: updateSelf :  com.magoosh.flashcards.gre, size : 30
04-29 16:15:06.241  1283  1396 D RestartProcessManager: updateSelf :  com.ubercab, size : 30
04-29 16:15:06.241  1283  1396 D RestartProcessManager: updateSelf :  com.tencent.ig, size : 30
04-29 16:15:06.241  1283  1396 D RestartProcessManager: updateSelf :  com.phonepe.app, size : 30
04-29 16:15:06.241  1283  1396 D RestartProcessManager: updateSelf :  com.mint, size : 30
04-29 16:15:06.241  1283  1396 D RestartProcessManager: updateSelf :  com.amazon.kindle, size : 30
04-29 16:15:06.241  1283  1396 D RestartProcessManager: updateSelf :  com.soundcloud.android, size : 30
04-29 16:15:06.242  1283  1396 D RestartProcessManager: updateSelf :  oneplus.consumer.android, size : 30
04-29 16:15:06.242  1283  1396 D RestartProcessManager: updateSelf :  com.rovio.baba, size : 30
04-29 16:15:06.242  1283  1396 D RestartProcessManager: updateSelf :  com.futuremark.dmandroid.application, size : 30
04-29 16:15:06.242  1283  1396 D RestartProcessManager: updateSelf :  air.com.akkad.rullo, size : 30
04-29 16:15:06.242  1283  1396 D RestartProcessManager: updateSelf :  com.ninegag.android.app, size : 30
04-29 16:15:06.242  1283  1396 D RestartProcessManager: updateSelf :  com.offerup, size : 30
04-29 16:15:06.242  1283  1396 D RestartProcessManager: updateSelf :  com.aa.android, size : 30
04-29 16:15:06.242  1283  1396 D RestartProcessManager: updateSelf :  com.bbc.topgeardonutdash, size : 30
04-29 16:15:06.242  1283  1396 D RestartProcessManager: updateSelf :  com.google.android.apps.walletnfcrel, size : 30
04-29 16:15:06.242  1283  1396 D RestartProcessManager: updateSelf :  com.android.contacts, size : 30
04-29 16:15:06.242  1283  1396 D RestartProcessManager: updateSelf :  com.google.android.talk, size : 30
04-29 16:15:06.242  1283  1396 D RestartProcessManager: updateSelf :  in.redbus.android, size : 30
04-29 16:15:06.242  1283  1396 D RestartProcessManager: updateSelf :  com.india.foodpanda.android, size : 30
04-29 16:15:06.242  1283  1396 D RestartProcessManager: updateSelf :  com.twitter.android, size : 30
04-29 16:15:06.242  1283  1396 D RestartProcessManager: updateSelf :  com.application.zomato, size : 30
04-29 16:15:06.242  1283  1396 D RestartProcessManager: updateSelf :  com.quora.android, size : 30
04-29 16:15:06.242  1283  1396 D RestartProcessManager: updateSelf :  com.gameloft.android.ANMP.GloftA9HM, size : 30
04-29 16:15:06.242  1283  1396 D RestartProcessManager: updateSelf :  com.bestbuy.android, size : 30
04-29 16:15:06.242  1283  1396 D RestartProcessManager: updateSelf :  org.zwanoo.android.speedtest, size : 30
04-29 16:15:06.242  1283  1396 D RestartProcessManager: updateSelf :  com.mxtech.videoplayer.ad, size : 30
04-29 16:15:06.242  1283  1396 D RestartProcessManager: updateSelf :  com.glbenchmark.glbenchmark27, size : 30
04-29 16:15:06.242  1283  1396 D RestartProcessManager: updateSelf :  com.google.android.apps.photos, size : 30
04-29 16:15:06.242  1283  1396 D RestartProcessManager: updateSelf :  com.solebon.letterpress, size : 30
04-29 16:15:06.242  1283  1396 D RestartProcessManager: updateSelf :  free.programming.programming, size : 30
04-29 16:15:06.242  1283  1396 D RestartProcessManager: updateSelf :  com.microsoft.wordament, size : 30
04-29 16:15:06.242  1283  1396 D RestartProcessManager: updateSelf :  com.android.documentsui, size : 30
04-29 16:15:06.242  1283  1396 D RestartProcessManager: updateSelf :  com.joinhandshake.student, size : 30
04-29 16:15:06.242  1283  1396 D RestartProcessManager: updateSelf :  com.ebay.mobile, size : 30
04-29 16:15:06.242  1283  1396 D RestartProcessManager: updateSelf :  eu.bandainamcoent.tekkenmobile, size : 30
04-29 16:15:06.242  1283  1396 D RestartProcessManager: updateSelf :  com.google.earth, size : 30
04-29 16:15:06.242  1283  1396 D RestartProcessManager: updateSelf :  com.lge.app1, size : 30
04-29 16:15:06.242  1283  1396 D RestartProcessManager: updateSelf :  com.paypal.android.p2pmobile, size : 30
04-29 16:15:06.242  1283  1396 D RestartProcessManager: updateSelf :  com.google.android.apps.maps, size : 30
04-29 16:15:06.242  1283  1396 D RestartProcessManager: updateSelf :  com.google.android.apps.tachyon, size : 30
04-29 16:15:06.242  1283  1396 D RestartProcessManager: updateSelf :  com.umoni.nocrash, size : 30
04-29 16:15:06.242  1283  1396 D RestartProcessManager: updateSelf :  com.mfoundry.mb.android.mb_731, size : 30
04-29 16:15:06.242  1283  1396 D RestartProcessManager: updateSelf :  com.amazon.avod.thirdpartyclient, size : 30
04-29 16:15:06.242  1283  1396 D RestartProcessManager: updateSelf :  com.softwarelint.darkops, size : 30
04-29 16:15:06.242  1283  1396 D RestartProcessManager: updateSelf :  com.microsoft.office.word, size : 30
04-29 16:15:06.242  1283  1396 D RestartProcessManager: updateSelf :  com.lenovo.anyshare.gps, size : 30
04-29 16:15:06.242  1283  1396 D RestartProcessManager: updateSelf :  com.google.android.apps.messaging, size : 30
04-29 16:15:06.242  1283  1396 D RestartProcessManager: updateSelf :  net.oneplus.weather, size : 30
04-29 16:15:06.243  1283  1396 D RestartProcessManager: updateSelf :  com.google.android.googlequicksearchbox, size : 30
04-29 16:15:06.243  1283  1396 D RestartProcessManager: updateSelf :  com.shazam.android, size : 30
04-29 16:15:06.243  1283  1396 D RestartProcessManager: updateSelf :  com.google.ar.lens, size : 30
04-29 16:15:06.243  1283  1396 D RestartProcessManager: updateSelf :  com.enstage.wibmo.hdfc, size : 30
04-29 16:15:06.243  1283  1396 D RestartProcessManager: updateSelf :  com.flyfrontier.android, size : 30
04-29 16:15:06.243  1283  1396 D RestartProcessManager: updateSelf :  com.Splitwise.SplitwiseMobile, size : 30
04-29 16:15:06.243  1283  1396 D RestartProcessManager: updateSelf :  com.google.android.play.games, size : 30
04-29 16:15:06.243  1283  1396 D RestartProcessManager: updateSelf :  com.magoosh.gre.quiz.vocabulary, size : 30
04-29 16:15:06.243  1283  1396 D RestartProcessManager: updateSelf :  com.adobe.reader, size : 30
04-29 16:15:06.243  1283  1396 D RestartProcessManager: updateSelf :  com.tuokio.smashtheoffice, size : 30
04-29 16:15:06.243  1283  1396 D RestartProcessManager: updateSelf :  com.gombosdev.ampere, size : 30
04-29 16:15:06.243  1283  1396 D RestartProcessManager: updateSelf :  org.chromium.webapk.a565ee74ec5d87792, size : 30
04-29 16:15:06.243  1283  1396 D RestartProcessManager: updateSelf :  pl.idreams.SkyForceReloaded2016, size : 30
04-29 16:15:06.243  1283  1396 D RestartProcessManager: updateSelf :  com.facebook.katana, size : 30
04-29 16:15:06.243  1283  1396 D RestartProcessManager: updateSelf :  com.sega.vtc, size : 30
04-29 16:15:06.243  1283  1396 D RestartProcessManager: updateSelf :  in.swiggy.android, size : 30
04-29 16:15:06.243  1283  1396 D RestartProcessManager: updateSelf :  net.oneplus.forums, size : 30
04-29 16:15:06.243  1283  1396 D RestartProcessManager: updateSelf :  com.android.mms, size : 30
04-29 16:15:06.243  1283  1396 D RestartProcessManager: updateSelf :  com.truecaller, size : 30
04-29 16:15:06.243  1283  1396 D RestartProcessManager: updateSelf :  com.noodlecake.leapon, size : 30
04-29 16:15:06.243  1283  1396 D RestartProcessManager: updateSelf :  com.mantis.kankerroadways, size : 30
04-29 16:15:06.243  1283  1396 D RestartProcessManager: updateSelf :  com.airbnb.android, size : 30
04-29 16:15:06.243  1283  1396 D RestartProcessManager: updateSelf :  com.amazon.mp3, size : 30
04-29 16:15:06.243  1283  1396 D RestartProcessManager: updateSelf :  com.gaana, size : 30
04-29 16:15:06.243  1283  1396 D RestartProcessManager: updateSelf :  com.nextwave.realcarrom, size : 30
04-29 16:15:06.243  1283  1396 D RestartProcessManager: updateSelf :  com.google.android.calculator, size : 30
04-29 16:15:06.243  1283  1396 D RestartProcessManager: updateSelf :  com.saltosystems.justin, size : 30
04-29 16:15:06.243  1283  1396 D RestartProcessManager: updateSelf :  com.android.settings, size : 30
04-29 16:15:06.243  1283  1396 D RestartProcessManager: updateSelf :  com.ogqcorp.bgh, size : 30
04-29 16:15:06.243  1283  1396 D RestartProcessManager: updateSelf :  com.google.android.apps.googleassistant, size : 30
04-29 16:15:06.243  1283  1396 D RestartProcessManager: updateSelf :  com.altshift.notnot, size : 30
04-29 16:15:06.243  1283  1396 D RestartProcessManager: updateSelf :  com.oneplus.note, size : 30
04-29 16:15:06.243  1283  1396 D RestartProcessManager: updateSelf :  com.myairtelapp, size : 30
04-29 16:15:06.243  1283  1396 D RestartProcessManager: updateSelf :  com.flipkart.android, size : 30
04-29 16:15:06.243  1283  1396 D RestartProcessManager: updateSelf :  com.oneplus.soundrecorder, size : 30
04-29 16:15:06.243  1283  1396 D RestartProcessManager: updateSelf :  com.google.android.apps.youtube.music, size : 30
04-29 16:15:06.243  1283  1396 D RestartProcessManager: updateSelf :  com.cisco.anyconnect.vpn.android.avf, size : 30
04-29 16:15:06.243  1283  1396 D RestartProcessManager: updateSelf :  com.touchtype.swiftkey, size : 30
04-29 16:15:06.243  1283  1396 D RestartProcessManager: updateSelf :  com.instagram.android, size : 30
04-29 16:15:06.243  1283  1396 D RestartProcessManager: updateSelf :  com.example.bradycardia, size : 30
04-29 16:15:06.243  1283  1396 D RestartProcessManager: updateSelf :  com.android.dialer, size : 30
04-29 16:15:06.243  1283  1396 D RestartProcessManager: updateSelf :  com.google.android.apps.cultural, size : 30
04-29 16:15:06.243  1283  1396 D RestartProcessManager: updateSelf :  com.asu.sundevilrewards, size : 30
04-29 16:15:06.243  1283  1396 D RestartProcessManager: updateSelf :  com.linkedin.android, size : 30
04-29 16:15:06.243  1283  1396 D RestartProcessManager: updateSelf :  in.amazon.mShop.android.shopping, size : 30
04-29 16:15:06.244  1283  1396 D RestartProcessManager: updateSelf :  com.livesafe.activities, size : 30
04-29 16:15:06.244  1283  1396 D RestartProcessManager: updateSelf :  com.oneplus.camera, size : 30
04-29 16:15:06.244  1283  1396 D RestartProcessManager: updateSelf :  com.drivetribe, size : 30
04-29 16:15:06.244  1283  1396 D RestartProcessManager: updateSelf :  com.venmo, size : 30
04-29 16:15:06.244  1283  1396 D RestartProcessManager: updateSelf :  com.limebike, size : 30
04-29 16:15:06.244  1283  1396 D RestartProcessManager: updateSelf :  com.sbi.SBIFreedomPlus, size : 30
04-29 16:15:06.244  1283  1396 D RestartProcessManager: updateSelf :  com.koushikdutta.vysor, size : 30
04-29 16:15:06.244  1283  1396 D RestartProcessManager: updateSelf :  com.mercariapp.mercari, size : 30
04-29 16:15:06.244  1283  1396 D RestartProcessManager: updateSelf :  com.snapchat.android, size : 30
04-29 16:15:06.244  1283  1396 D RestartProcessManager: updateSelf :  com.android.vending, size : 30
04-29 16:15:06.244  1283  1396 D RestartProcessManager: updateSelf :  com.balaji.alt, size : 30
04-29 16:15:06.244  1283  1396 D RestartProcessManager: updateSelf :  com.android.chrome, size : 30
04-29 16:15:06.244  1283  1396 D RestartProcessManager: updateSelf :  com.microsoft.office.excel, size : 30
04-29 16:15:06.244  1283  1396 D RestartProcessManager: updateSelf :  com.android.stk, size : 30
04-29 16:15:06.244  1283  1396 D RestartProcessManager: updateSelf :  com.microsoft.office.powerpoint, size : 30
04-29 16:15:06.244  1283  1396 D RestartProcessManager: updateSelf :  com.example.amine.learn2sign, size : 30
04-29 16:15:06.244  1283  1396 D RestartProcessManager: updateSelf :  com.ubercab.eats, size : 30
04-29 16:15:06.244  1283  1396 D RestartProcessManager: updateSelf :  com.bitstrips.imoji, size : 30
04-29 16:15:06.244  1283  1396 D RestartProcessManager: updateSelf :  com.google.android.apps.docs, size : 30
04-29 16:15:06.244  1283  1396 D RestartProcessManager: updateSelf :  com.nis.app, size : 30
04-29 16:15:06.244  1283  1396 D RestartProcessManager: updateSelf :  com.greatclips.android, size : 30
04-29 16:15:06.244  1283  1396 D RestartProcessManager: updateSelf :  com.google.android.youtube, size : 30
04-29 16:15:06.244  1283  1396 D RestartProcessManager: updateSelf :  com.oyo.consumer, size : 30
04-29 16:15:06.244  1283  1396 D RestartProcessManager: updateSelf :  com.reddit.frontpage, size : 30
04-29 16:15:06.244  1283  1396 D RestartProcessManager: updateSelf :  com.viettran.INKredible, size : 30
04-29 16:15:06.244  1283  1396 D RestartProcessManager: updateSelf :  com.thetransitapp.droid, size : 30
04-29 16:15:06.244  1283  1396 D RestartProcessManager: updateSelf :  com.backflipstudios.android.papertoss2, size : 30
04-29 16:15:06.244  1283  1396 D RestartProcessManager: updateSelf :  com.spotify.music, size : 30
04-29 16:15:06.244  1283  1396 D RestartProcessManager: updateSelf :  com.wb.goog.ellen.psych, size : 30
04-29 16:15:06.244  1283  1396 D RestartProcessManager: updateSelf :  com.primatelabs.geekbench, size : 30
04-29 16:15:06.244  1283  1396 D RestartProcessManager: updateSelf :  com.skype.raider, size : 30
04-29 16:15:06.244  1283  1396 D RestartProcessManager: updateSelf :  com.timeanddate.worldclock, size : 30
04-29 16:15:06.244  1283  1396 D RestartProcessManager: updateSelf :  com.lego, size : 30
