04-29 20:36:52.383  1283  1897 D ConnectivityService: sending notification CAP_CHANGED for NetworkRequest [ LISTEN id=949, [ Capabilities: INTERNET&NOT_RESTRICTED&TRUSTED&NOT_VPN&FOREGROUND] ]
04-29 20:36:52.383  1283  1897 D ConnectivityService:  sending notification for NetworkRequest [ LISTEN id=1442, [ Capabilities: INTERNET&NOT_RESTRICTED&TRUSTED] ]
04-29 20:36:52.383  1283  1897 D ConnectivityService: sending notification CAP_CHANGED for NetworkRequest [ LISTEN id=1442, [ Capabilities: INTERNET&NOT_RESTRICTED&TRUSTED] ]
04-29 20:36:52.383  1283  1897 D ConnectivityService:  sending notification for NetworkRequest [ LISTEN id=1443, [ Capabilities: INTERNET&NOT_RESTRICTED&TRUSTED] ]
04-29 20:36:52.383  1283  1897 D ConnectivityService: sending notification CAP_CHANGED for NetworkRequest [ LISTEN id=1443, [ Capabilities: INTERNET&NOT_RESTRICTED&TRUSTED] ]
04-29 20:36:52.383  1283  1897 D ConnectivityService:  sending notification for NetworkRequest [ LISTEN id=1444, [ Capabilities: INTERNET&NOT_RESTRICTED&TRUSTED&FOREGROUND] ]
04-29 20:36:52.383  1283  1897 D ConnectivityService: sending notification CAP_CHANGED for NetworkRequest [ LISTEN id=1444, [ Capabilities: INTERNET&NOT_RESTRICTED&TRUSTED&FOREGROUND] ]
04-29 20:36:52.384  1283  1897 D ConnectivityService:  sending notification for NetworkRequest [ LISTEN id=1445, [ Capabilities: INTERNET&NOT_RESTRICTED&TRUSTED&FOREGROUND] ]
04-29 20:36:52.385  1283  1897 D ConnectivityService: sending notification CAP_CHANGED for NetworkRequest [ LISTEN id=1445, [ Capabilities: INTERNET&NOT_RESTRICTED&TRUSTED&FOREGROUND] ]
04-29 20:36:52.385  1283  1897 D ConnectivityService:  sending notification for NetworkRequest [ LISTEN id=1503, [ Capabilities: INTERNET&NOT_RESTRICTED&TRUSTED&FOREGROUND] ]
04-29 20:36:52.385  1283  1897 D ConnectivityService: sending notification CAP_CHANGED for NetworkRequest [ LISTEN id=1503, [ Capabilities: INTERNET&NOT_RESTRICTED&TRUSTED&FOREGROUND] ]
04-29 20:36:52.385  1283  1897 D ConnectivityService:  sending notification for NetworkRequest [ LISTEN id=1504, [ Capabilities: INTERNET&NOT_RESTRICTED&TRUSTED&FOREGROUND] ]
04-29 20:36:52.385  1283  1897 D ConnectivityService: sending notification CAP_CHANGED for NetworkRequest [ LISTEN id=1504, [ Capabilities: INTERNET&NOT_RESTRICTED&TRUSTED&FOREGROUND] ]
04-29 20:36:52.385  1283  1897 D ConnectivityService:  sending notification for NetworkRequest [ LISTEN id=1608, [ Capabilities: INTERNET&NOT_RESTRICTED&TRUSTED&FOREGROUND] ]
04-29 20:36:52.385  1283  1897 D ConnectivityService: sending notification CAP_CHANGED for NetworkRequest [ LISTEN id=1608, [ Capabilities: INTERNET&NOT_RESTRICTED&TRUSTED&FOREGROUND] ]
04-29 20:36:52.386  1283  1897 D ConnectivityService:  sending notification for NetworkRequest [ LISTEN id=1611, [ Capabilities: NOT_RESTRICTED&TRUSTED&NOT_VPN&FOREGROUND] ]
04-29 20:36:52.386  1283  1897 D ConnectivityService: sending notification CAP_CHANGED for NetworkRequest [ LISTEN id=1611, [ Capabilities: NOT_RESTRICTED&TRUSTED&NOT_VPN&FOREGROUND] ]
04-29 20:36:52.386  1283  1897 D ConnectivityService:  sending notification for NetworkRequest [ LISTEN id=1612, [ Capabilities: INTERNET&NOT_RESTRICTED&TRUSTED&FOREGROUND] ]
04-29 20:36:52.386  1283  1897 D ConnectivityService: sending notification CAP_CHANGED for NetworkRequest [ LISTEN id=1612, [ Capabilities: INTERNET&NOT_RESTRICTED&TRUSTED&FOREGROUND] ]
04-29 20:36:52.387  1283  1897 D ConnectivityService:  sending notification for NetworkRequest [ LISTEN id=1613, [ Capabilities: INTERNET&NOT_RESTRICTED&TRUSTED&FOREGROUND] ]
04-29 20:36:52.387  1283  1897 D ConnectivityService: sending notification CAP_CHANGED for NetworkRequest [ LISTEN id=1613, [ Capabilities: INTERNET&NOT_RESTRICTED&TRUSTED&FOREGROUND] ]
04-29 20:36:55.400  1283  1897 D ConnectivityService: notifyType CAP_CHANGED for NetworkAgentInfo [WIFI () - 153]
04-29 20:36:55.400  1283  1897 D ConnectivityService:  sending notification for NetworkRequest [ REQUEST id=1, [ Capabilities: INTERNET&NOT_RESTRICTED&TRUSTED&NOT_VPN] ]
04-29 20:36:55.401  1283  1897 D ConnectivityService:  sending notification for NetworkRequest [ TRACK_DEFAULT id=3, [ Capabilities: INTERNET&NOT_RESTRICTED&TRUSTED&NOT_VPN] ]
04-29 20:36:55.401  1283  1897 D ConnectivityService: sending notification CAP_CHANGED for NetworkRequest [ TRACK_DEFAULT id=3, [ Capabilities: INTERNET&NOT_RESTRICTED&TRUSTED&NOT_VPN] ]
04-29 20:36:55.401  1283  1897 D ConnectivityService:  sending notification for NetworkRequest [ LISTEN id=4, [ Transports: CELLULAR|WIFI Capabilities: NOT_RESTRICTED&TRUSTED&NOT_VPN] ]
04-29 20:36:55.401  1283  1897 D ConnectivityService: sending notification CAP_CHANGED for NetworkRequest [ LISTEN id=4, [ Transports: CELLULAR|WIFI Capabilities: NOT_RESTRICTED&TRUSTED&NOT_VPN] ]
04-29 20:36:55.401  1283  1897 D ConnectivityService:  sending notification for NetworkRequest [ LISTEN id=5, [ Transports: WIFI Capabilities: INTERNET&NOT_RESTRICTED&TRUSTED&NOT_VPN] ]
04-29 20:36:55.401  1283  1897 D ConnectivityService: sending notification CAP_CHANGED for NetworkRequest [ LISTEN id=5, [ Transports: WIFI Capabilities: INTERNET&NOT_RESTRICTED&TRUSTED&NOT_VPN] ]
04-29 20:36:55.403  1283  1897 D ConnectivityService:  sending notification for NetworkRequest [ TRACK_DEFAULT id=7, [ Capabilities: INTERNET&NOT_RESTRICTED&TRUSTED&NOT_VPN] ]
04-29 20:36:55.405  1283  1897 D ConnectivityService: sending notification CAP_CHANGED for NetworkRequest [ TRACK_DEFAULT id=7, [ Capabilities: INTERNET&NOT_RESTRICTED&TRUSTED&NOT_VPN] ]
04-29 20:36:55.405  1283  1897 D ConnectivityService:  sending notification for NetworkRequest [ LISTEN id=8, [] ]
04-29 20:36:55.405  1283  1897 D ConnectivityService: sending notification CAP_CHANGED for NetworkRequest [ LISTEN id=8, [] ]
04-29 20:36:55.405  1283  1897 D ConnectivityService:  sending notification for NetworkRequest [ LISTEN id=31, [ Capabilities: INTERNET&NOT_RESTRICTED&TRUSTED&NOT_VPN] ]
04-29 20:36:55.405  1283  1897 D ConnectivityService: sending notification CAP_CHANGED for NetworkRequest [ LISTEN id=31, [ Capabilities: INTERNET&NOT_RESTRICTED&TRUSTED&NOT_VPN] ]
04-29 20:36:55.406  1283  1897 D ConnectivityService:  sending notification for NetworkRequest [ LISTEN id=57, [ Capabilities: INTERNET&NOT_RESTRICTED&TRUSTED] ]
04-29 20:36:55.406  1283  1897 D ConnectivityService: sending notification CAP_CHANGED for NetworkRequest [ LISTEN id=57, [ Capabilities: INTERNET&NOT_RESTRICTED&TRUSTED] ]
04-29 20:36:55.406  1283  1897 D ConnectivityService:  sending notification for NetworkRequest [ LISTEN id=58, [ Capabilities: INTERNET&NOT_RESTRICTED&TRUSTED] ]
04-29 20:36:55.406  1283  1897 D ConnectivityService: sending notification CAP_CHANGED for NetworkRequest [ LISTEN id=58, [ Capabilities: INTERNET&NOT_RESTRICTED&TRUSTED] ]
04-29 20:36:55.407  1283  1897 D ConnectivityService:  sending notification for NetworkRequest [ LISTEN id=334, [ Capabilities: INTERNET&NOT_RESTRICTED&TRUSTED] ]
04-29 20:36:55.407  1283  1897 D ConnectivityService: sending notification CAP_CHANGED for NetworkRequest [ LISTEN id=334, [ Capabilities: INTERNET&NOT_RESTRICTED&TRUSTED] ]
04-29 20:36:55.408  1283  1897 D ConnectivityService:  sending notification for NetworkRequest [ LISTEN id=949, [ Capabilities: INTERNET&NOT_RESTRICTED&TRUSTED&NOT_VPN&FOREGROUND] ]
04-29 20:36:55.408  1283  1897 D ConnectivityService: sending notification CAP_CHANGED for NetworkRequest [ LISTEN id=949, [ Capabilities: INTERNET&NOT_RESTRICTED&TRUSTED&NOT_VPN&FOREGROUND] ]
04-29 20:36:55.408  1283  1897 D ConnectivityService:  sending notification for NetworkRequest [ LISTEN id=1442, [ Capabilities: INTERNET&NOT_RESTRICTED&TRUSTED] ]
04-29 20:36:55.408  1283  1897 D ConnectivityService: sending notification CAP_CHANGED for NetworkRequest [ LISTEN id=1442, [ Capabilities: INTERNET&NOT_RESTRICTED&TRUSTED] ]
04-29 20:36:55.408  1283  1897 D ConnectivityService:  sending notification for NetworkRequest [ LISTEN id=1443, [ Capabilities: INTERNET&NOT_RESTRICTED&TRUSTED] ]
04-29 20:36:55.408  1283  1897 D ConnectivityService: sending notification CAP_CHANGED for NetworkRequest [ LISTEN id=1443, [ Capabilities: INTERNET&NOT_RESTRICTED&TRUSTED] ]
04-29 20:36:55.409  1283  1897 D ConnectivityService:  sending notification for NetworkRequest [ LISTEN id=1444, [ Capabilities: INTERNET&NOT_RESTRICTED&TRUSTED&FOREGROUND] ]
04-29 20:36:55.409  1283  1897 D ConnectivityService: sending notification CAP_CHANGED for NetworkRequest [ LISTEN id=1444, [ Capabilities: INTERNET&NOT_RESTRICTED&TRUSTED&FOREGROUND] ]
04-29 20:36:55.409  1283  1897 D ConnectivityService:  sending notification for NetworkRequest [ LISTEN id=1445, [ Capabilities: INTERNET&NOT_RESTRICTED&TRUSTED&FOREGROUND] ]
04-29 20:36:55.409  1283  1897 D ConnectivityService: sending notification CAP_CHANGED for NetworkRequest [ LISTEN id=1445, [ Capabilities: INTERNET&NOT_RESTRICTED&TRUSTED&FOREGROUND] ]
04-29 20:36:55.409  1283  1897 D ConnectivityService:  sending notification for NetworkRequest [ LISTEN id=1503, [ Capabilities: INTERNET&NOT_RESTRICTED&TRUSTED&FOREGROUND] ]
04-29 20:36:55.409  1283  1897 D ConnectivityService: sending notification CAP_CHANGED for NetworkRequest [ LISTEN id=1503, [ Capabilities: INTERNET&NOT_RESTRICTED&TRUSTED&FOREGROUND] ]
04-29 20:36:55.409  1283  1897 D ConnectivityService:  sending notification for NetworkRequest [ LISTEN id=1504, [ Capabilities: INTERNET&NOT_RESTRICTED&TRUSTED&FOREGROUND] ]
04-29 20:36:55.410  1283  1897 D ConnectivityService: sending notification CAP_CHANGED for NetworkRequest [ LISTEN id=1504, [ Capabilities: INTERNET&NOT_RESTRICTED&TRUSTED&FOREGROUND] ]
04-29 20:36:55.410  1283  1897 D ConnectivityService:  sending notification for NetworkRequest [ LISTEN id=1608, [ Capabilities: INTERNET&NOT_RESTRICTED&TRUSTED&FOREGROUND] ]
04-29 20:36:55.410  1283  1897 D ConnectivityService: sending notification CAP_CHANGED for NetworkRequest [ LISTEN id=1608, [ Capabilities: INTERNET&NOT_RESTRICTED&TRUSTED&FOREGROUND] ]
04-29 20:36:55.410  1283  1897 D ConnectivityService:  sending notification for NetworkRequest [ LISTEN id=1611, [ Capabilities: NOT_RESTRICTED&TRUSTED&NOT_VPN&FOREGROUND] ]
04-29 20:36:55.410  1283  1897 D ConnectivityService: sending notification CAP_CHANGED for NetworkRequest [ LISTEN id=1611, [ Capabilities: NOT_RESTRICTED&TRUSTED&NOT_VPN&FOREGROUND] ]
04-29 20:36:55.410  1283  1897 D ConnectivityService:  sending notification for NetworkRequest [ LISTEN id=1612, [ Capabilities: INTERNET&NOT_RESTRICTED&TRUSTED&FOREGROUND] ]
04-29 20:36:55.410  1283  1897 D ConnectivityService: sending notification CAP_CHANGED for NetworkRequest [ LISTEN id=1612, [ Capabilities: INTERNET&NOT_RESTRICTED&TRUSTED&FOREGROUND] ]
04-29 20:36:55.411  1283  1897 D ConnectivityService:  sending notification for NetworkRequest [ LISTEN id=1613, [ Capabilities: INTERNET&NOT_RESTRICTED&TRUSTED&FOREGROUND] ]
04-29 20:36:55.411  1283  1897 D ConnectivityService: sending notification CAP_CHANGED for NetworkRequest [ LISTEN id=1613, [ Capabilities: INTERNET&NOT_RESTRICTED&TRUSTED&FOREGROUND] ]
04-29 20:36:57.100  1283  1404 E BatteryStatsService: no controller energy info supplied
04-29 20:36:58.417  1283  1897 D ConnectivityService: notifyType CAP_CHANGED for NetworkAgentInfo [WIFI () - 153]
04-29 20:36:58.418  1283  1897 D ConnectivityService:  sending notification for NetworkRequest [ REQUEST id=1, [ Capabilities: INTERNET&NOT_RESTRICTED&TRUSTED&NOT_VPN] ]
04-29 20:36:58.418  1283  1897 D ConnectivityService:  sending notification for NetworkRequest [ TRACK_DEFAULT id=3, [ Capabilities: INTERNET&NOT_RESTRICTED&TRUSTED&NOT_VPN] ]
04-29 20:36:58.418  1283  1897 D ConnectivityService: sending notification CAP_CHANGED for NetworkRequest [ TRACK_DEFAULT id=3, [ Capabilities: INTERNET&NOT_RESTRICTED&TRUSTED&NOT_VPN] ]
04-29 20:36:58.419  1283  1897 D ConnectivityService:  sending notification for NetworkRequest [ LISTEN id=4, [ Transports: CELLULAR|WIFI Capabilities: NOT_RESTRICTED&TRUSTED&NOT_VPN] ]
04-29 20:36:58.419  1283  1897 D ConnectivityService: sending notification CAP_CHANGED for NetworkRequest [ LISTEN id=4, [ Transports: CELLULAR|WIFI Capabilities: NOT_RESTRICTED&TRUSTED&NOT_VPN] ]
04-29 20:36:58.419  1283  1897 D ConnectivityService:  sending notification for NetworkRequest [ LISTEN id=5, [ Transports: WIFI Capabilities: INTERNET&NOT_RESTRICTED&TRUSTED&NOT_VPN] ]
04-29 20:36:58.419  1283  1897 D ConnectivityService: sending notification CAP_CHANGED for NetworkRequest [ LISTEN id=5, [ Transports: WIFI Capabilities: INTERNET&NOT_RESTRICTED&TRUSTED&NOT_VPN] ]
04-29 20:36:58.421  1283  1897 D ConnectivityService:  sending notification for NetworkRequest [ TRACK_DEFAULT id=7, [ Capabilities: INTERNET&NOT_RESTRICTED&TRUSTED&NOT_VPN] ]
04-29 20:36:58.421  1283  1897 D ConnectivityService: sending notification CAP_CHANGED for NetworkRequest [ TRACK_DEFAULT id=7, [ Capabilities: INTERNET&NOT_RESTRICTED&TRUSTED&NOT_VPN] ]
04-29 20:36:58.423  1283  1897 D ConnectivityService:  sending notification for NetworkRequest [ LISTEN id=8, [] ]
04-29 20:36:58.423  1283  1897 D ConnectivityService: sending notification CAP_CHANGED for NetworkRequest [ LISTEN id=8, [] ]
04-29 20:36:58.425  1283  1897 D ConnectivityService:  sending notification for NetworkRequest [ LISTEN id=31, [ Capabilities: INTERNET&NOT_RESTRICTED&TRUSTED&NOT_VPN] ]
04-29 20:36:58.426  1283  1897 D ConnectivityService: sending notification CAP_CHANGED for NetworkRequest [ LISTEN id=31, [ Capabilities: INTERNET&NOT_RESTRICTED&TRUSTED&NOT_VPN] ]
04-29 20:36:58.427  1283  1897 D ConnectivityService:  sending notification for NetworkRequest [ LISTEN id=57, [ Capabilities: INTERNET&NOT_RESTRICTED&TRUSTED] ]
04-29 20:36:58.429  1283  1897 D ConnectivityService: sending notification CAP_CHANGED for NetworkRequest [ LISTEN id=57, [ Capabilities: INTERNET&NOT_RESTRICTED&TRUSTED] ]
04-29 20:36:58.431  1283  1897 D ConnectivityService:  sending notification for NetworkRequest [ LISTEN id=58, [ Capabilities: INTERNET&NOT_RESTRICTED&TRUSTED] ]
04-29 20:36:58.431  1283  1897 D ConnectivityService: sending notification CAP_CHANGED for NetworkRequest [ LISTEN id=58, [ Capabilities: INTERNET&NOT_RESTRICTED&TRUSTED] ]
04-29 20:36:58.434  1283  1897 D ConnectivityService:  sending notification for NetworkRequest [ LISTEN id=334, [ Capabilities: INTERNET&NOT_RESTRICTED&TRUSTED] ]
04-29 20:36:58.434  1283  1897 D ConnectivityService: sending notification CAP_CHANGED for NetworkRequest [ LISTEN id=334, [ Capabilities: INTERNET&NOT_RESTRICTED&TRUSTED] ]
04-29 20:36:58.435  1283  1897 D ConnectivityService:  sending notification for NetworkRequest [ LISTEN id=949, [ Capabilities: INTERNET&NOT_RESTRICTED&TRUSTED&NOT_VPN&FOREGROUND] ]
04-29 20:36:58.436  1283  1897 D ConnectivityService: sending notification CAP_CHANGED for NetworkRequest [ LISTEN id=949, [ Capabilities: INTERNET&NOT_RESTRICTED&TRUSTED&NOT_VPN&FOREGROUND] ]
04-29 20:36:58.436  1283  1897 D ConnectivityService:  sending notification for NetworkRequest [ LISTEN id=1442, [ Capabilities: INTERNET&NOT_RESTRICTED&TRUSTED] ]
04-29 20:36:58.437  1283  1897 D ConnectivityService: sending notification CAP_CHANGED for NetworkRequest [ LISTEN id=1442, [ Capabilities: INTERNET&NOT_RESTRICTED&TRUSTED] ]
04-29 20:36:58.437  1283  1897 D ConnectivityService:  sending notification for NetworkRequest [ LISTEN id=1443, [ Capabilities: INTERNET&NOT_RESTRICTED&TRUSTED] ]
04-29 20:36:58.438  1283  1897 D ConnectivityService: sending notification CAP_CHANGED for NetworkRequest [ LISTEN id=1443, [ Capabilities: INTERNET&NOT_RESTRICTED&TRUSTED] ]
04-29 20:36:58.440  1283  1897 D ConnectivityService:  sending notification for NetworkRequest [ LISTEN id=1444, [ Capabilities: INTERNET&NOT_RESTRICTED&TRUSTED&FOREGROUND] ]
04-29 20:36:58.440  1283  1897 D ConnectivityService: sending notification CAP_CHANGED for NetworkRequest [ LISTEN id=1444, [ Capabilities: INTERNET&NOT_RESTRICTED&TRUSTED&FOREGROUND] ]
04-29 20:36:58.443  1283  1897 D ConnectivityService:  sending notification for NetworkRequest [ LISTEN id=1445, [ Capabilities: INTERNET&NOT_RESTRICTED&TRUSTED&FOREGROUND] ]
04-29 20:36:58.443  1283  1897 D ConnectivityService: sending notification CAP_CHANGED for NetworkRequest [ LISTEN id=1445, [ Capabilities: INTERNET&NOT_RESTRICTED&TRUSTED&FOREGROUND] ]
04-29 20:36:58.444  1283  1897 D ConnectivityService:  sending notification for NetworkRequest [ LISTEN id=1503, [ Capabilities: INTERNET&NOT_RESTRICTED&TRUSTED&FOREGROUND] ]
04-29 20:36:58.444  1283  1897 D ConnectivityService: sending notification CAP_CHANGED for NetworkRequest [ LISTEN id=1503, [ Capabilities: INTERNET&NOT_RESTRICTED&TRUSTED&FOREGROUND] ]
04-29 20:36:58.445  1283  1897 D ConnectivityService:  sending notification for NetworkRequest [ LISTEN id=1504, [ Capabilities: INTERNET&NOT_RESTRICTED&TRUSTED&FOREGROUND] ]
04-29 20:36:58.448  1283  1897 D ConnectivityService: sending notification CAP_CHANGED for NetworkRequest [ LISTEN id=1504, [ Capabilities: INTERNET&NOT_RESTRICTED&TRUSTED&FOREGROUND] ]
04-29 20:36:58.448  1283  1897 D ConnectivityService:  sending notification for NetworkRequest [ LISTEN id=1608, [ Capabilities: INTERNET&NOT_RESTRICTED&TRUSTED&FOREGROUND] ]
04-29 20:36:58.448  1283  1897 D ConnectivityService: sending notification CAP_CHANGED for NetworkRequest [ LISTEN id=1608, [ Capabilities: INTERNET&NOT_RESTRICTED&TRUSTED&FOREGROUND] ]
04-29 20:36:58.448  1283  1897 D ConnectivityService:  sending notification for NetworkRequest [ LISTEN id=1611, [ Capabilities: NOT_RESTRICTED&TRUSTED&NOT_VPN&FOREGROUND] ]
04-29 20:36:58.449  1283  1897 D ConnectivityService: sending notification CAP_CHANGED for NetworkRequest [ LISTEN id=1611, [ Capabilities: NOT_RESTRICTED&TRUSTED&NOT_VPN&FOREGROUND] ]
04-29 20:36:58.449  1283  1897 D ConnectivityService:  sending notification for NetworkRequest [ LISTEN id=1612, [ Capabilities: INTERNET&NOT_RESTRICTED&TRUSTED&FOREGROUND] ]
04-29 20:36:58.449  1283  1897 D ConnectivityService: sending notification CAP_CHANGED for NetworkRequest [ LISTEN id=1612, [ Capabilities: INTERNET&NOT_RESTRICTED&TRUSTED&FOREGROUND] ]
04-29 20:36:58.450  1283  1897 D ConnectivityService:  sending notification for NetworkRequest [ LISTEN id=1613, [ Capabilities: INTERNET&NOT_RESTRICTED&TRUSTED&FOREGROUND] ]
04-29 20:36:58.450  1283  1897 D ConnectivityService: sending notification CAP_CHANGED for NetworkRequest [ LISTEN id=1613, [ Capabilities: INTERNET&NOT_RESTRICTED&TRUSTED&FOREGROUND] ]
04-29 20:37:00.000  1283  1757 V AlarmManager: Triggering alarm #0: 3 when =294680580 package =android operation =*alarm*:android.intent.action.TIME_TICK flags =0x1
04-29 20:37:04.443  1283  1897 D ConnectivityService: notifyType CAP_CHANGED for NetworkAgentInfo [WIFI () - 153]
04-29 20:37:04.443  1283  1897 D ConnectivityService:  sending notification for NetworkRequest [ REQUEST id=1, [ Capabilities: INTERNET&NOT_RESTRICTED&TRUSTED&NOT_VPN] ]
04-29 20:37:04.443  1283  1897 D ConnectivityService:  sending notification for NetworkRequest [ TRACK_DEFAULT id=3, [ Capabilities: INTERNET&NOT_RESTRICTED&TRUSTED&NOT_VPN] ]
04-29 20:37:04.443  1283  1897 D ConnectivityService: sending notification CAP_CHANGED for NetworkRequest [ TRACK_DEFAULT id=3, [ Capabilities: INTERNET&NOT_RESTRICTED&TRUSTED&NOT_VPN] ]
04-29 20:37:04.443  1283  1897 D ConnectivityService:  sending notification for NetworkRequest [ LISTEN id=4, [ Transports: CELLULAR|WIFI Capabilities: NOT_RESTRICTED&TRUSTED&NOT_VPN] ]
04-29 20:37:04.443  1283  1897 D ConnectivityService: sending notification CAP_CHANGED for NetworkRequest [ LISTEN id=4, [ Transports: CELLULAR|WIFI Capabilities: NOT_RESTRICTED&TRUSTED&NOT_VPN] ]
04-29 20:37:04.444  1283  1897 D ConnectivityService:  sending notification for NetworkRequest [ LISTEN id=5, [ Transports: WIFI Capabilities: INTERNET&NOT_RESTRICTED&TRUSTED&NOT_VPN] ]
04-29 20:37:04.444  1283  1897 D ConnectivityService: sending notification CAP_CHANGED for NetworkRequest [ LISTEN id=5, [ Transports: WIFI Capabilities: INTERNET&NOT_RESTRICTED&TRUSTED&NOT_VPN] ]
04-29 20:37:04.444  1283  1897 D ConnectivityService:  sending notification for NetworkRequest [ TRACK_DEFAULT id=7, [ Capabilities: INTERNET&NOT_RESTRICTED&TRUSTED&NOT_VPN] ]
04-29 20:37:04.444  1283  1897 D ConnectivityService: sending notification CAP_CHANGED for NetworkRequest [ TRACK_DEFAULT id=7, [ Capabilities: INTERNET&NOT_RESTRICTED&TRUSTED&NOT_VPN] ]
04-29 20:37:04.444  1283  1897 D ConnectivityService:  sending notification for NetworkRequest [ LISTEN id=8, [] ]
04-29 20:37:04.445  1283  1897 D ConnectivityService: sending notification CAP_CHANGED for NetworkRequest [ LISTEN id=8, [] ]
04-29 20:37:04.445  1283  1897 D ConnectivityService:  sending notification for NetworkRequest [ LISTEN id=31, [ Capabilities: INTERNET&NOT_RESTRICTED&TRUSTED&NOT_VPN] ]
04-29 20:37:04.445  1283  1897 D ConnectivityService: sending notification CAP_CHANGED for NetworkRequest [ LISTEN id=31, [ Capabilities: INTERNET&NOT_RESTRICTED&TRUSTED&NOT_VPN] ]
04-29 20:37:04.445  1283  1897 D ConnectivityService:  sending notification for NetworkRequest [ LISTEN id=57, [ Capabilities: INTERNET&NOT_RESTRICTED&TRUSTED] ]
04-29 20:37:04.445  1283  1897 D ConnectivityService: sending notification CAP_CHANGED for NetworkRequest [ LISTEN id=57, [ Capabilities: INTERNET&NOT_RESTRICTED&TRUSTED] ]
04-29 20:37:04.445  1283  1897 D ConnectivityService:  sending notification for NetworkRequest [ LISTEN id=58, [ Capabilities: INTERNET&NOT_RESTRICTED&TRUSTED] ]
04-29 20:37:04.445  1283  1897 D ConnectivityService: sending notification CAP_CHANGED for NetworkRequest [ LISTEN id=58, [ Capabilities: INTERNET&NOT_RESTRICTED&TRUSTED] ]
04-29 20:37:04.446  1283  1897 D ConnectivityService:  sending notification for NetworkRequest [ LISTEN id=334, [ Capabilities: INTERNET&NOT_RESTRICTED&TRUSTED] ]
04-29 20:37:04.446  1283  1897 D ConnectivityService: sending notification CAP_CHANGED for NetworkRequest [ LISTEN id=334, [ Capabilities: INTERNET&NOT_RESTRICTED&TRUSTED] ]
04-29 20:37:04.446  1283  1897 D ConnectivityService:  sending notification for NetworkRequest [ LISTEN id=949, [ Capabilities: INTERNET&NOT_RESTRICTED&TRUSTED&NOT_VPN&FOREGROUND] ]
04-29 20:37:04.446  1283  1897 D ConnectivityService: sending notification CAP_CHANGED for NetworkRequest [ LISTEN id=949, [ Capabilities: INTERNET&NOT_RESTRICTED&TRUSTED&NOT_VPN&FOREGROUND] ]
04-29 20:37:04.446  1283  1897 D ConnectivityService:  sending notification for NetworkRequest [ LISTEN id=1442, [ Capabilities: INTERNET&NOT_RESTRICTED&TRUSTED] ]
04-29 20:37:04.446  1283  1897 D ConnectivityService: sending notification CAP_CHANGED for NetworkRequest [ LISTEN id=1442, [ Capabilities: INTERNET&NOT_RESTRICTED&TRUSTED] ]
04-29 20:37:04.446  1283  1897 D ConnectivityService:  sending notification for NetworkRequest [ LISTEN id=1443, [ Capabilities: INTERNET&NOT_RESTRICTED&TRUSTED] ]
04-29 20:37:04.447  1283  1897 D ConnectivityService: sending notification CAP_CHANGED for NetworkRequest [ LISTEN id=1443, [ Capabilities: INTERNET&NOT_RESTRICTED&TRUSTED] ]
04-29 20:37:04.447  1283  1897 D ConnectivityService:  sending notification for NetworkRequest [ LISTEN id=1444, [ Capabilities: INTERNET&NOT_RESTRICTED&TRUSTED&FOREGROUND] ]
04-29 20:37:04.447  1283  1897 D ConnectivityService: sending notification CAP_CHANGED for NetworkRequest [ LISTEN id=1444, [ Capabilities: INTERNET&NOT_RESTRICTED&TRUSTED&FOREGROUND] ]
04-29 20:37:04.447  1283  1897 D ConnectivityService:  sending notification for NetworkRequest [ LISTEN id=1445, [ Capabilities: INTERNET&NOT_RESTRICTED&TRUSTED&FOREGROUND] ]
04-29 20:37:04.447  1283  1897 D ConnectivityService: sending notification CAP_CHANGED for NetworkRequest [ LISTEN id=1445, [ Capabilities: INTERNET&NOT_RESTRICTED&TRUSTED&FOREGROUND] ]
04-29 20:37:04.447  1283  1897 D ConnectivityService:  sending notification for NetworkRequest [ LISTEN id=1503, [ Capabilities: INTERNET&NOT_RESTRICTED&TRUSTED&FOREGROUND] ]
04-29 20:37:04.447  1283  1897 D ConnectivityService: sending notification CAP_CHANGED for NetworkRequest [ LISTEN id=1503, [ Capabilities: INTERNET&NOT_RESTRICTED&TRUSTED&FOREGROUND] ]
04-29 20:37:04.448  1283  1897 D ConnectivityService:  sending notification for NetworkRequest [ LISTEN id=1504, [ Capabilities: INTERNET&NOT_RESTRICTED&TRUSTED&FOREGROUND] ]
04-29 20:37:04.448  1283  1897 D ConnectivityService: sending notification CAP_CHANGED for NetworkRequest [ LISTEN id=1504, [ Capabilities: INTERNET&NOT_RESTRICTED&TRUSTED&FOREGROUND] ]
04-29 20:37:04.448  1283  1897 D ConnectivityService:  sending notification for NetworkRequest [ LISTEN id=1608, [ Capabilities: INTERNET&NOT_RESTRICTED&TRUSTED&FOREGROUND] ]
04-29 20:37:04.451  1283  1897 D ConnectivityService: sending notification CAP_CHANGED for NetworkRequest [ LISTEN id=1608, [ Capabilities: INTERNET&NOT_RESTRICTED&TRUSTED&FOREGROUND] ]
04-29 20:37:04.451  1283  1897 D ConnectivityService:  sending notification for NetworkRequest [ LISTEN id=1611, [ Capabilities: NOT_RESTRICTED&TRUSTED&NOT_VPN&FOREGROUND] ]
04-29 20:37:04.451  1283  1897 D ConnectivityService: sending notification CAP_CHANGED for NetworkRequest [ LISTEN id=1611, [ Capabilities: NOT_RESTRICTED&TRUSTED&NOT_VPN&FOREGROUND] ]
04-29 20:37:04.452  1283  1897 D ConnectivityService:  sending notification for NetworkRequest [ LISTEN id=1612, [ Capabilities: INTERNET&NOT_RESTRICTED&TRUSTED&FOREGROUND] ]
04-29 20:37:04.452  1283  1897 D ConnectivityService: sending notification CAP_CHANGED for NetworkRequest [ LISTEN id=1612, [ Capabilities: INTERNET&NOT_RESTRICTED&TRUSTED&FOREGROUND] ]
04-29 20:37:04.452  1283  1897 D ConnectivityService:  sending notification for NetworkRequest [ LISTEN id=1613, [ Capabilities: INTERNET&NOT_RESTRICTED&TRUSTED&FOREGROUND] ]
04-29 20:37:04.452  1283  1897 D ConnectivityService: sending notification CAP_CHANGED for NetworkRequest [ LISTEN id=1613, [ Capabilities: INTERNET&NOT_RESTRICTED&TRUSTED&FOREGROUND] ]
04-29 20:37:05.933  1283  1404 E BatteryStatsService: no controller energy info supplied
04-29 20:37:16.407  1283  1757 V AlarmManager: Triggering alarm #0: 2 when =294645981 package =android operation = null listenTag =*job.delay* flags =0x0
04-29 20:37:16.408  1283  1757 V AlarmManager: Triggering alarm #1: 2 when =294665246 package =android operation = null listenTag =WifiConnectivityManager Schedule Periodic Scan Timer flags =0x8
04-29 20:37:16.408  1283  1757 V AlarmManager: Triggering alarm #2: 3 when =294686429 package =com.google.android.gms operation =*alarm*:com.google.android.gms/.lockbox.LockboxAlarmReceiver flags =0x0
04-29 20:37:16.408  1283  1757 V AlarmManager: Triggering alarm #3: 3 when =294696987 package =com.nis.app operation =*alarm*:com.nis.app/.syncing.MyAlarmReceiver flags =0x0
04-29 20:37:19.507  1283  1897 D ConnectivityService: updateNetworkScore for NetworkAgentInfo [WIFI () - 153] to 60
04-29 20:37:19.507  1283  1897 D ConnectivityService: rematching NetworkAgentInfo [WIFI () - 153]
04-29 20:37:19.507  1283  1897 D ConnectivityService:  network has: [ Transports: WIFI Capabilities: NOT_METERED&INTERNET&NOT_RESTRICTED&TRUSTED&NOT_VPN&VALIDATED&FOREGROUND LinkUpBandwidth>=1048576Kbps LinkDnBandwidth>=1048576Kbps SignalStrength: -69]
04-29 20:37:21.431  1283  1396 W BroadcastQueue: Background execution not allowed: receiving Intent { act=android.net.wifi.SCAN_RESULTS flg=0x4000010 (has extras) } to com.jio.myjio/.jionet.receiver.WifiScanReceiver
04-29 20:37:31.550  1283  1897 D ConnectivityService: updateNetworkScore for NetworkAgentInfo [WIFI () - 153] to 56
04-29 20:37:31.550  1283  1897 D ConnectivityService: rematching NetworkAgentInfo [WIFI () - 153]
04-29 20:37:31.551  1283  1897 D ConnectivityService:  network has: [ Transports: WIFI Capabilities: NOT_METERED&INTERNET&NOT_RESTRICTED&TRUSTED&NOT_VPN&VALIDATED&FOREGROUND LinkUpBandwidth>=1048576Kbps LinkDnBandwidth>=1048576Kbps SignalStrength: -69]
04-29 20:37:40.452  1283  2990 D ConnectivityService: reportNetworkConnectivity(153, false) by 10010
04-29 20:37:40.458  1283  1897 D ConnectivityService: NetworkAgentInfo [WIFI () - 153] validation passed
04-29 20:37:45.458  1283  1757 V AlarmManager: Triggering alarm #0: 2 when =294723566 package =com.google.android.gms operation =*walarm*:com.google.android.intent.action.GCM_RECONNECT flags =0x5
04-29 20:37:45.805  1283  2955 I ActivityManager: Start proc 8710:com.google.android.gms/u999a10 for service com.google.android.gms/.telephonyspam.sync.SpamListSyncTaskService
04-29 20:37:45.985  1283  2955 I ActivityManager: Start proc 8733:com.google.process.gapps/u999a10 for content provider com.google.android.gsf/.gservices.GservicesProvider
04-29 20:37:46.109  1283  7229 I ActivityManager: Start proc 8769:com.google.process.gapps/u0a10 for content provider com.google.android.gsf/.settings.GoogleSettingsProvider
04-29 20:37:46.958  1283  3507 I ActivityManager: Killing 8195:com.sony.songpal/u0a192 (adj 906): empty #17
04-29 20:37:46.986  1283  3507 D ActivityManager: Process com.sony.songpal has 0 services
04-29 20:37:47.320  1283  1757 V AlarmManager: Triggering alarm #0: 1 when =1556595467319 package =com.umoni.nocrash operation =*alarm*:agoo_action_heart flags =0x1
04-29 20:37:50.037  1283  1395 I ActivityManager: Start proc 8816:com.sony.songpal/u0a192 for embryo com.sony.songpal
04-29 20:37:50.471  1283  1757 V AlarmManager: Triggering alarm #0: 2 when =294731051 package =android operation = null listenTag =WriteBufferAlarm flags =0x8
04-29 20:37:52.661  1283  1897 D ConnectivityService: notifyType CAP_CHANGED for NetworkAgentInfo [WIFI () - 153]
04-29 20:37:52.661  1283  1897 D ConnectivityService:  sending notification for NetworkRequest [ REQUEST id=1, [ Capabilities: INTERNET&NOT_RESTRICTED&TRUSTED&NOT_VPN] ]
04-29 20:37:52.661  1283  1897 D ConnectivityService:  sending notification for NetworkRequest [ TRACK_DEFAULT id=3, [ Capabilities: INTERNET&NOT_RESTRICTED&TRUSTED&NOT_VPN] ]
04-29 20:37:52.661  1283  1897 D ConnectivityService: sending notification CAP_CHANGED for NetworkRequest [ TRACK_DEFAULT id=3, [ Capabilities: INTERNET&NOT_RESTRICTED&TRUSTED&NOT_VPN] ]
04-29 20:37:52.661  1283  1897 D ConnectivityService:  sending notification for NetworkRequest [ LISTEN id=4, [ Transports: CELLULAR|WIFI Capabilities: NOT_RESTRICTED&TRUSTED&NOT_VPN] ]
04-29 20:37:52.662  1283  1897 D ConnectivityService: sending notification CAP_CHANGED for NetworkRequest [ LISTEN id=4, [ Transports: CELLULAR|WIFI Capabilities: NOT_RESTRICTED&TRUSTED&NOT_VPN] ]
04-29 20:37:52.662  1283  1897 D ConnectivityService:  sending notification for NetworkRequest [ LISTEN id=5, [ Transports: WIFI Capabilities: INTERNET&NOT_RESTRICTED&TRUSTED&NOT_VPN] ]
04-29 20:37:52.662  1283  1897 D ConnectivityService: sending notification CAP_CHANGED for NetworkRequest [ LISTEN id=5, [ Transports: WIFI Capabilities: INTERNET&NOT_RESTRICTED&TRUSTED&NOT_VPN] ]
04-29 20:37:52.663  1283  1897 D ConnectivityService:  sending notification for NetworkRequest [ TRACK_DEFAULT id=7, [ Capabilities: INTERNET&NOT_RESTRICTED&TRUSTED&NOT_VPN] ]
04-29 20:37:52.663  1283  1897 D ConnectivityService: sending notification CAP_CHANGED for NetworkRequest [ TRACK_DEFAULT id=7, [ Capabilities: INTERNET&NOT_RESTRICTED&TRUSTED&NOT_VPN] ]
04-29 20:37:52.663  1283  1897 D ConnectivityService:  sending notification for NetworkRequest [ LISTEN id=8, [] ]
04-29 20:37:52.663  1283  1897 D ConnectivityService: sending notification CAP_CHANGED for NetworkRequest [ LISTEN id=8, [] ]
04-29 20:37:52.664  1283  1897 D ConnectivityService:  sending notification for NetworkRequest [ LISTEN id=31, [ Capabilities: INTERNET&NOT_RESTRICTED&TRUSTED&NOT_VPN] ]
04-29 20:37:52.664  1283  1897 D ConnectivityService: sending notification CAP_CHANGED for NetworkRequest [ LISTEN id=31, [ Capabilities: INTERNET&NOT_RESTRICTED&TRUSTED&NOT_VPN] ]
04-29 20:37:52.664  1283  1897 D ConnectivityService:  sending notification for NetworkRequest [ LISTEN id=57, [ Capabilities: INTERNET&NOT_RESTRICTED&TRUSTED] ]
04-29 20:37:52.664  1283  1897 D ConnectivityService: sending notification CAP_CHANGED for NetworkRequest [ LISTEN id=57, [ Capabilities: INTERNET&NOT_RESTRICTED&TRUSTED] ]
04-29 20:37:52.664  1283  1897 D ConnectivityService:  sending notification for NetworkRequest [ LISTEN id=58, [ Capabilities: INTERNET&NOT_RESTRICTED&TRUSTED] ]
04-29 20:37:52.664  1283  1897 D ConnectivityService: sending notification CAP_CHANGED for NetworkRequest [ LISTEN id=58, [ Capabilities: INTERNET&NOT_RESTRICTED&TRUSTED] ]
04-29 20:37:52.665  1283  1897 D ConnectivityService:  sending notification for NetworkRequest [ LISTEN id=334, [ Capabilities: INTERNET&NOT_RESTRICTED&TRUSTED] ]
04-29 20:37:52.665  1283  1897 D ConnectivityService: sending notification CAP_CHANGED for NetworkRequest [ LISTEN id=334, [ Capabilities: INTERNET&NOT_RESTRICTED&TRUSTED] ]
04-29 20:37:52.665  1283  1897 D ConnectivityService:  sending notification for NetworkRequest [ LISTEN id=949, [ Capabilities: INTERNET&NOT_RESTRICTED&TRUSTED&NOT_VPN&FOREGROUND] ]
04-29 20:37:52.665  1283  1897 D ConnectivityService: sending notification CAP_CHANGED for NetworkRequest [ LISTEN id=949, [ Capabilities: INTERNET&NOT_RESTRICTED&TRUSTED&NOT_VPN&FOREGROUND] ]
04-29 20:37:52.665  1283  1897 D ConnectivityService:  sending notification for NetworkRequest [ LISTEN id=1442, [ Capabilities: INTERNET&NOT_RESTRICTED&TRUSTED] ]
04-29 20:37:52.665  1283  1897 D ConnectivityService: sending notification CAP_CHANGED for NetworkRequest [ LISTEN id=1442, [ Capabilities: INTERNET&NOT_RESTRICTED&TRUSTED] ]
04-29 20:37:52.666  1283  1897 D ConnectivityService:  sending notification for NetworkRequest [ LISTEN id=1443, [ Capabilities: INTERNET&NOT_RESTRICTED&TRUSTED] ]
04-29 20:37:52.666  1283  1897 D ConnectivityService: sending notification CAP_CHANGED for NetworkRequest [ LISTEN id=1443, [ Capabilities: INTERNET&NOT_RESTRICTED&TRUSTED] ]
04-29 20:37:52.666  1283  1897 D ConnectivityService:  sending notification for NetworkRequest [ LISTEN id=1444, [ Capabilities: INTERNET&NOT_RESTRICTED&TRUSTED&FOREGROUND] ]
04-29 20:37:52.666  1283  1897 D ConnectivityService: sending notification CAP_CHANGED for NetworkRequest [ LISTEN id=1444, [ Capabilities: INTERNET&NOT_RESTRICTED&TRUSTED&FOREGROUND] ]
04-29 20:37:52.668  1283  1897 D ConnectivityService:  sending notification for NetworkRequest [ LISTEN id=1445, [ Capabilities: INTERNET&NOT_RESTRICTED&TRUSTED&FOREGROUND] ]
04-29 20:37:52.668  1283  1897 D ConnectivityService: sending notification CAP_CHANGED for NetworkRequest [ LISTEN id=1445, [ Capabilities: INTERNET&NOT_RESTRICTED&TRUSTED&FOREGROUND] ]
04-29 20:37:52.668  1283  1897 D ConnectivityService:  sending notification for NetworkRequest [ LISTEN id=1503, [ Capabilities: INTERNET&NOT_RESTRICTED&TRUSTED&FOREGROUND] ]
04-29 20:37:52.668  1283  1897 D ConnectivityService: sending notification CAP_CHANGED for NetworkRequest [ LISTEN id=1503, [ Capabilities: INTERNET&NOT_RESTRICTED&TRUSTED&FOREGROUND] ]
04-29 20:37:52.669  1283  1897 D ConnectivityService:  sending notification for NetworkRequest [ LISTEN id=1504, [ Capabilities: INTERNET&NOT_RESTRICTED&TRUSTED&FOREGROUND] ]
04-29 20:37:52.669  1283  1897 D ConnectivityService: sending notification CAP_CHANGED for NetworkRequest [ LISTEN id=1504, [ Capabilities: INTERNET&NOT_RESTRICTED&TRUSTED&FOREGROUND] ]
04-29 20:37:52.669  1283  1897 D ConnectivityService:  sending notification for NetworkRequest [ LISTEN id=1608, [ Capabilities: INTERNET&NOT_RESTRICTED&TRUSTED&FOREGROUND] ]
04-29 20:37:52.669  1283  1897 D ConnectivityService: sending notification CAP_CHANGED for NetworkRequest [ LISTEN id=1608, [ Capabilities: INTERNET&NOT_RESTRICTED&TRUSTED&FOREGROUND] ]
04-29 20:37:52.669  1283  1897 D ConnectivityService:  sending notification for NetworkRequest [ LISTEN id=1611, [ Capabilities: NOT_RESTRICTED&TRUSTED&NOT_VPN&FOREGROUND] ]
04-29 20:37:52.670  1283  1897 D ConnectivityService: sending notification CAP_CHANGED for NetworkRequest [ LISTEN id=1611, [ Capabilities: NOT_RESTRICTED&TRUSTED&NOT_VPN&FOREGROUND] ]
04-29 20:37:52.670  1283  1897 D ConnectivityService:  sending notification for NetworkRequest [ LISTEN id=1612, [ Capabilities: INTERNET&NOT_RESTRICTED&TRUSTED&FOREGROUND] ]
04-29 20:37:52.670  1283  1897 D ConnectivityService: sending notification CAP_CHANGED for NetworkRequest [ LISTEN id=1612, [ Capabilities: INTERNET&NOT_RESTRICTED&TRUSTED&FOREGROUND] ]
04-29 20:37:52.670  1283  1897 D ConnectivityService:  sending notification for NetworkRequest [ LISTEN id=1613, [ Capabilities: INTERNET&NOT_RESTRICTED&TRUSTED&FOREGROUND] ]
04-29 20:37:52.670  1283  1897 D ConnectivityService: sending notification CAP_CHANGED for NetworkRequest [ LISTEN id=1613, [ Capabilities: INTERNET&NOT_RESTRICTED&TRUSTED&FOREGROUND] ]
04-29 20:37:58.699  1283  1897 D ConnectivityService: notifyType CAP_CHANGED for NetworkAgentInfo [WIFI () - 153]
04-29 20:37:58.699  1283  1897 D ConnectivityService:  sending notification for NetworkRequest [ REQUEST id=1, [ Capabilities: INTERNET&NOT_RESTRICTED&TRUSTED&NOT_VPN] ]
04-29 20:37:58.699  1283  1897 D ConnectivityService:  sending notification for NetworkRequest [ TRACK_DEFAULT id=3, [ Capabilities: INTERNET&NOT_RESTRICTED&TRUSTED&NOT_VPN] ]
04-29 20:37:58.700  1283  1897 D ConnectivityService: sending notification CAP_CHANGED for NetworkRequest [ TRACK_DEFAULT id=3, [ Capabilities: INTERNET&NOT_RESTRICTED&TRUSTED&NOT_VPN] ]
04-29 20:37:58.700  1283  1897 D ConnectivityService:  sending notification for NetworkRequest [ LISTEN id=4, [ Transports: CELLULAR|WIFI Capabilities: NOT_RESTRICTED&TRUSTED&NOT_VPN] ]
04-29 20:37:58.700  1283  1897 D ConnectivityService: sending notification CAP_CHANGED for NetworkRequest [ LISTEN id=4, [ Transports: CELLULAR|WIFI Capabilities: NOT_RESTRICTED&TRUSTED&NOT_VPN] ]
04-29 20:37:58.701  1283  1897 D ConnectivityService:  sending notification for NetworkRequest [ LISTEN id=5, [ Transports: WIFI Capabilities: INTERNET&NOT_RESTRICTED&TRUSTED&NOT_VPN] ]
04-29 20:37:58.701  1283  1897 D ConnectivityService: sending notification CAP_CHANGED for NetworkRequest [ LISTEN id=5, [ Transports: WIFI Capabilities: INTERNET&NOT_RESTRICTED&TRUSTED&NOT_VPN] ]
04-29 20:37:58.703  1283  1897 D ConnectivityService:  sending notification for NetworkRequest [ TRACK_DEFAULT id=7, [ Capabilities: INTERNET&NOT_RESTRICTED&TRUSTED&NOT_VPN] ]
04-29 20:37:58.703  1283  1897 D ConnectivityService: sending notification CAP_CHANGED for NetworkRequest [ TRACK_DEFAULT id=7, [ Capabilities: INTERNET&NOT_RESTRICTED&TRUSTED&NOT_VPN] ]
04-29 20:37:58.704  1283  1897 D ConnectivityService:  sending notification for NetworkRequest [ LISTEN id=8, [] ]
04-29 20:37:58.705  1283  1897 D ConnectivityService: sending notification CAP_CHANGED for NetworkRequest [ LISTEN id=8, [] ]
04-29 20:37:58.706  1283  1897 D ConnectivityService:  sending notification for NetworkRequest [ LISTEN id=31, [ Capabilities: INTERNET&NOT_RESTRICTED&TRUSTED&NOT_VPN] ]
04-29 20:37:58.706  1283  1897 D ConnectivityService: sending notification CAP_CHANGED for NetworkRequest [ LISTEN id=31, [ Capabilities: INTERNET&NOT_RESTRICTED&TRUSTED&NOT_VPN] ]
04-29 20:37:58.708  1283  1897 D ConnectivityService:  sending notification for NetworkRequest [ LISTEN id=57, [ Capabilities: INTERNET&NOT_RESTRICTED&TRUSTED] ]
04-29 20:37:58.708  1283  1897 D ConnectivityService: sending notification CAP_CHANGED for NetworkRequest [ LISTEN id=57, [ Capabilities: INTERNET&NOT_RESTRICTED&TRUSTED] ]
04-29 20:37:58.711  1283  1897 D ConnectivityService:  sending notification for NetworkRequest [ LISTEN id=58, [ Capabilities: INTERNET&NOT_RESTRICTED&TRUSTED] ]
04-29 20:37:58.713  1283  1897 D ConnectivityService: sending notification CAP_CHANGED for NetworkRequest [ LISTEN id=58, [ Capabilities: INTERNET&NOT_RESTRICTED&TRUSTED] ]
04-29 20:37:58.717  1283  1897 D ConnectivityService:  sending notification for NetworkRequest [ LISTEN id=334, [ Capabilities: INTERNET&NOT_RESTRICTED&TRUSTED] ]
04-29 20:37:58.717  1283  1897 D ConnectivityService: sending notification CAP_CHANGED for NetworkRequest [ LISTEN id=334, [ Capabilities: INTERNET&NOT_RESTRICTED&TRUSTED] ]
04-29 20:37:58.718  1283  1897 D ConnectivityService:  sending notification for NetworkRequest [ LISTEN id=949, [ Capabilities: INTERNET&NOT_RESTRICTED&TRUSTED&NOT_VPN&FOREGROUND] ]
04-29 20:37:58.718  1283  1897 D ConnectivityService: sending notification CAP_CHANGED for NetworkRequest [ LISTEN id=949, [ Capabilities: INTERNET&NOT_RESTRICTED&TRUSTED&NOT_VPN&FOREGROUND] ]
04-29 20:37:58.720  1283  1897 D ConnectivityService:  sending notification for NetworkRequest [ LISTEN id=1442, [ Capabilities: INTERNET&NOT_RESTRICTED&TRUSTED] ]
04-29 20:37:58.721  1283  1897 D ConnectivityService: sending notification CAP_CHANGED for NetworkRequest [ LISTEN id=1442, [ Capabilities: INTERNET&NOT_RESTRICTED&TRUSTED] ]
04-29 20:37:58.723  1283  1897 D ConnectivityService:  sending notification for NetworkRequest [ LISTEN id=1443, [ Capabilities: INTERNET&NOT_RESTRICTED&TRUSTED] ]
04-29 20:37:58.723  1283  1897 D ConnectivityService: sending notification CAP_CHANGED for NetworkRequest [ LISTEN id=1443, [ Capabilities: INTERNET&NOT_RESTRICTED&TRUSTED] ]
04-29 20:37:58.724  1283  1897 D ConnectivityService:  sending notification for NetworkRequest [ LISTEN id=1444, [ Capabilities: INTERNET&NOT_RESTRICTED&TRUSTED&FOREGROUND] ]
04-29 20:37:58.724  1283  1897 D ConnectivityService: sending notification CAP_CHANGED for NetworkRequest [ LISTEN id=1444, [ Capabilities: INTERNET&NOT_RESTRICTED&TRUSTED&FOREGROUND] ]
04-29 20:37:58.724  1283  1897 D ConnectivityService:  sending notification for NetworkRequest [ LISTEN id=1445, [ Capabilities: INTERNET&NOT_RESTRICTED&TRUSTED&FOREGROUND] ]
04-29 20:37:58.724  1283  1897 D ConnectivityService: sending notification CAP_CHANGED for NetworkRequest [ LISTEN id=1445, [ Capabilities: INTERNET&NOT_RESTRICTED&TRUSTED&FOREGROUND] ]
04-29 20:37:58.724  1283  1897 D ConnectivityService:  sending notification for NetworkRequest [ LISTEN id=1503, [ Capabilities: INTERNET&NOT_RESTRICTED&TRUSTED&FOREGROUND] ]
04-29 20:37:58.724  1283  1897 D ConnectivityService: sending notification CAP_CHANGED for NetworkRequest [ LISTEN id=1503, [ Capabilities: INTERNET&NOT_RESTRICTED&TRUSTED&FOREGROUND] ]
04-29 20:37:58.725  1283  1897 D ConnectivityService:  sending notification for NetworkRequest [ LISTEN id=1504, [ Capabilities: INTERNET&NOT_RESTRICTED&TRUSTED&FOREGROUND] ]
04-29 20:37:58.725  1283  1897 D ConnectivityService: sending notification CAP_CHANGED for NetworkRequest [ LISTEN id=1504, [ Capabilities: INTERNET&NOT_RESTRICTED&TRUSTED&FOREGROUND] ]
04-29 20:37:58.725  1283  1897 D ConnectivityService:  sending notification for NetworkRequest [ LISTEN id=1608, [ Capabilities: INTERNET&NOT_RESTRICTED&TRUSTED&FOREGROUND] ]
04-29 20:37:58.725  1283  1897 D ConnectivityService: sending notification CAP_CHANGED for NetworkRequest [ LISTEN id=1608, [ Capabilities: INTERNET&NOT_RESTRICTED&TRUSTED&FOREGROUND] ]
04-29 20:37:58.725  1283  1897 D ConnectivityService:  sending notification for NetworkRequest [ LISTEN id=1611, [ Capabilities: NOT_RESTRICTED&TRUSTED&NOT_VPN&FOREGROUND] ]
04-29 20:37:58.725  1283  1897 D ConnectivityService: sending notification CAP_CHANGED for NetworkRequest [ LISTEN id=1611, [ Capabilities: NOT_RESTRICTED&TRUSTED&NOT_VPN&FOREGROUND] ]
04-29 20:37:58.726  1283  1897 D ConnectivityService:  sending notification for NetworkRequest [ LISTEN id=1612, [ Capabilities: INTERNET&NOT_RESTRICTED&TRUSTED&FOREGROUND] ]
04-29 20:37:58.726  1283  1897 D ConnectivityService: sending notification CAP_CHANGED for NetworkRequest [ LISTEN id=1612, [ Capabilities: INTERNET&NOT_RESTRICTED&TRUSTED&FOREGROUND] ]
04-29 20:37:58.726  1283  1897 D ConnectivityService:  sending notification for NetworkRequest [ LISTEN id=1613, [ Capabilities: INTERNET&NOT_RESTRICTED&TRUSTED&FOREGROUND] ]
04-29 20:37:58.726  1283  1897 D ConnectivityService: sending notification CAP_CHANGED for NetworkRequest [ LISTEN id=1613, [ Capabilities: INTERNET&NOT_RESTRICTED&TRUSTED&FOREGROUND] ]
04-29 20:38:00.000  1283  1757 V AlarmManager: Triggering alarm #0: 3 when =294740580 package =android operation =*alarm*:android.intent.action.TIME_TICK flags =0x1
04-29 20:38:06.817  1283  3507 I ActivityManager: Killing 8403:com.android.keychain/1000 (adj 906): empty #17
04-29 20:38:06.850  1283  7229 D ActivityManager: Process com.android.keychain has 0 services
04-29 20:38:16.340  1283  2955 I ActivityManager: Killing 7973:com.android.chrome:sandboxed_process0/u0a70i475 (adj 906): empty #17
04-29 20:38:16.369  1283  7229 D ActivityManager: Process com.android.chrome:sandboxed_process0 has 1 services
04-29 20:38:16.369  1283  7229 W ActivityManager: Scheduling restart of crashed service com.bt.bms/org.chromium.content.app.SandboxedProcessService0 in 1000ms
04-29 20:38:16.691  1283  1757 V AlarmManager: Triggering alarm #0: 3 when =294757270 package =com.google.android.gms operation =*alarm*:com.google.android.gms/.lockbox.LockboxAlarmReceiver flags =0x0
04-29 20:38:24.118  1283  1404 E BatteryStatsService: no controller energy info supplied
04-29 20:38:28.470  1283  1404 E BatteryStatsService: no controller energy info supplied
04-29 20:38:39.913  1283  1390 I UsageStatsService: User[0] Flushing usage stats to disk
04-29 20:38:45.199  1283  3508 I ActivityManager: Force stopping com.example.bradycardia appid=10260 user=0: from pid 8875
04-29 20:38:45.200  1283  3508 I ActivityManager: Killing 8460:com.example.bradycardia/u0a260 (adj 0): stop com.example.bradycardia
04-29 20:38:45.205  1283  3508 D ActivityManager: Process com.example.bradycardia has 0 services
04-29 20:38:45.205  1283  3508 W ActivityManager: Force removing ActivityRecord{d19974d u0 com.example.bradycardia/.MainActivity t1170}: app died, no saved state
04-29 20:38:45.217  1283  3508 I WindowManager: Failed to capture screenshot of Token{28d1202 ActivityRecord{d19974d u0 com.example.bradycardia/.MainActivity t1170 f}} appWin=Window{ca6f21d u0 com.example.bradycardia/com.example.bradycardia.MainActivity} drawState=4
04-29 20:38:45.227  1283  1404 E BatteryStatsService: no controller energy info supplied
04-29 20:38:45.258  1283  3508 I ActivityManager: Force stopping com.example.bradycardia appid=10260 user=999: from pid 8875
04-29 20:38:45.266  1283  1396 D RestartProcessManager: updateSelf :  com.android.settings, size : 30
04-29 20:38:45.267  1283  1491 W ActivityManager: setHasOverlayUi called on unknown pid: 8460
04-29 20:38:51.128  1283  1651 D PackageInstaller: Inherited files: [/data/app/com.example.bradycardia-SV6vjT4KPNKRquu1daHUgw==/base.apk, /data/app/com.example.bradycardia-SV6vjT4KPNKRquu1daHUgw==/split_lib_dependencies_apk.apk, /data/app/com.example.bradycardia-SV6vjT4KPNKRquu1daHUgw==/split_lib_slice_0_apk.apk, /data/app/com.example.bradycardia-SV6vjT4KPNKRquu1daHUgw==/split_lib_slice_1_apk.apk, /data/app/com.example.bradycardia-SV6vjT4KPNKRquu1daHUgw==/split_lib_slice_2_apk.apk, /data/app/com.example.bradycardia-SV6vjT4KPNKRquu1daHUgw==/split_lib_slice_4_apk.apk, /data/app/com.example.bradycardia-SV6vjT4KPNKRquu1daHUgw==/split_lib_slice_5_apk.apk, /data/app/com.example.bradycardia-SV6vjT4KPNKRquu1daHUgw==/split_lib_slice_6_apk.apk, /data/app/com.example.bradycardia-SV6vjT4KPNKRquu1daHUgw==/split_lib_slice_7_apk.apk, /data/app/com.example.bradycardia-SV6vjT4KPNKRquu1daHUgw==/split_lib_slice_8_apk.apk, /data/app/com.example.bradycardia-SV6vjT4KPNKRquu1daHUgw==/split_lib_slice_9_apk.apk, /data/app/com.example.bradycardia-SV6vjT4KPNKRquu1daHUgw==/oat/arm64/base.odex, /data/app/com.example.bradycardia-SV6vjT4KPNKRquu1daHUgw==/oat/arm64/base.vdex]
04-29 20:38:51.138  1283  1651 D PackageInstaller: Linked 13 files into /data/app/vmdl646909471.tmp
04-29 20:38:51.417  1283  1396 I ActivityManager: Force stopping com.example.bradycardia appid=10260 user=-1: installPackageLI
04-29 20:38:51.721  1283  1496 W PackageSettings: Skipping PackageSetting{3e8a9b2 net.oneplus.music/10163} due to missing metadata
04-29 20:38:51.777  1283  2990 W WindowManager: Permission Denial: dismissKeyguard from pid=8931, uid=2000 requires android.permission.CONTROL_KEYGUARD
04-29 20:38:51.785  1283  1496 I PackageManager: Package com.example.bradycardia codePath changed from /data/app/com.example.bradycardia-SV6vjT4KPNKRquu1daHUgw== to /data/app/com.example.bradycardia-LhDGrEv9_VzkMonhZO5CyQ==; Retaining data and using new
04-29 20:38:51.786  1283  1496 W PackageManager: Code path for com.example.bradycardia changing from /data/app/com.example.bradycardia-SV6vjT4KPNKRquu1daHUgw== to /data/app/com.example.bradycardia-LhDGrEv9_VzkMonhZO5CyQ==
04-29 20:38:51.786  1283  1496 W PackageManager: Resource path for com.example.bradycardia changing from /data/app/com.example.bradycardia-SV6vjT4KPNKRquu1daHUgw== to /data/app/com.example.bradycardia-LhDGrEv9_VzkMonhZO5CyQ==
04-29 20:38:52.107  1283  1496 W PackageSettings: Skipping PackageSetting{3e8a9b2 net.oneplus.music/10163} due to missing metadata
04-29 20:38:52.430  1283  1496 W PackageSettings: Skipping PackageSetting{3e8a9b2 net.oneplus.music/10163} due to missing metadata
04-29 20:38:53.591  1283  1496 I ActivityManager: Force stopping com.example.bradycardia appid=10260 user=0: pkg removed
04-29 20:38:53.610  1283  1396 I OHPD    : [BgDetect] pkg com.example.bradycardia removed , userId 0
04-29 20:38:53.624  1283  1396 W BroadcastQueue: Background execution not allowed: receiving Intent { act=android.intent.action.PACKAGE_REMOVED dat=package:com.example.bradycardia flg=0x4000010 (has extras) } to com.gaana/com.til.colombia.dmp.android.PersonaListener
04-29 20:38:53.694  1283  1395 I ActivityManager: Start proc 8983:com.example.bradycardia/u0a260 for embryo com.example.bradycardia
04-29 20:38:53.767  1283  1283 I ActivityManager: Start proc 8996:com.android.keychain/1000 for service com.android.keychain/.KeyChainService
