04-29 20:43:51.905 29899 30055 I chatty  : uid=10062(com.facebook.katana) identical 1 line
04-29 20:43:51.906 29899 30055 D NoSync  : Called fsync
04-29 20:43:51.937 29899 30109 W fb4a.2oP: creating VideoPerformanceTracking with event bus
04-29 20:43:52.045 29899 30054 W fb4a.FeedDbMutationService: DedupKey not found for cache ID: MTAwMDAyOTY2OTM2MTgwOjE1NTYzODQ3OTg1NjY5ODY6NDUxNzYxNzExNTI2Njg3X2ViY2U1Y2I2NzliZWVhMTkzMDhjNGU2ZWY3Zjk0NGY2
04-29 20:43:52.047 29899 30054 W fb4a.FeedDbMutationService: DedupKey not found for cache ID: MTAwMDAyOTY2OTM2MTgwOjE1NTYzODQ3OTg1NjY5ODY6NDUxNzYxNzExNTI2Njg3X2ViY2U1Y2I2NzliZWVhMTkzMDhjNGU2ZWY3Zjk0NGY2
04-29 20:43:52.048 29899  9494 E CompactDiskManagerImpl.cpp: Failed to remove new folder structure directories: No such file or directory
04-29 20:43:52.048 29899 30054 W fb4a.FeedDbMutationService: DedupKey not found for cache ID: MTAwMDAyOTY2OTM2MTgwOjE1NTU5NTg4NTAwNjIyODc6NDUxNzYxNzExNTI2Njg3XzFmMjUwNjRlOTZkMmY1MzI2MzMxODMxYTdkZWI1MTQ4
04-29 20:43:52.066 29899 30054 W fb4a.FeedDbMutationService: DedupKey not found for cache ID: MTAwMDAyOTY2OTM2MTgwOjE1NTU5NTg4NTAwNjIyODc6NDUxNzYxNzExNTI2Njg3XzFmMjUwNjRlOTZkMmY1MzI2MzMxODMxYTdkZWI1MTQ4
04-29 20:43:52.079 29899 30054 W fb4a.FeedDbMutationService: DedupKey not found for cache ID: MTAwMDAyOTY2OTM2MTgwOjE1NTU4MjkxODczNzAyODQ6NDUxNzYxNzExNTI2Njg3X2JjYmRlYjY5MmNlNDZkYTMyMmM2ZTFiZDlhNmU1ZjRm
04-29 20:43:52.082 29899 30054 W fb4a.FeedDbMutationService: DedupKey not found for cache ID: MTAwMDAyOTY2OTM2MTgwOjE1NTQwMTQ4Mzg2NzY2ODg6NDUxNzYxNzExNTI2Njg3X2Q3OTZlNzViN2I3MzczZTczYjJiYTU3NzgzNmUzZTI3
04-29 20:43:52.116  1283  3047 I ActivityManager: Start proc 9495:com.facebook.katana:videoplayer/u0a62 for service com.facebook.katana/com.facebook.video.heroplayer.service.HeroService
04-29 20:43:52.084 29899 30054 W fb4a.FeedDbMutationService: DedupKey not found for cache ID: MTAwMDAyOTY2OTM2MTgwOjE1NTQwMTQ4Mzg2NzY2ODg6NDUxNzYxNzExNTI2Njg3X2Q3OTZlNzViN2I3MzczZTczYjJiYTU3NzgzNmUzZTI3
04-29 20:43:52.118 29899 30109 W fb4a.FeedDbMutationService: DedupKey not found for cache ID: MTAwMDAyOTY2OTM2MTgwOjE1NTQwMTQ4Mzg2NzY2ODg6NDUxNzYxNzExNTI2Njg3X2Q3OTZlNzViN2I3MzczZTczYjJiYTU3NzgzNmUzZTI3
04-29 20:43:52.122  9495  9495 W zygote  : Using default instruction set features for ARM CPU variant (cortex-a9) using conservative defaults
04-29 20:43:52.334   472   472 W auditd  : type=1400 "ana:videoplayer""vmstat""proc"
04-29 20:43:52.348   472   472 W auditd  : type=1400 "ana:videoplayer""zoneinfo""proc"
04-29 20:43:52.380  9495  9495 E ACRA    : Skipping ANR Detector for process: com.facebook.katana:videoplayer
04-29 20:43:52.397  9495  9495 W SoLoader: context.getApplicationContext returned null, holding reference to original context.
04-29 20:43:52.446  9495  9495 D fb-breakpad-wrapper: Breakpad Client Wrapper JNI_OnLoad
04-29 20:43:52.568  9495  9495 D fb-breakpad-wrapper: load succ: /data/user/0/com.facebook.katana/lib-xzs/libbreakpad-core.so
04-29 20:43:52.618  9495  9495 V appstatelogger: Registered App State Logger stream with Breakpad
04-29 20:43:52.661  9495  9495 W dalvik-internals: ignoring failure to find _ZN3art12FaultManager35EnsureArtActionInFrontOfSignalChainEv: could not hook _ZN3art12FaultManager35EnsureArtActionInFrontOfSignalChainEv
04-29 20:43:52.662  9495  9495 V dalvik-internals: hooked signal using trap ()
04-29 20:43:52.662  9495  9495 V dalvik-internals: hooked sysv_signal using trap ()
04-29 20:43:52.663  9495  9495 V dalvik-internals: hooked bsd_signal using trap ()
04-29 20:43:52.664  9495  9495 V dalvik-internals: hooked sigaction using trap ()
04-29 20:43:52.665  9495  9495 I dalvik-internals: installed sigmux crash handler for crash log
04-29 20:43:52.680  9495  9522 D         : Function fsync hooked with result=0
04-29 20:43:52.680  9495  9522 D         : Function fdatasync hooked with result=0
04-29 20:43:52.680  9495  9522 D         : Function msync hooked with result=0
04-29 20:43:52.680  9495  9522 D         : Function sync hooked with result=0
04-29 20:43:52.696  9495  9495 W DexLibLoader: failure to locate primary/auxiliary dexes: perf loss
04-29 20:43:52.699  9495  9495 W DexLibLoader: disabling background optimization
04-29 20:43:52.704  9495  9506 E ProfiloMultiProcessTraceListenerImpl: UID of caller is different from UID of listener
04-29 20:43:52.718  9495  9495 V dalvik-internals: Hooking function _ZN3art15DexFileVerifier6VerifyEPKNS_7DexFileEPKhjPKcbPNSt3__112basic_stringIcNS8_11char_traitsIcEENS8_9allocatorIcEEEE
04-29 20:43:52.719  9495  9495 V dalvik-internals: hooked _ZN3art15DexFileVerifier6VerifyEPKNS_7DexFileEPKhjPKcbPNSt3__112basic_stringIcNS8_11char_traitsIcEENS8_9allocatorIcEEEE using trap ()
04-29 20:43:52.725  9495  9495 W MemoryReductionHack: Couldn't update the Loader (NoSuchFieldException)
04-29 20:43:52.726  9495  9495 W MultiDexClassLoader: Class com.oneplus.R was loaded on fallback. This should be fixed and added to the shouldAskParent method.
04-29 20:43:52.727  9495  9495 I LoadedApk: No resource references to update in package com.facebook.katana
04-29 20:43:52.728  9495  9495 I LoadedApk: No resource references to update in package com.facebook.katana
04-29 20:43:52.728  9495  9495 V Font    : Change font:2
04-29 20:43:52.907  9495  9523 W TigonVideoService: TigonVideoService initHybrid
04-29 20:43:52.907  9495  9523 V tigonvideo: TigonVideo/JNI_OnLoad called
04-29 20:43:52.908  9495  9523 W TigonVideoService: TigonVideoService calling initHybrid
04-29 20:43:52.908  9495  9523 V tigonvideo: LigerVid TigonVideoService::initHybrid
04-29 20:43:52.910  9495  9523 V tigonliger: tigonapi/JNI_OnLoad called
04-29 20:43:52.910  9495  9523 W TigonVideoService: LigerVid TigonVideoService init
04-29 20:43:52.956  9495  9508 W VideoCapabilities: Unrecognized profile 2130706433 for video/avc
04-29 20:43:52.956  9495  9508 W VideoCapabilities: Unrecognized profile 2130706434 for video/avc
04-29 20:43:52.975  9495  9508 W VideoCapabilities: Unrecognized profile 2130706433 for video/avc
04-29 20:43:52.976  9495  9508 W VideoCapabilities: Unrecognized profile 2130706434 for video/avc
04-29 20:43:52.979  9495  9508 W VideoCapabilities: Unrecognized profile 2130706433 for video/avc
04-29 20:43:52.979  9495  9508 W VideoCapabilities: Unrecognized profile 2130706434 for video/avc
04-29 20:43:52.986  9495  9508 W VideoCapabilities: Unrecognized profile/level 0/3 for video/mpeg2
04-29 20:43:52.989  9495  9508 W VideoCapabilities: Unrecognized profile/level 0/3 for video/mpeg2
04-29 20:43:52.996  9495  9508 W VideoCapabilities: Unsupported mime video/x-ms-wmv
04-29 20:43:53.000  9495  9508 W VideoCapabilities: Unsupported mime video/x-ms-wmv
04-29 20:43:53.003  9495  9508 W VideoCapabilities: Unsupported mime video/divx
04-29 20:43:53.007  9495  9508 W VideoCapabilities: Unsupported mime video/divx311
04-29 20:43:53.010  9495  9508 W VideoCapabilities: Unsupported mime video/divx4
04-29 20:43:53.034  9495  9508 W VideoCapabilities: Unsupported mime video/mp4v-esdp
04-29 20:43:53.057  9495  9508 I VideoCapabilities: Unsupported profile 4 for video/mp4v-es
04-29 20:43:53.066  9495  9508 W VideoCapabilities: Unrecognized profile 2130706433 for video/avc
04-29 20:43:53.066  9495  9508 W VideoCapabilities: Unrecognized profile 2130706434 for video/avc
04-29 20:43:53.789  9538  9538 W ADebug  : Failed to get property persist.sys.media.traces
04-29 20:43:53.812  9538  9538 D AndroidRuntime: >>>>>> START com.android.internal.os.RuntimeInit uid 2000 <<<<<<
04-29 20:43:54.024  9538  9538 E app_process: No implementation found for boolean android.os.SystemProperties.native_get_boolean(java.lang.String, boolean) (tried Java_android_os_SystemProperties_native_1get_1boolean and Java_android_os_SystemProperties_native_1get_1boolean__Ljava_lang_String_2Z)
04-29 20:43:54.025  9538  9538 I chatty  : uid=2000(shell) identical 1 line
04-29 20:43:54.026  9538  9538 E app_process: No implementation found for boolean android.os.SystemProperties.native_get_boolean(java.lang.String, boolean) (tried Java_android_os_SystemProperties_native_1get_1boolean and Java_android_os_SystemProperties_native_1get_1boolean__Ljava_lang_String_2Z)
04-29 20:43:54.109  9538  9538 D AndroidRuntime: Calling main entry com.android.commands.wm.Wm
04-29 20:43:54.113  1283  1326 W WindowManager: Permission Denial: dismissKeyguard from pid=9538, uid=2000 requires android.permission.CONTROL_KEYGUARD
04-29 20:43:54.114  9538  9538 D AndroidRuntime: Shutting down VM
04-29 20:43:54.190  1983  2144 I NetworkController.MobileSignalController(3):  showDisableIcon:false
04-29 20:43:55.115  1283  1496 I PackageManager.DexOptimizer: Running dexopt (dexoptNeeded=1) on: /data/app/vmdl1908017990.tmp/base.apk pkg=com.example.bradycardia isa=arm64 dexoptFlags=boot_complete,debuggable,public target-filter=quicken oatDir=/data/app/vmdl1908017990.tmp/oat sharedLibraries=null
04-29 20:43:55.170  9606  9606 I dex2oat : /system/bin/dex2oat --input-vdex-fd=-1 --output-vdex-fd=12 --compiler-filter=quicken --debuggable --classpath-dir=/data/app/vmdl1908017990.tmp
04-29 20:43:55.433  9606  9606 I dex2oat : dex2oat took 265.214ms (247.114ms cpu) (threads: 4) arena alloc=13KB (14096B) java alloc=65KB (67568B) native alloc=1902KB (1948392B) free=1681KB (1721624B)
04-29 20:43:55.458  1283  1496 E PackageManager: Attempt to invoke virtual method 'boolean android.os.Bundle.getBoolean(java.lang.String, boolean)' on a null object reference
04-29 20:43:55.458  1283  1496 D RestartProcessManager: Updating package : com.example.bradycardia
04-29 20:43:55.458  1283  1396 I ActivityManager: Force stopping com.example.bradycardia appid=10260 user=-1: installPackageLI
04-29 20:43:55.459  1283  1396 I ActivityManager: Killing 9054:com.example.bradycardia/u0a260 (adj 0): stop com.example.bradycardia
04-29 20:43:55.463  1283  1396 D ActivityManager: Process com.example.bradycardia has 0 services
04-29 20:43:55.464  1283  1396 W ActivityManager: Force removing ActivityRecord{3d34949 u0 com.example.bradycardia/.MainActivity t1171}: app died, no saved state
04-29 20:43:55.477  1283  1396 I WindowManager: Failed to capture screenshot of Token{8c0a24e ActivityRecord{3d34949 u0 com.example.bradycardia/.MainActivity t1171 f}} appWin=Window{a67af71 u0 com.example.bradycardia/com.example.bradycardia.MainActivity} drawState=4
04-29 20:43:55.696  1283  1496 W PackageSettings: Skipping PackageSetting{3e8a9b2 net.oneplus.music/10163} due to missing metadata
04-29 20:43:55.761   909  1949 D installd: Found valid user 999
04-29 20:43:55.763  1283  1496 I PackageManager: Package com.example.bradycardia codePath changed from /data/app/com.example.bradycardia-LhDGrEv9_VzkMonhZO5CyQ== to /data/app/com.example.bradycardia-KtGrq2pHfacecp8y9jNuhw==; Retaining data and using new
04-29 20:43:55.764  1283  1496 W PackageManager: Code path for com.example.bradycardia changing from /data/app/com.example.bradycardia-LhDGrEv9_VzkMonhZO5CyQ== to /data/app/com.example.bradycardia-KtGrq2pHfacecp8y9jNuhw==
04-29 20:43:55.764  1283  1496 W PackageManager: Resource path for com.example.bradycardia changing from /data/app/com.example.bradycardia-LhDGrEv9_VzkMonhZO5CyQ== to /data/app/com.example.bradycardia-KtGrq2pHfacecp8y9jNuhw==
04-29 20:43:55.774  1283  1396 D EmbryoManager: prepare com.example.bradycardia user 0
04-29 20:43:55.779  1283  1491 W ActivityManager: setHasOverlayUi called on unknown pid: 9054
04-29 20:43:55.782  1283  1397 W Looper  : Dispatch took 321ms on android.ui, h=Handler (com.android.server.am.ActivityManagerService$UiHandler) {d61a2da} cb=null msg=53
04-29 20:43:55.783  1283  1396 D RestartProcessManager: Update Total Launch Times :com.android.settings
04-29 20:43:55.783  1283  1396 D RestartProcessManager: updateSelf :  com.android.settings, size : 30
04-29 20:43:55.784  1283  1396 D RestartProcessManager: Increase Total Launch Time : com.android.settings, times : 17, index : 29
04-29 20:43:55.784  1283  1396 D RestartProcessManager: Last Running Package : com.android.settings , start time 1556595835783
04-29 20:43:55.994  1283  1496 W PackageSettings: Skipping PackageSetting{3e8a9b2 net.oneplus.music/10163} due to missing metadata
04-29 20:43:56.440 23879 23879 W Settings: Setting bugreport_in_power_menu has moved from android.provider.Settings.Secure to android.provider.Settings.Global.
04-29 20:43:56.459 23879  9612 D SettingsActivity: getLauncherPackageName count:[net.oneplus.launcher], pkgs:net.oneplus.launcher,
04-29 20:43:56.467  2183  2183 E PhoneInterfaceManager: [PhoneIntfMgr] getAllowedCarriers: CommandException: com.android.internal.telephony.CommandException: REQUEST_NOT_SUPPORTED
04-29 20:43:56.473  2183  2183 E PhoneInterfaceManager: [PhoneIntfMgr] getAllowedCarriers: CommandException: com.android.internal.telephony.CommandException: REQUEST_NOT_SUPPORTED
04-29 20:43:56.478 23879  9613 W TileUtils: Found com.android.settings.Settings$TetherSettingsActivity for intent Intent { act=com.android.settings.action.SETTINGS pkg=com.android.settings } missing metadata com.android.settings.category
04-29 20:43:56.479 23879  9613 W TileUtils: Found com.android.settings.Settings$PaymentSettingsActivity for intent Intent { act=com.android.settings.action.SETTINGS pkg=com.android.settings } missing metadata com.android.settings.category
04-29 20:43:56.479 23879  9613 W TileUtils: Found com.android.settings.BackupSettingsActivity for intent Intent { act=com.android.settings.action.SETTINGS pkg=com.android.settings } missing metadata com.android.settings.category
04-29 20:43:56.481 23879 23879 I Choreographer: Skipped 41 frames!  The application may be doing too much work on its main thread.
04-29 20:43:56.482 23879  9613 W TileUtils: Found com.android.settings.Settings$CustomSettings for intent Intent { act=com.android.settings.category.custom pkg=com.android.settings } missing metadata 
04-29 20:43:56.505 23879  9614 W TileUtils: Found com.android.settings.Settings$TetherSettingsActivity for intent Intent { act=com.android.settings.action.SETTINGS pkg=com.android.settings } missing metadata com.android.settings.category
04-29 20:43:56.506 23879  9614 W TileUtils: Found com.android.settings.Settings$PaymentSettingsActivity for intent Intent { act=com.android.settings.action.SETTINGS pkg=com.android.settings } missing metadata com.android.settings.category
04-29 20:43:56.506 23879  9614 W TileUtils: Found com.android.settings.BackupSettingsActivity for intent Intent { act=com.android.settings.action.SETTINGS pkg=com.android.settings } missing metadata com.android.settings.category
04-29 20:43:57.386  1283  1496 I zygote64: Explicit concurrent copying GC freed 243660(10MB) AllocSpace objects, 54(1688KB) LOS objects, 39% free, 37MB/61MB, paused 1.497ms total 947.900ms
04-29 20:43:57.446   909  1949 E         : Couldn't opendir /data/app/vmdl1908017990.tmp: No such file or directory
04-29 20:43:57.446   909  1949 E installd: Failed to delete /data/app/vmdl1908017990.tmp: No such file or directory
04-29 20:43:57.447  1283  1496 D EmbryoManager: packageChanged com.example.bradycardia uid 10260
04-29 20:43:56.369  1283  1496 W PackageSettings: Skipping PackageSetting{3e8a9b2 net.oneplus.music/10163} due to missing metadata
04-29 20:43:57.449  1283  1496 I ActivityManager: Force stopping com.example.bradycardia appid=10260 user=0: pkg removed
04-29 20:43:57.467  1283  1396 I OHPD    : [BgDetect] pkg com.example.bradycardia removed , userId 0
04-29 20:43:57.467  1283  1496 D EmbryoManager: packageInstalled com.example.bradycardia uid 10260
04-29 20:43:57.499  1283  1794 I InputReader: Reconfiguring input devices.  changes=0x00000010
04-29 20:43:57.500  1283  1396 W BroadcastQueue: Background execution not allowed: receiving Intent { act=android.intent.action.PACKAGE_REMOVED dat=package:com.example.bradycardia flg=0x4000010 (has extras) } to com.gaana/com.til.colombia.dmp.android.PersonaListener
04-29 20:43:57.503  1283  1794 I InputReader: Reconfiguring input devices.  changes=0x00000010
04-29 20:43:57.509 23879 23879 D SettingsReceiver: action = android.intent.action.PACKAGE_REMOVED
04-29 20:43:57.509 23879 23879 I OPUtils : setAppUpdated:true
04-29 20:43:57.537  1283  1283 I ActivityManager: Start proc 9621:com.android.keychain/1000 for service com.android.keychain/.KeyChainService
04-29 20:43:57.571  1283  1395 I ActivityManager: Start proc 9636:com.example.bradycardia/u0a260 for embryo com.example.bradycardia
04-29 20:43:57.572  1283  3008 W ActivityManager: Permission Denial: Accessing service ComponentInfo{com.google.android.music/com.google.android.music.dial.DialMediaRouteProviderService} from pid=9297, uid=10128 that is not exported from uid 10063
04-29 20:43:57.572  1283  1395 D Embryo_Uterus: Embryo created.com.example.bradycardia, pid=9636
04-29 20:43:57.574  1283  3065 W BroadcastQueue: Background execution not allowed: receiving Intent { act=android.intent.action.PACKAGE_REMOVED dat=package:com.example.bradycardia flg=0x4000010 (has extras) } to com.android.vending/com.google.android.finsky.packagemanager.impl.PackageMonitorReceiverImpl$RegisteredReceiver
04-29 20:43:57.574  1283  1396 W BroadcastQueue: Background execution not allowed: receiving Intent { act=android.intent.action.PACKAGE_REMOVED dat=package:com.example.bradycardia flg=0x4000010 (has extras) } to com.android.vending/com.google.android.finsky.instantapps.appmanagement.InstantAppRemoveMonitor
04-29 20:43:57.578  1283  1396 W BroadcastQueue: Background execution not allowed: receiving Intent { act=android.intent.action.PACKAGE_REMOVED dat=package:com.example.bradycardia flg=0x4000010 (has extras) } to com.google.android.gms/.games.chimera.GamesSystemBroadcastReceiverProxy
04-29 20:43:57.578  1283  1396 W BroadcastQueue: Background execution not allowed: receiving Intent { act=android.intent.action.PACKAGE_REMOVED dat=package:com.example.bradycardia flg=0x4000010 (has extras) } to com.google.android.gms/.photos.autobackup.PhotosAppUninstalledReceiver
04-29 20:43:57.578  1283  1396 W BroadcastQueue: Background execution not allowed: receiving Intent { act=android.intent.action.PACKAGE_REMOVED dat=package:com.example.bradycardia flg=0x4000010 (has extras) } to com.google.android.gms/.chimera.GmsIntentOperationService$PersistentTrustedReceiver
04-29 20:43:57.579  1283  1396 W BroadcastQueue: Background execution not allowed: receiving Intent { act=android.intent.action.PACKAGE_REMOVED dat=package:com.example.bradycardia flg=0x4000010 (has extras) } to com.google.android.googlequicksearchbox/com.google.android.apps.gsa.googlequicksearchbox.GelStubAppWatcher
04-29 20:43:57.580  3977  3977 I io.presage.receivers.InstallReceiver: INFO main io.presage.receivers.InstallReceiver - Receive Intent: Intent { act=android.intent.action.PACKAGE_REMOVED dat=package:com.example.bradycardia flg=0x4000010 (has extras) }
04-29 20:43:57.581  3977  3977 I io.presage.receivers.InstallReceiver: INFO main io.presage.receivers.InstallReceiver - Receive Intent: Intent { act=android.intent.action.PACKAGE_ADDED dat=package:com.example.bradycardia flg=0x4000010 (has extras) }
04-29 20:43:57.581  3977  3977 I io.presage.receivers.InstallReceiver: INFO main io.presage.receivers.InstallReceiver - Send event: install - package:com.example.bradycardia
04-29 20:43:57.582 26541 26541 D AppListenerReceiver: onReceive action:android.intent.action.PACKAGE_REMOVED
04-29 20:43:57.588  1283  3040 W ActivityManager: Permission Denial: Accessing service ComponentInfo{com.google.android.music/com.google.android.music.dial.DialMediaRouteProviderService} from pid=9297, uid=10128 that is not exported from uid 10063
04-29 20:43:57.633  9636  9636 I chatty  : uid=10260(com.example.bradycardia) expire 2 lines
04-29 20:43:57.642  3866  7990 I AccountTypeManager: handleMessage loadAccountsInBackground
04-29 20:43:57.664 29140 29175 I AccountTypeManager: handleMessage loadAccountsInBackground
04-29 20:43:57.672  1283  1283 W ResourceType: Found multiple library tables, ignoring...
04-29 20:43:57.672  1283  1283 V Theme   : com.oneplus.account, Add app's resource
04-29 20:43:57.678  1983  1993 I zygote64: Background concurrent copying GC freed 50926(1975KB) AllocSpace objects, 0(0B) LOS objects, 59% free, 8MB/20MB, paused 354us total 215.393ms
04-29 20:43:57.690  1283  1283 V Theme   : ColorMode:com.oneplus.account is false
04-29 20:43:57.691  1283  1283 V Theme   : com.oneplus.account, Add app's resource
04-29 20:43:57.727  1283  1283 V Theme   : ColorMode:com.oneplus.account is false
04-29 20:43:57.727  1283  1283 W ResourceType: Failure getting entry for 0x7f0700f4 (t=6 e=244) (error -75)
04-29 20:43:57.734  1283  1794 I InputReader: Reconfiguring input devices.  changes=0x00000010
04-29 20:43:57.736  9621  9621 V Font    : Change font:2
04-29 20:43:57.737  2936  2947 I zygote64: Background concurrent copying GC freed 142833(7MB) AllocSpace objects, 14(280KB) LOS objects, 49% free, 19MB/39MB, paused 404us total 283.448ms
04-29 20:43:57.740  3866  7990 D AccountTypeManager: Registering external account type=com.enstage.wibmo.hdfc.sync.contacts, packageName=com.enstage.wibmo.hdfc
04-29 20:43:57.745  3866  7990 W ResourceType: For resource 0x7f08015f, entry index(351) is beyond type entryCount(16)
04-29 20:43:57.745  3866  7990 W ResourceType: Failure getting entry for 0x7f08015f (t=7 e=351) (error -75)
04-29 20:43:57.745  3866  7990 D AccountTypeManager: Registering external account type=com.google.android.apps.tachyon, packageName=com.google.android.apps.tachyon
04-29 20:43:57.746  1283  3507 I ActivityManager: START u0 {act=android.intent.action.MAIN cat=[android.intent.category.LAUNCHER] flg=0x10000000 cmp=com.example.bradycardia/.MainActivity} from uid 2000 pid 9642
04-29 20:43:57.747  3866  7990 W ResourceType: For resource 0x7f0800bf, entry index(191) is beyond type entryCount(16)
04-29 20:43:57.747  3866  7990 W ResourceType: Failure getting entry for 0x7f0800bf (t=7 e=191) (error -75)
04-29 20:43:57.747  3866  7990 W ResourceType: For resource 0x7f0800bf, entry index(191) is beyond type entryCount(16)
04-29 20:43:57.747  3866  7990 W ResourceType: Failure getting entry for 0x7f0800bf (t=7 e=191) (error -75)
04-29 20:43:57.747  3866  7990 D AccountTypeManager: Registering external account type=com.whatsapp, packageName=com.whatsapp
04-29 20:43:57.750  3866  7990 D AccountTypeManager: Registering external account type=com.facebook.messenger, packageName=com.facebook.orca
04-29 20:43:57.755 29140 29175 D AccountTypeManager: Registering external account type=com.enstage.wibmo.hdfc.sync.contacts, packageName=com.enstage.wibmo.hdfc
04-29 20:43:57.757  3866  7990 W ResourceType: Failure getting entry for 0x7f1907a7 (t=24 e=1959) (error -2147483647)
04-29 20:43:57.757  3866  7990 W ResourceType: Failure getting entry for 0x7f1907a7 (t=24 e=1959) (error -2147483647)
04-29 20:43:57.757  3866  7990 W ResourceType: Failure getting entry for 0x7f1907a8 (t=24 e=1960) (error -2147483647)
04-29 20:43:57.758  3866  7990 W ResourceType: Failure getting entry for 0x7f1907a9 (t=24 e=1961) (error -2147483647)
04-29 20:43:57.758  3866  7990 D AccountTypeManager: Registering external account type=com.linkedin.android, packageName=com.linkedin.android
04-29 20:43:57.766 29140 29175 D AccountTypeManager: Registering external account type=com.google.android.apps.tachyon, packageName=com.google.android.apps.tachyon
04-29 20:43:57.776 29140 29175 D AccountTypeManager: Registering external account type=com.whatsapp, packageName=com.whatsapp
04-29 20:43:57.778 29140 29175 D AccountTypeManager: Registering external account type=com.facebook.messenger, packageName=com.facebook.orca
04-29 20:43:57.781 29140 29175 W ResourceType: Failure getting entry for 0x7f1907a7 (t=24 e=1959) (error -2147483647)
04-29 20:43:57.782  3866  7990 D AccountTypeManager: Registering external account type=com.google.android.gms.matchstick, packageName=com.google.android.gms
04-29 20:43:57.799 23879  9612 W TileUtils: Found com.android.settings.Settings$TetherSettingsActivity for intent Intent { act=com.android.settings.action.SETTINGS pkg=com.android.settings } missing metadata com.android.settings.category
04-29 20:43:57.799 23879  9612 W TileUtils: Found com.android.settings.Settings$PaymentSettingsActivity for intent Intent { act=com.android.settings.action.SETTINGS pkg=com.android.settings } missing metadata com.android.settings.category
04-29 20:43:57.800 23879  9612 W TileUtils: Found com.android.settings.BackupSettingsActivity for intent Intent { act=com.android.settings.action.SETTINGS pkg=com.android.settings } missing metadata com.android.settings.category
04-29 20:43:57.804 23879  9612 W TileUtils: Found com.android.settings.Settings$CustomSettings for intent Intent { act=com.android.settings.category.custom pkg=com.android.settings } missing metadata 
04-29 20:43:57.805 29140 29175 W ResourceType: Failure getting entry for 0x7f1907a7 (t=24 e=1959) (error -2147483647)
04-29 20:43:57.807 29140 29175 W ResourceType: Failure getting entry for 0x7f1907a8 (t=24 e=1960) (error -2147483647)
04-29 20:43:57.807 29140 29175 W ResourceType: Failure getting entry for 0x7f1907a9 (t=24 e=1961) (error -2147483647)
04-29 20:43:57.807 29140 29175 D AccountTypeManager: Registering external account type=com.linkedin.android, packageName=com.linkedin.android
04-29 20:43:57.809 29140 29175 D AccountTypeManager: Registering external account type=com.google.android.gms.matchstick, packageName=com.google.android.gms
04-29 20:43:57.815  3866  7990 W ResourceType: For resource 0x7f02042e, entry index(1070) is beyond type entryCount(670)
04-29 20:43:57.815  3866  7990 W ResourceType: Failure getting entry for 0x7f02042e (t=1 e=1070) (error -75)
04-29 20:43:57.815  3866  7990 W ResourceType: For resource 0x7f02042e, entry index(1070) is beyond type entryCount(670)
04-29 20:43:57.815  3866  7990 W ResourceType: Failure getting entry for 0x7f02042e (t=1 e=1070) (error -75)
04-29 20:43:57.815  3866  7990 D AccountTypeManager: Registering external account type=com.truecaller.account, packageName=com.truecaller
04-29 20:43:57.821  3977  3977 W io.presage.utils.do.c: WARN main io.presage.utils.do.c - Request event not authorized
04-29 20:43:57.821  2981  2981 I chatty  : uid=1027(nfc) com.android.nfc expire 145 lines
04-29 20:43:57.821  3977  3977 I io.presage.receivers.InstallReceiver: INFO main io.presage.receivers.InstallReceiver - Receive Intent: Intent { act=android.intent.action.PACKAGE_REPLACED dat=package:com.example.bradycardia flg=0x4000010 (has extras) }
04-29 20:43:57.821  3977  3977 I io.presage.receivers.InstallReceiver: INFO main io.presage.receivers.InstallReceiver - Send event: update - package:com.example.bradycardia
04-29 20:43:57.823  3866  7990 W ResourceType: For resource 0x7f080635, entry index(1589) is beyond type entryCount(16)
04-29 20:43:57.823  3866  7990 W ResourceType: Failure getting entry for 0x7f080635 (t=7 e=1589) (error -75)
04-29 20:43:57.823  3866  7990 W ResourceType: For resource 0x7f0806e4, entry index(1764) is beyond type entryCount(16)
04-29 20:43:57.823  3866  7990 W ResourceType: Failure getting entry for 0x7f0806e4 (t=7 e=1764) (error -75)
04-29 20:43:57.826  3866  7990 W ResourceType: For resource 0x7f0806e4, entry index(1764) is beyond type entryCount(16)
04-29 20:43:57.826  3866  7990 W ResourceType: Failure getting entry for 0x7f0806e4 (t=7 e=1764) (error -75)
04-29 20:43:57.826  3866  7990 W ResourceType: For resource 0x7f0806e5, entry index(1765) is beyond type entryCount(16)
04-29 20:43:57.826  3866  7990 W ResourceType: Failure getting entry for 0x7f0806e5 (t=7 e=1765) (error -75)
04-29 20:43:57.827  3866  7990 D AccountTypeManager: Registering 1 extension packages
04-29 20:43:57.827  3977  3977 W io.presage.utils.do.c: WARN main io.presage.utils.do.c - Request event not authorized
04-29 20:43:57.832   558   558 E ANDR-PERF-MPCTL: hint lookup failed
04-29 20:43:57.835  1283  3507 E ANDR-PERF-JNI: com_qualcomm_qtiperformance_native_perf_io_prefetch_start
04-29 20:43:57.839  1283  3507 E ANDR-PERF-JNI: gIOPHAl initialized
04-29 20:43:57.839  1283  3507 E ANDR-PERF-JNI: gIOPHAl calling iopstart
04-29 20:43:57.839   557   557 E ANDR-IOP: IOP HAL: Received pkg_name = com.example.bradycardia pid = -1
04-29 20:43:57.839   557   611 E ANDR-IOP: is_in_recent_list is TRUE
04-29 20:43:57.839   557   611 E ANDR-IOP: io prefetch is deactivate
04-29 20:43:57.841 29140 29175 W ResourceType: For resource 0x7f02042e, entry index(1070) is beyond type entryCount(530)
04-29 20:43:57.841 29140 29175 W ResourceType: Failure getting entry for 0x7f02042e (t=1 e=1070) (error -75)
04-29 20:43:57.841 29140 29175 W ResourceType: For resource 0x7f02042e, entry index(1070) is beyond type entryCount(530)
04-29 20:43:57.841 29140 29175 W ResourceType: Failure getting entry for 0x7f02042e (t=1 e=1070) (error -75)
04-29 20:43:57.841 29140 29175 D AccountTypeManager: Registering external account type=com.truecaller.account, packageName=com.truecaller
04-29 20:43:57.842 29140 29175 W ResourceType: For resource 0x7f080635, entry index(1589) is beyond type entryCount(609)
04-29 20:43:57.842 29140 29175 W ResourceType: Failure getting entry for 0x7f080635 (t=7 e=1589) (error -75)
04-29 20:43:57.843 29140 29175 W ResourceType: For resource 0x7f0806e4, entry index(1764) is beyond type entryCount(609)
04-29 20:43:57.843 29140 29175 W ResourceType: Failure getting entry for 0x7f0806e4 (t=7 e=1764) (error -75)
04-29 20:43:57.843 29140 29175 W ResourceType: For resource 0x7f0806e4, entry index(1764) is beyond type entryCount(609)
04-29 20:43:57.843 29140 29175 W ResourceType: Failure getting entry for 0x7f0806e4 (t=7 e=1764) (error -75)
04-29 20:43:57.843 29140 29175 W ResourceType: For resource 0x7f0806e5, entry index(1765) is beyond type entryCount(609)
04-29 20:43:57.843 29140 29175 W ResourceType: Failure getting entry for 0x7f0806e5 (t=7 e=1765) (error -75)
04-29 20:43:57.843 29140 29175 D AccountTypeManager: Registering 1 extension packages
04-29 20:43:57.845  3866  7990 W ResourceType: For resource 0x7f02042e, entry index(1070) is beyond type entryCount(670)
04-29 20:43:57.845  3866  7990 W ResourceType: Failure getting entry for 0x7f02042e (t=1 e=1070) (error -75)
04-29 20:43:57.845  3866  7990 W ResourceType: For resource 0x7f02042e, entry index(1070) is beyond type entryCount(670)
04-29 20:43:57.845  3866  7990 W ResourceType: Failure getting entry for 0x7f02042e (t=1 e=1070) (error -75)
04-29 20:43:57.845  3866  7990 W AccountTypeManager: Skipping extension package com.google.android.gms because the CONTACTS_STRUCTURE metadata doesn't have the accountType attribute
04-29 20:43:57.845  3866  7990 I AccountTypeManager: addSimAccount
04-29 20:43:57.848 29140 29175 W ResourceType: For resource 0x7f02042e, entry index(1070) is beyond type entryCount(530)
04-29 20:43:57.848 29140 29175 W ResourceType: Failure getting entry for 0x7f02042e (t=1 e=1070) (error -75)
04-29 20:43:57.848 29140 29175 W ResourceType: For resource 0x7f02042e, entry index(1070) is beyond type entryCount(530)
04-29 20:43:57.848 29140 29175 W ResourceType: Failure getting entry for 0x7f02042e (t=1 e=1070) (error -75)
04-29 20:43:57.848 29140 29175 W AccountTypeManager: Skipping extension package com.google.android.gms because the CONTACTS_STRUCTURE metadata doesn't have the accountType attribute
04-29 20:43:57.848 29140 29175 I AccountTypeManager: addSimAccount
04-29 20:43:57.855  1283  1397 W Looper  : Dispatch took 112ms on android.ui, h=Handler (com.android.server.am.ActivityManagerService$UiHandler) {d61a2da} cb=null msg=53
04-29 20:43:57.855  1283  1396 D RestartProcessManager: increase duration : 2065 for com.android.settings
04-29 20:43:57.856  1283  4769 W ActivityManager: Permission Denial: Accessing service ComponentInfo{com.google.android.music/com.google.android.music.dial.DialMediaRouteProviderService} from pid=9297, uid=10128 that is not exported from uid 10063
04-29 20:43:57.858  1283  6949 D EmbryoManager: Embryo attached, pid=9636
04-29 20:43:57.864  1283  1396 D RestartProcessManager: Update Total Launch Times :com.example.bradycardia
04-29 20:43:57.864  1283  1396 D RestartProcessManager: updateSelf :  com.example.bradycardia, size : 30
04-29 20:43:57.864  1283  1396 D RestartProcessManager: Increase Total Launch Time : com.example.bradycardia, times : 20, index : 29
04-29 20:43:57.864  1283  1396 D RestartProcessManager: Last Running Package : com.example.bradycardia , start time 1556595837864
04-29 20:43:57.864   558   558 E ANDR-PERF-MPCTL: hint lookup failed
04-29 20:43:57.883  1283  8416 I ActivityManager: Start proc 9664:com.example.bradycardia/u0a260 for activity com.example.bradycardia/.MainActivity
04-29 20:43:57.883   558   558 E ANDR-PERF-MPCTL: hint lookup failed
04-29 20:43:57.884  1283  8416 E ANDR-PERF-JNI: com_qualcomm_qtiperformance_native_perf_io_prefetch_start
04-29 20:43:57.885  1283  8416 E ANDR-PERF-JNI: gIOPHAl initialized
04-29 20:43:57.885  1283  8416 E ANDR-PERF-JNI: gIOPHAl calling iopstart
04-29 20:43:57.885   557   557 E ANDR-IOP: IOP HAL: Received pkg_name = com.example.bradycardia pid = 9664
04-29 20:43:57.885   557   611 E ANDR-IOP: io prefetch Capture is deactivated 
04-29 20:43:57.891  1283  1979 W BroadcastQueue: Background execution not allowed: receiving Intent { act=android.intent.action.PACKAGE_REMOVED dat=package:com.example.bradycardia flg=0x4000010 (has extras) } to com.facebook.katana/com.facebook.feed.platformads.AppInstallReceiver
04-29 20:43:57.899  9664  9664 I chatty  : uid=10260(com.example.bradycardia) expire 11 lines
04-29 20:43:57.899  1283  1396 W BroadcastQueue: Background execution not allowed: receiving Intent { act=android.intent.action.PACKAGE_REMOVED dat=package:com.example.bradycardia flg=0x4000010 (has extras) } to com.facebook.katana/com.facebook.games.packagecontroller.PackageChangeReceiver
04-29 20:43:57.900  1283  1396 W BroadcastQueue: Background execution not allowed: receiving Intent { act=android.intent.action.PACKAGE_REMOVED dat=package:com.example.bradycardia flg=0x4000010 (has extras) } to com.jio.myjio/com.inn.passivesdk.receiver.PackageReceiver
04-29 20:43:57.900  1283  1396 W BroadcastQueue: Background execution not allowed: receiving Intent { act=android.intent.action.PACKAGE_REMOVED dat=package:com.example.bradycardia flg=0x4000010 (has extras) } to com.lenovo.anyshare.gps/com.lenovo.anyshare.app.DefaultReceiver
04-29 20:43:57.900  1283  1396 W BroadcastQueue: Background execution not allowed: receiving Intent { act=android.intent.action.PACKAGE_REMOVED dat=package:com.example.bradycardia flg=0x4000010 (has extras) } to com.lge.app1/.service.InstallReceiver
04-29 20:43:57.900  1283  1396 W BroadcastQueue: Background execution not allowed: receiving Intent { act=android.intent.action.PACKAGE_REMOVED dat=package:com.example.bradycardia flg=0x4000010 (has extras) } to com.microsoft.office.excel/com.microsoft.office.notification.SystemBroadcastReceiver
04-29 20:43:57.900  1283  1396 W BroadcastQueue: Background execution not allowed: receiving Intent { act=android.intent.action.PACKAGE_REMOVED dat=package:com.example.bradycardia flg=0x4000010 (has extras) } to com.microsoft.office.excel/com.microsoft.android.crosssell.PackageStateReceiver
04-29 20:43:57.904  1283  1396 W BroadcastQueue: Background execution not allowed: receiving Intent { act=android.intent.action.PACKAGE_REMOVED dat=package:com.example.bradycardia flg=0x4000010 (has extras) } to com.microsoft.office.powerpoint/com.microsoft.office.notification.SystemBroadcastReceiver
04-29 20:43:57.904  3866  7990 I AccountTypeManager: sim1 is ready
04-29 20:43:57.925  1283  1396 W BroadcastQueue: Background execution not allowed: receiving Intent { act=android.intent.action.PACKAGE_REMOVED dat=package:com.example.bradycardia flg=0x4000010 (has extras) } to com.microsoft.office.powerpoint/com.microsoft.android.crosssell.PackageStateReceiver
04-29 20:43:57.925  1283  1396 W BroadcastQueue: Background execution not allowed: receiving Intent { act=android.intent.action.PACKAGE_REMOVED dat=package:com.example.bradycardia flg=0x4000010 (has extras) } to com.microsoft.office.word/com.microsoft.office.notification.SystemBroadcastReceiver
04-29 20:43:57.960  3866  7990 I AccountTypeManager: sim2 is ready
04-29 20:43:57.975 12626 12626 I AppsFlyer_3.0: Received ACTION_PACKAGE_REMOVED intent
04-29 20:43:57.976 12626 12626 I AppsFlyer_3.0: ****** onReceive called *******
04-29 20:43:57.976 12626 12626 I AppsFlyer_3.0: Play store referrer: null
04-29 20:43:57.993 23879  9612 W TileUtils: Found com.android.settings.Settings$TetherSettingsActivity for intent Intent { act=com.android.settings.action.SETTINGS pkg=com.android.settings } missing metadata com.android.settings.category
04-29 20:43:57.993 23879  9612 W TileUtils: Found com.android.settings.Settings$PaymentSettingsActivity for intent Intent { act=com.android.settings.action.SETTINGS pkg=com.android.settings } missing metadata com.android.settings.category
04-29 20:43:57.994 23879  9612 W TileUtils: Found com.android.settings.BackupSettingsActivity for intent Intent { act=com.android.settings.action.SETTINGS pkg=com.android.settings } missing metadata com.android.settings.category
04-29 20:43:57.994  2183  2183 D CarrierSvcBindHelper: No carrier app for: 0
04-29 20:43:57.995  8511  8511 I Note.log: packageName == com.example.bradycardia
04-29 20:43:57.999  3866  7990 I AccountTypeManager: Loaded meta-data for 12 account types, 10 accounts in 356ms(wall) 17ms(cpu)
04-29 20:43:57.999  3866  7990 I AccountTypeManager: handleMessage loadAccountsInBackground
04-29 20:43:58.003  3866  7990 D AccountTypeManager: Registering external account type=com.enstage.wibmo.hdfc.sync.contacts, packageName=com.enstage.wibmo.hdfc
04-29 20:43:58.005  3866  7990 W ResourceType: For resource 0x7f08015f, entry index(351) is beyond type entryCount(16)
04-29 20:43:58.005  3866  7990 W ResourceType: Failure getting entry for 0x7f08015f (t=7 e=351) (error -75)
04-29 20:43:58.007  3866  7990 D AccountTypeManager: Registering external account type=com.google.android.apps.tachyon, packageName=com.google.android.apps.tachyon
04-29 20:43:58.008  3866  7990 W ResourceType: For resource 0x7f0800bf, entry index(191) is beyond type entryCount(16)
04-29 20:43:58.008  3866  7990 W ResourceType: Failure getting entry for 0x7f0800bf (t=7 e=191) (error -75)
04-29 20:43:58.008  3866  7990 W ResourceType: For resource 0x7f0800bf, entry index(191) is beyond type entryCount(16)
04-29 20:43:58.008  3866  7990 W ResourceType: Failure getting entry for 0x7f0800bf (t=7 e=191) (error -75)
04-29 20:43:58.008  2183  2183 D CarrierSvcBindHelper: No carrier app for: 1
04-29 20:43:58.008  3866  7990 D AccountTypeManager: Registering external account type=com.whatsapp, packageName=com.whatsapp
04-29 20:43:58.010  2936  9676 I Auth    : [SupervisedAccountIntentOperation] onHandleIntent(): android.intent.action.PACKAGE_ADDED
04-29 20:43:58.010  2936  9676 I Auth    : [SupervisedAccountIntentOperation] This operation is disabled
04-29 20:43:58.015  2936  9676 I ChromeSync: [Sync,SyncIntentOperation] Handling the intent: Intent { act=android.intent.action.PACKAGE_ADDED dat=package:com.example.bradycardia flg=0x4000010 cmp=com.google.android.gms/.chimera.GmsIntentOperationService (has extras) }.
04-29 20:43:58.017  2183  2183 D CarrierSvcBindHelper: No carrier app for: 0
04-29 20:43:58.018  3866  7990 D AccountTypeManager: Registering external account type=com.facebook.messenger, packageName=com.facebook.orca
04-29 20:43:58.019  1283  3040 W BroadcastQueue: Background execution not allowed: receiving Intent { act=android.intent.action.PACKAGE_ADDED dat=package:com.example.bradycardia flg=0x4000010 (has extras) } to com.gaana/com.til.colombia.dmp.android.PersonaListener
04-29 20:43:58.019  3866  7990 W ResourceType: Failure getting entry for 0x7f1907a7 (t=24 e=1959) (error -2147483647)
04-29 20:43:58.020  3866  7990 W ResourceType: Failure getting entry for 0x7f1907a7 (t=24 e=1959) (error -2147483647)
04-29 20:43:58.020  3866  7990 W ResourceType: Failure getting entry for 0x7f1907a8 (t=24 e=1960) (error -2147483647)
04-29 20:43:58.020  3866  7990 W ResourceType: Failure getting entry for 0x7f1907a9 (t=24 e=1961) (error -2147483647)
04-29 20:43:58.020  3866  7990 D AccountTypeManager: Registering external account type=com.linkedin.android, packageName=com.linkedin.android
04-29 20:43:58.020  2183  2183 D CarrierSvcBindHelper: No carrier app for: 1
04-29 20:43:58.021  3866  7990 D AccountTypeManager: Registering external account type=com.google.android.gms.matchstick, packageName=com.google.android.gms
04-29 20:43:58.030  2936  9672 I FontsPackageChangeOp: Package com.example.bradycardia has no metadata
04-29 20:43:58.064  1283  1283 W ResourceType: ResTable_typeSpec entry count inconsistent: given 1623, previously 1622
04-29 20:43:58.064  1283  1283 W ResourceType: ResTable_typeSpec entry count inconsistent: given 5020, previously 5021
04-29 20:43:58.064  1283  1283 W ResourceType: ResTable_typeSpec entry count inconsistent: given 37, previously 42
04-29 20:43:58.064  1283  1283 W ResourceType: ResTable_typeSpec entry count inconsistent: given 862, previously 3998
04-29 20:43:58.064  1283  1283 W ResourceType: ResTable_typeSpec entry count inconsistent: given 2689, previously 12512
04-29 20:43:58.064  1283  1283 W ResourceType: ResTable_typeSpec entry count inconsistent: given 158, previously 883
04-29 20:43:58.066 29140 29175 I AccountTypeManager: sim1 is ready
04-29 20:43:58.068  3866  7990 W ResourceType: For resource 0x7f02042e, entry index(1070) is beyond type entryCount(670)
04-29 20:43:58.068  3866  7990 W ResourceType: Failure getting entry for 0x7f02042e (t=1 e=1070) (error -75)
04-29 20:43:58.068  3866  7990 W ResourceType: For resource 0x7f02042e, entry index(1070) is beyond type entryCount(670)
04-29 20:43:58.068  3866  7990 W ResourceType: Failure getting entry for 0x7f02042e (t=1 e=1070) (error -75)
04-29 20:43:58.068  3866  7990 D AccountTypeManager: Registering external account type=com.truecaller.account, packageName=com.truecaller
04-29 20:43:58.076 23879 23879 D SettingsReceiver: action = android.intent.action.PACKAGE_ADDED
04-29 20:43:58.076 23879 23879 I OPUtils : setAppUpdated:true
04-29 20:43:58.084 23879  9612 W TileUtils: Found com.android.settings.Settings$CustomSettings for intent Intent { act=com.android.settings.category.custom pkg=com.android.settings } missing metadata 
04-29 20:43:58.085  3866  7990 W ResourceType: For resource 0x7f080635, entry index(1589) is beyond type entryCount(16)
04-29 20:43:58.085  3866  7990 W ResourceType: Failure getting entry for 0x7f080635 (t=7 e=1589) (error -75)
04-29 20:43:58.085  3866  7990 W ResourceType: For resource 0x7f0806e4, entry index(1764) is beyond type entryCount(16)
04-29 20:43:58.085  3866  7990 W ResourceType: Failure getting entry for 0x7f0806e4 (t=7 e=1764) (error -75)
04-29 20:43:58.085  3866  7990 W ResourceType: For resource 0x7f0806e4, entry index(1764) is beyond type entryCount(16)
04-29 20:43:58.085  3866  7990 W ResourceType: Failure getting entry for 0x7f0806e4 (t=7 e=1764) (error -75)
04-29 20:43:58.085  3866  7990 W ResourceType: For resource 0x7f0806e5, entry index(1765) is beyond type entryCount(16)
04-29 20:43:58.085  3866  7990 W ResourceType: Failure getting entry for 0x7f0806e5 (t=7 e=1765) (error -75)
04-29 20:43:58.085  3866  7990 D AccountTypeManager: Registering 1 extension packages
04-29 20:43:58.101  2936  9681 W PeopleContactsSync: CP2 sync disabled by gservices.
04-29 20:43:58.103  3866  7990 W ResourceType: For resource 0x7f02042e, entry index(1070) is beyond type entryCount(670)
04-29 20:43:58.103  3866  7990 W ResourceType: Failure getting entry for 0x7f02042e (t=1 e=1070) (error -75)
04-29 20:43:58.103  3866  7990 W ResourceType: For resource 0x7f02042e, entry index(1070) is beyond type entryCount(670)
04-29 20:43:58.103  3866  7990 W ResourceType: Failure getting entry for 0x7f02042e (t=1 e=1070) (error -75)
04-29 20:43:58.103  3866  7990 W AccountTypeManager: Skipping extension package com.google.android.gms because the CONTACTS_STRUCTURE metadata doesn't have the accountType attribute
04-29 20:43:58.103  3866  7990 I AccountTypeManager: addSimAccount
04-29 20:43:58.103  1283  1979 W BroadcastQueue: Background execution not allowed: receiving Intent { act=android.intent.action.PACKAGE_ADDED dat=package:com.example.bradycardia flg=0x4000010 (has extras) } to com.android.vending/com.google.android.finsky.packagemanager.impl.PackageMonitorReceiverImpl$RegisteredReceiver
04-29 20:43:58.103  1283  1396 W BroadcastQueue: Background execution not allowed: receiving Intent { act=android.intent.action.PACKAGE_ADDED dat=package:com.example.bradycardia flg=0x4000010 (has extras) } to com.google.android.gms/.games.chimera.GamesSystemBroadcastReceiverProxy
04-29 20:43:58.106  1283  1396 W BroadcastQueue: Background execution not allowed: receiving Intent { act=android.intent.action.PACKAGE_ADDED dat=package:com.example.bradycardia flg=0x4000010 (has extras) } to com.google.android.gms/.gass.chimera.PackageChangeBroadcastReceiver
04-29 20:43:58.107  1283  1396 W BroadcastQueue: Background execution not allowed: receiving Intent { act=android.intent.action.PACKAGE_ADDED dat=package:com.example.bradycardia flg=0x4000010 (has extras) } to com.google.android.gms/.chimera.GmsIntentOperationService$PersistentTrustedReceiver
04-29 20:43:58.107  1283  1396 W BroadcastQueue: Background execution not allowed: receiving Intent { act=android.intent.action.PACKAGE_ADDED dat=package:com.example.bradycardia flg=0x4000010 (has extras) } to com.google.android.googlequicksearchbox/com.google.android.apps.gsa.googlequicksearchbox.GelStubAppWatcher
04-29 20:43:58.109 26541 26541 D AppListenerReceiver: onReceive action:android.intent.action.PACKAGE_ADDED
04-29 20:43:58.111  3866  7990 I AccountTypeManager: sim1 is ready
04-29 20:43:58.119  3866  7990 I AccountTypeManager: sim2 is ready
04-29 20:43:58.121  2183  2183 D ImsResolver: maybeAddedImsService, packageName: com.example.bradycardia
04-29 20:43:58.122  2183  2183 D CarrierConfigLoader: mHandler: 9 phoneId: 0
04-29 20:43:58.128  2288  2288 V OPSkinReceiver: intent:Intent { act=android.intent.action.PACKAGE_ADDED dat=package:com.example.bradycardia flg=0x4000010 cmp=com.oneplus.skin/.OPSkinReceiver (has extras) }
04-29 20:43:58.237   472   472 W auditd  : type=1400 "RenderThread""proc""debugfs"
04-29 20:43:58.201  1283  2228 W ActivityManager: Slow operation: 74ms so far, now at attachApplicationLocked: after mServices.attachApplicationLocked
04-29 20:43:58.205 29140 29175 I AccountTypeManager: sim2 is ready
04-29 20:43:58.209  1283  1390 W ResourceType: Found multiple library tables, ignoring...
04-29 20:43:58.209  1283  1390 V Theme   : com.android.contacts, Add app's resource
04-29 20:43:58.209  1283  1390 V Theme   : ColorMode:com.android.contacts is false
04-29 20:43:58.210  1283  1390 V Theme   : com.android.contacts, Add app's resource
04-29 20:43:58.210  1283  1390 V Theme   : ColorMode:com.android.contacts is false
04-29 20:43:58.219 23879  9612 W TileUtils: Found com.android.settings.Settings$TetherSettingsActivity for intent Intent { act=com.android.settings.action.SETTINGS pkg=com.android.settings } missing metadata com.android.settings.category
04-29 20:43:58.219 23879  9612 W TileUtils: Found com.android.settings.Settings$PaymentSettingsActivity for intent Intent { act=com.android.settings.action.SETTINGS pkg=com.android.settings } missing metadata com.android.settings.category
04-29 20:43:58.219 23879  9612 W TileUtils: Found com.android.settings.BackupSettingsActivity for intent Intent { act=com.android.settings.action.SETTINGS pkg=com.android.settings } missing metadata com.android.settings.category
04-29 20:43:58.222 23879  9612 W TileUtils: Found com.android.settings.Settings$CustomSettings for intent Intent { act=com.android.settings.category.custom pkg=com.android.settings } missing metadata 
04-29 20:43:58.223  1283  1390 W ResourceType: Found multiple library tables, ignoring...
04-29 20:43:58.223  1283  1390 V Theme   : com.android.mms, Add app's resource
04-29 20:43:58.223  1283  1390 V Theme   : ColorMode:com.android.mms is false
04-29 20:43:58.223  3866  7990 I AccountTypeManager: Loaded meta-data for 12 account types, 10 accounts in 223ms(wall) 11ms(cpu)
04-29 20:43:58.224  1283  1390 V Theme   : com.android.mms, Add app's resource
04-29 20:43:58.224  1283  1390 V Theme   : ColorMode:com.android.mms is false
04-29 20:43:58.225  8049  8049 I Process : Sending signal. PID: 8049 SIG: 3
04-29 20:43:58.225  1283  1283 I Telecom : DefaultDialerCache: Refreshing default dialer for user 0: now com.android.dialer: DDC.oR@Ncc
04-29 20:43:58.226  1283  2228 D Embryo_Uterus: get preload status from 9636, success=true
04-29 20:43:58.227  1283  1283 I Telecom : DefaultDialerCache: Refreshing default dialer for user 999: now null: DDC.oR@Ncc
04-29 20:43:58.233  8049  8055 I zygote  : Thread[3,tid=8055,WaitingInMainSignalCatcherLoop,Thread*=0xe9575c00,peer=0x17380238,"Signal Catcher"]: reacting to signal 3
04-29 20:43:58.233  8049  8055 I zygote  : 
04-29 20:43:58.234  8049  8055 E zygote  : # HandleSigQuit # DumpForSigQuit # before # pid=8049
04-29 20:43:58.234  9636  9730 I chatty  : uid=10260(com.example.bradycardia) expire 6 lines
04-29 20:43:58.273 29140 29175 I AccountTypeManager: Loaded meta-data for 12 account types, 10 accounts in 609ms(wall) 18ms(cpu)
04-29 20:43:58.273 29140 29175 I AccountTypeManager: handleMessage loadAccountsInBackground
04-29 20:43:58.276 29140 29175 D AccountTypeManager: Registering external account type=com.enstage.wibmo.hdfc.sync.contacts, packageName=com.enstage.wibmo.hdfc
04-29 20:43:58.277 29140 29175 D AccountTypeManager: Registering external account type=com.google.android.apps.tachyon, packageName=com.google.android.apps.tachyon
