04-29 14:01:53.215  1006  1154 D QMI_FW  : chen-screen off: is_screen_off = 1 
04-29 14:01:53.221  1104  1159 D QMI_FW  : chen-screen off: is_screen_off = 1 
04-29 14:01:53.487  1983  1983 D KeyguardViewMediator: setLockScreenShown begin, true, seq:96037964
04-29 14:01:53.494  1983  2081 D KeyguardViewMediator: setLockScreenShown true, seq:96037964
04-29 14:01:53.630  1983  1983 V KeyguardStatusView: refresh statusview showing:true
04-29 14:01:53.644  1983  1983 V KeyguardDisplayManager: show
04-29 14:01:56.731  1283  1493 I chatty  : uid=1000(system) PowerManagerSer expire 48 lines
04-29 14:01:58.433  1283 20507 I chatty  : uid=1000 system_server expire 1 line
04-29 14:02:05.141  1283 20519 I chatty  : uid=1000 system_server expire 1 line
04-29 14:02:08.882  1283  3008 I chatty  : uid=1000(system) Binder:1283_C expire 4 lines
04-29 14:02:10.348  1283 20541 I chatty  : uid=1000 system_server expire 3 lines
04-29 14:02:29.625  1283  1491 I chatty  : uid=1000(system) android.display expire 9 lines
04-29 14:02:29.640  1283  8265 I chatty  : uid=1000(system) Binder:1283_1F expire 5 lines
04-29 14:02:29.641  1283  1397 I chatty  : uid=1000(system) android.ui expire 12 lines
04-29 14:02:29.743  1283  1493 I chatty  : uid=1000(system) PowerManagerSer expire 51 lines
04-29 14:02:33.649  1283 20583 I chatty  : uid=1000 system_server expire 1 line
04-29 14:02:35.040  1283  1979 I chatty  : uid=1000(system) Binder:1283_4 expire 3 lines
04-29 14:02:35.062  1283  3008 I chatty  : uid=1000(system) Binder:1283_C expire 1 line
04-29 14:02:35.247  1283  8416 I chatty  : uid=1000(system) Binder:1283_20 expire 1 line
04-29 14:02:35.472  1283  2091 I chatty  : uid=1000(system) Binder:1283_5 expire 4 lines
04-29 14:02:39.793  1283 20589 I chatty  : uid=1000 system_server expire 1 line
04-29 14:02:40.906  1283  1326 I chatty  : uid=1000(system) Binder:1283_2 expire 10 lines
04-29 14:02:47.916  1283  4769 I chatty  : uid=1000(system) Binder:1283_19 expire 5 lines
04-29 14:02:50.646  1283 20620 I chatty  : uid=1000 system_server expire 2 lines
04-29 14:02:51.001  1283 15537 I chatty  : uid=1000(system) HwBinder:1283_5 expire 2 lines
04-29 14:02:51.005  1283  5019 I chatty  : uid=1000(system) Binder:1283_1A expire 1 line
04-29 14:02:51.013  1983  1983 W FingerprintManager: Invalid acquired message: 1000, 0
04-29 14:02:51.291  1283  1908 I chatty  : uid=1000(system) FingerPrintThre expire 14 lines
04-29 14:02:51.320  1283  1397 I chatty  : uid=1000(system) android.ui expire 1 line
04-29 14:02:51.321  1283  1493 I chatty  : uid=1000(system) PowerManagerSer expire 6 lines
04-29 14:02:51.321  1283  1283 I chatty  : uid=1000 system_server expire 2 lines
04-29 14:02:51.322  1283  1905 I chatty  : uid=1000(system) ColorBalanceThr expire 2 lines
04-29 14:02:51.378  1283  1489 I chatty  : uid=1000(system) android.fg expire 3 lines
04-29 14:02:51.381 29994 29994 V DreamService[DozeService]: wakeUp(): fromSystem=true, mWaking=false, mFinished=false
04-29 14:02:51.381 29994 29994 V DreamService[DozeService]: finish(): mFinished=false
04-29 14:02:51.410  1283  1396 I chatty  : uid=1000(system) ActivityManager expire 116 lines
04-29 14:02:51.450 29994 29994 V DreamService[DozeService]: detach(): Calling onDreamingStopped()
04-29 14:02:51.450 29994 29994 V DreamService[DozeService]: onDreamingStopped()
04-29 14:02:51.455  1104  1159 D QMI_FW  : chen-screen on: is_screen_off = 0 
04-29 14:02:51.456 29994 29994 V DreamService[DozeService]: onDestroy()
04-29 14:02:51.467  1006  1154 D QMI_FW  : chen-screen on: is_screen_off = 0 
04-29 14:02:51.523  1983  1983 D KeyguardViewMediator: setLockScreenShown begin, false, seq:96081554
04-29 14:02:51.536  1983  2081 D KeyguardViewMediator: setLockScreenShown false, seq:96081554
04-29 14:02:51.588  1983  1983 V KeyguardDisplayManager: hide
04-29 14:02:51.594  1283  3040 I chatty  : uid=1000(system) Binder:1283_F expire 1 line
04-29 14:02:51.714  1283  3048 I chatty  : uid=1000(system) Binder:1283_13 expire 2 lines
04-29 14:02:53.179  1283  1396 I chatty  : uid=1000(system) ActivityManager expire 156 lines
04-29 14:02:54.121  1283  3043 I chatty  : uid=1000(system) Binder:1283_10 expire 4 lines
04-29 14:02:54.128  1283  1491 I chatty  : uid=1000(system) android.display expire 4 lines
04-29 14:02:55.604  1283  1757 I chatty  : uid=1000(system) AlarmManager expire 4 lines
04-29 14:02:56.100  1283 20689 I chatty  : uid=1000 system_server expire 2 lines
04-29 14:02:57.074  1283  1395 I chatty  : uid=1000(system) EmbryoManager expire 5 lines
04-29 14:02:57.540  1283  1897 I chatty  : uid=1000(system) ConnectivitySer expire 6 lines
04-29 14:02:59.414  1283  2990 I chatty  : uid=1000(system) Binder:1283_A expire 6 lines
04-29 14:03:00.475  1283  1794 I chatty  : uid=1000(system) InputReader expire 5 lines
04-29 14:03:00.581  1283  1493 I chatty  : uid=1000(system) PowerManagerSer expire 28 lines
04-29 14:03:00.582  1283  1905 I chatty  : uid=1000(system) ColorBalanceThr expire 3 lines
04-29 14:03:00.585  1283  1283 I chatty  : uid=1000 system_server expire 2 lines
04-29 14:03:00.636  1283  1908 I chatty  : uid=1000(system) FingerPrintThre expire 7 lines
04-29 14:03:00.870  1283  1489 I chatty  : uid=1000(system) android.fg expire 1 line
04-29 14:03:00.901 29994 29994 V DreamService[DozeService]: onCreate()
04-29 14:03:00.904  1283  3040 I chatty  : uid=1000(system) Binder:1283_F expire 1 line
04-29 14:03:00.915 29994 29994 V DreamService[DozeService]: onBind() intent = Intent { act=android.service.dreams.DreamService flg=0x800000 cmp=com.oneplus.aod/com.oneplus.doze.DozeService }
04-29 14:03:00.918  1283  1326 I chatty  : uid=1000(system) Binder:1283_2 expire 3 lines
04-29 14:03:00.923 29994 29994 V DreamService[DozeService]: Calling onDreamingStarted()
04-29 14:03:00.923 29994 29994 V DreamService[DozeService]: onDreamingStarted()
04-29 14:03:00.954  1006  1154 D QMI_FW  : chen-screen off: is_screen_off = 1 
04-29 14:03:00.963  1104  1159 D QMI_FW  : chen-screen off: is_screen_off = 1 
04-29 14:03:01.192  1283  2104 I chatty  : uid=1000(system) Binder:1283_6 expire 3 lines
04-29 14:03:01.204  1983  1983 D KeyguardViewMediator: setLockScreenShown begin, true, seq:96091235
04-29 14:03:01.219  1983  2081 D KeyguardViewMediator: setLockScreenShown true, seq:96091235
04-29 14:03:01.383  1983  1983 V KeyguardStatusView: refresh statusview showing:true
04-29 14:03:01.393  1283  1325 I chatty  : uid=1000(system) Binder:1283_1 expire 1 line
04-29 14:03:01.397  1983  1983 V KeyguardDisplayManager: show
04-29 14:03:08.257  1283  1397 I chatty  : uid=1000(system) android.ui expire 10 lines
04-29 14:03:09.538  1283  1493 I chatty  : uid=1000(system) PowerManagerSer expire 29 lines
04-29 14:03:09.913  1283 20872 I chatty  : uid=1000 system_server expire 2 lines
04-29 14:03:11.872  1283  2104 I chatty  : uid=1000(system) Binder:1283_6 expire 2 lines
04-29 14:03:15.601  1283  1757 I chatty  : uid=1000(system) AlarmManager expire 3 lines
04-29 14:03:16.976  1283 20934 I chatty  : uid=1000 system_server expire 1 line
04-29 14:03:17.260  1283  2990 I chatty  : uid=1000(system) Binder:1283_A expire 2 lines
04-29 14:03:17.262  1283  1491 I chatty  : uid=1000(system) android.display expire 4 lines
04-29 14:03:30.194  1283  1396 I chatty  : uid=1000(system) ActivityManager expire 23 lines
04-29 14:03:30.207  1283  3080 I chatty  : uid=1000(system) Binder:1283_16 expire 1 line
04-29 14:03:30.329  1283  1326 I chatty  : uid=1000(system) Binder:1283_2 expire 3 lines
04-29 14:03:31.002  1283 20985 I chatty  : uid=1000 system_server expire 1 line
04-29 14:03:31.012  1283  1283 I chatty  : uid=1000 system_server expire 9 lines
04-29 14:03:31.042  1283  1404 I chatty  : uid=1000(system) batterystats-sy expire 3 lines
04-29 14:03:31.045  1283  1905 I chatty  : uid=1000(system) ColorBalanceThr expire 2 lines
04-29 14:03:31.172  1283  1779 I chatty  : uid=1000(system) UEventObserver expire 2 lines
04-29 14:03:31.179  1006  1154 D QMI_FW  : chen-screen on: is_screen_off = 0 
04-29 14:03:31.190  1283  1493 I chatty  : uid=1000(system) PowerManagerSer expire 1 line
04-29 14:03:31.201  1283 15537 I chatty  : uid=1000(system) HwBinder:1283_5 expire 6 lines
04-29 14:03:31.215  1104  1159 D QMI_FW  : chen-screen on: is_screen_off = 0 
04-29 14:03:31.245  1283  1489 I chatty  : uid=1000(system) android.fg expire 5 lines
04-29 14:03:31.246 29994 29994 V DreamService[DozeService]: wakeUp(): fromSystem=true, mWaking=false, mFinished=false
04-29 14:03:31.246 29994 29994 V DreamService[DozeService]: finish(): mFinished=false
04-29 14:03:31.258  1283  3508 I chatty  : uid=1000(system) Binder:1283_18 expire 1 line
04-29 14:03:31.259  1983  1983 W FingerprintManager: Invalid acquired message: 1000, 0
04-29 14:03:31.399 29994 29994 V DreamService[DozeService]: detach(): Calling onDreamingStopped()
04-29 14:03:31.399 29994 29994 V DreamService[DozeService]: onDreamingStopped()
04-29 14:03:31.686 29994 29994 V DreamService[DozeService]: onDestroy()
04-29 14:03:31.752  1283  1897 I chatty  : uid=1000(system) ConnectivitySer expire 99 lines
04-29 14:03:32.057  1283  1325 I chatty  : uid=1000(system) Binder:1283_1 expire 4 lines
04-29 14:03:32.136  1283  1908 I chatty  : uid=1000(system) FingerPrintThre expire 15 lines
04-29 14:03:32.142  1283  1397 I chatty  : uid=1000(system) android.ui expire 3 lines
04-29 14:03:32.339  1283  3048 I chatty  : uid=1000(system) Binder:1283_13 expire 7 lines
04-29 14:03:32.445 21060 21060 E ActivityThread: Failed to find provider info for com.sonyericsson.extras.liveware.aef.registration
04-29 14:03:32.458 21060 21060 E ActivityThread: Failed to find provider info for com.sonyericsson.extras.liveware.aef.registration
04-29 14:03:33.037  1283  6949 I chatty  : uid=1000(system) Binder:1283_1C expire 2 lines
04-29 14:03:34.592  1283  6947 I chatty  : uid=1000(system) Binder:1283_1B expire 4 lines
04-29 14:03:36.724  1983  1983 W FingerprintManager: Invalid acquired message: 1000, 0
04-29 14:03:37.675  1983  1983 W FingerprintManager: Invalid acquired message: 1000, 0
04-29 14:03:38.039  1283  3507 I chatty  : uid=1000(system) Binder:1283_17 expire 7 lines
04-29 14:03:38.346  1983  1983 D KeyguardViewMediator: setLockScreenShown begin, false, seq:96113371
04-29 14:03:38.348  1983  2081 D KeyguardViewMediator: setLockScreenShown false, seq:96113371
04-29 14:03:38.411  1983  1983 V KeyguardDisplayManager: hide
04-29 14:03:38.417  1283  1396 I chatty  : uid=1000(system) ActivityManager expire 15 lines
04-29 14:03:38.459  1283  1908 I chatty  : uid=1000(system) FingerPrintThre expire 10 lines
04-29 14:03:38.465  1283  1325 I chatty  : uid=1000(system) Binder:1283_1 expire 11 lines
04-29 14:03:38.531  1283  1326 I chatty  : uid=1000(system) Binder:1283_2 expire 4 lines
04-29 14:03:38.541  1283  3043 I chatty  : uid=1000(system) Binder:1283_10 expire 1 line
04-29 14:03:38.580  1283  2104 I chatty  : uid=1000(system) Binder:1283_6 expire 10 lines
04-29 14:03:40.799  1283  1897 I chatty  : uid=1000(system) ConnectivitySer expire 10 lines
04-29 14:03:42.611  1283  1864 I chatty  : uid=1000(system) Binder:1283_3 expire 9 lines
04-29 14:03:45.236  1283  1757 I chatty  : uid=1000(system) AlarmManager expire 10 lines
04-29 14:03:51.252  1283  1390 I chatty  : uid=1000(system) android.bg expire 2 lines
04-29 14:03:53.905  1283  2999 I chatty  : uid=1000(system) Binder:1283_B expire 1 line
04-29 14:03:57.037  1283  1395 I chatty  : uid=1000(system) EmbryoManager expire 2 lines
04-29 14:04:09.051  1283  3080 I chatty  : uid=1000(system) Binder:1283_16 expire 6 lines
04-29 14:04:10.018  1283  1794 I chatty  : uid=1000(system) InputReader expire 5 lines
04-29 14:04:10.148  1283  1493 I chatty  : uid=1000(system) PowerManagerSer expire 16 lines
04-29 14:04:10.149  1283  1905 I chatty  : uid=1000(system) ColorBalanceThr expire 5 lines
04-29 14:04:10.249  1283  1283 I chatty  : uid=1000 system_server expire 7 lines
04-29 14:04:10.457  1283  1489 I chatty  : uid=1000(system) android.fg expire 4 lines
04-29 14:04:10.479 29994 29994 V DreamService[DozeService]: onCreate()
04-29 14:04:10.479  1283  1491 I chatty  : uid=1000(system) android.display expire 3 lines
04-29 14:04:10.500  1006  1154 D QMI_FW  : chen-screen off: is_screen_off = 1 
04-29 14:04:10.501  1104  1159 D QMI_FW  : chen-screen off: is_screen_off = 1 
04-29 14:04:10.516 29994 29994 V DreamService[DozeService]: onBind() intent = Intent { act=android.service.dreams.DreamService flg=0x800000 cmp=com.oneplus.aod/com.oneplus.doze.DozeService }
04-29 14:04:10.521 29994 29994 V DreamService[DozeService]: Calling onDreamingStarted()
04-29 14:04:10.521 29994 29994 V DreamService[DozeService]: onDreamingStarted()
04-29 14:04:10.775  1983  1983 D KeyguardViewMediator: setLockScreenShown begin, true, seq:96145801
04-29 14:04:10.777  1983  2081 D KeyguardViewMediator: setLockScreenShown true, seq:96145801
04-29 14:04:10.914  1983  1983 V KeyguardStatusView: refresh statusview showing:true
04-29 14:04:10.932  1983  1983 V KeyguardDisplayManager: show
04-29 14:04:30.145  1283  1404 I chatty  : uid=1000(system) batterystats-sy expire 4 lines
04-29 14:04:30.196  1006  1154 D QMI_FW  : chen-screen on: is_screen_off = 0 
04-29 14:04:30.200  1104  1159 D QMI_FW  : chen-screen on: is_screen_off = 0 
04-29 14:04:36.905  1283  1757 I chatty  : uid=1000(system) AlarmManager expire 16 lines
04-29 14:04:44.893  1283  2104 I chatty  : uid=1000(system) Binder:1283_6 expire 6 lines
04-29 14:06:18.209  1283  6949 I chatty  : uid=1000(system) Binder:1283_1C expire 3 lines
04-29 14:06:19.139  1283  1496 I chatty  : uid=1000(system) PackageManager expire 8 lines
04-29 14:06:22.126  1283 15537 I chatty  : uid=1000(system) HwBinder:1283_5 expire 2 lines
04-29 14:06:22.127  1283  2955 I chatty  : uid=1000(system) Binder:1283_9 expire 4 lines
04-29 14:06:22.130  1283  1493 I chatty  : uid=1000(system) PowerManagerSer expire 14 lines
04-29 14:06:22.132  1983  1983 W FingerprintManager: Invalid acquired message: 1000, 0
04-29 14:06:22.208  1283  1397 I chatty  : uid=1000(system) android.ui expire 5 lines
04-29 14:06:22.544  1283  1908 I chatty  : uid=1000(system) FingerPrintThre expire 14 lines
04-29 14:06:22.589  1283  2228 I chatty  : uid=1000(system) Binder:1283_8 expire 6 lines
04-29 14:06:22.592 29994 29994 V DreamService[DozeService]: wakeUp(): fromSystem=true, mWaking=false, mFinished=false
04-29 14:06:22.592 29994 29994 V DreamService[DozeService]: finish(): mFinished=false
04-29 14:06:22.596 29994 29994 V DreamService[DozeService]: detach(): Calling onDreamingStopped()
04-29 14:06:22.596 29994 29994 V DreamService[DozeService]: onDreamingStopped()
04-29 14:06:22.604 29994 29994 V DreamService[DozeService]: onDestroy()
04-29 14:06:22.696  1283  1396 I chatty  : uid=1000(system) ActivityManager expire 7 lines
04-29 14:06:22.783  1283  2990 I chatty  : uid=1000(system) Binder:1283_A expire 5 lines
04-29 14:06:22.783  1983  1983 D KeyguardViewMediator: setLockScreenShown begin, false, seq:96277808
04-29 14:06:22.854  1983  1983 V KeyguardDisplayManager: hide
04-29 14:06:22.939  1283  3065 I chatty  : uid=1000(system) Binder:1283_15 expire 1 line
04-29 14:06:23.215  1283  3508 I chatty  : uid=1000(system) Binder:1283_18 expire 3 lines
04-29 14:06:23.249  1283  1897 I chatty  : uid=1000(system) ConnectivitySer expire 142 lines
04-29 14:06:23.587  1983  2081 D KeyguardViewMediator: setLockScreenShown false, seq:96277808
04-29 14:06:24.150  1283  2990 I chatty  : uid=1000(system) Binder:1283_A expire 8 lines
04-29 14:06:24.150  1283  1396 I chatty  : uid=1000(system) ActivityManager expire 46 lines
04-29 14:06:24.272  1283  1390 I chatty  : uid=1000(system) android.bg expire 1 line
04-29 14:06:24.417  1283  3508 I chatty  : uid=1000(system) Binder:1283_18 expire 2 lines
04-29 14:06:24.570  1283  2955 I chatty  : uid=1000(system) Binder:1283_9 expire 3 lines
04-29 14:06:24.979  1283  2228 I chatty  : uid=1000(system) Binder:1283_8 expire 8 lines
04-29 14:06:25.236  1283  7473 I chatty  : uid=1000(system) Binder:1283_1E expire 2 lines
04-29 14:06:25.574  1283  2999 I chatty  : uid=1000(system) Binder:1283_B expire 1 line
04-29 14:06:25.934  1283  6949 I chatty  : uid=1000(system) Binder:1283_1C expire 4 lines
04-29 14:06:26.094  1283  2732 I chatty  : uid=1000(system) backup expire 1 line
04-29 14:06:26.165  1283  3043 I chatty  : uid=1000(system) Binder:1283_10 expire 2 lines
04-29 14:06:26.281  1283  1395 I chatty  : uid=1000(system) EmbryoManager expire 7 lines
04-29 14:06:27.887  1283  1757 I chatty  : uid=1000(system) AlarmManager expire 13 lines
04-29 14:06:29.425  1283  1326 I chatty  : uid=1000(system) Binder:1283_2 expire 2 lines
04-29 14:06:29.504  1283  2104 I chatty  : uid=1000(system) Binder:1283_6 expire 2 lines
04-29 14:06:30.980  1283  8265 I chatty  : uid=1000(system) Binder:1283_1F expire 1 line
04-29 14:06:32.850  1283  3038 I chatty  : uid=1000(system) Binder:1283_E expire 1 line
04-29 14:06:42.158  1283  1404 I chatty  : uid=1000(system) batterystats-sy expire 10 lines
04-29 14:08:07.948  1283  1326 I chatty  : uid=1000(system) Binder:1283_2 expire 2 lines
04-29 14:08:07.950  1283  1897 I chatty  : uid=1000(system) ConnectivitySer expire 64 lines
04-29 14:08:11.178  1283 22602 I chatty  : uid=1000 system_server expire 1 line
04-29 14:08:12.951  1283  1757 I chatty  : uid=1000(system) AlarmManager expire 28 lines
04-29 14:08:15.442  1283  1979 I chatty  : uid=1000(system) Binder:1283_4 expire 5 lines
04-29 14:08:15.486  1283  1396 I chatty  : uid=1000(system) ActivityManager expire 6 lines
04-29 14:08:34.713  1283  3038 I chatty  : uid=1000(system) Binder:1283_E expire 7 lines
04-29 14:12:48.048  7056  7056 W ViewRootImpl[MediaView]: Dropping event due to no window focus: MotionEvent { action=ACTION_DOWN, actionButton=0, id[0]=0, x[0]=1069.0, y[0]=312.0, toolType[0]=TOOL_TYPE_FINGER, buttonState=0, metaState=0, flags=0x0, edgeFlags=0x0, pointerCount=1, historySize=0, eventTime=96663072, downTime=96663072, deviceId=8, source=0x1002 }
04-29 14:12:48.058  7056  7056 W ViewRootImpl[MediaView]: Cancelling event due to no window focus: MotionEvent { action=ACTION_CANCEL, actionButton=0, id[0]=0, x[0]=1069.0, y[0]=312.0, toolType[0]=TOOL_TYPE_FINGER, buttonState=0, metaState=0, flags=0x0, edgeFlags=0x0, pointerCount=1, historySize=0, eventTime=96663079, downTime=96663072, deviceId=8, source=0x1002 }
04-29 14:12:48.059  7056  7056 I chatty  : uid=10106(com.whatsapp) identical 2 lines
04-29 14:12:48.059  7056  7056 W ViewRootImpl[MediaView]: Cancelling event due to no window focus: MotionEvent { action=ACTION_CANCEL, actionButton=0, id[0]=0, x[0]=1069.0, y[0]=312.0, toolType[0]=TOOL_TYPE_FINGER, buttonState=0, metaState=0, flags=0x0, edgeFlags=0x0, pointerCount=1, historySize=0, eventTime=96663079, downTime=96663072, deviceId=8, source=0x1002 }
04-29 14:12:49.794  1283  1897 I chatty  : uid=1000(system) ConnectivitySer expire 88 lines
04-29 14:12:50.271  1283  1757 I chatty  : uid=1000(system) AlarmManager expire 5 lines
04-29 14:12:50.310  1283  1283 I chatty  : uid=1000 system_server expire 2 lines
04-29 14:12:50.864  1283  2228 I chatty  : uid=1000(system) Binder:1283_8 expire 1 line
04-29 14:12:54.133  1283  1395 I chatty  : uid=1000(system) EmbryoManager expire 1 line
04-29 14:12:56.153  1283  1794 I chatty  : uid=1000(system) InputReader expire 5 lines
04-29 14:12:56.279  1283  1493 I chatty  : uid=1000(system) PowerManagerSer expire 15 lines
04-29 14:12:56.279  1283  1905 I chatty  : uid=1000(system) ColorBalanceThr expire 3 lines
04-29 14:12:56.369  1283  1908 I chatty  : uid=1000(system) FingerPrintThre expire 7 lines
04-29 14:12:56.558  1283  1489 I chatty  : uid=1000(system) android.fg expire 1 line
04-29 14:12:56.590 29994 29994 V DreamService[DozeService]: onCreate()
04-29 14:12:56.595  1283  1491 I chatty  : uid=1000(system) android.display expire 7 lines
04-29 14:12:56.641 29994 29994 V DreamService[DozeService]: onBind() intent = Intent { act=android.service.dreams.DreamService flg=0x800000 cmp=com.oneplus.aod/com.oneplus.doze.DozeService }
04-29 14:12:56.642 29994 29994 V DreamService[DozeService]: Calling onDreamingStarted()
04-29 14:12:56.642 29994 29994 V DreamService[DozeService]: onDreamingStarted()
04-29 14:12:56.858  1283  1493 I chatty  : uid=1000(system) PowerManagerSer expire 34 lines
04-29 14:12:56.859  1283  1283 I chatty  : uid=1000 system_server expire 3 lines
04-29 14:12:56.881  1283  8265 I chatty  : uid=1000(system) Binder:1283_1F expire 8 lines
04-29 14:12:56.890  1983  1983 D KeyguardViewMediator: setLockScreenShown begin, true, seq:96671916
04-29 14:12:56.892  1983  2081 D KeyguardViewMediator: setLockScreenShown true, seq:96671916
04-29 14:12:56.928  1283  2104 I chatty  : uid=1000(system) Binder:1283_6 expire 3 lines
04-29 14:12:56.961  7056  7056 E ActivityThread: Performing stop of activity that is already stopped: {com.whatsapp/com.whatsapp.Conversation}
04-29 14:12:56.961  7056  7056 E ActivityThread: java.lang.RuntimeException: Performing stop of activity that is already stopped: {com.whatsapp/com.whatsapp.Conversation}
04-29 14:12:56.961  7056  7056 E ActivityThread: 	at android.app.ActivityThread.performStopActivityInner(ActivityThread.java:4238)
04-29 14:12:56.961  7056  7056 E ActivityThread: 	at android.app.ActivityThread.handleStopActivity(ActivityThread.java:4333)
04-29 14:12:56.961  7056  7056 E ActivityThread: 	at android.app.ActivityThread.-wrap24(Unknown Source:0)
04-29 14:12:56.961  7056  7056 E ActivityThread: 	at android.app.ActivityThread$H.handleMessage(ActivityThread.java:1722)
04-29 14:12:56.961  7056  7056 E ActivityThread: 	at android.os.Handler.dispatchMessage(Handler.java:105)
04-29 14:12:56.961  7056  7056 E ActivityThread: 	at android.os.Looper.loop(Looper.java:164)
04-29 14:12:56.961  7056  7056 E ActivityThread: 	at android.app.ActivityThread.main(ActivityThread.java:6798)
04-29 14:12:56.961  7056  7056 E ActivityThread: 	at java.lang.reflect.Method.invoke(Native Method)
04-29 14:12:56.961  7056  7056 E ActivityThread: 	at com.android.internal.os.Zygote$MethodAndArgsCaller.run(Zygote.java:240)
04-29 14:12:56.961  7056  7056 E ActivityThread: 	at com.android.internal.os.ZygoteInit.main(ZygoteInit.java:767)
04-29 14:12:56.961  7056  7056 E ActivityThread: ActivityClientRecord{paused=true, stopped=true, hideForNow=false, startsNotResumed=false, isForward=true, pendingConfigChanges=0, onlyLocalRequest=false, preserveWindow=false, Activity{resumed=false, stopped=true, finished=false, destroyed=false, startedActivity=false, temporaryPause=false, changingConfigurations=false, visibleBehind=false}}
04-29 14:12:57.078  1283  1326 I chatty  : uid=1000(system) Binder:1283_2 expire 3 lines
04-29 14:12:57.089  1283  2228 I chatty  : uid=1000(system) Binder:1283_8 expire 4 lines
04-29 14:12:57.093  1983  1983 V KeyguardStatusView: refresh statusview showing:true
04-29 14:12:57.106  1283  3038 I chatty  : uid=1000(system) Binder:1283_E expire 10 lines
04-29 14:12:57.110  1983  1983 V KeyguardDisplayManager: show
04-29 14:13:00.001  1283  1757 I chatty  : uid=1000(system) AlarmManager expire 12 lines
04-29 14:13:12.138  1283  1404 I chatty  : uid=1000(system) batterystats-sy expire 2 lines
04-29 14:13:37.937  1283  1395 I chatty  : uid=1000(system) EmbryoManager expire 1 line
04-29 14:13:44.129  1283  1397 I chatty  : uid=1000(system) android.ui expire 9 lines
04-29 14:13:44.501  1283 23087 I chatty  : uid=1000 system_server expire 1 line
04-29 14:13:47.377  1283  1396 I chatty  : uid=1000(system) ActivityManager expire 18 lines
04-29 14:13:53.959  1283  1979 I chatty  : uid=1000(system) Binder:1283_4 expire 2 lines
04-29 14:13:53.966  1283  1897 I chatty  : uid=1000(system) ConnectivitySer expire 97 lines
04-29 14:13:55.613  1283 15537 I chatty  : uid=1000(system) HwBinder:1283_5 expire 2 lines
04-29 14:13:55.617  1983  1983 W FingerprintManager: Invalid acquired message: 1000, 0
04-29 14:13:55.844  1283  1908 I chatty  : uid=1000(system) FingerPrintThre expire 14 lines
04-29 14:13:55.873  1283  1493 I chatty  : uid=1000(system) PowerManagerSer expire 8 lines
04-29 14:13:55.873  1283  1905 I chatty  : uid=1000(system) ColorBalanceThr expire 2 lines
04-29 14:13:55.906  1283  1489 I chatty  : uid=1000(system) android.fg expire 3 lines
04-29 14:13:55.906 29994 29994 V DreamService[DozeService]: wakeUp(): fromSystem=true, mWaking=false, mFinished=false
04-29 14:13:55.906 29994 29994 V DreamService[DozeService]: finish(): mFinished=false
04-29 14:13:55.917 29994 29994 V DreamService[DozeService]: detach(): Calling onDreamingStopped()
04-29 14:13:55.917 29994 29994 V DreamService[DozeService]: onDreamingStopped()
04-29 14:13:55.927 29994 29994 V DreamService[DozeService]: onDestroy()
04-29 14:13:56.156  1983  1983 D KeyguardViewMediator: setLockScreenShown begin, false, seq:96731181
04-29 14:13:56.174  1983  2081 D KeyguardViewMediator: setLockScreenShown false, seq:96731181
04-29 14:13:56.189  1983  1983 V KeyguardDisplayManager: hide
04-29 14:13:56.189  1283  3038 I chatty  : uid=1000(system) Binder:1283_E expire 4 lines
04-29 14:13:56.196  1283  3008 I chatty  : uid=1000(system) Binder:1283_C expire 2 lines
04-29 14:13:57.795  1283  6949 I chatty  : uid=1000(system) Binder:1283_1C expire 4 lines
04-29 14:14:17.056  1283  1897 I chatty  : uid=1000(system) ConnectivitySer expire 83 lines
04-29 14:14:18.113  1283  1404 I chatty  : uid=1000(system) batterystats-sy expire 2 lines
04-29 14:14:19.266  1283  1396 I chatty  : uid=1000(system) ActivityManager expire 15 lines
04-29 14:14:26.195  1283  1794 I chatty  : uid=1000(system) InputReader expire 5 lines
04-29 14:14:26.333  1283  1493 I chatty  : uid=1000(system) PowerManagerSer expire 30 lines
04-29 14:14:26.334  1283  1905 I chatty  : uid=1000(system) ColorBalanceThr expire 5 lines
04-29 14:14:26.403  1283  1283 I chatty  : uid=1000 system_server expire 4 lines
04-29 14:14:26.411  1283  2990 I chatty  : uid=1000(system) Binder:1283_A expire 4 lines
04-29 14:14:26.414  1283  1908 I chatty  : uid=1000(system) FingerPrintThre expire 21 lines
04-29 14:14:26.633  1283  1489 I chatty  : uid=1000(system) android.fg expire 4 lines
04-29 14:14:26.645  1283  8265 I chatty  : uid=1000(system) Binder:1283_1F expire 8 lines
04-29 14:14:26.651 29994 29994 V DreamService[DozeService]: onCreate()
04-29 14:14:26.653  1283  1491 I chatty  : uid=1000(system) android.display expire 3 lines
04-29 14:14:26.679 29994 29994 V DreamService[DozeService]: onBind() intent = Intent { act=android.service.dreams.DreamService flg=0x800000 cmp=com.oneplus.aod/com.oneplus.doze.DozeService }
04-29 14:14:26.687 29994 29994 V DreamService[DozeService]: Calling onDreamingStarted()
04-29 14:14:26.687 29994 29994 V DreamService[DozeService]: onDreamingStarted()
04-29 14:14:26.944  1283  2955 I chatty  : uid=1000(system) Binder:1283_9 expire 7 lines
04-29 14:14:26.957  1983  1983 D KeyguardViewMediator: setLockScreenShown begin, true, seq:96761982
04-29 14:14:26.971  1983  2081 D KeyguardViewMediator: setLockScreenShown true, seq:96761982
04-29 14:14:27.000  1283  1979 I chatty  : uid=1000(system) Binder:1283_4 expire 3 lines
04-29 14:14:27.111  1983  1983 V KeyguardStatusView: refresh statusview showing:true
04-29 14:14:27.126  1983  1983 V KeyguardDisplayManager: show
04-29 14:14:33.298  1283 15537 I chatty  : uid=1000(system) HwBinder:1283_5 expire 2 lines
04-29 14:14:33.303  1283  3038 I chatty  : uid=1000(system) Binder:1283_E expire 7 lines
04-29 14:14:33.312  1983  1983 W FingerprintManager: Invalid acquired message: 1000, 0
04-29 14:14:33.321  1283  1397 I chatty  : uid=1000(system) android.ui expire 5 lines
04-29 14:14:33.611 29994 29994 V DreamService[DozeService]: wakeUp(): fromSystem=true, mWaking=false, mFinished=false
04-29 14:14:33.611 29994 29994 V DreamService[DozeService]: finish(): mFinished=false
04-29 14:14:33.624 29994 29994 V DreamService[DozeService]: detach(): Calling onDreamingStopped()
04-29 14:14:33.624 29994 29994 V DreamService[DozeService]: onDreamingStopped()
04-29 14:14:33.633 29994 29994 V DreamService[DozeService]: onDestroy()
04-29 14:14:33.739  1983  1983 D KeyguardViewMediator: setLockScreenShown begin, false, seq:96768764
04-29 14:14:33.746  1983  2081 D KeyguardViewMediator: setLockScreenShown false, seq:96768764
04-29 14:14:33.768  1983  1983 V KeyguardDisplayManager: hide
04-29 14:14:35.935  1283  1757 I chatty  : uid=1000(system) AlarmManager expire 1 line
04-29 14:14:36.378  1283  1897 I chatty  : uid=1000(system) ConnectivitySer expire 88 lines
04-29 14:14:38.466  1283  1396 I chatty  : uid=1000(system) ActivityManager expire 10 lines
04-29 14:14:39.238  1283  1794 I chatty  : uid=1000(system) InputReader expire 5 lines
04-29 14:14:39.335  1283  1493 I chatty  : uid=1000(system) PowerManagerSer expire 30 lines
04-29 14:14:39.336  1283  1905 I chatty  : uid=1000(system) ColorBalanceThr expire 5 lines
04-29 14:14:39.421  1283  1283 I chatty  : uid=1000 system_server expire 4 lines
04-29 14:14:39.434  1283  6949 I chatty  : uid=1000(system) Binder:1283_1C expire 8 lines
04-29 14:14:39.440  1283  1908 I chatty  : uid=1000(system) FingerPrintThre expire 7 lines
04-29 14:14:39.628  1283  1489 I chatty  : uid=1000(system) android.fg expire 9 lines
04-29 14:14:39.639 29994 29994 V DreamService[DozeService]: onCreate()
04-29 14:14:39.643  1283  1491 I chatty  : uid=1000(system) android.display expire 3 lines
04-29 14:14:39.650  1283  1979 I chatty  : uid=1000(system) Binder:1283_4 expire 3 lines
04-29 14:14:39.658 29994 29994 V DreamService[DozeService]: onBind() intent = Intent { act=android.service.dreams.DreamService flg=0x800000 cmp=com.oneplus.aod/com.oneplus.doze.DozeService }
04-29 14:14:39.662 29994 29994 V DreamService[DozeService]: Calling onDreamingStarted()
04-29 14:14:39.662 29994 29994 V DreamService[DozeService]: onDreamingStarted()
04-29 14:14:39.934  1983  1983 D KeyguardViewMediator: setLockScreenShown begin, true, seq:96774959
04-29 14:14:39.939  1983  2081 D KeyguardViewMediator: setLockScreenShown true, seq:96774959
04-29 14:14:39.951  1283  2955 I chatty  : uid=1000(system) Binder:1283_9 expire 4 lines
04-29 14:14:39.967  1283  1325 I chatty  : uid=1000(system) Binder:1283_1 expire 5 lines
04-29 14:14:40.068  1283  8265 I chatty  : uid=1000(system) Binder:1283_1F expire 4 lines
04-29 14:14:40.072  1983  1983 V KeyguardStatusView: refresh statusview showing:true
04-29 14:14:40.085  1983  1983 V KeyguardDisplayManager: show
04-29 14:14:49.000  1283  1757 I chatty  : uid=1000(system) AlarmManager expire 12 lines
04-29 14:15:24.137  1283  1404 I chatty  : uid=1000(system) batterystats-sy expire 4 lines
04-29 14:16:26.865  1283  1779 I chatty  : uid=1000(system) UEventObserver expire 1 line
04-29 14:16:27.014  1283  1397 I chatty  : uid=1000(system) android.ui expire 4 lines
04-29 14:16:27.130 29994 29994 V DreamService[DozeService]: wakeUp(): fromSystem=true, mWaking=false, mFinished=false
04-29 14:16:27.130 29994 29994 V DreamService[DozeService]: finish(): mFinished=false
04-29 14:16:27.130  1283  1326 I chatty  : uid=1000(system) Binder:1283_2 expire 1 line
04-29 14:16:27.155 29994 29994 V DreamService[DozeService]: detach(): Calling onDreamingStopped()
04-29 14:16:27.155 29994 29994 V DreamService[DozeService]: onDreamingStopped()
04-29 14:16:27.169 29994 29994 V DreamService[DozeService]: onDestroy()
04-29 14:16:27.448  1283  1493 I chatty  : uid=1000(system) PowerManagerSer expire 2 lines
04-29 14:16:27.448  1283  3008 I chatty  : uid=1000(system) Binder:1283_C expire 1 line
04-29 14:16:28.124 23362 23362 E ActivityThread: Failed to find provider info for com.sonyericsson.extras.liveware.aef.registration
04-29 14:16:28.127 23362 23362 E ActivityThread: Failed to find provider info for com.sonyericsson.extras.liveware.aef.registration
04-29 14:16:28.944  1283  1897 I chatty  : uid=1000(system) ConnectivitySer expire 79 lines
04-29 14:16:29.402  1283  1396 I chatty  : uid=1000(system) ActivityManager expire 2 lines
04-29 14:16:29.486  1283  1840 I chatty  : uid=1000(system) NetworkStats expire 1 line
04-29 14:16:29.718  1283  3080 I chatty  : uid=1000(system) Binder:1283_16 expire 2 lines
04-29 14:16:32.815  1283  1395 I chatty  : uid=1000(system) EmbryoManager expire 1 line
04-29 14:16:33.271  1283  2104 I chatty  : uid=1000(system) Binder:1283_6 expire 1 line
04-29 14:16:34.144  1283  2228 I chatty  : uid=1000(system) Binder:1283_8 expire 3 lines
04-29 14:16:36.278  1283  1897 I chatty  : uid=1000(system) ConnectivitySer expire 80 lines
04-29 14:16:37.213  1283  1395 I chatty  : uid=1000(system) EmbryoManager expire 1 line
04-29 14:16:38.296  1283  1493 I chatty  : uid=1000(system) PowerManagerSer expire 23 lines
04-29 14:16:40.297  1283  1905 I chatty  : uid=1000(system) ColorBalanceThr expire 5 lines
04-29 14:16:40.297  1283  1283 I chatty  : uid=1000 system_server expire 4 lines
04-29 14:16:40.660  1283  1491 I chatty  : uid=1000(system) android.display expire 3 lines
04-29 14:16:40.662  1283  1489 I chatty  : uid=1000(system) android.fg expire 1 line
04-29 14:16:40.669  1283  8265 I chatty  : uid=1000(system) Binder:1283_1F expire 6 lines
04-29 14:16:40.672 29994 29994 V DreamService[DozeService]: onCreate()
04-29 14:16:40.672  1283  1325 I chatty  : uid=1000(system) Binder:1283_1 expire 6 lines
04-29 14:16:40.676  1283  1908 I chatty  : uid=1000(system) FingerPrintThre expire 11 lines
04-29 14:16:40.697 29994 29994 V DreamService[DozeService]: onBind() intent = Intent { act=android.service.dreams.DreamService flg=0x800000 cmp=com.oneplus.aod/com.oneplus.doze.DozeService }
04-29 14:16:40.702 29994 29994 V DreamService[DozeService]: Calling onDreamingStarted()
04-29 14:16:40.703 29994 29994 V DreamService[DozeService]: onDreamingStarted()
04-29 14:16:40.704  1104  1159 D QMI_FW  : chen-screen off: is_screen_off = 1 
04-29 14:16:40.704  1006  1154 D QMI_FW  : chen-screen off: is_screen_off = 1 
04-29 14:16:47.811   993   993 W wificond: Failed to get NL80211_ATTR_STATUS_CODE
04-29 14:16:47.840   993   993 E wificond: Failed to get NL80211_STA_INFO_TX_PACKETS
04-29 14:16:47.902  1283  1396 I chatty  : uid=1000(system) ActivityManager expire 11 lines
04-29 14:16:47.942  1283  1757 I chatty  : uid=1000(system) AlarmManager expire 17 lines
04-29 14:16:47.947  1283 23578 I chatty  : uid=1000 system_server expire 2 lines
04-29 14:16:56.523  1283 23590 I chatty  : uid=1000 system_server expire 1 line
04-29 14:17:14.341  1283  1404 I chatty  : uid=1000(system) batterystats-sy expire 12 lines
04-29 14:17:14.981  1283 23609 I chatty  : uid=1000 system_server expire 1 line
04-29 14:18:01.973  1283 23622 I chatty  : uid=1000 system_server expire 2 lines
04-29 14:18:18.888  1283  1897 I chatty  : uid=1000(system) ConnectivitySer expire 5 lines
04-29 14:18:20.690  1283  2104 I chatty  : uid=1000(system) Binder:1283_6 expire 1 line
04-29 14:18:21.295  1283 23769 I chatty  : uid=1000 system_server expire 3 lines
04-29 14:18:48.668  1283  1326 I chatty  : uid=1000(system) Binder:1283_2 expire 6 lines
04-29 14:18:52.539  1283 23866 I chatty  : uid=1000 system_server expire 1 line
04-29 14:18:58.935   993   993 W wificond: Failed to get NL80211_ATTR_STATUS_CODE
04-29 14:18:58.978   993   993 E wificond: Failed to get NL80211_STA_INFO_TX_PACKETS
04-29 14:19:00.000  1283  1757 I chatty  : uid=1000(system) AlarmManager expire 17 lines
04-29 14:19:38.381  1283  3080 I chatty  : uid=1000(system) Binder:1283_16 expire 4 lines
04-29 14:20:14.514  1283  1390 I chatty  : uid=1000(system) android.bg expire 1 line
04-29 14:20:14.556  1283 23868 I chatty  : uid=1000 system_server expire 1 line
04-29 14:20:14.599  1283  6949 I chatty  : uid=1000(system) Binder:1283_1C expire 2 lines
04-29 14:21:01.734  1283 23879 I chatty  : uid=1000 system_server expire 2 lines
04-29 14:21:44.112  1283 23891 I chatty  : uid=1000 system_server expire 1 line
04-29 14:21:52.105  1283  1493 I chatty  : uid=1000(system) PowerManagerSer expire 14 lines
04-29 14:21:52.116  1283  1397 I chatty  : uid=1000(system) android.ui expire 5 lines
04-29 14:21:53.258  1283  1488 I chatty  : uid=1000(system) HwBinder:1283_1 expire 2 lines
04-29 14:21:53.266  1983  1983 W FingerprintManager: Invalid acquired message: 1000, 0
04-29 14:21:53.563  1283  1908 I chatty  : uid=1000(system) FingerPrintThre expire 32 lines
04-29 14:21:53.632  1283  1491 I chatty  : uid=1000(system) android.display expire 2 lines
04-29 14:21:53.642  1283  1493 I chatty  : uid=1000(system) PowerManagerSer expire 20 lines
04-29 14:21:53.646  1283  3080 I chatty  : uid=1000(system) Binder:1283_16 expire 2 lines
04-29 14:21:53.648  1283  6949 I chatty  : uid=1000(system) Binder:1283_1C expire 2 lines
04-29 14:21:53.650  1283  1489 I chatty  : uid=1000(system) android.fg expire 4 lines
04-29 14:21:53.654 29994 29994 V DreamService[DozeService]: wakeUp(): fromSystem=true, mWaking=false, mFinished=false
04-29 14:21:53.654 29994 29994 V DreamService[DozeService]: finish(): mFinished=false
04-29 14:21:53.670  1283  1283 I chatty  : uid=1000 system_server expire 9 lines
04-29 14:21:53.679  1283  1325 I chatty  : uid=1000(system) Binder:1283_1 expire 5 lines
04-29 14:21:53.680 29994 29994 V DreamService[DozeService]: detach(): Calling onDreamingStopped()
04-29 14:21:53.680 29994 29994 V DreamService[DozeService]: onDreamingStopped()
04-29 14:21:53.683  1283  1396 I chatty  : uid=1000(system) ActivityManager expire 16 lines
04-29 14:21:53.688  1006  1154 D QMI_FW  : chen-screen on: is_screen_off = 0 
04-29 14:21:53.703  1104  1159 D QMI_FW  : chen-screen on: is_screen_off = 0 
04-29 14:21:53.720 29994 29994 V DreamService[DozeService]: onDestroy()
04-29 14:21:53.795  1283  1897 I chatty  : uid=1000(system) ConnectivitySer expire 56 lines
04-29 14:21:53.815  1983  1983 D KeyguardViewMediator: setLockScreenShown begin, false, seq:96957958
04-29 14:21:53.832  1983  2081 D KeyguardViewMediator: setLockScreenShown false, seq:96957958
04-29 14:21:53.850  1983  1983 V KeyguardDisplayManager: hide
04-29 14:21:53.852  1283  1864 I chatty  : uid=1000(system) Binder:1283_3 expire 5 lines
04-29 14:21:53.909  1283  2104 I chatty  : uid=1000(system) Binder:1283_6 expire 9 lines
04-29 14:21:53.931  1283  1397 I chatty  : uid=1000(system) android.ui expire 1 line
04-29 14:21:53.981  1283  3040 I chatty  : uid=1000(system) Binder:1283_F expire 1 line
04-29 14:21:54.132  1283  1979 I chatty  : uid=1000(system) Binder:1283_4 expire 1 line
04-29 14:21:54.249  1283 23937 I chatty  : uid=1000 system_server expire 3 lines
04-29 14:21:54.910  1283  3038 I chatty  : uid=1000(system) Binder:1283_E expire 1 line
04-29 14:21:56.626  1283  1757 I chatty  : uid=1000(system) AlarmManager expire 42 lines
04-29 14:21:56.633  1283  7229 I chatty  : uid=1000(system) Binder:1283_1D expire 5 lines
04-29 14:21:57.264  1283 24036 I chatty  : uid=1000 system_server expire 1 line
04-29 14:22:01.572  1283  1794 I chatty  : uid=1000(system) InputReader expire 5 lines
04-29 14:22:01.660  1283  1905 I chatty  : uid=1000(system) ColorBalanceThr expire 3 lines
04-29 14:22:01.735  1283  3008 I chatty  : uid=1000(system) Binder:1283_C expire 5 lines
04-29 14:22:01.736  1283  1326 I chatty  : uid=1000(system) Binder:1283_2 expire 1 line
04-29 14:22:01.987 29994 29994 V DreamService[DozeService]: onCreate()
04-29 14:22:02.026  1006  1154 D QMI_FW  : chen-screen off: is_screen_off = 1 
04-29 14:22:02.028 29994 29994 V DreamService[DozeService]: onBind() intent = Intent { act=android.service.dreams.DreamService flg=0x800000 cmp=com.oneplus.aod/com.oneplus.doze.DozeService }
04-29 14:22:02.030 29994 29994 V DreamService[DozeService]: Calling onDreamingStarted()
04-29 14:22:02.030 29994 29994 V DreamService[DozeService]: onDreamingStarted()
04-29 14:22:02.043  1104  1159 D QMI_FW  : chen-screen off: is_screen_off = 1 
04-29 14:22:02.276  1283  3034 I chatty  : uid=1000(system) Binder:1283_D expire 4 lines
04-29 14:22:02.289  1983  1983 D KeyguardViewMediator: setLockScreenShown begin, true, seq:96966432
04-29 14:22:02.290  1983  2081 D KeyguardViewMediator: setLockScreenShown true, seq:96966432
04-29 14:22:02.407  1983  1983 V KeyguardStatusView: refresh statusview showing:true
04-29 14:22:02.421  1983  1983 V KeyguardDisplayManager: show
04-29 14:22:19.114  1283 24094 I chatty  : uid=1000 system_server expire 2 lines
04-29 14:22:49.417  1283  1404 I chatty  : uid=1000(system) batterystats-sy expire 11 lines
04-29 14:22:54.086  1283 24100 I chatty  : uid=1000 system_server expire 1 line
04-29 14:25:02.025  1283  1390 I chatty  : uid=1000(system) android.bg expire 1 line
04-29 14:25:03.453  1283 24120 I chatty  : uid=1000 system_server expire 2 lines
04-29 14:27:05.898  1283 24128 I chatty  : uid=1000 system_server expire 2 lines
04-29 14:29:03.305  1283 24144 I chatty  : uid=1000 system_server expire 1 line
04-29 14:29:04.104  1283  1395 I chatty  : uid=1000(system) EmbryoManager expire 1 line
04-29 14:29:10.872  1283 24176 I chatty  : uid=1000 system_server expire 2 lines
04-29 14:29:16.486  1283  2955 I chatty  : uid=1000(system) Binder:1283_9 expire 4 lines
04-29 14:29:49.508  1283  1493 I chatty  : uid=1000(system) PowerManagerSer expire 16 lines
04-29 14:29:49.511  1283  1491 I chatty  : uid=1000(system) android.display expire 3 lines
04-29 14:29:49.536  1283  2104 I chatty  : uid=1000(system) Binder:1283_6 expire 4 lines
04-29 14:29:49.536  1283  1397 I chatty  : uid=1000(system) android.ui expire 6 lines
04-29 14:29:50.223  1283  1488 I chatty  : uid=1000(system) HwBinder:1283_1 expire 2 lines
04-29 14:29:50.226  1283  3034 I chatty  : uid=1000(system) Binder:1283_D expire 3 lines
04-29 14:29:50.232  1983  1983 W FingerprintManager: Invalid acquired message: 1000, 0
04-29 14:29:50.494  1283  1908 I chatty  : uid=1000(system) FingerPrintThre expire 14 lines
04-29 14:29:50.534  1283  1283 I chatty  : uid=1000 system_server expire 2 lines
04-29 14:29:50.537  1283  1905 I chatty  : uid=1000(system) ColorBalanceThr expire 2 lines
04-29 14:29:50.603  1283  1489 I chatty  : uid=1000(system) android.fg expire 3 lines
04-29 14:29:50.603 29994 29994 V DreamService[DozeService]: wakeUp(): fromSystem=true, mWaking=false, mFinished=false
04-29 14:29:50.603 29994 29994 V DreamService[DozeService]: finish(): mFinished=false
04-29 14:29:50.615 29994 29994 V DreamService[DozeService]: detach(): Calling onDreamingStopped()
04-29 14:29:50.615 29994 29994 V DreamService[DozeService]: onDreamingStopped()
04-29 14:29:50.648 29994 29994 V DreamService[DozeService]: onDestroy()
04-29 14:29:50.651  1006  1154 D QMI_FW  : chen-screen on: is_screen_off = 0 
04-29 14:29:50.659  1283  2228 I chatty  : uid=1000(system) Binder:1283_8 expire 1 line
04-29 14:29:50.663  1283  1396 I chatty  : uid=1000(system) ActivityManager expire 13 lines
04-29 14:29:50.675  1104  1159 D QMI_FW  : chen-screen on: is_screen_off = 0 
04-29 14:29:50.719  1283 24180 I chatty  : uid=1000 system_server expire 1 line
04-29 14:29:50.740  1283  1897 I chatty  : uid=1000(system) ConnectivitySer expire 159 lines
04-29 14:29:50.802  1983  1983 D KeyguardViewMediator: setLockScreenShown begin, false, seq:97005677
04-29 14:29:50.802  1283  1864 I chatty  : uid=1000(system) Binder:1283_3 expire 1 line
04-29 14:29:50.804  1283  7229 I chatty  : uid=1000(system) Binder:1283_1D expire 2 lines
04-29 14:29:50.806  1983  2081 D KeyguardViewMediator: setLockScreenShown false, seq:97005677
04-29 14:29:50.810  1283  3008 I chatty  : uid=1000(system) Binder:1283_C expire 3 lines
04-29 14:29:50.830  1983  1983 V KeyguardDisplayManager: hide
04-29 14:29:50.943  1283  1326 I chatty  : uid=1000(system) Binder:1283_2 expire 3 lines
04-29 14:29:51.062  1283  3080 I chatty  : uid=1000(system) Binder:1283_16 expire 1 line
04-29 14:29:51.105  1283  1404 I chatty  : uid=1000(system) batterystats-sy expire 1 line
04-29 14:29:51.740  1283  2990 I chatty  : uid=1000(system) Binder:1283_A expire 2 lines
04-29 14:29:53.372  1283  1757 I chatty  : uid=1000(system) AlarmManager expire 16 lines
04-29 14:30:11.874  1283  1897 I chatty  : uid=1000(system) ConnectivitySer expire 44 lines
04-29 14:30:12.396  1283  1794 I chatty  : uid=1000(system) InputReader expire 10 lines
04-29 14:30:12.493  1283  1493 I chatty  : uid=1000(system) PowerManagerSer expire 23 lines
04-29 14:30:12.494  1283  1905 I chatty  : uid=1000(system) ColorBalanceThr expire 8 lines
04-29 14:30:12.564  1283  1283 I chatty  : uid=1000 system_server expire 8 lines
04-29 14:30:12.575  1283  2104 I chatty  : uid=1000(system) Binder:1283_6 expire 3 lines
04-29 14:30:12.581  1283  1908 I chatty  : uid=1000(system) FingerPrintThre expire 7 lines
04-29 14:30:12.783  1283  1489 I chatty  : uid=1000(system) android.fg expire 5 lines
04-29 14:30:12.816 29994 29994 V DreamService[DozeService]: onCreate()
04-29 14:30:12.823  1283  1491 I chatty  : uid=1000(system) android.display expire 9 lines
04-29 14:30:12.830 29994 29994 V DreamService[DozeService]: onBind() intent = Intent { act=android.service.dreams.DreamService flg=0x800000 cmp=com.oneplus.aod/com.oneplus.doze.DozeService }
04-29 14:30:12.833 29994 29994 V DreamService[DozeService]: Calling onDreamingStarted()
04-29 14:30:12.833 29994 29994 V DreamService[DozeService]: onDreamingStarted()
04-29 14:30:12.834  1283  3080 I chatty  : uid=1000(system) Binder:1283_16 expire 1 line
04-29 14:30:12.856  1006  1154 D QMI_FW  : chen-screen off: is_screen_off = 1 
04-29 14:30:12.862  1104  1159 D QMI_FW  : chen-screen off: is_screen_off = 1 
04-29 14:30:13.098  1283  3045 I chatty  : uid=1000(system) Binder:1283_11 expire 7 lines
04-29 14:30:13.109  1983  1983 D KeyguardViewMediator: setLockScreenShown begin, true, seq:97027984
04-29 14:30:13.116  1983  2081 D KeyguardViewMediator: setLockScreenShown true, seq:97027984
04-29 14:30:13.229  1283  2955 I chatty  : uid=1000(system) Binder:1283_9 expire 1 line
04-29 14:30:13.237  1283  3040 I chatty  : uid=1000(system) Binder:1283_F expire 4 lines
04-29 14:30:13.241  1983  1983 V KeyguardStatusView: refresh statusview showing:true
04-29 14:30:13.264  1983  1983 V KeyguardDisplayManager: show
04-29 14:30:14.120  1283  3038 I chatty  : uid=1000(system) Binder:1283_E expire 2 lines
04-29 14:30:27.119  1283  3008 I chatty  : uid=1000(system) Binder:1283_C expire 3 lines
04-29 14:30:27.119  1283  1397 I chatty  : uid=1000(system) android.ui expire 12 lines
04-29 14:30:27.152  1006  1154 D QMI_FW  : chen-screen on: is_screen_off = 0 
04-29 14:30:27.154  1104  1159 D QMI_FW  : chen-screen on: is_screen_off = 0 
04-29 14:30:27.208  1283  1493 I chatty  : uid=1000(system) PowerManagerSer expire 27 lines
04-29 14:30:27.212 29994 29994 V DreamService[DozeService]: wakeUp(): fromSystem=true, mWaking=false, mFinished=false
04-29 14:30:27.212 29994 29994 V DreamService[DozeService]: finish(): mFinished=false
04-29 14:30:27.213  1283  2990 I chatty  : uid=1000(system) Binder:1283_A expire 5 lines
04-29 14:30:27.216  1283  8265 I chatty  : uid=1000(system) Binder:1283_1F expire 2 lines
04-29 14:30:27.218 29994 29994 V DreamService[DozeService]: detach(): Calling onDreamingStopped()
04-29 14:30:27.218 29994 29994 V DreamService[DozeService]: onDreamingStopped()
04-29 14:30:27.235 29994 29994 V DreamService[DozeService]: onDestroy()
04-29 14:30:28.194  1283  1395 I chatty  : uid=1000(system) EmbryoManager expire 1 line
04-29 14:30:28.994  1283 24411 I chatty  : uid=1000 system_server expire 2 lines
04-29 14:30:30.154  1283  1897 I chatty  : uid=1000(system) ConnectivitySer expire 3 lines
04-29 14:30:32.190  1283  1396 I chatty  : uid=1000(system) ActivityManager expire 5 lines
04-29 14:30:37.805  1283  1325 I chatty  : uid=1000(system) Binder:1283_1 expire 4 lines
04-29 14:30:37.823 29994 29994 V DreamService[DozeService]: onCreate()
04-29 14:30:37.840  1006  1154 D QMI_FW  : chen-screen off: is_screen_off = 1 
04-29 14:30:37.841 29994 29994 V DreamService[DozeService]: onBind() intent = Intent { act=android.service.dreams.DreamService flg=0x800000 cmp=com.oneplus.aod/com.oneplus.doze.DozeService }
04-29 14:30:37.842  1104  1159 D QMI_FW  : chen-screen off: is_screen_off = 1 
04-29 14:30:37.843 29994 29994 V DreamService[DozeService]: Calling onDreamingStarted()
04-29 14:30:37.843 29994 29994 V DreamService[DozeService]: onDreamingStarted()
04-29 14:30:37.874  1283  1493 I chatty  : uid=1000(system) PowerManagerSer expire 33 lines
04-29 14:31:31.591  1283  1404 I chatty  : uid=1000(system) batterystats-sy expire 4 lines
04-29 14:31:46.365  1283 24501 I chatty  : uid=1000 system_server expire 1 line
04-29 14:32:22.906  1283 24504 I chatty  : uid=1000 system_server expire 1 line
04-29 14:32:25.532  1283 24519 I chatty  : uid=1000 system_server expire 1 line
04-29 14:32:30.313  1283  2999 I chatty  : uid=1000(system) Binder:1283_B expire 1 line
04-29 14:32:30.471  1283  1493 I chatty  : uid=1000(system) PowerManagerSer expire 22 lines
04-29 14:32:30.483  1283  3038 I chatty  : uid=1000(system) Binder:1283_E expire 6 lines
04-29 14:32:31.330  1283  1396 I chatty  : uid=1000(system) ActivityManager expire 15 lines
04-29 14:32:31.544  1283 24524 I chatty  : uid=1000 system_server expire 1 line
04-29 14:32:31.625  1283 24526 I chatty  : uid=1000 system_server expire 1 line
04-29 14:32:34.272  1283 24542 I chatty  : uid=1000 system_server expire 1 line
04-29 14:32:34.483  1283  1757 I chatty  : uid=1000(system) AlarmManager expire 3 lines
04-29 14:32:35.490  1283  1325 I chatty  : uid=1000(system) Binder:1283_1 expire 4 lines
04-29 14:32:35.715  1283  1491 I chatty  : uid=1000(system) android.display expire 3 lines
04-29 14:32:42.022  1283  1397 I chatty  : uid=1000(system) android.ui expire 8 lines
04-29 14:32:42.024  1283  1283 I chatty  : uid=1000 system_server expire 2 lines
04-29 14:32:42.027  1283  1905 I chatty  : uid=1000(system) ColorBalanceThr expire 2 lines
04-29 14:32:42.104  1283  3040 I chatty  : uid=1000(system) Binder:1283_F expire 2 lines
04-29 14:32:42.131  1006  1154 D QMI_FW  : chen-screen on: is_screen_off = 0 
04-29 14:32:42.134  1104  1159 D QMI_FW  : chen-screen on: is_screen_off = 0 
