04-29 16:15:35.057  1283  1897 D ConnectivityService:  sending notification for NetworkRequest [ LISTEN id=8, [] ]
04-29 16:15:35.065  1283  1897 D ConnectivityService: sending notification CAP_CHANGED for NetworkRequest [ LISTEN id=8, [] ]
04-29 16:15:35.068  1283  1897 D ConnectivityService:  sending notification for NetworkRequest [ LISTEN id=31, [ Capabilities: INTERNET&NOT_RESTRICTED&TRUSTED&NOT_VPN] ]
04-29 16:15:35.069  1283  1897 D ConnectivityService: sending notification CAP_CHANGED for NetworkRequest [ LISTEN id=31, [ Capabilities: INTERNET&NOT_RESTRICTED&TRUSTED&NOT_VPN] ]
04-29 16:15:35.069  1283  1897 D ConnectivityService:  sending notification for NetworkRequest [ LISTEN id=57, [ Capabilities: INTERNET&NOT_RESTRICTED&TRUSTED] ]
04-29 16:15:35.070  1283  1897 D ConnectivityService: sending notification CAP_CHANGED for NetworkRequest [ LISTEN id=57, [ Capabilities: INTERNET&NOT_RESTRICTED&TRUSTED] ]
04-29 16:15:35.070  1283  1897 D ConnectivityService:  sending notification for NetworkRequest [ LISTEN id=58, [ Capabilities: INTERNET&NOT_RESTRICTED&TRUSTED] ]
04-29 16:15:35.070  1283  1897 D ConnectivityService: sending notification CAP_CHANGED for NetworkRequest [ LISTEN id=58, [ Capabilities: INTERNET&NOT_RESTRICTED&TRUSTED] ]
04-29 16:15:35.071  1283  1897 D ConnectivityService:  sending notification for NetworkRequest [ LISTEN id=334, [ Capabilities: INTERNET&NOT_RESTRICTED&TRUSTED] ]
04-29 16:15:35.071  1283  1897 D ConnectivityService: sending notification CAP_CHANGED for NetworkRequest [ LISTEN id=334, [ Capabilities: INTERNET&NOT_RESTRICTED&TRUSTED] ]
04-29 16:15:35.071  1283  1897 D ConnectivityService:  sending notification for NetworkRequest [ LISTEN id=949, [ Capabilities: INTERNET&NOT_RESTRICTED&TRUSTED&NOT_VPN&FOREGROUND] ]
04-29 16:15:35.071  1283  1897 D ConnectivityService: sending notification CAP_CHANGED for NetworkRequest [ LISTEN id=949, [ Capabilities: INTERNET&NOT_RESTRICTED&TRUSTED&NOT_VPN&FOREGROUND] ]
04-29 16:15:35.074  1283  1897 D ConnectivityService:  sending notification for NetworkRequest [ LISTEN id=1442, [ Capabilities: INTERNET&NOT_RESTRICTED&TRUSTED] ]
04-29 16:15:35.074  1283  1897 D ConnectivityService: sending notification CAP_CHANGED for NetworkRequest [ LISTEN id=1442, [ Capabilities: INTERNET&NOT_RESTRICTED&TRUSTED] ]
04-29 16:15:35.074  1283  1897 D ConnectivityService:  sending notification for NetworkRequest [ LISTEN id=1443, [ Capabilities: INTERNET&NOT_RESTRICTED&TRUSTED] ]
04-29 16:15:35.075  1283  1897 D ConnectivityService: sending notification CAP_CHANGED for NetworkRequest [ LISTEN id=1443, [ Capabilities: INTERNET&NOT_RESTRICTED&TRUSTED] ]
04-29 16:15:35.076  1283  1897 D ConnectivityService:  sending notification for NetworkRequest [ LISTEN id=1444, [ Capabilities: INTERNET&NOT_RESTRICTED&TRUSTED&FOREGROUND] ]
04-29 16:15:35.076  1283  1897 D ConnectivityService: sending notification CAP_CHANGED for NetworkRequest [ LISTEN id=1444, [ Capabilities: INTERNET&NOT_RESTRICTED&TRUSTED&FOREGROUND] ]
04-29 16:15:35.077  1283  1897 D ConnectivityService:  sending notification for NetworkRequest [ LISTEN id=1445, [ Capabilities: INTERNET&NOT_RESTRICTED&TRUSTED&FOREGROUND] ]
04-29 16:15:35.077  1283  1897 D ConnectivityService: sending notification CAP_CHANGED for NetworkRequest [ LISTEN id=1445, [ Capabilities: INTERNET&NOT_RESTRICTED&TRUSTED&FOREGROUND] ]
04-29 16:15:35.077  1283  1897 D ConnectivityService:  sending notification for NetworkRequest [ LISTEN id=1477, [ Capabilities: INTERNET&NOT_RESTRICTED&TRUSTED&NOT_VPN&FOREGROUND] ]
04-29 16:15:35.077  1283  1897 D ConnectivityService: sending notification CAP_CHANGED for NetworkRequest [ LISTEN id=1477, [ Capabilities: INTERNET&NOT_RESTRICTED&TRUSTED&NOT_VPN&FOREGROUND] ]
04-29 16:15:35.078  1283  1897 D ConnectivityService:  sending notification for NetworkRequest [ LISTEN id=1484, [ Capabilities: INTERNET&NOT_RESTRICTED&TRUSTED] ]
04-29 16:15:35.078  1283  1897 D ConnectivityService: sending notification CAP_CHANGED for NetworkRequest [ LISTEN id=1484, [ Capabilities: INTERNET&NOT_RESTRICTED&TRUSTED] ]
04-29 16:15:35.078  1283  1897 D ConnectivityService:  sending notification for NetworkRequest [ LISTEN id=1485, [ Capabilities: INTERNET&NOT_RESTRICTED&TRUSTED&FOREGROUND] ]
04-29 16:15:35.079  1283  1897 D ConnectivityService: sending notification CAP_CHANGED for NetworkRequest [ LISTEN id=1485, [ Capabilities: INTERNET&NOT_RESTRICTED&TRUSTED&FOREGROUND] ]
04-29 16:15:35.629  1983  2144 I NetworkController.MobileSignalController(4):  showDisableIcon:false
04-29 16:15:35.631  1983  2144 I NetworkController.MobileSignalController(3):  showDisableIcon:false
04-29 16:15:38.004  1283  1396 I ActivityManager: Start proc 4780:com.nianticproject.scout/u0a171 for service com.nianticproject.scout/com.google.android.apps.scout.services.NotificationService
04-29 16:15:38.062  1283  1897 D ConnectivityService: notifyType CAP_CHANGED for NetworkAgentInfo [WIFI () - 150]
04-29 16:15:38.062  1283  1897 D ConnectivityService:  sending notification for NetworkRequest [ REQUEST id=1, [ Capabilities: INTERNET&NOT_RESTRICTED&TRUSTED&NOT_VPN] ]
04-29 16:15:38.062  1283  1897 D ConnectivityService:  sending notification for NetworkRequest [ TRACK_DEFAULT id=3, [ Capabilities: INTERNET&NOT_RESTRICTED&TRUSTED&NOT_VPN] ]
04-29 16:15:38.062  1283  1897 D ConnectivityService: sending notification CAP_CHANGED for NetworkRequest [ TRACK_DEFAULT id=3, [ Capabilities: INTERNET&NOT_RESTRICTED&TRUSTED&NOT_VPN] ]
04-29 16:15:38.062  1283  1897 D ConnectivityService:  sending notification for NetworkRequest [ LISTEN id=4, [ Transports: CELLULAR|WIFI Capabilities: NOT_RESTRICTED&TRUSTED&NOT_VPN] ]
04-29 16:15:38.062  1283  1897 D ConnectivityService: sending notification CAP_CHANGED for NetworkRequest [ LISTEN id=4, [ Transports: CELLULAR|WIFI Capabilities: NOT_RESTRICTED&TRUSTED&NOT_VPN] ]
04-29 16:15:38.062  1283  1897 D ConnectivityService:  sending notification for NetworkRequest [ LISTEN id=5, [ Transports: WIFI Capabilities: INTERNET&NOT_RESTRICTED&TRUSTED&NOT_VPN] ]
04-29 16:15:38.063  1283  1897 D ConnectivityService: sending notification CAP_CHANGED for NetworkRequest [ LISTEN id=5, [ Transports: WIFI Capabilities: INTERNET&NOT_RESTRICTED&TRUSTED&NOT_VPN] ]
04-29 16:15:38.063  1283  1897 D ConnectivityService:  sending notification for NetworkRequest [ TRACK_DEFAULT id=7, [ Capabilities: INTERNET&NOT_RESTRICTED&TRUSTED&NOT_VPN] ]
04-29 16:15:38.064  1283  1897 D ConnectivityService: sending notification CAP_CHANGED for NetworkRequest [ TRACK_DEFAULT id=7, [ Capabilities: INTERNET&NOT_RESTRICTED&TRUSTED&NOT_VPN] ]
04-29 16:15:38.064  1283  1897 D ConnectivityService:  sending notification for NetworkRequest [ LISTEN id=8, [] ]
04-29 16:15:38.064  1283  1897 D ConnectivityService: sending notification CAP_CHANGED for NetworkRequest [ LISTEN id=8, [] ]
04-29 16:15:38.065  1283  1897 D ConnectivityService:  sending notification for NetworkRequest [ LISTEN id=31, [ Capabilities: INTERNET&NOT_RESTRICTED&TRUSTED&NOT_VPN] ]
04-29 16:15:38.065  1283  1897 D ConnectivityService: sending notification CAP_CHANGED for NetworkRequest [ LISTEN id=31, [ Capabilities: INTERNET&NOT_RESTRICTED&TRUSTED&NOT_VPN] ]
04-29 16:15:38.065  1283  1897 D ConnectivityService:  sending notification for NetworkRequest [ LISTEN id=57, [ Capabilities: INTERNET&NOT_RESTRICTED&TRUSTED] ]
04-29 16:15:38.065  1283  1897 D ConnectivityService: sending notification CAP_CHANGED for NetworkRequest [ LISTEN id=57, [ Capabilities: INTERNET&NOT_RESTRICTED&TRUSTED] ]
04-29 16:15:38.066  1283  1897 D ConnectivityService:  sending notification for NetworkRequest [ LISTEN id=58, [ Capabilities: INTERNET&NOT_RESTRICTED&TRUSTED] ]
04-29 16:15:38.066  1283  1897 D ConnectivityService: sending notification CAP_CHANGED for NetworkRequest [ LISTEN id=58, [ Capabilities: INTERNET&NOT_RESTRICTED&TRUSTED] ]
04-29 16:15:38.066  1283  1897 D ConnectivityService:  sending notification for NetworkRequest [ LISTEN id=334, [ Capabilities: INTERNET&NOT_RESTRICTED&TRUSTED] ]
04-29 16:15:38.067  1283  1897 D ConnectivityService: sending notification CAP_CHANGED for NetworkRequest [ LISTEN id=334, [ Capabilities: INTERNET&NOT_RESTRICTED&TRUSTED] ]
04-29 16:15:38.067  1283  1897 D ConnectivityService:  sending notification for NetworkRequest [ LISTEN id=949, [ Capabilities: INTERNET&NOT_RESTRICTED&TRUSTED&NOT_VPN&FOREGROUND] ]
04-29 16:15:38.067  1283  1897 D ConnectivityService: sending notification CAP_CHANGED for NetworkRequest [ LISTEN id=949, [ Capabilities: INTERNET&NOT_RESTRICTED&TRUSTED&NOT_VPN&FOREGROUND] ]
04-29 16:15:38.067  1283  1897 D ConnectivityService:  sending notification for NetworkRequest [ LISTEN id=1442, [ Capabilities: INTERNET&NOT_RESTRICTED&TRUSTED] ]
04-29 16:15:38.068  1283  1897 D ConnectivityService: sending notification CAP_CHANGED for NetworkRequest [ LISTEN id=1442, [ Capabilities: INTERNET&NOT_RESTRICTED&TRUSTED] ]
04-29 16:15:38.068  1283  1897 D ConnectivityService:  sending notification for NetworkRequest [ LISTEN id=1443, [ Capabilities: INTERNET&NOT_RESTRICTED&TRUSTED] ]
04-29 16:15:38.068  1283  1897 D ConnectivityService: sending notification CAP_CHANGED for NetworkRequest [ LISTEN id=1443, [ Capabilities: INTERNET&NOT_RESTRICTED&TRUSTED] ]
04-29 16:15:38.068  1283  1897 D ConnectivityService:  sending notification for NetworkRequest [ LISTEN id=1444, [ Capabilities: INTERNET&NOT_RESTRICTED&TRUSTED&FOREGROUND] ]
04-29 16:15:38.069  1283  1897 D ConnectivityService: sending notification CAP_CHANGED for NetworkRequest [ LISTEN id=1444, [ Capabilities: INTERNET&NOT_RESTRICTED&TRUSTED&FOREGROUND] ]
04-29 16:15:38.070  2159  2250 I QCNEJ/CndHalConnector: -> SND notifyWifiStatusChanged(RatInfo{type=1, subType=101, state=CONNECTED, v4=IfaceAddrPair{iface=wlan0, addr=10.157.14.202}, v6=IfaceAddrPair{iface=, addr=}, timestamp=2019-04-29 16:15:38.07, isAndroidValidated=true, netHandle=644261530334, slotIdx=0} WifiInfo{freq=TWO_GHz, state=3, ssid=asu, bssid=e8:65:49:b8:3a:1f, dns=[129.219.17.200, 129.219.17.5, 0.0.0.0, 0.0.0.0, ]})
04-29 16:15:38.071  1283  1897 D ConnectivityService:  sending notification for NetworkRequest [ LISTEN id=1445, [ Capabilities: INTERNET&NOT_RESTRICTED&TRUSTED&FOREGROUND] ]
04-29 16:15:38.071  1283  1897 D ConnectivityService: sending notification CAP_CHANGED for NetworkRequest [ LISTEN id=1445, [ Capabilities: INTERNET&NOT_RESTRICTED&TRUSTED&FOREGROUND] ]
04-29 16:15:38.071  1283  1897 D ConnectivityService:  sending notification for NetworkRequest [ LISTEN id=1477, [ Capabilities: INTERNET&NOT_RESTRICTED&TRUSTED&NOT_VPN&FOREGROUND] ]
04-29 16:15:38.073  1283  1897 D ConnectivityService: sending notification CAP_CHANGED for NetworkRequest [ LISTEN id=1477, [ Capabilities: INTERNET&NOT_RESTRICTED&TRUSTED&NOT_VPN&FOREGROUND] ]
04-29 16:15:38.073  1283  1897 D ConnectivityService:  sending notification for NetworkRequest [ LISTEN id=1484, [ Capabilities: INTERNET&NOT_RESTRICTED&TRUSTED] ]
04-29 16:15:38.073  1283  1897 D ConnectivityService: sending notification CAP_CHANGED for NetworkRequest [ LISTEN id=1484, [ Capabilities: INTERNET&NOT_RESTRICTED&TRUSTED] ]
04-29 16:15:38.074  1283  1897 D ConnectivityService:  sending notification for NetworkRequest [ LISTEN id=1485, [ Capabilities: INTERNET&NOT_RESTRICTED&TRUSTED&FOREGROUND] ]
04-29 16:15:38.074  1283  1897 D ConnectivityService: sending notification CAP_CHANGED for NetworkRequest [ LISTEN id=1485, [ Capabilities: INTERNET&NOT_RESTRICTED&TRUSTED&FOREGROUND] ]
04-29 16:15:38.101  4780  4780 V Font    : Change font:2
04-29 16:15:38.181  1983  2144 I NetworkController.MobileSignalController(3):  showDisableIcon:false
04-29 16:15:40.409  1283  3047 D WificondControl: Scan result ready event
04-29 16:15:40.416  1021  2040 I LOWI-8.5.0.1: [LOWI-Scan] lowi_close_record:Scan completed in 278976700ms and Recieved 31 APs scan results
04-29 16:15:40.432  1283  1396 W BroadcastQueue: Background execution not allowed: receiving Intent { act=android.net.wifi.SCAN_RESULTS flg=0x4000010 (has extras) } to com.jio.myjio/.jionet.receiver.WifiScanReceiver
04-29 16:15:40.471  1283  3513 D NpProxy : handleMessage what - 4
04-29 16:15:40.472  1283  3513 D NpProxy : Location: Location[network 33.420002,-111.930638 hAcc=24 et=+3d5h30m0s985ms alt=329.79998779296875 vAcc=4 sAcc=??? bAcc=??? {Bundle[{networkLocationType=wifi, noGPSLocation=Location[network 33.420002,-111.930638 hAcc=24 et=+3d5h30m0s985ms alt=329.79998779296875 vAcc=4 sAcc=??? bAcc=??? {Bundle[mParcelledData.dataSize=68]}]}]}]
04-29 16:15:40.472  1283  3513 V LocSvc_HIDL_OsNpGlue_jni: [onJavaLocationChanged][159] [HC] =>> [HS]
04-29 16:15:40.472  1007  1007 V LocSvc_HIDL_IzatOsNpGlue: [locationChanged][33] [HS] <<<<= [HC]
04-29 16:15:40.473  1007  2118 E IzatSvc_ComboNetworkProvider: Exiting with error proc line 208 "1"
04-29 16:15:40.495  2510  6503 I Places  : Converted 31 out of 31 WiFi scans
04-29 16:15:40.518  1283  1396 I ActivityManager: Start proc 4814:com.walmart.android/u0a229 for broadcast com.walmart.android/com.onradar.sdk._RadarReceiver
04-29 16:15:40.520  4814  4814 W zygote  : Using default instruction set features for ARM CPU variant (cortex-a9) using conservative defaults
04-29 16:15:40.548  4780  4830 D NetworkSecurityConfig: No Network Security Config specified, using platform default
04-29 16:15:40.562  2510  3208 I GCoreUlr: Successfully inserted 1 locations
04-29 16:15:40.576  2510  2510 W ChimeraUtils: Non Chimera context
04-29 16:15:40.576  2510  2510 W ChimeraUtils: Non Chimera context
04-29 16:15:40.709  4814  4814 I MultiDex: VM with version 2.1.0 has multidex support
04-29 16:15:40.710  4814  4814 I MultiDex: Installing application
04-29 16:15:40.710  4814  4814 I MultiDex: VM has multidex support, MultiDex support library is disabled.
04-29 16:15:40.727  4814  4814 I FirebaseInitProvider: FirebaseApp initialization unsuccessful
04-29 16:15:40.766  4814  4814 I MarketingInitProvider: Failed to auto initialize the Marketing SDK
04-29 16:15:40.766  4814  4814 I MarketingInitProvider: A valid Facebook app id must be set in the AndroidManifest.xml or set by calling FacebookSdk.setApplicationId before initializing the sdk.
04-29 16:15:40.766  4814  4814 I MarketingInitProvider: 	at com.facebook.FacebookSdk.sdkInitialize(FacebookSdk.java:276)
04-29 16:15:40.766  4814  4814 I MarketingInitProvider: 	at com.facebook.marketing.internal.MarketingInitProvider.onCreate(MarketingInitProvider.java:42)
04-29 16:15:40.766  4814  4814 I MarketingInitProvider: 	at android.content.ContentProvider.attachInfo(ContentProvider.java:1997)
04-29 16:15:40.766  4814  4814 I MarketingInitProvider: 	at android.content.ContentProvider.attachInfo(ContentProvider.java:1972)
04-29 16:15:40.766  4814  4814 I MarketingInitProvider: 	at android.app.ActivityThread.installProvider(ActivityThread.java:6534)
04-29 16:15:40.766  4814  4814 I MarketingInitProvider: 	at android.app.ActivityThread.installContentProviders(ActivityThread.java:6083)
04-29 16:15:40.766  4814  4814 I MarketingInitProvider: 	at android.app.ActivityThread.handleBindApplication(ActivityThread.java:6004)
04-29 16:15:40.766  4814  4814 I MarketingInitProvider: 	at android.app.ActivityThread.-wrap1(Unknown Source:0)
04-29 16:15:40.766  4814  4814 I MarketingInitProvider: 	at android.app.ActivityThread$H.handleMessage(ActivityThread.java:1756)
04-29 16:15:40.766  4814  4814 I MarketingInitProvider: 	at android.os.Handler.dispatchMessage(Handler.java:105)
04-29 16:15:40.766  4814  4814 I MarketingInitProvider: 	at android.os.Looper.loop(Looper.java:164)
04-29 16:15:40.766  4814  4814 I MarketingInitProvider: 	at android.app.ActivityThread.main(ActivityThread.java:6798)
04-29 16:15:40.766  4814  4814 I MarketingInitProvider: 	at java.lang.reflect.Method.invoke(Native Method)
04-29 16:15:40.766  4814  4814 I MarketingInitProvider: 	at com.android.internal.os.Zygote$MethodAndArgsCaller.run(Zygote.java:240)
04-29 16:15:40.766  4814  4814 I MarketingInitProvider: 	at com.android.internal.os.ZygoteInit.main(ZygoteInit.java:767)
04-29 16:15:40.775  4814  4814 I FacebookInitProvider: Failed to auto initialize the Facebook SDK
04-29 16:15:40.775  4814  4814 I FacebookInitProvider: A valid Facebook app id must be set in the AndroidManifest.xml or set by calling FacebookSdk.setApplicationId before initializing the sdk.
04-29 16:15:40.775  4814  4814 I FacebookInitProvider: 	at com.facebook.FacebookSdk.sdkInitialize(FacebookSdk.java:276)
04-29 16:15:40.775  4814  4814 I FacebookInitProvider: 	at com.facebook.FacebookSdk.sdkInitialize(FacebookSdk.java:232)
04-29 16:15:40.775  4814  4814 I FacebookInitProvider: 	at com.facebook.internal.FacebookInitProvider.onCreate(FacebookInitProvider.java:20)
04-29 16:15:40.775  4814  4814 I FacebookInitProvider: 	at android.content.ContentProvider.attachInfo(ContentProvider.java:1997)
04-29 16:15:40.775  4814  4814 I FacebookInitProvider: 	at android.content.ContentProvider.attachInfo(ContentProvider.java:1972)
04-29 16:15:40.775  4814  4814 I FacebookInitProvider: 	at android.app.ActivityThread.installProvider(ActivityThread.java:6534)
04-29 16:15:40.775  4814  4814 I FacebookInitProvider: 	at android.app.ActivityThread.installContentProviders(ActivityThread.java:6083)
04-29 16:15:40.775  4814  4814 I FacebookInitProvider: 	at android.app.ActivityThread.handleBindApplication(ActivityThread.java:6004)
04-29 16:15:40.775  4814  4814 I FacebookInitProvider: 	at android.app.ActivityThread.-wrap1(Unknown Source:0)
04-29 16:15:40.775  4814  4814 I FacebookInitProvider: 	at android.app.ActivityThread$H.handleMessage(ActivityThread.java:1756)
04-29 16:15:40.775  4814  4814 I FacebookInitProvider: 	at android.os.Handler.dispatchMessage(Handler.java:105)
04-29 16:15:40.775  4814  4814 I FacebookInitProvider: 	at android.os.Looper.loop(Looper.java:164)
04-29 16:15:40.775  4814  4814 I FacebookInitProvider: 	at android.app.ActivityThread.main(ActivityThread.java:6798)
04-29 16:15:40.775  4814  4814 I FacebookInitProvider: 	at java.lang.reflect.Method.invoke(Native Method)
04-29 16:15:40.775  4814  4814 I FacebookInitProvider: 	at com.android.internal.os.Zygote$MethodAndArgsCaller.run(Zygote.java:240)
04-29 16:15:40.775  4814  4814 I FacebookInitProvider: 	at com.android.internal.os.ZygoteInit.main(ZygoteInit.java:767)
04-29 16:15:40.784  4814  4814 E Urban Airship Autopilot: Class not found: com.mparticle.kits.MParticleAutopilot
04-29 16:15:40.808  4814  4814 V Font    : Change font:2
04-29 16:15:40.885  4814  4814 I CrashlyticsCore: Initializing Crashlytics 2.3.8.97
04-29 16:15:40.955  4814  4838 D NetworkSecurityConfig: No Network Security Config specified, using platform default
04-29 16:15:40.956  4814  4838 I DpmTcmClient: RegisterTcmMonitor from: com.android.okhttp.TcmIdleTimerMonitor
04-29 16:15:41.031  4814  4814 D RviDataSource: deleteAllButLastEntries: deleted 0 rows
04-29 16:15:41.044  4814  4814 W Java7Support: Unable to load JDK7 types (annotations, java.nio.file.Path): no Java7 support added
04-29 16:15:41.075  1283  1897 D ConnectivityService: notifyType CAP_CHANGED for NetworkAgentInfo [WIFI () - 150]
04-29 16:15:41.075  1283  1897 D ConnectivityService:  sending notification for NetworkRequest [ REQUEST id=1, [ Capabilities: INTERNET&NOT_RESTRICTED&TRUSTED&NOT_VPN] ]
04-29 16:15:41.075  1283  1897 D ConnectivityService:  sending notification for NetworkRequest [ TRACK_DEFAULT id=3, [ Capabilities: INTERNET&NOT_RESTRICTED&TRUSTED&NOT_VPN] ]
04-29 16:15:41.075  4814  4814 D SharedJackson2Converter: new objectMapper
04-29 16:15:41.075  1283  1897 D ConnectivityService: sending notification CAP_CHANGED for NetworkRequest [ TRACK_DEFAULT id=3, [ Capabilities: INTERNET&NOT_RESTRICTED&TRUSTED&NOT_VPN] ]
04-29 16:15:41.076  1283  1897 D ConnectivityService:  sending notification for NetworkRequest [ LISTEN id=4, [ Transports: CELLULAR|WIFI Capabilities: NOT_RESTRICTED&TRUSTED&NOT_VPN] ]
04-29 16:15:41.076  1283  1897 D ConnectivityService: sending notification CAP_CHANGED for NetworkRequest [ LISTEN id=4, [ Transports: CELLULAR|WIFI Capabilities: NOT_RESTRICTED&TRUSTED&NOT_VPN] ]
04-29 16:15:41.076  1283  1897 D ConnectivityService:  sending notification for NetworkRequest [ LISTEN id=5, [ Transports: WIFI Capabilities: INTERNET&NOT_RESTRICTED&TRUSTED&NOT_VPN] ]
04-29 16:15:41.076  1283  1897 D ConnectivityService: sending notification CAP_CHANGED for NetworkRequest [ LISTEN id=5, [ Transports: WIFI Capabilities: INTERNET&NOT_RESTRICTED&TRUSTED&NOT_VPN] ]
04-29 16:15:41.077  2159  2250 I QCNEJ/CndHalConnector: -> SND notifyWifiStatusChanged(RatInfo{type=1, subType=101, state=CONNECTED, v4=IfaceAddrPair{iface=wlan0, addr=10.157.14.202}, v6=IfaceAddrPair{iface=, addr=}, timestamp=2019-04-29 16:15:41.077, isAndroidValidated=true, netHandle=644261530334, slotIdx=0} WifiInfo{freq=TWO_GHz, state=3, ssid=asu, bssid=e8:65:49:b8:3a:1f, dns=[129.219.17.200, 129.219.17.5, 0.0.0.0, 0.0.0.0, ]})
04-29 16:15:41.084  1283  1897 D ConnectivityService:  sending notification for NetworkRequest [ TRACK_DEFAULT id=7, [ Capabilities: INTERNET&NOT_RESTRICTED&TRUSTED&NOT_VPN] ]
04-29 16:15:41.084  1283  1897 D ConnectivityService: sending notification CAP_CHANGED for NetworkRequest [ TRACK_DEFAULT id=7, [ Capabilities: INTERNET&NOT_RESTRICTED&TRUSTED&NOT_VPN] ]
04-29 16:15:41.084  1283  1897 D ConnectivityService:  sending notification for NetworkRequest [ LISTEN id=8, [] ]
04-29 16:15:41.084  1283  1897 D ConnectivityService: sending notification CAP_CHANGED for NetworkRequest [ LISTEN id=8, [] ]
04-29 16:15:41.085  1283  1897 D ConnectivityService:  sending notification for NetworkRequest [ LISTEN id=31, [ Capabilities: INTERNET&NOT_RESTRICTED&TRUSTED&NOT_VPN] ]
04-29 16:15:41.085  1283  1897 D ConnectivityService: sending notification CAP_CHANGED for NetworkRequest [ LISTEN id=31, [ Capabilities: INTERNET&NOT_RESTRICTED&TRUSTED&NOT_VPN] ]
04-29 16:15:41.085  1283  1897 D ConnectivityService:  sending notification for NetworkRequest [ LISTEN id=57, [ Capabilities: INTERNET&NOT_RESTRICTED&TRUSTED] ]
04-29 16:15:41.085  1283  1897 D ConnectivityService: sending notification CAP_CHANGED for NetworkRequest [ LISTEN id=57, [ Capabilities: INTERNET&NOT_RESTRICTED&TRUSTED] ]
04-29 16:15:41.086  1283  1897 D ConnectivityService:  sending notification for NetworkRequest [ LISTEN id=58, [ Capabilities: INTERNET&NOT_RESTRICTED&TRUSTED] ]
04-29 16:15:41.086  1283  1897 D ConnectivityService: sending notification CAP_CHANGED for NetworkRequest [ LISTEN id=58, [ Capabilities: INTERNET&NOT_RESTRICTED&TRUSTED] ]
04-29 16:15:41.086  1283  1897 D ConnectivityService:  sending notification for NetworkRequest [ LISTEN id=334, [ Capabilities: INTERNET&NOT_RESTRICTED&TRUSTED] ]
04-29 16:15:41.086  1283  1897 D ConnectivityService: sending notification CAP_CHANGED for NetworkRequest [ LISTEN id=334, [ Capabilities: INTERNET&NOT_RESTRICTED&TRUSTED] ]
04-29 16:15:41.087  1283  1897 D ConnectivityService:  sending notification for NetworkRequest [ LISTEN id=949, [ Capabilities: INTERNET&NOT_RESTRICTED&TRUSTED&NOT_VPN&FOREGROUND] ]
04-29 16:15:41.087  1283  1897 D ConnectivityService: sending notification CAP_CHANGED for NetworkRequest [ LISTEN id=949, [ Capabilities: INTERNET&NOT_RESTRICTED&TRUSTED&NOT_VPN&FOREGROUND] ]
04-29 16:15:41.087  1283  1897 D ConnectivityService:  sending notification for NetworkRequest [ LISTEN id=1442, [ Capabilities: INTERNET&NOT_RESTRICTED&TRUSTED] ]
04-29 16:15:41.087  1283  1897 D ConnectivityService: sending notification CAP_CHANGED for NetworkRequest [ LISTEN id=1442, [ Capabilities: INTERNET&NOT_RESTRICTED&TRUSTED] ]
04-29 16:15:41.088  1283  1897 D ConnectivityService:  sending notification for NetworkRequest [ LISTEN id=1443, [ Capabilities: INTERNET&NOT_RESTRICTED&TRUSTED] ]
04-29 16:15:41.088  1283  1897 D ConnectivityService: sending notification CAP_CHANGED for NetworkRequest [ LISTEN id=1443, [ Capabilities: INTERNET&NOT_RESTRICTED&TRUSTED] ]
04-29 16:15:41.088  1283  1897 D ConnectivityService:  sending notification for NetworkRequest [ LISTEN id=1444, [ Capabilities: INTERNET&NOT_RESTRICTED&TRUSTED&FOREGROUND] ]
04-29 16:15:41.088  1283  1897 D ConnectivityService: sending notification CAP_CHANGED for NetworkRequest [ LISTEN id=1444, [ Capabilities: INTERNET&NOT_RESTRICTED&TRUSTED&FOREGROUND] ]
04-29 16:15:41.089  1283  1897 D ConnectivityService:  sending notification for NetworkRequest [ LISTEN id=1445, [ Capabilities: INTERNET&NOT_RESTRICTED&TRUSTED&FOREGROUND] ]
04-29 16:15:41.089  1283  1897 D ConnectivityService: sending notification CAP_CHANGED for NetworkRequest [ LISTEN id=1445, [ Capabilities: INTERNET&NOT_RESTRICTED&TRUSTED&FOREGROUND] ]
04-29 16:15:41.089  1283  1897 D ConnectivityService:  sending notification for NetworkRequest [ LISTEN id=1477, [ Capabilities: INTERNET&NOT_RESTRICTED&TRUSTED&NOT_VPN&FOREGROUND] ]
04-29 16:15:41.089  1283  1897 D ConnectivityService: sending notification CAP_CHANGED for NetworkRequest [ LISTEN id=1477, [ Capabilities: INTERNET&NOT_RESTRICTED&TRUSTED&NOT_VPN&FOREGROUND] ]
04-29 16:15:41.090  1283  1897 D ConnectivityService:  sending notification for NetworkRequest [ LISTEN id=1484, [ Capabilities: INTERNET&NOT_RESTRICTED&TRUSTED] ]
04-29 16:15:41.090  1283  1897 D ConnectivityService: sending notification CAP_CHANGED for NetworkRequest [ LISTEN id=1484, [ Capabilities: INTERNET&NOT_RESTRICTED&TRUSTED] ]
04-29 16:15:41.090  1283  1897 D ConnectivityService:  sending notification for NetworkRequest [ LISTEN id=1485, [ Capabilities: INTERNET&NOT_RESTRICTED&TRUSTED&FOREGROUND] ]
04-29 16:15:41.090  1283  1897 D ConnectivityService: sending notification CAP_CHANGED for NetworkRequest [ LISTEN id=1485, [ Capabilities: INTERNET&NOT_RESTRICTED&TRUSTED&FOREGROUND] ]
04-29 16:15:41.472   896   999 I ThermalEngine: Monitor : quiet_therm = 36, msm_therm = 36, ufs_therm = 36, battery_therm = 326,current_now = -1000000 
04-29 16:15:41.903  4814  4814 I WebViewFactory: Loading com.android.chrome version 71.0.3578.99 (code 357809952)
04-29 16:15:41.994  4814  4814 I cr_LibraryLoader: Time to load native libraries: 8 ms (timestamps 2798-2806)
04-29 16:15:42.025  4814  4814 I chromium: [INFO:library_loader_hooks.cc(36)] Chromium logging enabled: level = 0, default verbosity = 0
04-29 16:15:42.026  4814  4814 I cr_LibraryLoader: Expected native library version number "71.0.3578.99", actual native library version number "71.0.3578.99"
04-29 16:15:42.045  4814  4877 W cr_ChildProcLH: Create a new ChildConnectionAllocator with package name = com.android.chrome, sandboxed = true
04-29 16:15:42.059  4814  4814 I cr_BrowserStartup: Initializing chromium process, singleProcess=false
04-29 16:15:42.076  4880  4880 E /system/bin/webview_zygote32: failed to make and chown /acct/uid_99438: Permission denied
04-29 16:15:42.076  4880  4880 E Zygote  : createProcessGroup(99438, 0) failed: Permission denied
04-29 16:15:42.076  1283  3043 I ActivityManager: Start proc 4880:com.android.chrome:sandboxed_process0/u0i438 for webview_service com.walmart.android/org.chromium.content.app.SandboxedProcessService0
04-29 16:15:42.085  4880  4880 W /system/bin/webview_zygote32: Using default instruction set features for ARM CPU variant (cortex-a9) using conservative defaults
04-29 16:15:42.121  4880  4880 I SamplingProfilerIntegration: Profiling disabled.
04-29 16:15:42.134  4901  4901 W Zygote  : child_detach_binder close binder 
04-29 16:15:42.161  4901  4901 E asset   : setgid: Operation not permitted
04-29 16:15:42.217  1283  3043 D ConnectivityService: listenForNetwork for uid/pid:10229/4814 NetworkRequest [ LISTEN id=1486, [ Capabilities: INTERNET&NOT_RESTRICTED&TRUSTED&FOREGROUND] ]
04-29 16:15:42.218  1283  1897 D ConnectivityService: rematching NetworkAgentInfo [WIFI () - 150]
04-29 16:15:42.218  1283  1897 D ConnectivityService:  network has: [ Transports: WIFI Capabilities: NOT_METERED&INTERNET&NOT_RESTRICTED&TRUSTED&NOT_VPN&VALIDATED&FOREGROUND LinkUpBandwidth>=1048576Kbps LinkDnBandwidth>=1048576Kbps SignalStrength: -64]
04-29 16:15:42.219  1283  1897 D ConnectivityService: sending notification AVAILABLE for NetworkRequest [ LISTEN id=1486, [ Capabilities: INTERNET&NOT_RESTRICTED&TRUSTED&FOREGROUND] ]
04-29 16:15:42.219  1283  1897 D ConnectivityService: sending notification CAP_CHANGED for NetworkRequest [ LISTEN id=1486, [ Capabilities: INTERNET&NOT_RESTRICTED&TRUSTED&FOREGROUND] ]
04-29 16:15:42.219  1283  1897 D ConnectivityService: sending notification IP_CHANGED for NetworkRequest [ LISTEN id=1486, [ Capabilities: INTERNET&NOT_RESTRICTED&TRUSTED&FOREGROUND] ]
04-29 16:15:42.396  4880  4880 E Typeface: Error mapping font file /system/fonts/NotoSansKhmer-Regular.ttf
04-29 16:15:42.396  4880  4880 E Typeface: Error mapping font file /system/fonts/NotoSansKhmer-Bold.ttf
04-29 16:15:42.396  4880  4880 E Minikin : Could not get cmap table size!
04-29 16:15:42.396  4880  4880 E Typeface: Unable to load Family: null:und-Khmr
04-29 16:15:42.424  4880  4880 E Minikin : addFont failed to create font, invalid request
04-29 16:15:42.424  4880  4880 E Typeface: Error creating font /system/fonts/MYingHeiPRC-W4.ttf#2
04-29 16:15:42.424  4880  4880 E Minikin : Could not get cmap table size!
04-29 16:15:42.424  4880  4880 E Typeface: Unable to load Family: null:zh-Hans
04-29 16:15:42.424  4880  4880 E Minikin : addFont failed to create font, invalid request
04-29 16:15:42.424  4880  4880 E Typeface: Error creating font /system/fonts/MYingHeiPRC-W4.ttf#3
04-29 16:15:42.425  4880  4880 E Minikin : Could not get cmap table size!
04-29 16:15:42.425  4880  4880 E Typeface: Unable to load Family: null:zh-Hant
04-29 16:15:42.432  4880  4880 E Typeface: Error mapping font file /system/fonts/DroidSansFallback.ttf
04-29 16:15:42.432  4880  4880 E Minikin : Could not get cmap table size!
04-29 16:15:42.432  4880  4880 E Typeface: Unable to load Family: null:null
04-29 16:15:42.443  4880  4880 E Typeface: Error mapping font file /system/fonts/NotoSansCJKsc-Thin.otf
04-29 16:15:42.444  4880  4880 E Typeface: Error mapping font file /system/fonts/NotoSansCJKsc-Light.otf
04-29 16:15:42.445  4880  4880 E Typeface: Error mapping font file /system/fonts/NotoSansCJKsc-Regular.otf
04-29 16:15:42.446  4880  4880 E Typeface: Error mapping font file /system/fonts/NotoSansCJKsc-Medium.otf
04-29 16:15:42.448  4880  4880 E Typeface: Error mapping font file /system/fonts/NotoSansCJKsc-Bold.otf
04-29 16:15:42.449  4880  4880 E Typeface: Error mapping font file /system/fonts/NotoSansCJKsc-Black.otf
04-29 16:15:42.452  4880  4880 E Typeface: Error mapping font file /system/fonts/RobotoCondensed-Thin.ttf
04-29 16:15:42.478  4814  4916 D Walmart Channel ID: a79b4d49-7291-43b5-bd46-667652bcb629
04-29 16:15:42.556  4814  4814 E mParticle: Failed to get MParticle instance, getInstance() called prior to start().
04-29 16:15:42.599  4880  4880 V Font    : Change font:2
04-29 16:15:42.609  4880  4880 I cr_ChildProcessService: Creating new ChildProcessService pid=4880
04-29 16:15:42.618  1283  8416 D ConnectivityService: listenForNetwork for uid/pid:10229/4814 NetworkRequest [ LISTEN id=1487, [ Capabilities: INTERNET&NOT_RESTRICTED&TRUSTED&FOREGROUND] ]
04-29 16:15:42.619  1283  1897 D ConnectivityService: rematching NetworkAgentInfo [WIFI () - 150]
04-29 16:15:42.619  1283  1897 D ConnectivityService:  network has: [ Transports: WIFI Capabilities: NOT_METERED&INTERNET&NOT_RESTRICTED&TRUSTED&NOT_VPN&VALIDATED&FOREGROUND LinkUpBandwidth>=1048576Kbps LinkDnBandwidth>=1048576Kbps SignalStrength: -64]
04-29 16:15:42.619  1283  1897 D ConnectivityService: sending notification AVAILABLE for NetworkRequest [ LISTEN id=1487, [ Capabilities: INTERNET&NOT_RESTRICTED&TRUSTED&FOREGROUND] ]
04-29 16:15:42.619  1283  1897 D ConnectivityService: sending notification CAP_CHANGED for NetworkRequest [ LISTEN id=1487, [ Capabilities: INTERNET&NOT_RESTRICTED&TRUSTED&FOREGROUND] ]
04-29 16:15:42.620  1283  1897 D ConnectivityService: sending notification IP_CHANGED for NetworkRequest [ LISTEN id=1487, [ Capabilities: INTERNET&NOT_RESTRICTED&TRUSTED&FOREGROUND] ]
04-29 16:15:42.635  4814  4814 W ResourceType: No package identifier when getting value for resource number 0x00000000
04-29 16:15:42.786  4814  4814 D AppsFlyer_4.8.7: Initializing AppsFlyer SDK: (v4.8.7.364)
04-29 16:15:42.830  4814  4814 D ButtonKit: Received install referrer: utm_source=google-play&utm_medium=organic
04-29 16:15:42.930  4814  4814 W ResourceType: No package identifier when getting value for resource number 0x00000000
04-29 16:15:42.963  1283  1897 D ConnectivityService: releasing NetworkRequest [ LISTEN id=1486, [ Capabilities: INTERNET&NOT_RESTRICTED&TRUSTED&FOREGROUND] ] (CALLBACK_RELEASED)
04-29 16:15:42.964  1283  1897 D ConnectivityService: sending notification RELEASED for NetworkRequest [ LISTEN id=1486, [ Capabilities: INTERNET&NOT_RESTRICTED&TRUSTED&FOREGROUND] ]
04-29 16:15:42.940  4814  4814 W ResourceType: No package identifier when getting value for resource number 0x00000000
04-29 16:15:43.128  4780  4798 I GAV2    : Thread[GAThread,5,main]: No campaign data found.
04-29 16:15:43.199  4814  4814 W ResourceType: No package identifier when getting value for resource number 0x00000000
04-29 16:15:43.230  4814  4814 W ResourceType: No package identifier when getting value for resource number 0x00000000
04-29 16:15:43.285  4814  4947 E Volley  : [7285] BasicNetwork.performRequest: Unexpected response code 429 for https://api.radar.io/v1/users/5bf377226ef09a002cf633ca
04-29 16:15:43.294  1983  2144 I NetworkController.MobileSignalController(3):  showDisableIcon:false
04-29 16:15:43.296  1983  2144 I NetworkController.MobileSignalController(4):  showDisableIcon:false
04-29 16:15:43.379  2510  4018 V NativeCrypto: Read error: ssl=0x72c5e66248: I/O error during system call, Connection reset by peer
04-29 16:15:43.387  2510  4018 V NativeCrypto: SSL shutdown failed: ssl=0x72c5e66248: I/O error during system call, Broken pipe
04-29 16:15:43.390  2510  4018 E WakeLock: GCM_HB_ALARM release without a matched acquire!
04-29 16:15:43.391  2510  4018 W WakeLock: GCM_HB_ALARM counter does not exist
04-29 16:15:43.393  2510  4018 E GCM     : Connection closed with errorCode 20
04-29 16:15:43.396  1283  3043 D ConnectivityService: reportNetworkConnectivity(150, false) by 10010
04-29 16:15:43.397  1283 12378 D NetworkMonitor:  * ValidatedState * CMD_FORCE_REEVALUATION
04-29 16:15:43.397  1283 12378 D NetworkMonitor:  * DefaultState * CMD_FORCE_REEVALUATION
04-29 16:15:43.397  1283 12378 D NetworkMonitor/NetworkAgentInfo [WIFI () - 150]: Forcing reevaluation for UID 10010
04-29 16:15:43.398  1283 12378 D NetworkMonitor:  * EvaluatingState * CMD_REEVALUATE
04-29 16:15:43.399  1283 12378 D NetworkMonitor/NetworkAgentInfo [WIFI () - 150]: setupwizard is completed
04-29 16:15:43.400  1283 12378 D NetworkMonitor/NetworkAgentInfo [WIFI () - 150]: Validation disabled.
04-29 16:15:43.402  1283  1897 D ConnectivityService: NetworkAgentInfo [WIFI () - 150] validation passed
04-29 16:15:43.408  2510  4018 E WakeLock: GCM_CONN_ALARM release without a matched acquire!
04-29 16:15:43.408  2510  4018 W WakeLock: GCM_CONN_ALARM counter does not exist
04-29 16:15:44.099  1283  1897 D ConnectivityService: notifyType CAP_CHANGED for NetworkAgentInfo [WIFI () - 150]
04-29 16:15:44.099  1283  1897 D ConnectivityService:  sending notification for NetworkRequest [ REQUEST id=1, [ Capabilities: INTERNET&NOT_RESTRICTED&TRUSTED&NOT_VPN] ]
04-29 16:15:44.099  1283  1897 D ConnectivityService:  sending notification for NetworkRequest [ TRACK_DEFAULT id=3, [ Capabilities: INTERNET&NOT_RESTRICTED&TRUSTED&NOT_VPN] ]
04-29 16:15:44.100  1283  1897 D ConnectivityService: sending notification CAP_CHANGED for NetworkRequest [ TRACK_DEFAULT id=3, [ Capabilities: INTERNET&NOT_RESTRICTED&TRUSTED&NOT_VPN] ]
04-29 16:15:44.100  1283  1897 D ConnectivityService:  sending notification for NetworkRequest [ LISTEN id=4, [ Transports: CELLULAR|WIFI Capabilities: NOT_RESTRICTED&TRUSTED&NOT_VPN] ]
04-29 16:15:44.100  1283  1897 D ConnectivityService: sending notification CAP_CHANGED for NetworkRequest [ LISTEN id=4, [ Transports: CELLULAR|WIFI Capabilities: NOT_RESTRICTED&TRUSTED&NOT_VPN] ]
04-29 16:15:44.101  1283  1897 D ConnectivityService:  sending notification for NetworkRequest [ LISTEN id=5, [ Transports: WIFI Capabilities: INTERNET&NOT_RESTRICTED&TRUSTED&NOT_VPN] ]
04-29 16:15:44.101  1283  1897 D ConnectivityService: sending notification CAP_CHANGED for NetworkRequest [ LISTEN id=5, [ Transports: WIFI Capabilities: INTERNET&NOT_RESTRICTED&TRUSTED&NOT_VPN] ]
04-29 16:15:44.102  1283  1897 D ConnectivityService:  sending notification for NetworkRequest [ TRACK_DEFAULT id=7, [ Capabilities: INTERNET&NOT_RESTRICTED&TRUSTED&NOT_VPN] ]
04-29 16:15:44.103  2159  2250 I QCNEJ/CndHalConnector: -> SND notifyWifiStatusChanged(RatInfo{type=1, subType=101, state=CONNECTED, v4=IfaceAddrPair{iface=wlan0, addr=10.157.14.202}, v6=IfaceAddrPair{iface=, addr=}, timestamp=2019-04-29 16:15:44.102, isAndroidValidated=true, netHandle=644261530334, slotIdx=0} WifiInfo{freq=TWO_GHz, state=3, ssid=asu, bssid=e8:65:49:b8:3a:1f, dns=[129.219.17.200, 129.219.17.5, 0.0.0.0, 0.0.0.0, ]})
04-29 16:15:44.103  1283  1897 D ConnectivityService: sending notification CAP_CHANGED for NetworkRequest [ TRACK_DEFAULT id=7, [ Capabilities: INTERNET&NOT_RESTRICTED&TRUSTED&NOT_VPN] ]
04-29 16:15:44.104  1283  1897 D ConnectivityService:  sending notification for NetworkRequest [ LISTEN id=8, [] ]
04-29 16:15:44.104  1283  1897 D ConnectivityService: sending notification CAP_CHANGED for NetworkRequest [ LISTEN id=8, [] ]
04-29 16:15:44.106  1283  1897 D ConnectivityService:  sending notification for NetworkRequest [ LISTEN id=31, [ Capabilities: INTERNET&NOT_RESTRICTED&TRUSTED&NOT_VPN] ]
04-29 16:15:44.109  1283  1897 D ConnectivityService: sending notification CAP_CHANGED for NetworkRequest [ LISTEN id=31, [ Capabilities: INTERNET&NOT_RESTRICTED&TRUSTED&NOT_VPN] ]
04-29 16:15:44.110  1283  1897 D ConnectivityService:  sending notification for NetworkRequest [ LISTEN id=57, [ Capabilities: INTERNET&NOT_RESTRICTED&TRUSTED] ]
04-29 16:15:44.111  1283  1897 D ConnectivityService: sending notification CAP_CHANGED for NetworkRequest [ LISTEN id=57, [ Capabilities: INTERNET&NOT_RESTRICTED&TRUSTED] ]
04-29 16:15:44.115  1283  1897 D ConnectivityService:  sending notification for NetworkRequest [ LISTEN id=58, [ Capabilities: INTERNET&NOT_RESTRICTED&TRUSTED] ]
04-29 16:15:44.116  1283  1897 D ConnectivityService: sending notification CAP_CHANGED for NetworkRequest [ LISTEN id=58, [ Capabilities: INTERNET&NOT_RESTRICTED&TRUSTED] ]
04-29 16:15:44.116  1283  1897 D ConnectivityService:  sending notification for NetworkRequest [ LISTEN id=334, [ Capabilities: INTERNET&NOT_RESTRICTED&TRUSTED] ]
04-29 16:15:44.117  1283  1897 D ConnectivityService: sending notification CAP_CHANGED for NetworkRequest [ LISTEN id=334, [ Capabilities: INTERNET&NOT_RESTRICTED&TRUSTED] ]
04-29 16:15:44.118  1283  1897 D ConnectivityService:  sending notification for NetworkRequest [ LISTEN id=949, [ Capabilities: INTERNET&NOT_RESTRICTED&TRUSTED&NOT_VPN&FOREGROUND] ]
04-29 16:15:44.119  1283  1897 D ConnectivityService: sending notification CAP_CHANGED for NetworkRequest [ LISTEN id=949, [ Capabilities: INTERNET&NOT_RESTRICTED&TRUSTED&NOT_VPN&FOREGROUND] ]
04-29 16:15:44.121  1283  1897 D ConnectivityService:  sending notification for NetworkRequest [ LISTEN id=1442, [ Capabilities: INTERNET&NOT_RESTRICTED&TRUSTED] ]
04-29 16:15:44.122  1283  1897 D ConnectivityService: sending notification CAP_CHANGED for NetworkRequest [ LISTEN id=1442, [ Capabilities: INTERNET&NOT_RESTRICTED&TRUSTED] ]
04-29 16:15:44.129  1283  1897 D ConnectivityService:  sending notification for NetworkRequest [ LISTEN id=1443, [ Capabilities: INTERNET&NOT_RESTRICTED&TRUSTED] ]
04-29 16:15:44.129  1283  1897 D ConnectivityService: sending notification CAP_CHANGED for NetworkRequest [ LISTEN id=1443, [ Capabilities: INTERNET&NOT_RESTRICTED&TRUSTED] ]
04-29 16:15:44.129  1283  1897 D ConnectivityService:  sending notification for NetworkRequest [ LISTEN id=1444, [ Capabilities: INTERNET&NOT_RESTRICTED&TRUSTED&FOREGROUND] ]
04-29 16:15:44.130  1283  1897 D ConnectivityService: sending notification CAP_CHANGED for NetworkRequest [ LISTEN id=1444, [ Capabilities: INTERNET&NOT_RESTRICTED&TRUSTED&FOREGROUND] ]
04-29 16:15:44.130  1283  1897 D ConnectivityService:  sending notification for NetworkRequest [ LISTEN id=1445, [ Capabilities: INTERNET&NOT_RESTRICTED&TRUSTED&FOREGROUND] ]
04-29 16:15:44.130  1283  1897 D ConnectivityService: sending notification CAP_CHANGED for NetworkRequest [ LISTEN id=1445, [ Capabilities: INTERNET&NOT_RESTRICTED&TRUSTED&FOREGROUND] ]
04-29 16:15:44.130  1283  1897 D ConnectivityService:  sending notification for NetworkRequest [ LISTEN id=1477, [ Capabilities: INTERNET&NOT_RESTRICTED&TRUSTED&NOT_VPN&FOREGROUND] ]
04-29 16:15:44.130  1283  1897 D ConnectivityService: sending notification CAP_CHANGED for NetworkRequest [ LISTEN id=1477, [ Capabilities: INTERNET&NOT_RESTRICTED&TRUSTED&NOT_VPN&FOREGROUND] ]
04-29 16:15:44.130  1283  1897 D ConnectivityService:  sending notification for NetworkRequest [ LISTEN id=1484, [ Capabilities: INTERNET&NOT_RESTRICTED&TRUSTED] ]
04-29 16:15:44.131  1283  1897 D ConnectivityService: sending notification CAP_CHANGED for NetworkRequest [ LISTEN id=1484, [ Capabilities: INTERNET&NOT_RESTRICTED&TRUSTED] ]
04-29 16:15:44.131  1283  1897 D ConnectivityService:  sending notification for NetworkRequest [ LISTEN id=1485, [ Capabilities: INTERNET&NOT_RESTRICTED&TRUSTED&FOREGROUND] ]
04-29 16:15:44.131  1283  1897 D ConnectivityService: sending notification CAP_CHANGED for NetworkRequest [ LISTEN id=1485, [ Capabilities: INTERNET&NOT_RESTRICTED&TRUSTED&FOREGROUND] ]
04-29 16:15:44.131  1283  1897 D ConnectivityService:  sending notification for NetworkRequest [ LISTEN id=1487, [ Capabilities: INTERNET&NOT_RESTRICTED&TRUSTED&FOREGROUND] ]
04-29 16:15:44.131  1283  1897 D ConnectivityService: sending notification CAP_CHANGED for NetworkRequest [ LISTEN id=1487, [ Capabilities: INTERNET&NOT_RESTRICTED&TRUSTED&FOREGROUND] ]
04-29 16:15:44.131  1283  1897 D ConnectivityService: updateNetworkScore for NetworkAgentInfo [WIFI () - 150] to 60
04-29 16:15:44.132  1283  1897 D ConnectivityService: rematching NetworkAgentInfo [WIFI () - 150]
04-29 16:15:44.132  1283  1897 D ConnectivityService:  network has: [ Transports: WIFI Capabilities: NOT_METERED&INTERNET&NOT_RESTRICTED&TRUSTED&NOT_VPN&VALIDATED&FOREGROUND LinkUpBandwidth>=1048576Kbps LinkDnBandwidth>=1048576Kbps SignalStrength: -66]
04-29 16:15:45.645  4814  4835 I zygote  : Waiting for a blocking GC ProfileSaver
04-29 16:15:45.683  4814  4835 I zygote  : WaitForGcToComplete blocked for 37.688ms for cause ProfileSaver
04-29 16:15:45.869  1983  2144 D NetworkController.MobileSignalController(3): onSignalStrengthsChanged signalStrength=SignalStrength: 8 0 -120 -160 -120 -1 -1 99 2147483647 2147483647 2147483647 2147483647 0 2147483647 3 3 gsm|lte level=3 voicelevel=3 datalevel=3
04-29 16:15:45.875  1983  2144 I NetworkController.MobileSignalController(3):  showDisableIcon:false
04-29 16:15:45.880  1983  2144 I NetworkController.MobileSignalController(4):  showDisableIcon:false
04-29 16:15:47.565  1283  1396 I OHPD    : [BgDetect]chkExcessCpu level: 2 doKills: true critical false uptime: 600728
04-29 16:15:48.119  1283  1396 I ActivityManager: Start proc 4960:com.tencent.ig:xg_service_v4/u0a219 for service com.tencent.ig/com.tencent.android.tpush.service.XGPushServiceV4
04-29 16:15:48.123  4960  4960 W zygote  : Using default instruction set features for ARM CPU variant (cortex-a9) using conservative defaults
04-29 16:15:48.241  4960  4960 I MultiDex: VM with version 2.1.0 has multidex support
04-29 16:15:48.242  4960  4960 I MultiDex: install
04-29 16:15:48.242  4960  4960 I MultiDex: VM has multidex support, MultiDex support library is disabled.
04-29 16:15:48.243  4960  4960 V Font    : Change font:2
04-29 16:15:48.304  4960  4960 I TpnsSecurity: JNI_OnLoad
04-29 16:15:48.311  1283  3043 I ActivityManager: Start proc 4982:com.tencent.ig/u0a219 for content provider com.tencent.ig/com.tencent.android.tpush.SettingsContentProvider
04-29 16:15:48.314  4982  4982 W zygote  : Using default instruction set features for ARM CPU variant (cortex-a9) using conservative defaults
04-29 16:15:48.421  1983  2144 I NetworkController.MobileSignalController(4):  showDisableIcon:false
04-29 16:15:48.424  1983  2144 I NetworkController.MobileSignalController(3):  showDisableIcon:false
04-29 16:15:48.431  4982  4982 I MultiDex: VM with version 2.1.0 has multidex support
04-29 16:15:48.431  4982  4982 I MultiDex: install
04-29 16:15:48.432  4982  4982 I MultiDex: VM has multidex support, MultiDex support library is disabled.
04-29 16:15:48.443  4982  4982 D FirebaseApp: com.google.firebase.auth.FirebaseAuth is not linked. Skipping initialization.
04-29 16:15:48.449  4982  4982 D FirebaseApp: com.google.firebase.crash.FirebaseCrash is not linked. Skipping initialization.
04-29 16:15:48.459  4982  4982 I FA      : App measurement is starting up, version: 11020
04-29 16:15:48.459  4982  4982 I FA      : To enable debug logging run: adb shell setprop log.tag.FA VERBOSE
04-29 16:15:48.475  4982  4982 I FA      : To enable faster debug mode event logging run:
04-29 16:15:48.475  4982  4982 I FA      :   adb shell setprop debug.firebase.analytics.app com.tencent.ig
04-29 16:15:48.482  4982  4982 I FirebaseInitProvider: FirebaseApp initialization successful
04-29 16:15:48.542  4982  4982 I TpnsSecurity: JNI_OnLoad
04-29 16:15:49.114  4982  5006 D NetworkSecurityConfig: No Network Security Config specified, using platform default
04-29 16:15:49.116  4982  5006 I DpmTcmClient: RegisterTcmMonitor from: com.android.okhttp.TcmIdleTimerMonitor
04-29 16:15:49.123  4982  4982 V Font    : Change font:2
04-29 16:15:49.352  4960  4978 I XgStat  : [XgStat(7209): null:32] - read mid from sharedPreferences key=__MTA_DEVICE_INFO__1000001
04-29 16:15:49.354  4960  4978 D XgStat  : [XgStat(7209): null:72] - firstRead
04-29 16:15:49.354  4960  4978 I XgStat  : [XgStat(7209): null:32] - read mid from sharedPreferences key=__MTA_DEVICE_INFO__3
04-29 16:15:49.571  4960  4978 W DataAcq : Not allow get DeviceInfos ? ReflectException:java.lang.ClassNotFoundException: com.tencent.bigdata.customdataacquisition.intf.CustomDeviceInfos
04-29 16:15:49.619  4960  4978 D NetworkSecurityConfig: No Network Security Config specified, using platform default
04-29 16:15:49.892  4960  4960 I XINGE   : [XGService] getSocketName: tencentxgpush
04-29 16:15:49.893  4960  4960 I XINGE   : [XGService] getSocketName: tencentxgpush
04-29 16:15:49.896  4960  4960 I XINGE   : [PushServiceManager] Service's first running at com.tencent.ig version : 4.03
04-29 16:15:49.927  4960  4979 I DpmTcmClient: RegisterTcmMonitor from: com.android.okhttp.TcmIdleTimerMonitor
04-29 16:15:50.013  4960  4978 D XgStat  : [XgStat(7209): null:29] - send Event sucess:SESSION_ENV
04-29 16:15:50.015  4960  4978 D XgStat  : [XgStat(7209): null:25] - sentEventList size:1
04-29 16:15:50.130  1283  1897 D ConnectivityService: notifyType CAP_CHANGED for NetworkAgentInfo [WIFI () - 150]
04-29 16:15:50.130  1283  1897 D ConnectivityService:  sending notification for NetworkRequest [ REQUEST id=1, [ Capabilities: INTERNET&NOT_RESTRICTED&TRUSTED&NOT_VPN] ]
04-29 16:15:50.130  1283  1897 D ConnectivityService:  sending notification for NetworkRequest [ TRACK_DEFAULT id=3, [ Capabilities: INTERNET&NOT_RESTRICTED&TRUSTED&NOT_VPN] ]
04-29 16:15:50.131  1283  1897 D ConnectivityService: sending notification CAP_CHANGED for NetworkRequest [ TRACK_DEFAULT id=3, [ Capabilities: INTERNET&NOT_RESTRICTED&TRUSTED&NOT_VPN] ]
04-29 16:15:50.131  1283  1897 D ConnectivityService:  sending notification for NetworkRequest [ LISTEN id=4, [ Transports: CELLULAR|WIFI Capabilities: NOT_RESTRICTED&TRUSTED&NOT_VPN] ]
04-29 16:15:50.131  1283  1897 D ConnectivityService: sending notification CAP_CHANGED for NetworkRequest [ LISTEN id=4, [ Transports: CELLULAR|WIFI Capabilities: NOT_RESTRICTED&TRUSTED&NOT_VPN] ]
04-29 16:15:50.131  1283  1897 D ConnectivityService:  sending notification for NetworkRequest [ LISTEN id=5, [ Transports: WIFI Capabilities: INTERNET&NOT_RESTRICTED&TRUSTED&NOT_VPN] ]
04-29 16:15:50.131  1283  1897 D ConnectivityService: sending notification CAP_CHANGED for NetworkRequest [ LISTEN id=5, [ Transports: WIFI Capabilities: INTERNET&NOT_RESTRICTED&TRUSTED&NOT_VPN] ]
04-29 16:15:50.132  1283  1897 D ConnectivityService:  sending notification for NetworkRequest [ TRACK_DEFAULT id=7, [ Capabilities: INTERNET&NOT_RESTRICTED&TRUSTED&NOT_VPN] ]
04-29 16:15:50.132  1283  1897 D ConnectivityService: sending notification CAP_CHANGED for NetworkRequest [ TRACK_DEFAULT id=7, [ Capabilities: INTERNET&NOT_RESTRICTED&TRUSTED&NOT_VPN] ]
04-29 16:15:50.133  2159  2250 I QCNEJ/CndHalConnector: -> SND notifyWifiStatusChanged(RatInfo{type=1, subType=101, state=CONNECTED, v4=IfaceAddrPair{iface=wlan0, addr=10.157.14.202}, v6=IfaceAddrPair{iface=, addr=}, timestamp=2019-04-29 16:15:50.133, isAndroidValidated=true, netHandle=644261530334, slotIdx=0} WifiInfo{freq=TWO_GHz, state=3, ssid=asu, bssid=e8:65:49:b8:3a:1f, dns=[129.219.17.200, 129.219.17.5, 0.0.0.0, 0.0.0.0, ]})
04-29 16:15:50.135  1283  1897 D ConnectivityService:  sending notification for NetworkRequest [ LISTEN id=8, [] ]
04-29 16:15:50.136  1283  1897 D ConnectivityService: sending notification CAP_CHANGED for NetworkRequest [ LISTEN id=8, [] ]
04-29 16:15:50.136  1283  1897 D ConnectivityService:  sending notification for NetworkRequest [ LISTEN id=31, [ Capabilities: INTERNET&NOT_RESTRICTED&TRUSTED&NOT_VPN] ]
04-29 16:15:50.136  1283  1897 D ConnectivityService: sending notification CAP_CHANGED for NetworkRequest [ LISTEN id=31, [ Capabilities: INTERNET&NOT_RESTRICTED&TRUSTED&NOT_VPN] ]
