04-29 20:44:50.844 29543 29543 D FrequentAppsGrid: bindAppGridItem pkg status: com.example.bradycardia. isPackageValid: true, isPackageRestoring: false
04-29 20:44:50.844 29543 29543 D FrequentAppsGrid: bindAppGridItem: 0
04-29 20:44:50.845 29543 29564 D PackageInstallerCompatVL: sendUpdate:com.example.bradycardia, 1, 80
04-29 20:44:50.845 29543 29564 D QuickPage: setPackageState: com.example.bradycardia, 1, 80
04-29 20:44:50.846 29543 29564 D PackageInstallerCompatVL: sendUpdate:com.example.bradycardia, 1, 80
04-29 20:44:50.846 29543 29564 D QuickPage: setPackageState: com.example.bradycardia, 1, 80
04-29 20:44:50.846 29543 29564 D PackageInstallerCompatVL: sendUpdate:com.example.bradycardia, 1, 80
04-29 20:44:50.846 29543 29564 D QuickPage: setPackageState: com.example.bradycardia, 1, 80
04-29 20:44:50.846 29543 29564 D PackageInstallerCompatVL: sendUpdate:com.example.bradycardia, 1, 80
04-29 20:44:50.847 29543 29564 D QuickPage: setPackageState: com.example.bradycardia, 1, 80
04-29 20:44:50.847 29543 29564 D PackageInstallerCompatVL: sendUpdate:com.example.bradycardia, 1, 80
04-29 20:44:50.847 29543 29564 D QuickPage: setPackageState: com.example.bradycardia, 1, 80
04-29 20:44:50.847 29543 29564 D PackageInstallerCompatVL: sendUpdate:com.example.bradycardia, 1, 80
04-29 20:44:50.847 29543 29564 D QuickPage: setPackageState: com.example.bradycardia, 1, 80
04-29 20:44:50.847 29543 29543 D FrequentAppsGrid: bindAppGridItem pkg status: com.example.bradycardia. isPackageValid: true, isPackageRestoring: false
04-29 20:44:50.848 29543 29564 D PackageInstallerCompatVL: sendUpdate:com.example.bradycardia, 1, 80
04-29 20:44:50.848 29543 29543 D FrequentAppsGrid: bindAppGridItem: 0
04-29 20:44:50.848 29543 29564 D QuickPage: setPackageState: com.example.bradycardia, 1, 80
04-29 20:44:50.848 29543 29564 D PackageInstallerCompatVL: sendUpdate:com.example.bradycardia, 1, 80
04-29 20:44:50.848 29543 29564 D QuickPage: setPackageState: com.example.bradycardia, 1, 80
04-29 20:44:50.849 29543 29564 D PackageInstallerCompatVL: sendUpdate:com.example.bradycardia, 1, 80
04-29 20:44:50.849 29543 29564 D QuickPage: setPackageState: com.example.bradycardia, 1, 80
04-29 20:44:50.849 29543 29564 D PackageInstallerCompatVL: sendUpdate:com.example.bradycardia, 1, 80
04-29 20:44:50.850 29543 29564 D QuickPage: setPackageState: com.example.bradycardia, 1, 80
04-29 20:44:50.850 29543 29564 D PackageInstallerCompatVL: sendUpdate:com.example.bradycardia, 1, 80
04-29 20:44:50.850 29543 29564 D QuickPage: setPackageState: com.example.bradycardia, 1, 80
04-29 20:44:50.851 29543 29564 D PackageInstallerCompatVL: sendUpdate:com.example.bradycardia, 1, 80
04-29 20:44:50.851 29543 29564 D QuickPage: setPackageState: com.example.bradycardia, 1, 80
04-29 20:44:50.851 29543 29564 D PackageInstallerCompatVL: sendUpdate:com.example.bradycardia, 1, 80
04-29 20:44:50.851 29543 29564 D QuickPage: setPackageState: com.example.bradycardia, 1, 80
04-29 20:44:50.851 29543 29564 D PackageInstallerCompatVL: sendUpdate:com.example.bradycardia, 1, 80
04-29 20:44:50.852 29543 29564 D QuickPage: setPackageState: com.example.bradycardia, 1, 80
04-29 20:44:50.931 29543 29564 D PackageInstallerCompatVL: sendUpdate:com.example.bradycardia, 1, 80
04-29 20:44:50.931 29543 29564 D QuickPage: setPackageState: com.example.bradycardia, 1, 80
04-29 20:44:50.988  1283  1651 D PackageInstaller: Inherited files: [/data/app/com.example.bradycardia-KtGrq2pHfacecp8y9jNuhw==/base.apk, /data/app/com.example.bradycardia-KtGrq2pHfacecp8y9jNuhw==/split_lib_dependencies_apk.apk, /data/app/com.example.bradycardia-KtGrq2pHfacecp8y9jNuhw==/split_lib_slice_0_apk.apk, /data/app/com.example.bradycardia-KtGrq2pHfacecp8y9jNuhw==/split_lib_slice_1_apk.apk, /data/app/com.example.bradycardia-KtGrq2pHfacecp8y9jNuhw==/split_lib_slice_2_apk.apk, /data/app/com.example.bradycardia-KtGrq2pHfacecp8y9jNuhw==/split_lib_slice_4_apk.apk, /data/app/com.example.bradycardia-KtGrq2pHfacecp8y9jNuhw==/split_lib_slice_5_apk.apk, /data/app/com.example.bradycardia-KtGrq2pHfacecp8y9jNuhw==/split_lib_slice_6_apk.apk, /data/app/com.example.bradycardia-KtGrq2pHfacecp8y9jNuhw==/split_lib_slice_7_apk.apk, /data/app/com.example.bradycardia-KtGrq2pHfacecp8y9jNuhw==/split_lib_slice_8_apk.apk, /data/app/com.example.bradycardia-KtGrq2pHfacecp8y9jNuhw==/split_lib_slice_9_apk.apk, /data/app/com.example.bradycardia-KtGrq2pHfacecp8y9jNuhw==/oat/arm64/base.odex, /data/app/com.example.bradycardia-KtGrq2pHfacecp8y9jNuhw==/oat/arm64/base.vdex]
04-29 20:44:50.996  1283  1651 D PackageInstaller: Linked 13 files into /data/app/vmdl2006755394.tmp
04-29 20:44:51.021 29543  9952 D Stats   : SaveStats doInBackground...
04-29 20:44:51.058 29543 29564 D PackageInstallerCompatVL: sendUpdate:com.example.bradycardia, 1, 90
04-29 20:44:51.058 29543 29564 D QuickPage: setPackageState: com.example.bradycardia, 1, 90
04-29 20:44:51.059 29543 29543 D Stats   : SaveStats onPreExecute onStatsChanged:
04-29 20:44:51.059 29543 29543 D FrequentAppsGrid: onRestoreItemsChanged: com.example.bradycardia, 1, 90
04-29 20:44:51.059 29543 29543 D FrequentAppsGrid: updateItemForRestored restore item is found: com.example.bradycardia
04-29 20:44:51.059 29543 29543 D FrequentAppsGrid: updateItemForRestored restore item is not found: com.example.bradycardia
04-29 20:44:51.059 29543 29543 D FrequentAppsGrid: updateItemForRestored restore item is not found: com.example.bradycardia
04-29 20:44:51.063 29543 29543 D FrequentAppsGrid: bindAppGridItem pkg status: com.example.bradycardia. isPackageValid: true, isPackageRestoring: false
04-29 20:44:51.063 29543 29543 D FrequentAppsGrid: bindAppGridItem: 0
04-29 20:44:51.175 29543  9952 D Stats   : SaveStats doInBackground...
04-29 20:44:51.200  9942  9942 W ADebug  : Failed to get property persist.sys.media.traces
04-29 20:44:51.227  9942  9942 D AndroidRuntime: >>>>>> START com.android.internal.os.RuntimeInit uid 2000 <<<<<<
04-29 20:44:51.296  1283  1496 E PackageManager: Attempt to invoke virtual method 'boolean android.os.Bundle.getBoolean(java.lang.String, boolean)' on a null object reference
04-29 20:44:51.296  1283  1396 I ActivityManager: Force stopping com.example.bradycardia appid=10260 user=-1: installPackageLI
04-29 20:44:51.296  1283  1496 D RestartProcessManager: Updating package : com.example.bradycardia
04-29 20:44:51.446  9942  9942 E app_process: No implementation found for boolean android.os.SystemProperties.native_get_boolean(java.lang.String, boolean) (tried Java_android_os_SystemProperties_native_1get_1boolean and Java_android_os_SystemProperties_native_1get_1boolean__Ljava_lang_String_2Z)
04-29 20:44:51.447  9942  9942 I chatty  : uid=2000(shell) identical 1 line
04-29 20:44:51.449  9942  9942 E app_process: No implementation found for boolean android.os.SystemProperties.native_get_boolean(java.lang.String, boolean) (tried Java_android_os_SystemProperties_native_1get_1boolean and Java_android_os_SystemProperties_native_1get_1boolean__Ljava_lang_String_2Z)
04-29 20:44:51.536  9942  9942 D AndroidRuntime: Calling main entry com.android.commands.wm.Wm
04-29 20:44:51.581  1283  1496 W PackageSettings: Skipping PackageSetting{3e8a9b2 net.oneplus.music/10163} due to missing metadata
04-29 20:44:51.633  1283  2999 W WindowManager: Permission Denial: dismissKeyguard from pid=9942, uid=2000 requires android.permission.CONTROL_KEYGUARD
04-29 20:44:51.635  9942  9942 D AndroidRuntime: Shutting down VM
04-29 20:44:51.636   909  1949 D installd: Found valid user 999
04-29 20:44:51.638  1283  1496 I PackageManager: Package com.example.bradycardia codePath changed from /data/app/com.example.bradycardia-KtGrq2pHfacecp8y9jNuhw== to /data/app/com.example.bradycardia-ZSkDzNf9O0-7vvL5rc8ymA==; Retaining data and using new
04-29 20:44:51.639  1283  1496 W PackageManager: Code path for com.example.bradycardia changing from /data/app/com.example.bradycardia-KtGrq2pHfacecp8y9jNuhw== to /data/app/com.example.bradycardia-ZSkDzNf9O0-7vvL5rc8ymA==
04-29 20:44:51.639  1283  1496 W PackageManager: Resource path for com.example.bradycardia changing from /data/app/com.example.bradycardia-KtGrq2pHfacecp8y9jNuhw== to /data/app/com.example.bradycardia-ZSkDzNf9O0-7vvL5rc8ymA==
04-29 20:44:51.905  1283  1496 W PackageSettings: Skipping PackageSetting{3e8a9b2 net.oneplus.music/10163} due to missing metadata
04-29 20:44:53.049  1983  2144 I NetworkController.MobileSignalController(3):  showDisableIcon:false
04-29 20:44:53.342  1283  1496 I zygote64: Explicit concurrent copying GC freed 436922(20MB) AllocSpace objects, 66(1692KB) LOS objects, 38% free, 37MB/61MB, paused 1.576ms total 1.054s
04-29 20:44:53.411   909  1949 E         : Couldn't opendir /data/app/vmdl2006755394.tmp: No such file or directory
04-29 20:44:53.411   909  1949 E installd: Failed to delete /data/app/vmdl2006755394.tmp: No such file or directory
04-29 20:44:53.413  1283  1496 D EmbryoManager: packageChanged com.example.bradycardia uid 10260
04-29 20:44:52.229  1283  1496 W PackageSettings: Skipping PackageSetting{3e8a9b2 net.oneplus.music/10163} due to missing metadata
04-29 20:44:53.416  1283  1496 I ActivityManager: Force stopping com.example.bradycardia appid=10260 user=0: pkg removed
04-29 20:44:53.444  1283  1396 I OHPD    : [BgDetect] pkg com.example.bradycardia removed , userId 0
04-29 20:44:53.445  1283  1496 D EmbryoManager: packageInstalled com.example.bradycardia uid 10260
04-29 20:44:53.480  1283  1396 W BroadcastQueue: Background execution not allowed: receiving Intent { act=android.intent.action.PACKAGE_REMOVED dat=package:com.example.bradycardia flg=0x4000010 (has extras) } to com.gaana/com.til.colombia.dmp.android.PersonaListener
04-29 20:44:53.480  1283  1794 I InputReader: Reconfiguring input devices.  changes=0x00000010
04-29 20:44:53.482  1283  1794 I chatty  : uid=1000(system) InputReader identical 1 line
04-29 20:44:53.484  1283  1794 I InputReader: Reconfiguring input devices.  changes=0x00000010
04-29 20:44:53.492 23879 23879 D SettingsReceiver: action = android.intent.action.PACKAGE_REMOVED
04-29 20:44:53.493 23879 23879 I OPUtils : setAppUpdated:true
04-29 20:44:53.532  1283  2999 W BroadcastQueue: Background execution not allowed: receiving Intent { act=android.intent.action.PACKAGE_REMOVED dat=package:com.example.bradycardia flg=0x4000010 (has extras) } to com.android.vending/com.google.android.finsky.packagemanager.impl.PackageMonitorReceiverImpl$RegisteredReceiver
04-29 20:44:53.549  1283  1395 I ActivityManager: Start proc 9975:com.example.bradycardia/u0a260 for embryo com.example.bradycardia
04-29 20:44:53.549  1283  1395 D Embryo_Uterus: Embryo created.com.example.bradycardia, pid=9975
04-29 20:44:53.552  1283  1396 W BroadcastQueue: Background execution not allowed: receiving Intent { act=android.intent.action.PACKAGE_REMOVED dat=package:com.example.bradycardia flg=0x4000010 (has extras) } to com.android.vending/com.google.android.finsky.instantapps.appmanagement.InstantAppRemoveMonitor
04-29 20:44:53.553  1283  1396 W BroadcastQueue: Background execution not allowed: receiving Intent { act=android.intent.action.PACKAGE_REMOVED dat=package:com.example.bradycardia flg=0x4000010 (has extras) } to com.google.android.gms/.games.chimera.GamesSystemBroadcastReceiverProxy
04-29 20:44:53.553  1283  1396 W BroadcastQueue: Background execution not allowed: receiving Intent { act=android.intent.action.PACKAGE_REMOVED dat=package:com.example.bradycardia flg=0x4000010 (has extras) } to com.google.android.gms/.photos.autobackup.PhotosAppUninstalledReceiver
04-29 20:44:53.553  1283  1396 W BroadcastQueue: Background execution not allowed: receiving Intent { act=android.intent.action.PACKAGE_REMOVED dat=package:com.example.bradycardia flg=0x4000010 (has extras) } to com.google.android.gms/.chimera.GmsIntentOperationService$PersistentTrustedReceiver
04-29 20:44:53.553  1283  1396 W BroadcastQueue: Background execution not allowed: receiving Intent { act=android.intent.action.PACKAGE_REMOVED dat=package:com.example.bradycardia flg=0x4000010 (has extras) } to com.google.android.googlequicksearchbox/com.google.android.apps.gsa.googlequicksearchbox.GelStubAppWatcher
04-29 20:44:53.556 26541 26541 D AppListenerReceiver: onReceive action:android.intent.action.PACKAGE_REMOVED
04-29 20:44:53.569  1283  1283 W ResourceType: Found multiple library tables, ignoring...
04-29 20:44:53.569  1283  1283 V Theme   : com.oneplus.account, Add app's resource
04-29 20:44:53.581  9975  9975 I chatty  : uid=10260(com.example.bradycardia) expire 2 lines
04-29 20:44:53.582  1283  1283 V Theme   : ColorMode:com.oneplus.account is false
04-29 20:44:53.583  1283  1283 V Theme   : com.oneplus.account, Add app's resource
04-29 20:44:53.583  1283  1283 V Theme   : ColorMode:com.oneplus.account is false
04-29 20:44:53.583  1283  1283 W ResourceType: Failure getting entry for 0x7f0700f4 (t=6 e=244) (error -75)
04-29 20:44:53.662  1283  2955 I ActivityManager: START u0 {act=android.intent.action.MAIN cat=[android.intent.category.LAUNCHER] flg=0x10000000 cmp=com.example.bradycardia/.MainActivity} from uid 2000 pid 9980
04-29 20:44:53.669  3977  3977 I io.presage.receivers.InstallReceiver: INFO main io.presage.receivers.InstallReceiver - Receive Intent: Intent { act=android.intent.action.PACKAGE_REMOVED dat=package:com.example.bradycardia flg=0x4000010 (has extras) }
04-29 20:44:53.670  3977  3977 I io.presage.receivers.InstallReceiver: INFO main io.presage.receivers.InstallReceiver - Receive Intent: Intent { act=android.intent.action.PACKAGE_ADDED dat=package:com.example.bradycardia flg=0x4000010 (has extras) }
04-29 20:44:53.670  3977  3977 I io.presage.receivers.InstallReceiver: INFO main io.presage.receivers.InstallReceiver - Send event: install - package:com.example.bradycardia
04-29 20:44:53.709  1983  1993 I zygote64: Background concurrent copying GC freed 23007(930KB) AllocSpace objects, 0(0B) LOS objects, 59% free, 8MB/20MB, paused 350us total 269.607ms
04-29 20:44:53.724  2183  2183 D CarrierSvcBindHelper: No carrier app for: 0
04-29 20:44:53.727  2183  2183 D CarrierSvcBindHelper: No carrier app for: 1
04-29 20:44:53.727  3977  3977 W io.presage.utils.do.c: WARN main io.presage.utils.do.c - Request event not authorized
04-29 20:44:53.727  3977  3977 I io.presage.receivers.InstallReceiver: INFO main io.presage.receivers.InstallReceiver - Receive Intent: Intent { act=android.intent.action.PACKAGE_REPLACED dat=package:com.example.bradycardia flg=0x4000010 (has extras) }
04-29 20:44:53.728  3977  3977 I io.presage.receivers.InstallReceiver: INFO main io.presage.receivers.InstallReceiver - Send event: update - package:com.example.bradycardia
04-29 20:44:53.729  2183  2183 D CarrierSvcBindHelper: No carrier app for: 0
04-29 20:44:53.732  2183  2183 D CarrierSvcBindHelper: No carrier app for: 1
04-29 20:44:53.732  3977  3977 W io.presage.utils.do.c: WARN main io.presage.utils.do.c - Request event not authorized
04-29 20:44:53.741  3866  7990 I AccountTypeManager: handleMessage loadAccountsInBackground
04-29 20:44:53.742 29140 29175 I AccountTypeManager: handleMessage loadAccountsInBackground
04-29 20:44:53.748 29140 29175 D AccountTypeManager: Registering external account type=com.enstage.wibmo.hdfc.sync.contacts, packageName=com.enstage.wibmo.hdfc
04-29 20:44:53.751 29140 29175 D AccountTypeManager: Registering external account type=com.google.android.apps.tachyon, packageName=com.google.android.apps.tachyon
04-29 20:44:53.752 29140 29175 D AccountTypeManager: Registering external account type=com.whatsapp, packageName=com.whatsapp
04-29 20:44:53.754 29140 29175 D AccountTypeManager: Registering external account type=com.facebook.messenger, packageName=com.facebook.orca
04-29 20:44:53.756 29140 29175 W ResourceType: Failure getting entry for 0x7f1907a7 (t=24 e=1959) (error -2147483647)
04-29 20:44:53.756 29140 29175 W ResourceType: Failure getting entry for 0x7f1907a7 (t=24 e=1959) (error -2147483647)
04-29 20:44:53.756 29140 29175 W ResourceType: Failure getting entry for 0x7f1907a8 (t=24 e=1960) (error -2147483647)
04-29 20:44:53.756 29140 29175 W ResourceType: Failure getting entry for 0x7f1907a9 (t=24 e=1961) (error -2147483647)
04-29 20:44:53.756 29140 29175 D AccountTypeManager: Registering external account type=com.linkedin.android, packageName=com.linkedin.android
04-29 20:44:53.758 29140 29175 D AccountTypeManager: Registering external account type=com.google.android.gms.matchstick, packageName=com.google.android.gms
04-29 20:44:53.762   558   558 E ANDR-PERF-MPCTL: hint lookup failed
04-29 20:44:53.763  1283  2955 E ANDR-PERF-JNI: com_qualcomm_qtiperformance_native_perf_io_prefetch_start
04-29 20:44:53.763  3866  7990 D AccountTypeManager: Registering external account type=com.enstage.wibmo.hdfc.sync.contacts, packageName=com.enstage.wibmo.hdfc
04-29 20:44:53.766  1283  2955 E ANDR-PERF-JNI: gIOPHAl initialized
04-29 20:44:53.766  1283  2955 E ANDR-PERF-JNI: gIOPHAl calling iopstart
04-29 20:44:53.766   557   557 E ANDR-IOP: IOP HAL: Received pkg_name = com.example.bradycardia pid = -1
04-29 20:44:53.766   557   611 E ANDR-IOP: is_in_recent_list is TRUE
04-29 20:44:53.766   557   611 E ANDR-IOP: io prefetch is deactivate
04-29 20:44:53.767  3866  7990 W ResourceType: For resource 0x7f08015f, entry index(351) is beyond type entryCount(16)
04-29 20:44:53.767  3866  7990 W ResourceType: Failure getting entry for 0x7f08015f (t=7 e=351) (error -75)
04-29 20:44:53.767  3866  7990 D AccountTypeManager: Registering external account type=com.google.android.apps.tachyon, packageName=com.google.android.apps.tachyon
04-29 20:44:53.768  3866  7990 W ResourceType: For resource 0x7f0800bf, entry index(191) is beyond type entryCount(16)
04-29 20:44:53.768  3866  7990 W ResourceType: Failure getting entry for 0x7f0800bf (t=7 e=191) (error -75)
04-29 20:44:53.769  3866  7990 W ResourceType: For resource 0x7f0800bf, entry index(191) is beyond type entryCount(16)
04-29 20:44:53.769  3866  7990 W ResourceType: Failure getting entry for 0x7f0800bf (t=7 e=191) (error -75)
04-29 20:44:53.769  3866  7990 D AccountTypeManager: Registering external account type=com.whatsapp, packageName=com.whatsapp
04-29 20:44:53.769  2183  2183 D ImsResolver: maybeAddedImsService, packageName: com.example.bradycardia
04-29 20:44:53.770  2183  2183 D CarrierConfigLoader: mHandler: 9 phoneId: 0
04-29 20:44:53.770  3866  7990 D AccountTypeManager: Registering external account type=com.facebook.messenger, packageName=com.facebook.orca
04-29 20:44:53.771  3866  7990 W ResourceType: Failure getting entry for 0x7f1907a7 (t=24 e=1959) (error -2147483647)
04-29 20:44:53.771  3866  7990 W ResourceType: Failure getting entry for 0x7f1907a7 (t=24 e=1959) (error -2147483647)
04-29 20:44:53.771  3866  7990 W ResourceType: Failure getting entry for 0x7f1907a8 (t=24 e=1960) (error -2147483647)
04-29 20:44:53.771  3866  7990 W ResourceType: Failure getting entry for 0x7f1907a9 (t=24 e=1961) (error -2147483647)
04-29 20:44:53.771  3866  7990 D AccountTypeManager: Registering external account type=com.linkedin.android, packageName=com.linkedin.android
04-29 20:44:53.772  3866  7990 D AccountTypeManager: Registering external account type=com.google.android.gms.matchstick, packageName=com.google.android.gms
04-29 20:44:53.784  1283  8416 D EmbryoManager: Embryo attached, pid=9975
04-29 20:44:53.787   558   558 E ANDR-PERF-MPCTL: hint lookup failed
04-29 20:44:53.788  3866  7990 W ResourceType: For resource 0x7f02042e, entry index(1070) is beyond type entryCount(670)
04-29 20:44:53.788  3866  7990 W ResourceType: Failure getting entry for 0x7f02042e (t=1 e=1070) (error -75)
04-29 20:44:53.788  3866  7990 W ResourceType: For resource 0x7f02042e, entry index(1070) is beyond type entryCount(670)
04-29 20:44:53.788  3866  7990 W ResourceType: Failure getting entry for 0x7f02042e (t=1 e=1070) (error -75)
04-29 20:44:53.788  3866  7990 D AccountTypeManager: Registering external account type=com.truecaller.account, packageName=com.truecaller
04-29 20:44:53.790  3866  7990 W ResourceType: For resource 0x7f080635, entry index(1589) is beyond type entryCount(16)
04-29 20:44:53.790  3866  7990 W ResourceType: Failure getting entry for 0x7f080635 (t=7 e=1589) (error -75)
04-29 20:44:53.790  3866  7990 W ResourceType: For resource 0x7f0806e4, entry index(1764) is beyond type entryCount(16)
04-29 20:44:53.790  3866  7990 W ResourceType: Failure getting entry for 0x7f0806e4 (t=7 e=1764) (error -75)
04-29 20:44:53.790  3866  7990 W ResourceType: For resource 0x7f0806e4, entry index(1764) is beyond type entryCount(16)
04-29 20:44:53.790  3866  7990 W ResourceType: Failure getting entry for 0x7f0806e4 (t=7 e=1764) (error -75)
04-29 20:44:53.790  3866  7990 W ResourceType: For resource 0x7f0806e5, entry index(1765) is beyond type entryCount(16)
04-29 20:44:53.790  3866  7990 W ResourceType: Failure getting entry for 0x7f0806e5 (t=7 e=1765) (error -75)
04-29 20:44:53.790  3866  7990 D AccountTypeManager: Registering 1 extension packages
04-29 20:44:53.794  3866  7990 W ResourceType: For resource 0x7f02042e, entry index(1070) is beyond type entryCount(670)
04-29 20:44:53.794  3866  7990 W ResourceType: Failure getting entry for 0x7f02042e (t=1 e=1070) (error -75)
04-29 20:44:53.794  3866  7990 W ResourceType: For resource 0x7f02042e, entry index(1070) is beyond type entryCount(670)
04-29 20:44:53.794  3866  7990 W ResourceType: Failure getting entry for 0x7f02042e (t=1 e=1070) (error -75)
04-29 20:44:53.794  3866  7990 W AccountTypeManager: Skipping extension package com.google.android.gms because the CONTACTS_STRUCTURE metadata doesn't have the accountType attribute
04-29 20:44:53.794  3866  7990 I AccountTypeManager: addSimAccount
04-29 20:44:53.801 23879  9903 W TileUtils: Found com.android.settings.Settings$TetherSettingsActivity for intent Intent { act=com.android.settings.action.SETTINGS pkg=com.android.settings } missing metadata com.android.settings.category
04-29 20:44:53.802 23879  9903 W TileUtils: Found com.android.settings.Settings$PaymentSettingsActivity for intent Intent { act=com.android.settings.action.SETTINGS pkg=com.android.settings } missing metadata com.android.settings.category
04-29 20:44:53.802 23879  9903 W TileUtils: Found com.android.settings.BackupSettingsActivity for intent Intent { act=com.android.settings.action.SETTINGS pkg=com.android.settings } missing metadata com.android.settings.category
04-29 20:44:53.804 23879  9903 W TileUtils: Found com.android.settings.Settings$CustomSettings for intent Intent { act=com.android.settings.category.custom pkg=com.android.settings } missing metadata 
04-29 20:44:53.813  1283  3040 I ActivityManager: Start proc 10012:com.example.bradycardia/u0a260 for activity com.example.bradycardia/.MainActivity
04-29 20:44:53.813   558   558 E ANDR-PERF-MPCTL: hint lookup failed
04-29 20:44:53.813  1283  3040 E ANDR-PERF-JNI: com_qualcomm_qtiperformance_native_perf_io_prefetch_start
04-29 20:44:53.814  1283  3040 E ANDR-PERF-JNI: gIOPHAl initialized
04-29 20:44:53.814  1283  3040 E ANDR-PERF-JNI: gIOPHAl calling iopstart
04-29 20:44:53.814   557   557 E ANDR-IOP: IOP HAL: Received pkg_name = com.example.bradycardia pid = 10012
04-29 20:44:53.814   557   611 E ANDR-IOP: io prefetch Capture is deactivated 
04-29 20:44:53.846  1283  1396 D RestartProcessManager: increase duration : 8580 for com.android.settings
04-29 20:44:53.846  1283  1396 D RestartProcessManager: Update Total Launch Times :com.example.bradycardia
04-29 20:44:53.846  1283  1396 D RestartProcessManager: updateSelf :  com.example.bradycardia, size : 30
04-29 20:44:53.846  1283  1396 D RestartProcessManager: Increase Total Launch Time : com.example.bradycardia, times : 21, index : 29
04-29 20:44:53.847  1283  1396 D RestartProcessManager: Last Running Package : com.example.bradycardia , start time 1556595893846
04-29 20:44:53.847  2936 10010 I Auth    : [SupervisedAccountIntentOperation] onHandleIntent(): android.intent.action.PACKAGE_ADDED
04-29 20:44:53.847  2936 10010 I Auth    : [SupervisedAccountIntentOperation] This operation is disabled
04-29 20:44:53.851 10012 10012 I chatty  : uid=10260(com.example.bradycardia) expire 1 line
04-29 20:44:53.861  1283  1283 W ResourceType: ResTable_typeSpec entry count inconsistent: given 1623, previously 1622
04-29 20:44:53.862  1283  1283 W ResourceType: ResTable_typeSpec entry count inconsistent: given 5020, previously 5021
04-29 20:44:53.862  1283  1283 W ResourceType: ResTable_typeSpec entry count inconsistent: given 37, previously 42
04-29 20:44:53.862  1283  1283 W ResourceType: ResTable_typeSpec entry count inconsistent: given 862, previously 3998
04-29 20:44:53.862  1283  1283 W ResourceType: ResTable_typeSpec entry count inconsistent: given 2689, previously 12512
04-29 20:44:53.862  1283  1283 W ResourceType: ResTable_typeSpec entry count inconsistent: given 158, previously 883
04-29 20:44:53.866 29140 29175 W ResourceType: For resource 0x7f02042e, entry index(1070) is beyond type entryCount(530)
04-29 20:44:53.866 29140 29175 W ResourceType: Failure getting entry for 0x7f02042e (t=1 e=1070) (error -75)
04-29 20:44:53.866 29140 29175 W ResourceType: For resource 0x7f02042e, entry index(1070) is beyond type entryCount(530)
04-29 20:44:53.866 29140 29175 W ResourceType: Failure getting entry for 0x7f02042e (t=1 e=1070) (error -75)
04-29 20:44:53.866 29140 29175 D AccountTypeManager: Registering external account type=com.truecaller.account, packageName=com.truecaller
04-29 20:44:53.880 29140 29175 W ResourceType: For resource 0x7f080635, entry index(1589) is beyond type entryCount(609)
04-29 20:44:53.880 29140 29175 W ResourceType: Failure getting entry for 0x7f080635 (t=7 e=1589) (error -75)
04-29 20:44:53.880 29140 29175 W ResourceType: For resource 0x7f0806e4, entry index(1764) is beyond type entryCount(609)
04-29 20:44:53.880 29140 29175 W ResourceType: Failure getting entry for 0x7f0806e4 (t=7 e=1764) (error -75)
04-29 20:44:53.880 29140 29175 W ResourceType: For resource 0x7f0806e4, entry index(1764) is beyond type entryCount(609)
04-29 20:44:53.880 29140 29175 W ResourceType: Failure getting entry for 0x7f0806e4 (t=7 e=1764) (error -75)
04-29 20:44:53.880 29140 29175 W ResourceType: For resource 0x7f0806e5, entry index(1765) is beyond type entryCount(609)
04-29 20:44:53.880 29140 29175 W ResourceType: Failure getting entry for 0x7f0806e5 (t=7 e=1765) (error -75)
04-29 20:44:53.880 29140 29175 D AccountTypeManager: Registering 1 extension packages
04-29 20:44:53.889  2936 10011 I ChromeSync: [Sync,SyncIntentOperation] Handling the intent: Intent { act=android.intent.action.PACKAGE_ADDED dat=package:com.example.bradycardia flg=0x4000010 cmp=com.google.android.gms/.chimera.GmsIntentOperationService (has extras) }.
04-29 20:44:53.901  1283  1325 W BroadcastQueue: Background execution not allowed: receiving Intent { act=android.intent.action.PACKAGE_REMOVED dat=package:com.example.bradycardia flg=0x4000010 (has extras) } to com.facebook.katana/com.facebook.feed.platformads.AppInstallReceiver
04-29 20:44:53.901  1283  1396 W BroadcastQueue: Background execution not allowed: receiving Intent { act=android.intent.action.PACKAGE_REMOVED dat=package:com.example.bradycardia flg=0x4000010 (has extras) } to com.facebook.katana/com.facebook.games.packagecontroller.PackageChangeReceiver
04-29 20:44:53.901  1283  1396 W BroadcastQueue: Background execution not allowed: receiving Intent { act=android.intent.action.PACKAGE_REMOVED dat=package:com.example.bradycardia flg=0x4000010 (has extras) } to com.jio.myjio/com.inn.passivesdk.receiver.PackageReceiver
04-29 20:44:53.903 29140 29175 W ResourceType: For resource 0x7f02042e, entry index(1070) is beyond type entryCount(530)
04-29 20:44:53.903 29140 29175 W ResourceType: Failure getting entry for 0x7f02042e (t=1 e=1070) (error -75)
04-29 20:44:53.903 29140 29175 W ResourceType: For resource 0x7f02042e, entry index(1070) is beyond type entryCount(530)
04-29 20:44:53.903 29140 29175 W ResourceType: Failure getting entry for 0x7f02042e (t=1 e=1070) (error -75)
04-29 20:44:53.903 29140 29175 W AccountTypeManager: Skipping extension package com.google.android.gms because the CONTACTS_STRUCTURE metadata doesn't have the accountType attribute
04-29 20:44:53.903 29140 29175 I AccountTypeManager: addSimAccount
04-29 20:44:53.904  1283  1396 W BroadcastQueue: Background execution not allowed: receiving Intent { act=android.intent.action.PACKAGE_REMOVED dat=package:com.example.bradycardia flg=0x4000010 (has extras) } to com.lenovo.anyshare.gps/com.lenovo.anyshare.app.DefaultReceiver
04-29 20:44:53.904  1283  1396 W BroadcastQueue: Background execution not allowed: receiving Intent { act=android.intent.action.PACKAGE_REMOVED dat=package:com.example.bradycardia flg=0x4000010 (has extras) } to com.lge.app1/.service.InstallReceiver
04-29 20:44:53.904  1283  1396 W BroadcastQueue: Background execution not allowed: receiving Intent { act=android.intent.action.PACKAGE_REMOVED dat=package:com.example.bradycardia flg=0x4000010 (has extras) } to com.microsoft.office.excel/com.microsoft.office.notification.SystemBroadcastReceiver
04-29 20:44:53.904  1283  1396 W BroadcastQueue: Background execution not allowed: receiving Intent { act=android.intent.action.PACKAGE_REMOVED dat=package:com.example.bradycardia flg=0x4000010 (has extras) } to com.microsoft.office.excel/com.microsoft.android.crosssell.PackageStateReceiver
04-29 20:44:53.904  1283  1396 W BroadcastQueue: Background execution not allowed: receiving Intent { act=android.intent.action.PACKAGE_REMOVED dat=package:com.example.bradycardia flg=0x4000010 (has extras) } to com.microsoft.office.powerpoint/com.microsoft.office.notification.SystemBroadcastReceiver
04-29 20:44:53.904  1283  1396 W BroadcastQueue: Background execution not allowed: receiving Intent { act=android.intent.action.PACKAGE_REMOVED dat=package:com.example.bradycardia flg=0x4000010 (has extras) } to com.microsoft.office.powerpoint/com.microsoft.android.crosssell.PackageStateReceiver
04-29 20:44:53.905  1283  1396 W BroadcastQueue: Background execution not allowed: receiving Intent { act=android.intent.action.PACKAGE_REMOVED dat=package:com.example.bradycardia flg=0x4000010 (has extras) } to com.microsoft.office.word/com.microsoft.office.notification.SystemBroadcastReceiver
04-29 20:44:53.906  2936  2947 I zygote64: Background concurrent copying GC freed 134717(7MB) AllocSpace objects, 14(280KB) LOS objects, 49% free, 20MB/41MB, paused 388us total 484.459ms
04-29 20:44:53.946 12626 12626 I AppsFlyer_3.0: Received ACTION_PACKAGE_REMOVED intent
04-29 20:44:53.947 12626 12626 I AppsFlyer_3.0: ****** onReceive called *******
04-29 20:44:53.947 12626 12626 I AppsFlyer_3.0: Play store referrer: null
04-29 20:44:53.959 29140 29175 I AccountTypeManager: sim1 is ready
04-29 20:44:53.966  8511  8511 I Note.log: packageName == com.example.bradycardia
04-29 20:44:53.973  3866  7990 I AccountTypeManager: sim1 is ready
04-29 20:44:54.013  2936 10010 I FontsPackageChangeOp: Package com.example.bradycardia has no metadata
04-29 20:44:54.036  1283  1283 I Telecom : DefaultDialerCache: Refreshing default dialer for user 0: now com.android.dialer: DDC.oR@Nc8
04-29 20:44:54.037  1283  1283 I Telecom : DefaultDialerCache: Refreshing default dialer for user 999: now null: DDC.oR@Nc8
04-29 20:44:54.076  1283  4769 D Embryo_Uterus: get preload status from 9975, success=true
04-29 20:44:54.101 23879  9903 W TileUtils: Found com.android.settings.Settings$TetherSettingsActivity for intent Intent { act=com.android.settings.action.SETTINGS pkg=com.android.settings } missing metadata com.android.settings.category
04-29 20:44:54.101 23879  9903 W TileUtils: Found com.android.settings.Settings$PaymentSettingsActivity for intent Intent { act=com.android.settings.action.SETTINGS pkg=com.android.settings } missing metadata com.android.settings.category
04-29 20:44:54.102  1283  2955 W ActivityManager: getTaskSnapshot: taskId=1172 not found
04-29 20:44:54.103  9975 10034 I chatty  : uid=10260(com.example.bradycardia) expire 6 lines
04-29 20:44:54.104  1283  1390 W ResourceType: Found multiple library tables, ignoring...
04-29 20:44:54.109 23879  9903 W TileUtils: Found com.android.settings.BackupSettingsActivity for intent Intent { act=com.android.settings.action.SETTINGS pkg=com.android.settings } missing metadata com.android.settings.category
04-29 20:44:54.104  1283  1390 V Theme   : com.android.contacts, Add app's resource
04-29 20:44:54.111 23879  9903 W TileUtils: Found com.android.settings.Settings$CustomSettings for intent Intent { act=com.android.settings.category.custom pkg=com.android.settings } missing metadata 
04-29 20:44:54.112  2936 10017 W PeopleContactsSync: CP2 sync disabled by gservices.
04-29 20:44:54.122  1283  1390 V Theme   : ColorMode:com.android.contacts is false
04-29 20:44:54.124   472   472 W auditd  : type=1400 "RenderThread""proc""debugfs"
04-29 20:44:54.124  1283  1390 V Theme   : com.android.contacts, Add app's resource
04-29 20:44:54.124  1283  1390 V Theme   : ColorMode:com.android.contacts is false
04-29 20:44:54.126 29140 29175 I AccountTypeManager: sim2 is ready
04-29 20:44:54.148  1283  8416 W BroadcastQueue: Background execution not allowed: receiving Intent { act=android.intent.action.PACKAGE_ADDED dat=package:com.example.bradycardia flg=0x4000010 (has extras) } to com.gaana/com.til.colombia.dmp.android.PersonaListener
04-29 20:44:54.151 23879 23879 D SettingsReceiver: action = android.intent.action.PACKAGE_ADDED
04-29 20:44:54.151 23879 23879 I OPUtils : setAppUpdated:true
04-29 20:44:54.153  3866  7990 I AccountTypeManager: sim2 is ready
04-29 20:44:54.154  1283  8416 W BroadcastQueue: Background execution not allowed: receiving Intent { act=android.intent.action.PACKAGE_ADDED dat=package:com.example.bradycardia flg=0x4000010 (has extras) } to com.android.vending/com.google.android.finsky.packagemanager.impl.PackageMonitorReceiverImpl$RegisteredReceiver
04-29 20:44:54.155  1283  1390 W ResourceType: Found multiple library tables, ignoring...
04-29 20:44:54.158  2981  2981 D RegisteredAidCache: generateAidCacheLocked: starting with aid A0000004941010
04-29 20:44:54.158  2981  2981 D RegisteredAidCache: Exact AID, resolving.
04-29 20:44:54.158  2981  2981 D RegisteredAidCache: resolveAidLocked: DECISION: routing to payment default default ApduService: ComponentInfo{com.google.android.gms/com.google.android.gms.tapandpay.hce.service.TpHceService}, description: Google Pay, Static AID Groups: Category: payment, AIDs:325041592E5359532E4444463031, A0000000041010, A0000000042203, A0000000043060, A0000000049100, A000000004, A0000000031010, A0000000980840, A0000000032010, A0000000032020, A000000003, A00000000307010001, A0000003241010, A0000001523010, A0000001524010, A00000002501, A000000025011001, A00000002502, A000000025021001, A000000025010801, A000000025, A0000000250000, A0000002771010, A00000038410, A00000038420, A0000004941010, A0000004942010, , Dynamic AID Groups: 
04-29 20:44:54.158  2981  2981 D RegisteredAidCache: AIDs: [A0000004941010] were resolved.
04-29 20:44:54.158  2981  2981 D RegisteredAidCache: generateAidCacheLocked: starting with aid A0000004942010
04-29 20:44:54.158  2981  2981 D RegisteredAidCache: Exact AID, resolving.
04-29 20:44:54.158  2981  2981 D RegisteredAidCache: resolveAidLocked: DECISION: routing to payment default default ApduService: ComponentInfo{com.google.android.gms/com.google.android.gms.tapandpay.hce.service.TpHceService}, description: Google Pay, Static AID Groups: Category: payment, AIDs:325041592E5359532E4444463031, A0000000041010, A0000000042203, A0000000043060, A0000000049100, A000000004, A0000000031010, A0000000980840, A0000000032010, A0000000032020, A000000003, A00000000307010001, A0000003241010, A0000001523010, A0000001524010, A00000002501, A000000025011001, A00000002502, A000000025021001, A000000025010801, A000000025, A0000000250000, A0000002771010, A00000038410, A00000038420, A0000004941010, A0000004942010, , Dynamic AID Groups: 
04-29 20:44:54.158  2981  2981 D RegisteredAidCache: AIDs: [A0000004942010] were resolved.
04-29 20:44:54.158  2981  2981 D RegisteredAidCache: generateAidCacheLocked: starting with aid A000000743CC843413925E20C59B0100
04-29 20:44:54.158  2981  2981 D RegisteredAidCache: Exact AID, resolving.
04-29 20:44:54.158  2981  2981 D RegisteredAidCache: resolveAidLocked: DECISION: making single handling service ComponentInfo{com.saltosystems.justin/com.saltosystems.justinmobile.sdk.hce.JustinHceService} default.
04-29 20:44:54.158  2981  2981 D RegisteredAidCache: AIDs: [A000000743CC843413925E20C59B0100] were resolved.
04-29 20:44:54.159  2981  2981 D RegisteredAidCache: Not updating routing table because NFC is off.
04-29 20:44:54.159  2981  2981 D RegisteredNfcid2Cache: onServicesUpdated
04-29 20:44:54.159  1283  1396 W BroadcastQueue: Background execution not allowed: receiving Intent { act=android.intent.action.PACKAGE_ADDED dat=package:com.example.bradycardia flg=0x4000010 (has extras) } to com.google.android.gms/.games.chimera.GamesSystemBroadcastReceiverProxy
04-29 20:44:54.160  1283  1396 W BroadcastQueue: Background execution not allowed: receiving Intent { act=android.intent.action.PACKAGE_ADDED dat=package:com.example.bradycardia flg=0x4000010 (has extras) } to com.google.android.gms/.gass.chimera.PackageChangeBroadcastReceiver
04-29 20:44:54.160  1283  1396 W BroadcastQueue: Background execution not allowed: receiving Intent { act=android.intent.action.PACKAGE_ADDED dat=package:com.example.bradycardia flg=0x4000010 (has extras) } to com.google.android.gms/.chimera.GmsIntentOperationService$PersistentTrustedReceiver
04-29 20:44:54.160  1283  1396 W BroadcastQueue: Background execution not allowed: receiving Intent { act=android.intent.action.PACKAGE_ADDED dat=package:com.example.bradycardia flg=0x4000010 (has extras) } to com.google.android.googlequicksearchbox/com.google.android.apps.gsa.googlequicksearchbox.GelStubAppWatcher
04-29 20:44:54.162  2981  2981 D RegisteredNfcid2Cache: generateAidTree component: ComponentInfo{com.google.android.gms/com.google.android.gms.tapandpay.hce.service.TpHceService}
04-29 20:44:54.162  2981  2981 D RegisteredNfcid2Cache: generateAidTree component: ComponentInfo{com.saltosystems.justin/com.saltosystems.justinmobile.sdk.hce.JustinHceService}
04-29 20:44:54.162  2981  2981 D RegisteredNfcid2Cache: generateAidCacheLocked: mNfcid2Cache size 0
04-29 20:44:54.162  2981  2981 D RegisteredNfcid2Cache: Not updating routing table because NFC is off.
04-29 20:44:54.162  2981  2981 D RegisteredServicesCache: ApduService: ComponentInfo{com.google.android.gms/com.google.android.gms.tapandpay.hce.service.TpHceService}, description: Google Pay, Static AID Groups: Category: payment, AIDs:325041592E5359532E4444463031, A0000000041010, A0000000042203, A0000000043060, A0000000049100, A000000004, A0000000031010, A0000000980840, A0000000032010, A0000000032020, A000000003, A00000000307010001, A0000003241010, A0000001523010, A0000001524010, A00000002501, A000000025011001, A00000002502, A000000025021001, A000000025010801, A000000025, A0000000250000, A0000002771010, A00000038410, A00000038420, A0000004941010, A0000004942010, , Dynamic AID Groups: 
04-29 20:44:54.162  2981  2981 D RegisteredServicesCache: ApduService: ComponentInfo{com.saltosystems.justin/com.saltosystems.justinmobile.sdk.hce.JustinHceService}, description: JustIN Mobile HCE Service, Static AID Groups: Category: other, AIDs:A000000743CC843413925E20C59B0100, , Dynamic AID Groups: 
04-29 20:44:54.163 26541 26541 D AppListenerReceiver: onReceive action:android.intent.action.PACKAGE_ADDED
04-29 20:44:54.164  2981  2981 D RegisteredNfcFServicesCache: Service unchanged, not updating
04-29 20:44:54.167 23879  9903 W TileUtils: Found com.android.settings.Settings$TetherSettingsActivity for intent Intent { act=com.android.settings.action.SETTINGS pkg=com.android.settings } missing metadata com.android.settings.category
04-29 20:44:54.167 23879  9903 W TileUtils: Found com.android.settings.Settings$PaymentSettingsActivity for intent Intent { act=com.android.settings.action.SETTINGS pkg=com.android.settings } missing metadata com.android.settings.category
04-29 20:44:54.167 23879  9903 W TileUtils: Found com.android.settings.BackupSettingsActivity for intent Intent { act=com.android.settings.action.SETTINGS pkg=com.android.settings } missing metadata com.android.settings.category
04-29 20:44:54.169  1283  1390 V Theme   : com.android.mms, Add app's resource
04-29 20:44:54.169  1283  1390 V Theme   : ColorMode:com.android.mms is false
04-29 20:44:54.169  1283  1390 V Theme   : com.android.mms, Add app's resource
04-29 20:44:54.171  1283  1390 V Theme   : ColorMode:com.android.mms is false
04-29 20:44:54.175 23879  9903 W TileUtils: Found com.android.settings.Settings$CustomSettings for intent Intent { act=com.android.settings.category.custom pkg=com.android.settings } missing metadata 
04-29 20:44:54.176  2288  2288 V OPSkinReceiver: intent:Intent { act=android.intent.action.PACKAGE_ADDED dat=package:com.example.bradycardia flg=0x4000010 cmp=com.oneplus.skin/.OPSkinReceiver (has extras) }
04-29 20:44:54.179  3866  7990 I AccountTypeManager: Loaded meta-data for 12 account types, 10 accounts in 437ms(wall) 12ms(cpu)
04-29 20:44:54.179  3866  7990 I AccountTypeManager: handleMessage loadAccountsInBackground
04-29 20:44:54.184  3866  7990 D AccountTypeManager: Registering external account type=com.enstage.wibmo.hdfc.sync.contacts, packageName=com.enstage.wibmo.hdfc
04-29 20:44:54.185  1283  1979 W BroadcastQueue: Background execution not allowed: receiving Intent { act=android.intent.action.PACKAGE_ADDED dat=package:com.example.bradycardia flg=0x4000010 (has extras) } to com.facebook.katana/com.facebook.feed.platformads.AppInstallReceiver
04-29 20:44:54.185  1283  1396 W BroadcastQueue: Background execution not allowed: receiving Intent { act=android.intent.action.PACKAGE_ADDED dat=package:com.example.bradycardia flg=0x4000010 (has extras) } to com.facebook.katana/com.facebook.games.packagecontroller.PackageChangeReceiver
04-29 20:44:54.187  3866  7990 W ResourceType: For resource 0x7f08015f, entry index(351) is beyond type entryCount(16)
04-29 20:44:54.187  3866  7990 W ResourceType: Failure getting entry for 0x7f08015f (t=7 e=351) (error -75)
04-29 20:44:54.187  3866  7990 D AccountTypeManager: Registering external account type=com.google.android.apps.tachyon, packageName=com.google.android.apps.tachyon
04-29 20:44:54.190  1283  1979 W BroadcastQueue: Background execution not allowed: receiving Intent { act=android.intent.action.PACKAGE_ADDED dat=package:com.example.bradycardia flg=0x4000010 (has extras) } to com.jio.myjio/com.inn.passivesdk.receiver.PackageReceiver
04-29 20:44:54.190  1283  1396 W BroadcastQueue: Background execution not allowed: receiving Intent { act=android.intent.action.PACKAGE_ADDED dat=package:com.example.bradycardia flg=0x4000010 (has extras) } to com.lenovo.anyshare.gps/com.lenovo.anyshare.app.DefaultReceiver
04-29 20:44:54.190  1283  1396 W BroadcastQueue: Background execution not allowed: receiving Intent { act=android.intent.action.PACKAGE_ADDED dat=package:com.example.bradycardia flg=0x4000010 (has extras) } to com.lge.app1/.service.InstallReceiver
04-29 20:44:54.190  1283  1396 W BroadcastQueue: Background execution not allowed: receiving Intent { act=android.intent.action.PACKAGE_ADDED dat=package:com.example.bradycardia flg=0x4000010 (has extras) } to com.microsoft.office.excel/com.microsoft.office.notification.SystemBroadcastReceiver
04-29 20:44:54.190  1283  1396 W BroadcastQueue: Background execution not allowed: receiving Intent { act=android.intent.action.PACKAGE_ADDED dat=package:com.example.bradycardia flg=0x4000010 (has extras) } to com.microsoft.office.excel/com.microsoft.android.crosssell.PackageStateReceiver
04-29 20:44:54.190  1283  1396 W BroadcastQueue: Background execution not allowed: receiving Intent { act=android.intent.action.PACKAGE_ADDED dat=package:com.example.bradycardia flg=0x4000010 (has extras) } to com.microsoft.office.powerpoint/com.microsoft.office.notification.SystemBroadcastReceiver
04-29 20:44:54.191  1283  1396 W BroadcastQueue: Background execution not allowed: receiving Intent { act=android.intent.action.PACKAGE_ADDED dat=package:com.example.bradycardia flg=0x4000010 (has extras) } to com.microsoft.office.powerpoint/com.microsoft.android.crosssell.PackageStateReceiver
04-29 20:44:54.191  1283  1396 W BroadcastQueue: Background execution not allowed: receiving Intent { act=android.intent.action.PACKAGE_ADDED dat=package:com.example.bradycardia flg=0x4000010 (has extras) } to com.microsoft.office.word/com.microsoft.office.notification.SystemBroadcastReceiver
04-29 20:44:54.191 29140 29175 I AccountTypeManager: Loaded meta-data for 12 account types, 10 accounts in 448ms(wall) 15ms(cpu)
04-29 20:44:54.191 29140 29175 I AccountTypeManager: handleMessage loadAccountsInBackground
04-29 20:44:54.194  3866  7990 W ResourceType: For resource 0x7f0800bf, entry index(191) is beyond type entryCount(16)
04-29 20:44:54.194  3866  7990 W ResourceType: Failure getting entry for 0x7f0800bf (t=7 e=191) (error -75)
04-29 20:44:54.194  3866  7990 W ResourceType: For resource 0x7f0800bf, entry index(191) is beyond type entryCount(16)
04-29 20:44:54.194  3866  7990 W ResourceType: Failure getting entry for 0x7f0800bf (t=7 e=191) (error -75)
04-29 20:44:54.195  3866  7990 D AccountTypeManager: Registering external account type=com.whatsapp, packageName=com.whatsapp
04-29 20:44:54.196 29140 29175 D AccountTypeManager: Registering external account type=com.enstage.wibmo.hdfc.sync.contacts, packageName=com.enstage.wibmo.hdfc
04-29 20:44:54.197  3866  7990 D AccountTypeManager: Registering external account type=com.facebook.messenger, packageName=com.facebook.orca
04-29 20:44:54.201  1283  1979 W BroadcastQueue: Background execution not allowed: receiving Intent { act=android.intent.action.PACKAGE_ADDED dat=package:com.example.bradycardia flg=0x4000010 (has extras) } to com.sony.songpal/.app.SmartConnectInstallReceiver
04-29 20:44:54.201  1283  1396 W BroadcastQueue: Background execution not allowed: receiving Intent { act=android.intent.action.PACKAGE_REPLACED dat=package:com.example.bradycardia flg=0x4000010 (has extras) } to com.google.android.apps.photos/.account.full.FetchAccountPropertiesAppUpgradeBroadcastReceiver
04-29 20:44:54.201  1283  1396 W BroadcastQueue: Background execution not allowed: receiving Intent { act=android.intent.action.PACKAGE_REPLACED dat=package:com.example.bradycardia flg=0x4000010 (has extras) } to com.google.android.apps.photos/.account.full.SyncAccountsForLoginBroadcastReceiver
04-29 20:44:54.201  1283  1396 W BroadcastQueue: Background execution not allowed: receiving Intent { act=android.intent.action.PACKAGE_REPLACED dat=package:com.example.bradycardia flg=0x4000010 (has extras) } to com.google.android.apps.photos/.experiments.phenotype.full.PhenotypeAppUpgradeBroadcastReceiver
04-29 20:44:54.201  1283  1396 W BroadcastQueue: Background execution not allowed: receiving Intent { act=android.intent.action.PACKAGE_REPLACED dat=package:com.example.bradycardia flg=0x4000010 (has extras) } to com.google.android.apps.photos/.notificationchannels.AppUpdateBroadcastReceiver
04-29 20:44:54.201  1283  1396 W BroadcastQueue: Background execution not allowed: receiving Intent { act=android.intent.action.PACKAGE_REPLACED dat=package:com.example.bradycardia flg=0x4000010 (has extras) } to com.google.android.gms/.gass.chimera.PackageChangeBroadcastReceiver
04-29 20:44:54.201  1283  1396 W BroadcastQueue: Background execution not allowed: receiving Intent { act=android.intent.action.PACKAGE_REPLACED dat=package:com.example.bradycardia flg=0x4000010 (has extras) } to com.google.android.gms/.chimera.GmsIntentOperationService$PersistentTrustedReceiver
04-29 20:44:54.202  1283  1396 W BroadcastQueue: Background execution not allowed: receiving Intent { act=android.intent.action.PACKAGE_REPLACED dat=package:com.example.bradycardia flg=0x4000010 (has extras) } to com.google.android.googlequicksearchbox/com.google.android.apps.gsa.googlequicksearchbox.GelStubAppWatcher
04-29 20:44:54.202  1283  1396 W BroadcastQueue: Background execution not allowed: receiving Intent { act=android.intent.action.PACKAGE_REPLACED dat=package:com.example.bradycardia flg=0x4000010 (has extras) } to com.facebook.katana/com.facebook.games.packagecontroller.PackageChangeReceiver
04-29 20:44:54.202  1283  1396 W BroadcastQueue: Background execution not allowed: receiving Intent { act=android.intent.action.PACKAGE_REPLACED dat=package:com.example.bradycardia flg=0x4000010 (has extras) } to com.jio.myjio/com.inn.passivesdk.receiver.PackageReceiver
04-29 20:44:54.202  1283  1396 W BroadcastQueue: Background execution not allowed: receiving Intent { act=android.intent.action.PACKAGE_REPLACED dat=package:com.example.bradycardia flg=0x4000010 (has extras) } to com.lge.app1/.service.InstallReceiver
04-29 20:44:54.210 29140 29175 D AccountTypeManager: Registering external account type=com.google.android.apps.tachyon, packageName=com.google.android.apps.tachyon
04-29 20:44:54.211  3866  7990 W ResourceType: Failure getting entry for 0x7f1907a7 (t=24 e=1959) (error -2147483647)
04-29 20:44:54.211  3866  7990 W ResourceType: Failure getting entry for 0x7f1907a7 (t=24 e=1959) (error -2147483647)
04-29 20:44:54.211  3866  7990 W ResourceType: Failure getting entry for 0x7f1907a8 (t=24 e=1960) (error -2147483647)
04-29 20:44:54.211  3866  7990 W ResourceType: Failure getting entry for 0x7f1907a9 (t=24 e=1961) (error -2147483647)
04-29 20:44:54.211  3866  7990 D AccountTypeManager: Registering external account type=com.linkedin.android, packageName=com.linkedin.android
