04-29 15:51:28.489  1283  1396 I chatty  : uid=1000(system) ActivityManager expire 2 lines
04-29 15:51:28.551  1283  1395 I chatty  : uid=1000(system) EmbryoManager expire 5 lines
04-29 15:51:32.259  1283  3050 I chatty  : uid=1000(system) Binder:1283_14 expire 3 lines
04-29 15:51:32.444  1283  3034 I chatty  : uid=1000(system) Binder:1283_D expire 12 lines
04-29 15:51:32.980  1283  2990 I chatty  : uid=1000(system) Binder:1283_A expire 5 lines
04-29 15:51:34.035  1283  3048 I chatty  : uid=1000(system) Binder:1283_13 expire 3 lines
04-29 15:51:34.134  1283  1979 I chatty  : uid=1000(system) Binder:1283_4 expire 2 lines
04-29 15:51:34.173  1283  3047 I chatty  : uid=1000(system) Binder:1283_12 expire 10 lines
04-29 15:51:34.843  1283  2104 I chatty  : uid=1000(system) Binder:1283_6 expire 9 lines
04-29 15:51:37.593  1283  1283 I chatty  : uid=1000 system_server expire 1 line
04-29 15:51:42.585  1283  2999 I chatty  : uid=1000(system) Binder:1283_B expire 1 line
04-29 15:51:43.843  1283  2091 I chatty  : uid=1000(system) Binder:1283_5 expire 2 lines
04-29 15:51:43.945  1283  1496 I chatty  : uid=1000(system) PackageManager expire 7 lines
04-29 15:51:45.158 32376   709 W ActivityThread: ClassLoader.getResources: The class loader returned by Thread.getContextClassLoader() may fail for processes that host multiple applications. You should explicitly specify a context class loader. For example: Thread.setContextClassLoader(getClass().getClassLoader());
04-29 15:51:45.192  1283  3047 I chatty  : uid=1000(system) Binder:1283_12 expire 1 line
04-29 15:51:46.723  1283  1326 I chatty  : uid=1000(system) Binder:1283_2 expire 1 line
04-29 15:51:46.724  1283  1897 I chatty  : uid=1000(system) ConnectivitySer expire 118 lines
04-29 15:51:46.726  1283  3038 I chatty  : uid=1000(system) Binder:1283_E expire 4 lines
04-29 15:51:47.320  1283  1496 I chatty  : uid=1000(system) PackageManager expire 1 line
04-29 15:51:47.340  1283  1396 I chatty  : uid=1000(system) ActivityManager expire 46 lines
04-29 15:51:47.491  1283  1283 I chatty  : uid=1000 system_server expire 3 lines
04-29 15:51:47.517  1283  1397 I chatty  : uid=1000(system) android.ui expire 1 line
04-29 15:51:47.577  1283  1395 I chatty  : uid=1000(system) EmbryoManager expire 5 lines
04-29 15:51:47.582  1283  1979 I chatty  : uid=1000(system) Binder:1283_4 expire 2 lines
04-29 15:51:48.266  1283  2091 I chatty  : uid=1000(system) Binder:1283_5 expire 6 lines
04-29 15:51:48.952  1283  1390 I chatty  : uid=1000(system) android.bg expire 1 line
04-29 15:51:49.089  1283  3048 I chatty  : uid=1000(system) Binder:1283_13 expire 2 lines
04-29 15:51:49.231  1283  8265 I chatty  : uid=1000(system) Binder:1283_1F expire 2 lines
04-29 15:51:49.239  1283  7229 I chatty  : uid=1000(system) Binder:1283_1D expire 4 lines
04-29 15:51:49.286  1283  1864 I chatty  : uid=1000(system) Binder:1283_3 expire 1 line
04-29 15:51:49.287  1283  3043 I chatty  : uid=1000(system) Binder:1283_10 expire 3 lines
04-29 15:51:49.339  1283  3508 I chatty  : uid=1000(system) Binder:1283_18 expire 6 lines
04-29 15:51:49.356  1283  2955 I chatty  : uid=1000(system) Binder:1283_9 expire 9 lines
04-29 15:51:49.540  1283  5019 I chatty  : uid=1000(system) Binder:1283_1A expire 1 line
04-29 15:51:50.634  1283  6949 I chatty  : uid=1000(system) Binder:1283_1C expire 1 line
04-29 15:51:50.919  1283  2732 I chatty  : uid=1000(system) backup expire 1 line
04-29 15:51:50.997  1283  3045 I chatty  : uid=1000(system) Binder:1283_11 expire 2 lines
04-29 15:51:51.277  1283  3507 I chatty  : uid=1000(system) Binder:1283_17 expire 2 lines
04-29 15:51:53.126   993   993 W wificond: Failed to get NL80211_ATTR_STATUS_CODE
04-29 15:51:53.135   993   993 E wificond: Failed to get NL80211_STA_INFO_TX_PACKETS
04-29 15:51:54.016  1283  1395 I chatty  : uid=1000(system) EmbryoManager expire 6 lines
04-29 15:51:54.099  1283  3048 I chatty  : uid=1000(system) Binder:1283_13 expire 1 line
04-29 15:51:54.135  1283  3050 I chatty  : uid=1000(system) Binder:1283_14 expire 1 line
04-29 15:51:54.136  1283  3034 I chatty  : uid=1000(system) Binder:1283_D expire 2 lines
04-29 15:51:54.137  1283  1897 I chatty  : uid=1000(system) ConnectivitySer expire 186 lines
04-29 15:51:54.217  1283  1979 I chatty  : uid=1000(system) Binder:1283_4 expire 1 line
04-29 15:51:54.273  1283  1326 I chatty  : uid=1000(system) Binder:1283_2 expire 3 lines
04-29 15:51:54.349  1283  1404 I chatty  : uid=1000(system) batterystats-sy expire 4 lines
04-29 15:52:00.000  1283  1757 I chatty  : uid=1000(system) AlarmManager expire 9 lines
04-29 15:52:02.916  1283  1283 I chatty  : uid=1000 system_server expire 1 line
04-29 15:52:03.374  1283  7229 I chatty  : uid=1000(system) Binder:1283_1D expire 2 lines
04-29 15:52:08.624  1283  3508 I chatty  : uid=1000(system) Binder:1283_18 expire 1 line
04-29 15:52:25.475  1283  5019 I chatty  : uid=1000(system) Binder:1283_1A expire 3 lines
04-29 15:52:43.498  1283  1396 I chatty  : uid=1000(system) ActivityManager expire 3 lines
04-29 15:52:49.130  1283  1390 I chatty  : uid=1000(system) android.bg expire 1 line
04-29 15:53:00.098  1283  1897 I chatty  : uid=1000(system) ConnectivitySer expire 218 lines
04-29 15:53:08.739  1283  1757 I chatty  : uid=1000(system) AlarmManager expire 3 lines
04-29 15:53:19.853  1283  1396 I chatty  : uid=1000(system) ActivityManager expire 1 line
04-29 15:53:19.896  1283  3508 I chatty  : uid=1000(system) Binder:1283_18 expire 1 line
04-29 15:53:22.951  1283  1395 I chatty  : uid=1000(system) EmbryoManager expire 2 lines
04-29 15:53:33.334  1283  1897 I chatty  : uid=1000(system) ConnectivitySer expire 140 lines
04-29 15:53:44.399  1283  3508 I chatty  : uid=1000(system) Binder:1283_18 expire 6 lines
04-29 15:53:44.479  1283  1491 I chatty  : uid=1000(system) android.display expire 1 line
04-29 15:53:44.535  1283  1396 I chatty  : uid=1000(system) ActivityManager expire 41 lines
04-29 15:53:49.298  1283  1757 I chatty  : uid=1000(system) AlarmManager expire 3 lines
04-29 15:53:53.082  1283  1651 I chatty  : uid=1000(system) PackageInstalle expire 2 lines
04-29 15:53:53.645  1283  1496 I chatty  : uid=1000(system) PackageManager expire 7 lines
04-29 15:53:53.707  1283  6949 I chatty  : uid=1000(system) Binder:1283_1C expire 5 lines
04-29 15:53:55.733  1283  3043 I chatty  : uid=1000(system) Binder:1283_10 expire 1 line
04-29 15:53:55.738  1283  7473 I chatty  : uid=1000(system) Binder:1283_1E expire 1 line
04-29 15:53:56.072  1283  2205 I chatty  : uid=1000(system) Binder:1283_7 expire 1 line
04-29 15:53:56.202  1283  3034 I chatty  : uid=1000(system) Binder:1283_D expire 4 lines
04-29 15:53:56.210  1283  1283 I chatty  : uid=1000 system_server expire 2 lines
04-29 15:53:56.344  1283  1326 I chatty  : uid=1000(system) Binder:1283_2 expire 2 lines
04-29 15:53:58.762  1283  2732 I chatty  : uid=1000(system) backup expire 1 line
04-29 15:54:06.346  1283  1404 I chatty  : uid=1000(system) batterystats-sy expire 2 lines
04-29 15:54:21.543  1283  1897 I chatty  : uid=1000(system) ConnectivitySer expire 218 lines
04-29 15:54:43.266  1283  1757 I chatty  : uid=1000(system) AlarmManager expire 5 lines
04-29 15:54:43.436  1283  3043 I chatty  : uid=1000(system) Binder:1283_10 expire 1 line
04-29 15:54:43.616  1283  3008 I chatty  : uid=1000(system) Binder:1283_C expire 1 line
04-29 15:55:03.836  1283  1897 I chatty  : uid=1000(system) ConnectivitySer expire 22 lines
04-29 15:55:05.105  1283  6949 I chatty  : uid=1000(system) Binder:1283_1C expire 1 line
04-29 15:55:05.413  1283  1396 I chatty  : uid=1000(system) ActivityManager expire 246 lines
04-29 15:55:06.178  1283  2999 I chatty  : uid=1000(system) Binder:1283_B expire 1 line
04-29 15:55:06.193  1283  6949 I chatty  : uid=1000(system) Binder:1283_1C expire 1 line
04-29 15:55:09.201  1283  1395 I chatty  : uid=1000(system) EmbryoManager expire 3 lines
04-29 15:55:09.860  1283  1897 I chatty  : uid=1000(system) ConnectivitySer expire 160 lines
04-29 15:55:10.111  1283  1757 I chatty  : uid=1000(system) AlarmManager expire 2 lines
04-29 15:55:12.347  1283  1404 I chatty  : uid=1000(system) batterystats-sy expire 2 lines
04-29 15:55:17.551  1283  3043 I chatty  : uid=1000(system) Binder:1283_10 expire 5 lines
04-29 15:55:24.969  1283  1897 I chatty  : uid=1000(system) ConnectivitySer expire 194 lines
04-29 15:55:46.109  1283  1396 I chatty  : uid=1000(system) ActivityManager expire 4 lines
04-29 15:55:47.356  1283  2984 I chatty  : uid=1000 system_server expire 1 line
04-29 15:55:47.590  1283  1757 I chatty  : uid=1000(system) AlarmManager expire 11 lines
04-29 15:56:13.240  1283  1897 I chatty  : uid=1000(system) ConnectivitySer expire 198 lines
04-29 15:56:18.340  1283  1404 I chatty  : uid=1000(system) batterystats-sy expire 2 lines
04-29 15:56:26.663  1283  6949 I chatty  : uid=1000(system) Binder:1283_1C expire 1 line
04-29 15:56:26.684  1283  3043 I chatty  : uid=1000(system) Binder:1283_10 expire 1 line
04-29 15:56:52.526  1283  1897 I chatty  : uid=1000(system) ConnectivitySer expire 142 lines
04-29 15:57:00.000  1283  1757 I chatty  : uid=1000(system) AlarmManager expire 30 lines
04-29 15:57:22.727  1283  1404 I chatty  : uid=1000(system) batterystats-sy expire 15 lines
04-29 15:57:56.031  1283  1396 I chatty  : uid=1000(system) ActivityManager expire 10 lines
04-29 16:00:16.027  1283  6947 I chatty  : uid=1000(system) Binder:1283_1B expire 1 line
04-29 16:00:21.914  1283  2999 I chatty  : uid=1000(system) Binder:1283_B expire 3 lines
04-29 16:01:26.865  1283  3034 I chatty  : uid=1000(system) Binder:1283_D expire 1 line
04-29 16:01:29.921  1283  1395 I chatty  : uid=1000(system) EmbryoManager expire 1 line
04-29 16:01:32.393  1283  1283 I chatty  : uid=1000 system_server expire 1 line
04-29 16:04:34.708  1283  1390 I chatty  : uid=1000(system) android.bg expire 3 lines
04-29 16:04:54.354  1283  1404 I chatty  : uid=1000(system) batterystats-sy expire 3 lines
04-29 16:05:00.000  1283  1757 I chatty  : uid=1000(system) AlarmManager expire 18 lines
04-29 16:05:10.446  1283  1897 I chatty  : uid=1000(system) ConnectivitySer expire 101 lines
04-29 16:05:18.811  1283  2999 I chatty  : uid=1000(system) Binder:1283_B expire 5 lines
04-29 16:05:18.856  1283  1491 I chatty  : uid=1000(system) android.display expire 1 line
04-29 16:05:22.301  1283  2205 I chatty  : uid=1000(system) Binder:1283_7 expire 3 lines
04-29 16:05:25.771  1283  1651 I chatty  : uid=1000(system) PackageInstalle expire 2 lines
04-29 16:05:26.099  1283  1396 I chatty  : uid=1000(system) ActivityManager expire 41 lines
04-29 16:05:26.366  1283  1496 I chatty  : uid=1000(system) PackageManager expire 7 lines
04-29 16:05:26.412  1283  3045 I chatty  : uid=1000(system) Binder:1283_11 expire 1 line
04-29 16:05:28.359  1283  1395 I chatty  : uid=1000(system) EmbryoManager expire 1 line
04-29 16:05:28.389  1283  1283 I chatty  : uid=1000 system_server expire 4 lines
04-29 16:05:28.469  1283  2955 I chatty  : uid=1000(system) Binder:1283_9 expire 2 lines
04-29 16:05:28.560  1283  1325 I chatty  : uid=1000(system) Binder:1283_1 expire 1 line
04-29 16:05:28.912  1283  3008 I chatty  : uid=1000(system) Binder:1283_C expire 3 lines
04-29 16:05:29.154  1283  8416 I chatty  : uid=1000(system) Binder:1283_20 expire 4 lines
04-29 16:05:29.288  1283  7229 I chatty  : uid=1000(system) Binder:1283_1D expire 4 lines
04-29 16:05:31.414  1283  2732 I chatty  : uid=1000(system) backup expire 1 line
04-29 16:05:34.396  1283  3080 I chatty  : uid=1000(system) Binder:1283_16 expire 1 line
04-29 16:06:05.227  1283  2990 I chatty  : uid=1000(system) Binder:1283_A expire 1 line
04-29 16:07:11.103  1283  1897 I chatty  : uid=1000(system) ConnectivitySer expire 207 lines
04-29 16:07:12.355  1283  1404 I chatty  : uid=1000(system) batterystats-sy expire 4 lines
04-29 16:07:57.428  1283  1757 I chatty  : uid=1000(system) AlarmManager expire 7 lines
04-29 16:07:57.528  1283  1396 I chatty  : uid=1000(system) ActivityManager expire 7 lines
04-29 16:08:59.792  1283  1897 I chatty  : uid=1000(system) ConnectivitySer expire 192 lines
04-29 16:09:00.000  1283  1757 I chatty  : uid=1000(system) AlarmManager expire 3 lines
04-29 16:09:22.710  1283  1404 I chatty  : uid=1000(system) batterystats-sy expire 2 lines
04-29 16:10:05.191  1283  2091 I chatty  : uid=1000(system) Binder:1283_5 expire 6 lines
04-29 16:10:05.285  1283  1491 I chatty  : uid=1000(system) android.display expire 1 line
04-29 16:10:15.471  1283  1651 I chatty  : uid=1000(system) PackageInstalle expire 2 lines
04-29 16:10:16.026  1283  1496 I chatty  : uid=1000(system) PackageManager expire 7 lines
04-29 16:10:16.087  1283  2990 I chatty  : uid=1000(system) Binder:1283_A expire 2 lines
04-29 16:10:17.946  1283  1395 I chatty  : uid=1000(system) EmbryoManager expire 1 line
04-29 16:10:18.126  1283  2205 I chatty  : uid=1000(system) Binder:1283_7 expire 1 line
04-29 16:10:18.221  1283  1396 I chatty  : uid=1000(system) ActivityManager expire 37 lines
04-29 16:10:18.234  1283  3034 I chatty  : uid=1000(system) Binder:1283_D expire 1 line
04-29 16:10:18.399  1283  7229 I chatty  : uid=1000(system) Binder:1283_1D expire 5 lines
04-29 16:10:18.427  1283  3508 I chatty  : uid=1000(system) Binder:1283_18 expire 3 lines
04-29 16:10:18.564  1283  6947 I chatty  : uid=1000(system) Binder:1283_1B expire 1 line
04-29 16:10:18.574  1283  2091 I chatty  : uid=1000(system) Binder:1283_5 expire 1 line
04-29 16:10:18.635  1283  1283 I chatty  : uid=1000 system_server expire 2 lines
04-29 16:10:18.675  1283  6949 I chatty  : uid=1000(system) Binder:1283_1C expire 2 lines
04-29 16:10:21.165  1283  2732 I chatty  : uid=1000(system) backup expire 1 line
04-29 16:10:30.356  1283  1404 I chatty  : uid=1000(system) batterystats-sy expire 2 lines
04-29 16:10:33.093  1283  1757 I chatty  : uid=1000(system) AlarmManager expire 17 lines
04-29 16:10:33.321  1283  1897 I chatty  : uid=1000(system) ConnectivitySer expire 261 lines
04-29 16:11:27.212  1283  7473 I chatty  : uid=1000(system) Binder:1283_1E expire 3 lines
04-29 16:11:27.251  1283  1757 I chatty  : uid=1000(system) AlarmManager expire 9 lines
04-29 16:11:35.461  1283  1283 I chatty  : uid=1000 system_server expire 5 lines
04-29 16:11:36.322  1283  1404 I chatty  : uid=1000(system) batterystats-sy expire 2 lines
04-29 16:11:40.552  1283  3508 I chatty  : uid=1000(system) Binder:1283_18 expire 7 lines
04-29 16:11:40.609  1283  1491 I chatty  : uid=1000(system) android.display expire 1 line
04-29 16:11:40.612  1283  1396 I chatty  : uid=1000(system) ActivityManager expire 43 lines
04-29 16:11:48.931  1283  1651 I chatty  : uid=1000(system) PackageInstalle expire 2 lines
04-29 16:11:49.468  1283  1496 I chatty  : uid=1000(system) PackageManager expire 7 lines
04-29 16:11:49.525  1283  3047 I chatty  : uid=1000(system) Binder:1283_12 expire 4 lines
04-29 16:11:51.361  1283  3043 I chatty  : uid=1000(system) Binder:1283_10 expire 2 lines
04-29 16:11:51.418  1283  1395 I chatty  : uid=1000(system) EmbryoManager expire 1 line
04-29 16:11:51.615  1283  1326 I chatty  : uid=1000(system) Binder:1283_2 expire 1 line
04-29 16:11:51.689  1283  8265 I chatty  : uid=1000(system) Binder:1283_1F expire 2 lines
04-29 16:11:51.702  1283  3048 I chatty  : uid=1000(system) Binder:1283_13 expire 1 line
04-29 16:11:52.018  1283  8416 I chatty  : uid=1000(system) Binder:1283_20 expire 4 lines
04-29 16:11:54.443  1283  2732 I chatty  : uid=1000(system) backup expire 1 line
04-29 16:11:59.153  1283  3065 I chatty  : uid=1000(system) Binder:1283_15 expire 2 lines
04-29 16:12:07.353  1283  3034 I chatty  : uid=1000(system) Binder:1283_D expire 2 lines
--------- beginning of main
04-29 16:12:07.520  4314  4314 I Finsky  : [2] jvz.<init>(8): Not checking if recovering from paused session because experiment is off
04-29 16:12:07.529  4314  4314 I Finsky  : [2] com.google.android.finsky.scheduler.JobSchedulerEngine$PhoneskyJobSchedulerJobService.onStartJob(3): onJobSchedulerWakeup with jobId 9002
04-29 16:12:07.536  4314  4314 I Finsky  : [2] ped.a(21): Scheduling fallback job with id: 9034, and delay: 43200000 ms
04-29 16:12:07.545  4314  4314 I Finsky  : [2] ped.a(5): Scheduling fallback in 64799993 (absolute: 343588117)
04-29 16:12:07.552  4314  4314 I Finsky  : [2] jwo.a(290): Installer kick - no action, not running yet
04-29 16:12:07.553  4314  4314 I Finsky  : [2] jwo.a(290): Installer kick - no action, not running yet
04-29 16:12:07.557  4314  4338 D NetworkSecurityConfig: No Network Security Config specified, using platform default
04-29 16:12:07.558  4314  4338 I DpmTcmClient: RegisterTcmMonitor from: com.android.okhttp.TcmIdleTimerMonitor
04-29 16:12:07.639  4314  4314 I Finsky  : [2] jxz.a(4): Installer: Installer starting, recovering 0 running downloads
04-29 16:12:07.641  4314  4381 I Finsky  : [7210] jyi.run(2): Installer: Installer starting, cleaning up sessions.
04-29 16:12:07.649  4314  4381 I Finsky  : [7210] jyi.run(5): Installer: Installer started.
04-29 16:12:07.654  4314  4314 I Finsky  : [2] qhg.a(31): Connecting InstallListener to SplitInstallService broadcaster...
04-29 16:12:07.768  4314  4314 I Finsky  : [2] pen.handleMessage(10): DeviceState: DeviceState{currentTime=1556579527762, isCharging=true, isIdle=false, netAny=true, netNotRoaming=true, netUnmetered=true}
04-29 16:12:07.775  4314  4345 I Finsky  : [7180] pfx.b(7): Jobs in database: 1-1337 12-1 24-77777777 26-1414141414 29-29 
04-29 16:12:07.778  4314  4314 I Finsky  : [2] pek.a(46): Running job: 12-1
04-29 16:12:07.779  4314  4314 I Finsky  : [2] com.google.android.finsky.contentsync.ContentSyncJob.a(23): ContentSyncJob started
04-29 16:12:07.780  4314  4314 I Finsky  : [2] pen.handleMessage(81): RunningQueue size: 1, PendingQueue size: 0
04-29 16:12:07.780  4314  4314 I Finsky  : [2] pen.handleMessage(90): Running queue: 12-1 
04-29 16:12:10.644  4314  4340 I Finsky  : [7175] lvt.a(13): Loaded library for account: [EFDGILbrtNJ9GF3JpUSRVi3mCk4]
04-29 16:12:10.645  4314  4340 I Finsky  : [7175] lvt.a(13): Loaded library for account: [RsdPTJaPRl_lo47hHDLvISZ9_0E]
04-29 16:12:10.647  4314  4340 I Finsky  : [7175] lvt.a(13): Loaded library for account: [M3l9jQFEooRVHGPIut9QuLDSLik]
04-29 16:12:10.649  4314  4340 I Finsky  : [7175] lvt.a(13): Loaded library for account: [LHJEL0UKb0pgAv6i1HAasPSZfNI]
04-29 16:12:10.650  4314  4340 I Finsky  : [7175] lvt.a(15): Finished loading 4 libraries.
04-29 16:12:11.451  4314  4394 I Finsky  : [7220] dff.a(5): Completed 0 account content syncs with 0 successful.
04-29 16:12:11.452  4314  4314 I Finsky  : [2] com.google.android.finsky.contentsync.ContentSyncJob.a(21): Installation state replication succeeded.
04-29 16:12:11.453  4314  4314 I Finsky  : [2] pfu.a(11): jobFinished: 12-1. TimeElapsed: 3675ms
04-29 16:12:11.454  4314  4314 I Finsky  : [2] pek.a(10): Job 12-1 finished
04-29 16:12:11.454  4314  4314 I Finsky  : [2] pen.handleMessage(81): RunningQueue size: 0, PendingQueue size: 0
04-29 16:12:11.455  4314  4314 I Finsky  : [2] pen.handleMessage(85): Waiting on changed job store
04-29 16:12:11.715  1283  3034 I chatty  : uid=1000(system) Binder:1283_D expire 4 lines
04-29 16:12:11.716  1021  2040 I LOWI-8.5.0.1: [LOWI-Scan] lowi_close_record:Scan completed in 278768000ms and Recieved 21 APs scan results
04-29 16:12:11.770   472   472 W auditd  : type=1400 "memtrack@1.0-se""mem""debugfs"
04-29 16:12:11.770   472   472 W auditd  : type=1400 "memtrack@1.0-se""mem""debugfs"
04-29 16:12:11.774  2936  4300 W DatabaseProcessor: processLocalDevices: failed to get the network info.
04-29 16:12:11.993  4314  4329 I zygote  : Waiting for a blocking GC ProfileSaver
04-29 16:12:12.068  4314  4329 I zygote  : WaitForGcToComplete blocked for 75.473ms for cause ProfileSaver
04-29 16:12:12.561  4314  4345 I Finsky  : [7180] pfx.b(7): Jobs in database: 1-1337 24-77777777 26-1414141414 29-29 
04-29 16:12:12.564  4314  4314 I Finsky  : [2] pen.handleMessage(81): RunningQueue size: 0, PendingQueue size: 0
04-29 16:12:12.566  4314  4314 I Finsky  : [2] pen.handleMessage(27): Executor finished
04-29 16:12:12.593  4314  4314 I Finsky  : [2] pfx.b(7): Jobs in database: 1-1337 24-77777777 26-1414141414 29-29 
04-29 16:12:12.595  4314  4314 I Finsky  : [2] pdk.a(66): ConstraintMapping: 24-77777777,  -> L: 0ms, D: 77995971ms, C: false, I: true, N: NET_NONE
04-29 16:12:12.597  4314  4314 I Finsky  : [2] pdk.a(66): ConstraintMapping: 1-1337,  -> L: 36513893ms, D: 79713893ms, C: false, I: false, N: NET_ANY
04-29 16:12:12.599  4314  4314 I Finsky  : [2] pdk.a(66): ConstraintMapping: 26-1414141414, 29-29,  -> L: 24672ms, D: 54672ms, C: false, I: false, N: NET_NONE
04-29 16:12:12.601  4314  4314 I Finsky  : [2] com.google.android.finsky.scheduler.JobSchedulerEngine.a(42): Cancelling existing job with id: 9005
04-29 16:12:12.605  4314  4314 I Finsky  : [2] com.google.android.finsky.scheduler.JobSchedulerEngine.a(42): Cancelling existing job with id: 9000
04-29 16:12:12.610  4314  4314 I Finsky  : [2] com.google.android.finsky.scheduler.JobSchedulerEngine.a(14): Throttling wakeup for job 9001 (expected to run in 0 ms) due to recent wakeup
04-29 16:12:12.611  4314  4314 I Finsky  : [2] com.google.android.finsky.scheduler.JobSchedulerEngine.a(4): Scheduling job Id: 9001, L: 30000, D: 77995971, C: false, I: true, N: 0
04-29 16:12:12.616  4314  4314 I Finsky  : [2] com.google.android.finsky.scheduler.JobSchedulerEngine.a(4): Scheduling job Id: 9003, L: 36513893, D: 79713893, C: false, I: false, N: 1
04-29 16:12:12.620  4314  4314 I Finsky  : [2] com.google.android.finsky.scheduler.JobSchedulerEngine.a(14): Throttling wakeup for job 9004 (expected to run in 24672 ms) due to recent wakeup
04-29 16:12:12.621  4314  4314 I Finsky  : [2] com.google.android.finsky.scheduler.JobSchedulerEngine.a(4): Scheduling job Id: 9004, L: 30000, D: 54672, C: false, I: false, N: 0
04-29 16:12:13.391  1983  2144 I NetworkController.MobileSignalController(3):  showDisableIcon:false
04-29 16:12:15.849  2159  2250 I QCNEJ/CndHalConnector: -> SND notifyWifiStatusChanged(RatInfo{type=1, subType=101, state=CONNECTED, v4=IfaceAddrPair{iface=wlan0, addr=10.157.14.202}, v6=IfaceAddrPair{iface=, addr=}, timestamp=2019-04-29 16:12:15.849, isAndroidValidated=true, netHandle=644261530334, slotIdx=0} WifiInfo{freq=TWO_GHz, state=3, ssid=asu, bssid=e8:65:49:b8:3a:1f, dns=[129.219.17.200, 129.219.17.5, 0.0.0.0, 0.0.0.0, ]})
04-29 16:12:15.941  1983  2144 I NetworkController.MobileSignalController(3):  showDisableIcon:false
04-29 16:12:17.311  4314  4358 E Finsky  : [7189] foc.a(23): Unable to build selector: /storage/emulated/0/Download/marketenvs.csv (No such file or directory)
04-29 16:12:17.333  4314  4388 I Finsky  : [7215] njo.b(1): Triggered update for experiment package com.google.android.finsky.stable.
04-29 16:12:17.342  4314  4340 I Finsky  : [7175] das.run(3): Initializing the instant apps module.
04-29 16:12:17.478  4314  4388 I Finsky  : [7215] njo.b(134): Already at the latest configurations for experiment package com.google.android.finsky.stable.
04-29 16:12:17.478  4314  4381 I Finsky  : [7210] njo.b(1): Triggered update for experiment package com.google.android.finsky.regular.
04-29 16:12:17.488  4314  4358 I Finsky  : [7189] uqq.a(11): Do not start WearSupportService due to Wear service optimization
04-29 16:12:17.492  4314  4360 I Finsky  : [7190] dai.run(7): Component class com.google.android.finsky.wear.WearSupportService disabled via PackageManager.
04-29 16:12:17.493  4314  4360 I Finsky  : [7190] dai.run(7): Component class com.google.android.finsky.wear.WearChangeListenerService disabled via PackageManager.
04-29 16:12:17.497  4314  4348 I Finsky  : [7183] tvq.f(3): Restoring notifications
04-29 16:12:17.510  4314  4348 I Finsky  : [7183] tvq.f(8): Done restoring notifications
04-29 16:12:17.550  4314  4381 I Finsky  : [7210] njo.b(134): Already at the latest configurations for experiment package com.google.android.finsky.regular.
04-29 16:12:17.551  4314  4350 I Finsky  : [7185] njo.b(1): Triggered update for experiment package com.google.android.finsky.regular.
04-29 16:12:17.614  4314  4350 I Finsky  : [7185] njo.b(134): Already at the latest configurations for experiment package com.google.android.finsky.regular.
04-29 16:12:17.615  4314  4388 I Finsky  : [7215] njo.b(1): Triggered update for experiment package com.google.android.finsky.regular.
04-29 16:12:17.674  4314  4388 I Finsky  : [7215] njo.b(134): Already at the latest configurations for experiment package com.google.android.finsky.regular.
04-29 16:12:17.675  4314  4381 I Finsky  : [7210] njo.b(1): Triggered update for experiment package com.google.android.finsky.regular.
04-29 16:12:17.676  4314  4314 I Finsky  : [2] psq.run(4): Detected restoreservicev2://recovery not needed, will not run
04-29 16:12:17.735  4314  4381 I Finsky  : [7210] njo.b(134): Already at the latest configurations for experiment package com.google.android.finsky.regular.
04-29 16:12:17.736  4314  4350 I Finsky  : [7185] njo.b(1): Triggered update for experiment package com.google.android.finsky.regular.
04-29 16:12:17.789  4314  4350 I Finsky  : [7185] njh.a(37): Started reading experiment flags from file [v6B-2IolLQRBwrwPhscSaeg04As].
04-29 16:12:17.792  4314  4350 I Finsky  : [7185] njh.a(38): Finished reading experiment flags from file [v6B-2IolLQRBwrwPhscSaeg04As].
04-29 16:12:17.792  4314  4350 I Finsky  : [7185] njo.b(134): Already at the latest configurations for experiment package com.google.android.finsky.regular.
04-29 16:12:18.868  2159  2250 I QCNEJ/CndHalConnector: -> SND notifyWifiStatusChanged(RatInfo{type=1, subType=101, state=CONNECTED, v4=IfaceAddrPair{iface=wlan0, addr=10.157.14.202}, v6=IfaceAddrPair{iface=, addr=}, timestamp=2019-04-29 16:12:18.867, isAndroidValidated=true, netHandle=644261530334, slotIdx=0} WifiInfo{freq=TWO_GHz, state=3, ssid=asu, bssid=e8:65:49:b8:3a:1f, dns=[129.219.17.200, 129.219.17.5, 0.0.0.0, 0.0.0.0, ]})
04-29 16:12:21.080  1983  2144 I NetworkController.MobileSignalController(3):  showDisableIcon:false
04-29 16:12:21.087  1983  2144 I NetworkController.MobileSignalController(4):  showDisableIcon:false
04-29 16:12:22.706  1007  2118 V LocSvc_HIDL_IzatProvider: [onLocationChanged][67] [HS] =>>>> [HC]
04-29 16:12:22.711  1007  2118 V LocSvc_HIDL_IzatProvider: [onLocationChanged][67] [HS] =>>>> [HC]
04-29 16:12:24.904  1283  1897 I chatty  : uid=1000(system) ConnectivitySer expire 205 lines
04-29 16:12:24.908  2159  2250 I QCNEJ/CndHalConnector: -> SND notifyWifiStatusChanged(RatInfo{type=1, subType=101, state=CONNECTED, v4=IfaceAddrPair{iface=wlan0, addr=10.157.14.202}, v6=IfaceAddrPair{iface=, addr=}, timestamp=2019-04-29 16:12:24.908, isAndroidValidated=true, netHandle=644261530334, slotIdx=0} WifiInfo{freq=TWO_GHz, state=3, ssid=asu, bssid=e8:65:49:b8:3a:1f, dns=[129.219.17.200, 129.219.17.5, 0.0.0.0, 0.0.0.0, ]})
04-29 16:12:26.191  1983  2144 I NetworkController.MobileSignalController(3):  showDisableIcon:false
04-29 16:12:26.195  1983  2144 I NetworkController.MobileSignalController(4):  showDisableIcon:false
04-29 16:12:31.327  1983  2144 I NetworkController.MobileSignalController(4):  showDisableIcon:false
04-29 16:12:31.335  1983  2144 I NetworkController.MobileSignalController(3):  showDisableIcon:false
04-29 16:12:31.390  2183  2202 I zygote64: Background concurrent copying GC freed 205478(12MB) AllocSpace objects, 0(0B) LOS objects, 79% free, 3MB/15MB, paused 6.387ms total 83.932ms
04-29 16:12:33.009  1283  1396 I chatty  : uid=1000(system) ActivityManager expire 4 lines
04-29 16:12:33.020 26541 26541 D TrafficAlarmReceiver: action:android.net.conn.DATA_ACTIVITY_CHANGE
04-29 16:12:33.072  1283  2999 I chatty  : uid=1000(system) Binder:1283_B expire 1 line
04-29 16:12:33.877  1983  2144 I NetworkController.MobileSignalController(3):  showDisableIcon:false
04-29 16:12:33.883  1983  2144 I NetworkController.MobileSignalController(4):  showDisableIcon:false
04-29 16:12:36.126  1283  1395 I chatty  : uid=1000(system) EmbryoManager expire 1 line
04-29 16:12:36.300  4410  4410 D Embryo  : preload com.google.android.apps.maps, 9ms, hwui=true, layout=false, decor=false
04-29 16:12:36.301  4410  4425 I Adreno  : QUALCOMM build                   : 08cdca0, I5f270ba9bc
04-29 16:12:36.301  4410  4425 I Adreno  : Build Date                       : 09/18/17
04-29 16:12:36.301  4410  4425 I Adreno  : OpenGL ES Shader Compiler Version: EV031.20.00.04
04-29 16:12:36.301  4410  4425 I Adreno  : Local Branch                     : 
04-29 16:12:36.301  4410  4425 I Adreno  : Remote Branch                    : refs/tags/AU_LINUX_ANDROID_LA.UM.6.5.R1.08.00.00.312.025
04-29 16:12:36.301  4410  4425 I Adreno  : Remote Branch                    : NONE
04-29 16:12:36.301  4410  4425 I Adreno  : Reconstruct Branch               : NOTHING
04-29 16:12:36.302  4410  4425 I vndksupport: sphal namespace is not configured for this process. Loading /vendor/lib64/hw/gralloc.msm8996.so from the current namespace instead.
04-29 16:12:36.308   472   472 W auditd  : type=1400 "RenderThread""proc""debugfs"
04-29 16:12:36.310  4410  4425 I Adreno  : PFP: 0x005ff087, ME: 0x005ff063
04-29 16:12:36.318  4410  4425 I OpenGLRenderer: Initialized EGL, version 1.4
04-29 16:12:36.318  4410  4425 D OpenGLRenderer: HWUI GL Pipeline
04-29 16:12:36.318  4410  4425 D OpenGLRenderer: Swap behavior 2
04-29 16:12:37.986 26541 26541 D TrafficAlarmReceiver: action:android.net.conn.DATA_ACTIVITY_CHANGE
04-29 16:12:39.002  1983  2144 I NetworkController.MobileSignalController(4):  showDisableIcon:false
04-29 16:12:41.425   896   999 I ThermalEngine: Monitor : quiet_therm = 36, msm_therm = 36, ufs_therm = 36, battery_therm = 324,current_now = -1333000 
04-29 16:12:42.613  1283  1757 I chatty  : uid=1000(system) AlarmManager expire 6 lines
04-29 16:12:43.009  2159  2250 I QCNEJ/CndHalConnector: -> SND notifyWifiStatusChanged(RatInfo{type=1, subType=101, state=CONNECTED, v4=IfaceAddrPair{iface=wlan0, addr=10.157.14.202}, v6=IfaceAddrPair{iface=, addr=}, timestamp=2019-04-29 16:12:43.009, isAndroidValidated=true, netHandle=644261530334, slotIdx=0} WifiInfo{freq=TWO_GHz, state=3, ssid=asu, bssid=e8:65:49:b8:3a:1f, dns=[129.219.17.200, 129.219.17.5, 0.0.0.0, 0.0.0.0, ]})
04-29 16:12:46.173  1283  1395 I chatty  : uid=1000(system) EmbryoManager expire 36 lines
04-29 16:12:46.667  1983  2144 I NetworkController.MobileSignalController(3):  showDisableIcon:false
04-29 16:12:47.654  4314  4314 I Finsky  : [2] com.google.android.finsky.scheduler.JobSchedulerEngine$PhoneskyJobSchedulerJobService.onStartJob(3): onJobSchedulerWakeup with jobId 9004
04-29 16:12:47.668  4314  4314 I Finsky  : [2] ped.a(21): Scheduling fallback job with id: 9034, and delay: 43200000 ms
04-29 16:12:47.679  4314  4314 I Finsky  : [2] ped.a(5): Scheduling fallback in 64799994 (absolute: 343628251)
04-29 16:12:47.736  4314  4314 I Finsky  : [2] pen.handleMessage(10): DeviceState: DeviceState{currentTime=1556579567722, isCharging=true, isIdle=false, netAny=true, netNotRoaming=true, netUnmetered=true}
04-29 16:12:47.754  4314  4430 I Finsky  : [7230] pfx.b(7): Jobs in database: 1-1337 24-77777777 26-1414141414 29-29 
04-29 16:12:47.758  4314  4314 I Finsky  : [2] pek.a(46): Running job: 29-29
04-29 16:12:47.763  4314  4314 I Finsky  : [2] pen.handleMessage(81): RunningQueue size: 1, PendingQueue size: 0
04-29 16:12:47.763  4314  4314 I Finsky  : [2] pen.handleMessage(90): Running queue: 29-29 
04-29 16:12:47.764  4314  4431 I Finsky  : [7231] tmr.a(13): ProcessRecoveryLogsUtil: No files in recovery directory
04-29 16:12:47.765  4314  4431 I Finsky  : [7231] pfu.a(11): jobFinished: 29-29. TimeElapsed: 6ms
04-29 16:12:47.767  4314  4314 I Finsky  : [2] pek.a(10): Job 29-29 finished
04-29 16:12:47.769  4314  4314 I Finsky  : [2] pen.handleMessage(81): RunningQueue size: 0, PendingQueue size: 0
04-29 16:12:47.769  4314  4314 I Finsky  : [2] pen.handleMessage(27): Executor finished
04-29 16:12:47.790  4314  4314 I Finsky  : [2] pfx.b(7): Jobs in database: 1-1337 24-77777777 26-1414141414 
04-29 16:12:47.790  4314  4314 I Finsky  : [2] pdk.a(66): ConstraintMapping: 24-77777777,  -> L: 0ms, D: 77960775ms, C: false, I: true, N: NET_NONE
04-29 16:12:47.791  4314  4314 I Finsky  : [2] pdk.a(66): ConstraintMapping: 1-1337,  -> L: 36478699ms, D: 79678699ms, C: false, I: false, N: NET_ANY
04-29 16:12:47.791  4314  4314 I Finsky  : [2] pdk.a(66): ConstraintMapping: 26-1414141414,  -> L: 32296619ms, D: 33196619ms, C: false, I: false, N: NET_NONE
04-29 16:12:47.792  4314  4314 I Finsky  : [2] com.google.android.finsky.scheduler.JobSchedulerEngine.a(42): Cancelling existing job with id: 9003
04-29 16:12:47.795  4314  4314 I Finsky  : [2] com.google.android.finsky.scheduler.JobSchedulerEngine.a(42): Cancelling existing job with id: 9001
04-29 16:12:47.800  4314  4314 I Finsky  : [2] com.google.android.finsky.scheduler.JobSchedulerEngine.a(14): Throttling wakeup for job 9000 (expected to run in 0 ms) due to recent wakeup
04-29 16:12:47.801  4314  4314 I Finsky  : [2] com.google.android.finsky.scheduler.JobSchedulerEngine.a(4): Scheduling job Id: 9000, L: 30000, D: 77960775, C: false, I: true, N: 0
04-29 16:12:47.804  4314  4314 I Finsky  : [2] com.google.android.finsky.scheduler.JobSchedulerEngine.a(4): Scheduling job Id: 9002, L: 36478699, D: 79678699, C: false, I: false, N: 1
04-29 16:12:47.807  4314  4314 I Finsky  : [2] com.google.android.finsky.scheduler.JobSchedulerEngine.a(4): Scheduling job Id: 9005, L: 32296619, D: 33196619, C: false, I: false, N: 0
04-29 16:12:48.324  1283  1892 I chatty  : uid=1000(system) WifiStateMachin expire 9 lines
04-29 16:12:48.327  1983  1983 D KeyguardIndication: onRefreshBatteryInfo: plugged:true, charged:false, level:52, speed:1, last speed:1, visible:false
04-29 16:12:48.340  1283  1404 I chatty  : uid=1000(system) batterystats-sy expire 2 lines
04-29 16:12:49.236  1983  2144 I NetworkController.MobileSignalController(3):  showDisableIcon:false
04-29 16:12:49.241  1983  2144 I NetworkController.MobileSignalController(4):  showDisableIcon:false
04-29 16:12:54.351  1983  2144 I NetworkController.MobileSignalController(3):  showDisableIcon:false
04-29 16:12:56.911  1983  2144 I NetworkController.MobileSignalController(3):  showDisableIcon:false
04-29 16:12:56.916  1983  2144 I NetworkController.MobileSignalController(4):  showDisableIcon:false
04-29 16:13:00.061  1983  2070 I ClockCtrl:  schedule next: 59939
04-29 16:13:00.062  1983  2070 I KeyguardUpdateMonitor: onTimeChanged
04-29 16:13:00.062  1983  1983 D KeyguardUpdateMonitor: handleTimeUpdate
04-29 16:13:00.073  1983  1983 I Clock   : onTimeChanged
04-29 16:13:00.074  1983  1983 I DateView: onTimeChanged
04-29 16:13:02.039  1983  2144 I NetworkController.MobileSignalController(3):  showDisableIcon:false
04-29 16:13:04.593  1983  2144 I NetworkController.MobileSignalController(3):  showDisableIcon:false
04-29 16:13:04.601  1983  2144 I NetworkController.MobileSignalController(4):  showDisableIcon:false
04-29 16:13:07.031  4314  4332 I Finsky  : [7168] iet.run(3): Stats for Executor: BlockingExecutor iga@8eba6fa[Running, pool size = 2, active threads = 0, queued tasks = 0, completed tasks = 10]
04-29 16:13:07.033  4314  4332 I Finsky  : [7168] iet.run(3): Stats for Executor: LightweightExecutor iga@89274ab[Running, pool size = 3, active threads = 0, queued tasks = 0, completed tasks = 61]
04-29 16:13:07.147  4314  4332 I Finsky  : [7168] iet.run(3): Stats for Executor: bgExecutor iga@d29f708[Running, pool size = 4, active threads = 0, queued tasks = 0, completed tasks = 26]
04-29 16:13:07.154  2159  2250 I QCNEJ/CndHalConnector: -> SND notifyWifiStatusChanged(RatInfo{type=1, subType=101, state=CONNECTED, v4=IfaceAddrPair{iface=wlan0, addr=10.157.14.202}, v6=IfaceAddrPair{iface=, addr=}, timestamp=2019-04-29 16:13:07.154, isAndroidValidated=true, netHandle=644261530334, slotIdx=0} WifiInfo{freq=TWO_GHz, state=3, ssid=asu, bssid=e8:65:49:b8:3a:1f, dns=[129.219.17.200, 129.219.17.5, 0.0.0.0, 0.0.0.0, ]})
04-29 16:13:09.721  1983  2144 I NetworkController.MobileSignalController(3):  showDisableIcon:false
04-29 16:13:09.728  1983  2144 I NetworkController.MobileSignalController(4):  showDisableIcon:false
04-29 16:13:12.274  1983  2144 I NetworkController.MobileSignalController(3):  showDisableIcon:false
04-29 16:13:12.280  1983  2144 I NetworkController.MobileSignalController(4):  showDisableIcon:false
04-29 16:13:13.192  2159  2250 I QCNEJ/CndHalConnector: -> SND notifyWifiStatusChanged(RatInfo{type=1, subType=101, state=CONNECTED, v4=IfaceAddrPair{iface=wlan0, addr=10.157.14.202}, v6=IfaceAddrPair{iface=, addr=}, timestamp=2019-04-29 16:13:13.192, isAndroidValidated=true, netHandle=644261530334, slotIdx=0} WifiInfo{freq=TWO_GHz, state=3, ssid=asu, bssid=e8:65:49:b8:3a:1f, dns=[129.219.17.200, 129.219.17.5, 0.0.0.0, 0.0.0.0, ]})
04-29 16:13:17.393  1983  2144 I NetworkController.MobileSignalController(4):  showDisableIcon:false
04-29 16:13:19.961  1983  2144 I NetworkController.MobileSignalController(4):  showDisableIcon:false
04-29 16:13:19.969  1983  2144 I NetworkController.MobileSignalController(3):  showDisableIcon:false
04-29 16:13:22.706  1007  2118 V LocSvc_HIDL_IzatProvider: [onLocationChanged][67] [HS] =>>>> [HC]
04-29 16:13:22.707  1283  1790 I chatty  : uid=1000(system) HwBinder:1283_2 expire 4 lines
04-29 16:13:22.709  1007  2118 V LocSvc_HIDL_IzatProvider: [onLocationChanged][67] [HS] =>>>> [HC]
04-29 16:13:27.635  1983  2144 I NetworkController.MobileSignalController(4):  showDisableIcon:false
04-29 16:13:30.197  1983  2144 I NetworkController.MobileSignalController(3):  showDisableIcon:false
04-29 16:13:30.397   472   472 W auditd  : type=1400 "vendor.qti.hard"
04-29 16:13:33.012 26541 26541 D TrafficAlarmReceiver: action:android.net.conn.DATA_ACTIVITY_CHANGE
04-29 16:13:35.317  1983  2144 I NetworkController.MobileSignalController(4):  showDisableIcon:false
04-29 16:13:37.350  2159  2250 I QCNEJ/CndHalConnector: -> SND notifyWifiStatusChanged(RatInfo{type=1, subType=101, state=CONNECTED, v4=IfaceAddrPair{iface=wlan0, addr=10.157.14.202}, v6=IfaceAddrPair{iface=, addr=}, timestamp=2019-04-29 16:13:37.35, isAndroidValidated=true, netHandle=644261530334, slotIdx=0} WifiInfo{freq=TWO_GHz, state=3, ssid=asu, bssid=e8:65:49:b8:3a:1f, dns=[129.219.17.200, 129.219.17.5, 0.0.0.0, 0.0.0.0, ]})
04-29 16:13:37.992 26541 26541 D TrafficAlarmReceiver: action:android.net.conn.DATA_ACTIVITY_CHANGE
04-29 16:13:37.993   472   472 W auditd  : type=1400 "memtrack@1.0-se""mem""debugfs"
04-29 16:13:40.361  1283  1897 D ConnectivityService: notifyType CAP_CHANGED for NetworkAgentInfo [WIFI () - 150]
04-29 16:13:40.362  1283  1897 D ConnectivityService:  sending notification for NetworkRequest [ REQUEST id=1, [ Capabilities: INTERNET&NOT_RESTRICTED&TRUSTED&NOT_VPN] ]
04-29 16:13:40.362  1283  1897 D ConnectivityService:  sending notification for NetworkRequest [ TRACK_DEFAULT id=3, [ Capabilities: INTERNET&NOT_RESTRICTED&TRUSTED&NOT_VPN] ]
04-29 16:13:40.362  1283  1897 D ConnectivityService: sending notification CAP_CHANGED for NetworkRequest [ TRACK_DEFAULT id=3, [ Capabilities: INTERNET&NOT_RESTRICTED&TRUSTED&NOT_VPN] ]
04-29 16:13:40.363  1283  1897 D ConnectivityService:  sending notification for NetworkRequest [ LISTEN id=4, [ Transports: CELLULAR|WIFI Capabilities: NOT_RESTRICTED&TRUSTED&NOT_VPN] ]
04-29 16:13:40.363  1283  1897 D ConnectivityService: sending notification CAP_CHANGED for NetworkRequest [ LISTEN id=4, [ Transports: CELLULAR|WIFI Capabilities: NOT_RESTRICTED&TRUSTED&NOT_VPN] ]
04-29 16:13:40.363  1283  1897 D ConnectivityService:  sending notification for NetworkRequest [ LISTEN id=5, [ Transports: WIFI Capabilities: INTERNET&NOT_RESTRICTED&TRUSTED&NOT_VPN] ]
04-29 16:13:40.363  1283  1897 D ConnectivityService: sending notification CAP_CHANGED for NetworkRequest [ LISTEN id=5, [ Transports: WIFI Capabilities: INTERNET&NOT_RESTRICTED&TRUSTED&NOT_VPN] ]
04-29 16:13:40.365  1283  1897 D ConnectivityService:  sending notification for NetworkRequest [ TRACK_DEFAULT id=7, [ Capabilities: INTERNET&NOT_RESTRICTED&TRUSTED&NOT_VPN] ]
04-29 16:13:40.365  1283  1897 D ConnectivityService: sending notification CAP_CHANGED for NetworkRequest [ TRACK_DEFAULT id=7, [ Capabilities: INTERNET&NOT_RESTRICTED&TRUSTED&NOT_VPN] ]
04-29 16:13:38.051   472   472 I chatty  : uid=1036(auditd) logd.auditd identical 4 lines
04-29 16:13:38.051   472   472 W auditd  : type=1400 "memtrack@1.0-se""mem""debugfs"
04-29 16:13:40.367  2159  2250 I QCNEJ/CndHalConnector: -> SND notifyWifiStatusChanged(RatInfo{type=1, subType=101, state=CONNECTED, v4=IfaceAddrPair{iface=wlan0, addr=10.157.14.202}, v6=IfaceAddrPair{iface=, addr=}, timestamp=2019-04-29 16:13:40.366, isAndroidValidated=true, netHandle=644261530334, slotIdx=0} WifiInfo{freq=TWO_GHz, state=3, ssid=asu, bssid=e8:65:49:b8:3a:1f, dns=[129.219.17.200, 129.219.17.5, 0.0.0.0, 0.0.0.0, ]})
04-29 16:13:40.367  1283  1897 D ConnectivityService:  sending notification for NetworkRequest [ LISTEN id=8, [] ]
04-29 16:13:40.368  1283  1897 D ConnectivityService: sending notification CAP_CHANGED for NetworkRequest [ LISTEN id=8, [] ]
04-29 16:13:40.371  1283  1897 D ConnectivityService:  sending notification for NetworkRequest [ LISTEN id=31, [ Capabilities: INTERNET&NOT_RESTRICTED&TRUSTED&NOT_VPN] ]
04-29 16:13:40.372  1283  1897 D ConnectivityService: sending notification CAP_CHANGED for NetworkRequest [ LISTEN id=31, [ Capabilities: INTERNET&NOT_RESTRICTED&TRUSTED&NOT_VPN] ]
04-29 16:13:40.377  1283  1897 D ConnectivityService:  sending notification for NetworkRequest [ LISTEN id=57, [ Capabilities: INTERNET&NOT_RESTRICTED&TRUSTED] ]
04-29 16:13:40.378  1283  1897 D ConnectivityService: sending notification CAP_CHANGED for NetworkRequest [ LISTEN id=57, [ Capabilities: INTERNET&NOT_RESTRICTED&TRUSTED] ]
04-29 16:13:40.379  1283  1897 D ConnectivityService:  sending notification for NetworkRequest [ LISTEN id=58, [ Capabilities: INTERNET&NOT_RESTRICTED&TRUSTED] ]
04-29 16:13:40.379  1283  1897 D ConnectivityService: sending notification CAP_CHANGED for NetworkRequest [ LISTEN id=58, [ Capabilities: INTERNET&NOT_RESTRICTED&TRUSTED] ]
04-29 16:13:40.383  1283  1897 D ConnectivityService:  sending notification for NetworkRequest [ LISTEN id=334, [ Capabilities: INTERNET&NOT_RESTRICTED&TRUSTED] ]
04-29 16:13:40.384  1283  1897 D ConnectivityService: sending notification CAP_CHANGED for NetworkRequest [ LISTEN id=334, [ Capabilities: INTERNET&NOT_RESTRICTED&TRUSTED] ]
04-29 16:13:40.389  1283  1897 D ConnectivityService:  sending notification for NetworkRequest [ LISTEN id=949, [ Capabilities: INTERNET&NOT_RESTRICTED&TRUSTED&NOT_VPN&FOREGROUND] ]
04-29 16:13:40.389  1283  1897 D ConnectivityService: sending notification CAP_CHANGED for NetworkRequest [ LISTEN id=949, [ Capabilities: INTERNET&NOT_RESTRICTED&TRUSTED&NOT_VPN&FOREGROUND] ]
04-29 16:13:40.390  1283  1897 D ConnectivityService:  sending notification for NetworkRequest [ LISTEN id=1442, [ Capabilities: INTERNET&NOT_RESTRICTED&TRUSTED] ]
04-29 16:13:40.390  1283  1897 D ConnectivityService: sending notification CAP_CHANGED for NetworkRequest [ LISTEN id=1442, [ Capabilities: INTERNET&NOT_RESTRICTED&TRUSTED] ]
04-29 16:13:40.390  1283  1897 D ConnectivityService:  sending notification for NetworkRequest [ LISTEN id=1443, [ Capabilities: INTERNET&NOT_RESTRICTED&TRUSTED] ]
04-29 16:13:40.390  1283  1897 D ConnectivityService: sending notification CAP_CHANGED for NetworkRequest [ LISTEN id=1443, [ Capabilities: INTERNET&NOT_RESTRICTED&TRUSTED] ]
04-29 16:13:40.391  1283  1897 D ConnectivityService:  sending notification for NetworkRequest [ LISTEN id=1444, [ Capabilities: INTERNET&NOT_RESTRICTED&TRUSTED&FOREGROUND] ]
04-29 16:13:40.391  1283  1897 D ConnectivityService: sending notification CAP_CHANGED for NetworkRequest [ LISTEN id=1444, [ Capabilities: INTERNET&NOT_RESTRICTED&TRUSTED&FOREGROUND] ]
04-29 16:13:40.392  1283  1897 D ConnectivityService:  sending notification for NetworkRequest [ LISTEN id=1445, [ Capabilities: INTERNET&NOT_RESTRICTED&TRUSTED&FOREGROUND] ]
04-29 16:13:40.392  1283  1897 D ConnectivityService: sending notification CAP_CHANGED for NetworkRequest [ LISTEN id=1445, [ Capabilities: INTERNET&NOT_RESTRICTED&TRUSTED&FOREGROUND] ]
04-29 16:13:40.393  1283  1897 D ConnectivityService:  sending notification for NetworkRequest [ LISTEN id=1477, [ Capabilities: INTERNET&NOT_RESTRICTED&TRUSTED&NOT_VPN&FOREGROUND] ]
04-29 16:13:40.393  1283  1897 D ConnectivityService: sending notification CAP_CHANGED for NetworkRequest [ LISTEN id=1477, [ Capabilities: INTERNET&NOT_RESTRICTED&TRUSTED&NOT_VPN&FOREGROUND] ]
04-29 16:13:40.393  1283  1897 D ConnectivityService:  sending notification for NetworkRequest [ LISTEN id=1478, [ Capabilities: NOT_RESTRICTED&TRUSTED&NOT_VPN&FOREGROUND] ]
04-29 16:13:40.394  1283  1897 D ConnectivityService: sending notification CAP_CHANGED for NetworkRequest [ LISTEN id=1478, [ Capabilities: NOT_RESTRICTED&TRUSTED&NOT_VPN&FOREGROUND] ]
04-29 16:13:40.394  1283  1897 D ConnectivityService:  sending notification for NetworkRequest [ LISTEN id=1479, [ Capabilities: INTERNET&NOT_RESTRICTED&TRUSTED&FOREGROUND] ]
04-29 16:13:40.394  1283  1897 D ConnectivityService: sending notification CAP_CHANGED for NetworkRequest [ LISTEN id=1479, [ Capabilities: INTERNET&NOT_RESTRICTED&TRUSTED&FOREGROUND] ]
04-29 16:13:40.395  1283  1897 D ConnectivityService:  sending notification for NetworkRequest [ LISTEN id=1480, [ Capabilities: INTERNET&NOT_RESTRICTED&TRUSTED&FOREGROUND] ]
04-29 16:13:40.395  1283  1897 D ConnectivityService: sending notification CAP_CHANGED for NetworkRequest [ LISTEN id=1480, [ Capabilities: INTERNET&NOT_RESTRICTED&TRUSTED&FOREGROUND] ]
04-29 16:13:40.395  1283  1897 D ConnectivityService:  sending notification for NetworkRequest [ LISTEN id=1484, [ Capabilities: INTERNET&NOT_RESTRICTED&TRUSTED] ]
04-29 16:13:40.395  1283  1897 D ConnectivityService: sending notification CAP_CHANGED for NetworkRequest [ LISTEN id=1484, [ Capabilities: INTERNET&NOT_RESTRICTED&TRUSTED] ]
04-29 16:13:41.427  1283  1404 E BatteryStatsService: no controller energy info supplied
04-29 16:13:41.439   896   999 I ThermalEngine: Monitor : quiet_therm = 35, msm_therm = 36, ufs_therm = 36, battery_therm = 324,current_now = -1318000 
04-29 16:13:42.999  1983  2144 I NetworkController.MobileSignalController(4):  showDisableIcon:false
04-29 16:13:45.554  1983  2144 I NetworkController.MobileSignalController(4):  showDisableIcon:false
04-29 16:13:53.012 26541 26541 D TrafficAlarmReceiver: action:android.net.conn.DATA_ACTIVITY_CHANGE
04-29 16:13:53.233  1983  2144 I NetworkController.MobileSignalController(4):  showDisableIcon:false
04-29 16:13:53.241  1983  2144 I NetworkController.MobileSignalController(3):  showDisableIcon:false
04-29 16:13:54.338  1983  1983 D KeyguardIndication: onRefreshBatteryInfo: plugged:true, charged:false, level:53, speed:1, last speed:1, visible:false
04-29 16:13:54.382 26541 26541 D TrafficAlarmReceiver: action:android.net.conn.DATA_ACTIVITY_CHANGE
04-29 16:13:54.343  1283  1404 I chatty  : uid=1000(system) batterystats-sy identical 2 lines
04-29 16:13:54.350  1283  1404 E BatteryStatsService: no controller energy info supplied
04-29 16:14:00.001  1283  1757 V AlarmManager: Triggering alarm #0: 3 when =278900581 package =android operation =*alarm*:android.intent.action.TIME_TICK flags =0x1
04-29 16:14:00.062  1983  2070 I ClockCtrl:  schedule next: 59938
04-29 16:14:00.062  1983  2070 I KeyguardUpdateMonitor: onTimeChanged
04-29 16:14:00.063  1983  1983 D KeyguardUpdateMonitor: handleTimeUpdate
04-29 16:14:00.087  1983  1983 I Clock   : onTimeChanged
04-29 16:14:00.090  1983  1983 I DateView: onTimeChanged
04-29 16:14:00.922  1983  2144 I NetworkController.MobileSignalController(3):  showDisableIcon:false
04-29 16:14:00.925  1983  2144 I NetworkController.MobileSignalController(4):  showDisableIcon:false
04-29 16:14:06.038  1983  2144 I NetworkController.MobileSignalController(3):  showDisableIcon:false
04-29 16:14:06.044  1983  2144 I NetworkController.MobileSignalController(4):  showDisableIcon:false
04-29 16:14:08.590  1983  2144 I NetworkController.MobileSignalController(3):  showDisableIcon:false
04-29 16:14:13.712  1983  2144 I NetworkController.MobileSignalController(3):  showDisableIcon:false
04-29 16:14:15.697 26541 26541 D TrafficAlarmReceiver: action:android.net.conn.DATA_ACTIVITY_CHANGE
04-29 16:14:16.277  1983  2144 I NetworkController.MobileSignalController(4):  showDisableIcon:false
04-29 16:14:18.014 26541 26541 D TrafficAlarmReceiver: action:android.net.conn.DATA_ACTIVITY_CHANGE
04-29 16:14:20.462  1283  1757 V AlarmManager: Triggering alarm #0: 0 when =1556579597095 package =com.bt.bms operation =*walarm*:com.bt.bms/com.freshdesk.hotline.receiver.HotlineReceiver flags =0x0
04-29 16:14:20.463  1283  1757 V AlarmManager: Triggering alarm #1: 3 when =278883483 package =com.google.android.gms operation =*alarm*:com.google.android.gms/.lockbox.LockboxAlarmReceiver flags =0x0
04-29 16:14:20.463  1283  1757 V AlarmManager: Triggering alarm #2: 2 when =278899384 package =com.google.android.gms operation =*walarm*:com.google.android.gms.gcm.ACTION_CHECK_QUEUE flags =0x0
04-29 16:14:20.463  1283  1757 V AlarmManager: Triggering alarm #3: 2 when =278919187 package =android operation = null listenTag =*job.delay* flags =0x0
04-29 16:14:20.463  1283  1757 V AlarmManager: Triggering alarm #4: 2 when =278921040 package =com.whatsapp operation =*walarm*:com.whatsapp.MessageHandler.CLIENT_PINGER_ACTION flags =0x0
04-29 16:14:20.696  1283  3034 I ActivityManager: Start proc 4456:com.flipkart.android/u0a109 for service com.flipkart.android/.notification.FkGCMTaskService
04-29 16:14:20.701  4456  4456 W zygote  : Using default instruction set features for ARM CPU variant (cortex-a9) using conservative defaults
04-29 16:14:20.911  4456  4456 I MultiDex: VM with version 2.1.0 has multidex support
