04-27 09:29:12.503  1283  1493 D RestartProcessManager: Screen off is true
04-27 09:29:12.503   578   578 D SurfaceFlinger: Set power mode=0, type=0 flinger=0x7393a5f000
04-27 09:29:12.504  1283  1491 I DisplayManagerService: Display device changed state: "Built-in Screen", OFF
04-27 09:29:12.504  1283  5019 D FingerprintService: getEnrolledFingerprints: userId = 0
04-27 09:29:12.505   545   726 I SDM     : DisplayBase::SetDisplayState: Set state = 0, display 0
04-27 09:29:12.506  1044  1960 E fpc_fingerprint_hal: screenStateFunction screen OFF 0 
04-27 09:29:12.506  1044  1960 D fpc_fingerprint_hal: screenStateFunction ,indices_count = 4
04-27 09:29:12.506  1044  1960 D fpc_fingerprint_hal:  
04-27 09:29:12.509  1283  1493 I DreamManagerService: Entering dreamland.
04-27 09:29:12.510  1283  1493 I PowerManagerService: Dozing...
04-27 09:29:12.516  1283  3050 D FingerprintService: updateStatus , 2
04-27 09:29:12.516  1044  1044 V android.hardware.biometrics.fingerprint@2.1-service: updateStatus(2)
04-27 09:29:12.516  1044  1044 D fpc_fingerprint_hal: fpc_update_status status : 2
04-27 09:29:12.516  1044  1044 D fpc_fingerprint_hal: fpc_update_status dev->status : 4
04-27 09:29:12.519  1283  1794 I InputReader: Reconfiguring input devices.  changes=0x00000004
04-27 09:29:12.520  1283  1489 I DreamController: Starting dream: name=ComponentInfo{com.oneplus.aod/com.oneplus.doze.DozeService}, isTest=false, canDoze=true, userId=0
04-27 09:29:12.529  3081  3081 V DreamService[DozeService]: onCreate()
04-27 09:29:12.543  3081  3081 V DreamService[DozeService]: onBind() intent = Intent { act=android.service.dreams.DreamService flg=0x800000 cmp=com.oneplus.aod/com.oneplus.doze.DozeService }
04-27 09:29:12.544   552   824 E qti_sensors_hal: processInd: pocket data: pocket:0.000000 mean:54.000000 lux:0.000000 SAM TS: 2680980330 HAL TS:81813895716698 elapsedRealtimeNano:81813897687070
04-27 09:29:12.546  3081  3081 V DreamService[DozeService]: Calling onDreamingStarted()
04-27 09:29:12.546  3081  3081 V DreamService[DozeService]: onDreamingStarted()
04-27 09:29:12.551   552  1692 E qti_sensors_hal: sendEnableReq:sensor(com.oneplus.sensor.pickup) Sending enable to svc no:32
04-27 09:29:12.565  3081  3081 I chatty  : uid=10133(com.oneplus.aod) expire 198 lines
04-27 09:29:12.576  1283  1493 I DisplayPowerController: useProximityForceSuspend = false
04-27 09:29:12.576  1283  1493 D RestartProcessManager: No need to write old record
04-27 09:29:12.576  1283  1493 D RestartProcessManager: Screen off is true
04-27 09:29:12.585  1283  1783 E DeviceKeyHandler: p-sensor far, enable gesture
04-27 09:29:12.639   552   826 E qti_sensors_hal: processInd: pickup data: state: 0.000000 flag: 0.000000 SAM TS: 2680983354 HAL TS:81813987980511 elapsedRealtimeNano:81813992570142
04-27 09:29:12.774  1283  1915 D SurfaceControl: Excessive delay in setPowerMode(): 270ms
04-27 09:29:12.774  1283  1493 I DisplayPowerController: useProximityForceSuspend = false
04-27 09:29:12.775  1283  1493 D RestartProcessManager: No need to write old record
04-27 09:29:12.775  1283  1493 D RestartProcessManager: Screen off is true
04-27 09:29:12.776  1283  1283 I WindowManager: Finished going to sleep... (why=2)
04-27 09:29:12.790   906 21342 D AudioFlinger: setParameters(): io 0, keyvalue screen_state=off, calling pid 1283
04-27 09:29:12.791   535  1277 D audio_hw_primary: adev_set_parameters: enter: screen_state=off
04-27 09:29:12.792   535  1277 D audio_hw_extn: audio_extn_set_anc_parameters: anc_enabled:0
04-27 09:29:12.792   535  1277 D audio_hw_spkr_prot: audio_extn_fbsp_set_parameters: Speaker protection disabled
04-27 09:29:12.797  1283  5019 I ActivityManager: AppLocker: setKeyguardDone false
04-27 09:29:12.801  1983  1983 I chatty  : uid=10026(com.android.systemui) expire 68 lines
04-27 09:29:12.805  1983  1983 D KeyguardViewMediator: setLockScreenShown begin, true, seq:29312496
04-27 09:29:12.809  1964  1964 I DeviceStatusMonitor: onReceive() : Action = android.intent.action.SCREEN_OFF
04-27 09:29:12.810  1983  2081 D KeyguardViewMediator: setLockScreenShown true, seq:29312496
04-27 09:29:12.811  1283  5019 D ActivityManager: setLockScreenShown true, pid:1983
04-27 09:29:12.812  1283  5019 D ActivityManager: setKeyguardShown, true, false
04-27 09:29:12.813  1283  5019 I ActivityManager: [scene] setLockScreenShown showing true, occluded false
04-27 09:29:12.825  2159  2250 I QCNEJ/CndHalConnector: -> SND notifyScreenStateChanged(false)
04-27 09:29:12.827  2159  2250 I QCNEJ/CndHalConnector: -> SND notifyScreenStateChanged(false)
04-27 09:29:12.838  1283  3038 D FingerprintService: getEnrolledFingerprints: userId = 0
04-27 09:29:12.907  3081  3081 V NotificationManager: StatusBarNotification(pkg=com.google.android.apps.magazines user=UserHandle{0} id=1765761848 tag=null key=0|com.google.android.apps.magazines|1765761848|null|10126: Notification(channel=news_newsstand_notification_channel_id_1961629202 pri=0 contentView=null vibrate=null sound=null tick defaults=0x0 flags=0x10 color=0xff972cb0 category=recommendation actions=2 vis=PUBLIC)): current userid: 0, notification userid: 0
04-27 09:29:12.907  3081  3081 D NotificationManager: shouldHideNotifications: true, -1000
04-27 09:29:12.907  3081  3081 V NotificationManager: StatusBarNotification(pkg=com.balaji.alt user=UserHandle{0} id=-2009223103 tag=null key=0|com.balaji.alt|-2009223103|null|10203: Notification(channel=we_wk_push_channel pri=0 contentView=null vibrate=null sound=null defaults=0x0 flags=0x18 color=0x00000000 vis=PRIVATE)): current userid: 0, notification userid: 0
04-27 09:29:12.907  3081  3081 D NotificationManager: shouldHideNotifications: true, -1000
04-27 09:29:12.907  3081  3081 V NotificationManager: StatusBarNotification(pkg=com.google.android.gm user=UserHandle{0} id=0 tag=gig:740896805:CLASSIC_INBOX_ALL_MAIL key=0|com.google.android.gm|0|gig:740896805:CLASSIC_INBOX_ALL_MAIL|10048: Notification(channel=^nc_1_mail_pthumati@asu.edu pri=0 contentView=null vibrate=null sound=null tick defaults=0x0 flags=0x218 color=0xffdb4437 category=email groupKey=gig:740896805:CLASSIC_INBOX_ALL_MAIL sortKey=92233704804738763350 actions=2 vis=PRIVATE publicVersion=Notification(channel=^nc_1_mail_pthumati@asu.edu pri=0 contentView=null vibrate=null sound=null tick defaults=0x0 flags=0x18 color=0xffdb4437 category=email vis=PUBLIC))): current userid: 0, notification userid: 0
04-27 09:29:12.907  3081  3081 D NotificationManager: shouldHideNotifications: true, -1000
04-27 09:29:12.908  3081  3081 V NotificationManager: StatusBarNotification(pkg=com.facebook.orca user=UserHandle{0} id=10000 tag=GROUP:2008692672506587 key=0|com.facebook.orca|10000|GROUP:2008692672506587|10141: Notification(channel=messenger_orca_050_messaging@6e2c1ac1-5c89-4b45-a125-3e4270aa279a pri=1 contentView=null vibrate=null sound=null tick defaults=0x0 flags=0x1 color=0xff0084ff category=msg actions=2 vis=PRIVATE)): current userid: 0, notification userid: 0
04-27 09:29:12.908  3081  3081 D NotificationManager: shouldHideNotifications: true, -1000
04-27 09:29:12.909  3081  3081 I StatusBarIconView: set mSlot:android/0x1a icon.visible:true mBlocked:false
04-27 09:29:12.911  3081  3081 D OPNotificationData: filterAndSort
04-27 09:29:12.911  3081  3081 V NotificationManager: StatusBarNotification(pkg=android user=UserHandle{-1} id=26 tag=null key=-1|android|26|null|1000: Notification(channel=DEVELOPER pri=0 contentView=null vibrate=null sound=null tick defaults=0x0 flags=0x2 color=0xff607d8b vis=PUBLIC)): current userid: 0, notification userid: -1
04-27 09:29:12.912  3081  3081 D NotificationManager: shouldHideNotifications: true, -1000
04-27 09:29:12.913  3081  3081 V NotificationManager: StatusBarNotification(pkg=com.google.android.gm user=UserHandle{0} id=-2036043299 tag=gig:740896805:CLASSIC_INBOX_ALL_MAIL key=0|com.google.android.gm|-2036043299|gig:740896805:CLASSIC_INBOX_ALL_MAIL|10048: Notification(channel=^nc_1_mail_pthumati@asu.edu pri=0 contentView=null vibrate=null sound=null tick defaults=0x0 flags=0x18 color=0xffdb4437 category=email groupKey=gig:740896805:CLASSIC_INBOX_ALL_MAIL sortKey=9223370480473876335-2036043299 actions=2 vis=PRIVATE publicVersion=Notification(channel=^nc_1_mail_pthumati@asu.edu pri=0 contentView=null vibrate=null sound=null tick defaults=0x0 flags=0x18 color=0xffdb4437 category=email vis=PUBLIC))): current userid: 0, notification userid: 0
04-27 09:29:12.913  3081  3081 D NotificationManager: shouldHideNotifications: true, -1000
04-27 09:29:12.914  3081  3081 V NotificationManager: StatusBarNotification(pkg=com.google.android.apps.magazines user=UserHandle{0} id=-390561920 tag=null key=0|com.google.android.apps.magazines|-390561920|null|10126: Notification(channel=news_newsstand_notification_channel_id_1961629202 pri=0 contentView=null vibrate=null sound=null tick defaults=0x0 flags=0x10 color=0xff972cb0 category=recommendation actions=1 vis=PUBLIC)): current userid: 0, notification userid: 0
04-27 09:29:12.914  3081  3081 D NotificationManager: shouldHideNotifications: true, -1000
04-27 09:29:12.914  3081  3081 V NotificationManager: StatusBarNotification(pkg=com.google.android.apps.magazines user=UserHandle{0} id=1765761848 tag=null key=0|com.google.android.apps.magazines|1765761848|null|10126: Notification(channel=news_newsstand_notification_channel_id_1961629202 pri=0 contentView=null vibrate=null sound=null tick defaults=0x0 flags=0x10 color=0xff972cb0 category=recommendation actions=2 vis=PUBLIC)): current userid: 0, notification userid: 0
04-27 09:29:12.914  3081  3081 D NotificationManager: shouldHideNotifications: true, -1000
04-27 09:29:12.915  3081  3081 V NotificationManager: StatusBarNotification(pkg=com.balaji.alt user=UserHandle{0} id=-2009223103 tag=null key=0|com.balaji.alt|-2009223103|null|10203: Notification(channel=we_wk_push_channel pri=0 contentView=null vibrate=null sound=null defaults=0x0 flags=0x18 color=0x00000000 vis=PRIVATE)): current userid: 0, notification userid: 0
04-27 09:29:12.915  3081  3081 D NotificationManager: shouldHideNotifications: true, -1000
04-27 09:29:12.915  3081  3081 V NotificationManager: StatusBarNotification(pkg=com.google.android.gm user=UserHandle{0} id=0 tag=gig:740896805:CLASSIC_INBOX_ALL_MAIL key=0|com.google.android.gm|0|gig:740896805:CLASSIC_INBOX_ALL_MAIL|10048: Notification(channel=^nc_1_mail_pthumati@asu.edu pri=0 contentView=null vibrate=null sound=null tick defaults=0x0 flags=0x218 color=0xffdb4437 category=email groupKey=gig:740896805:CLASSIC_INBOX_ALL_MAIL sortKey=92233704804738763350 actions=2 vis=PRIVATE publicVersion=Notification(channel=^nc_1_mail_pthumati@asu.edu pri=0 contentView=null vibrate=null sound=null tick defaults=0x0 flags=0x18 color=0xffdb4437 category=email vis=PUBLIC))): current userid: 0, notification userid: 0
04-27 09:29:12.916  3081  3081 D NotificationManager: shouldHideNotifications: true, -1000
04-27 09:29:12.916  3081  3081 V NotificationManager: StatusBarNotification(pkg=com.facebook.orca user=UserHandle{0} id=10000 tag=GROUP:2008692672506587 key=0|com.facebook.orca|10000|GROUP:2008692672506587|10141: Notification(channel=messenger_orca_050_messaging@6e2c1ac1-5c89-4b45-a125-3e4270aa279a pri=1 contentView=null vibrate=null sound=null tick defaults=0x0 flags=0x1 color=0xff0084ff category=msg actions=2 vis=PRIVATE)): current userid: 0, notification userid: 0
04-27 09:29:12.916  3081  3081 D NotificationManager: shouldHideNotifications: true, -1000
04-27 09:29:12.917  3081  3081 D OPNotificationData: filterAndSort
04-27 09:29:12.917  3081  3081 V NotificationManager: StatusBarNotification(pkg=android user=UserHandle{-1} id=26 tag=null key=-1|android|26|null|1000: Notification(channel=DEVELOPER pri=0 contentView=null vibrate=null sound=null tick defaults=0x0 flags=0x2 color=0xff607d8b vis=PUBLIC)): current userid: 0, notification userid: -1
04-27 09:29:12.917  3081  3081 D NotificationManager: shouldHideNotifications: true, -1000
04-27 09:29:12.917  3081  3081 V NotificationManager: StatusBarNotification(pkg=com.google.android.gm user=UserHandle{0} id=-2036043299 tag=gig:740896805:CLASSIC_INBOX_ALL_MAIL key=0|com.google.android.gm|-2036043299|gig:740896805:CLASSIC_INBOX_ALL_MAIL|10048: Notification(channel=^nc_1_mail_pthumati@asu.edu pri=0 contentView=null vibrate=null sound=null tick defaults=0x0 flags=0x18 color=0xffdb4437 category=email groupKey=gig:740896805:CLASSIC_INBOX_ALL_MAIL sortKey=9223370480473876335-2036043299 actions=2 vis=PRIVATE publicVersion=Notification(channel=^nc_1_mail_pthumati@asu.edu pri=0 contentView=null vibrate=null sound=null tick defaults=0x0 flags=0x18 color=0xffdb4437 category=email vis=PUBLIC))): current userid: 0, notification userid: 0
04-27 09:29:12.918  3081  3081 D NotificationManager: shouldHideNotifications: true, -1000
04-27 09:29:12.918  3081  3081 V NotificationManager: StatusBarNotification(pkg=com.google.android.apps.magazines user=UserHandle{0} id=-390561920 tag=null key=0|com.google.android.apps.magazines|-390561920|null|10126: Notification(channel=news_newsstand_notification_channel_id_1961629202 pri=0 contentView=null vibrate=null sound=null tick defaults=0x0 flags=0x10 color=0xff972cb0 category=recommendation actions=1 vis=PUBLIC)): current userid: 0, notification userid: 0
04-27 09:29:12.918  3081  3081 D NotificationManager: shouldHideNotifications: true, -1000
04-27 09:29:12.919  3081  3081 V NotificationManager: StatusBarNotification(pkg=com.google.android.apps.magazines user=UserHandle{0} id=1765761848 tag=null key=0|com.google.android.apps.magazines|1765761848|null|10126: Notification(channel=news_newsstand_notification_channel_id_1961629202 pri=0 contentView=null vibrate=null sound=null tick defaults=0x0 flags=0x10 color=0xff972cb0 category=recommendation actions=2 vis=PUBLIC)): current userid: 0, notification userid: 0
04-27 09:29:12.919  3081  3081 D NotificationManager: shouldHideNotifications: true, -1000
04-27 09:29:12.919  3081  3081 V NotificationManager: StatusBarNotification(pkg=com.balaji.alt user=UserHandle{0} id=-2009223103 tag=null key=0|com.balaji.alt|-2009223103|null|10203: Notification(channel=we_wk_push_channel pri=0 contentView=null vibrate=null sound=null defaults=0x0 flags=0x18 color=0x00000000 vis=PRIVATE)): current userid: 0, notification userid: 0
04-27 09:29:12.919  3081  3081 D NotificationManager: shouldHideNotifications: true, -1000
04-27 09:29:12.920  3081  3081 V NotificationManager: StatusBarNotification(pkg=com.google.android.gm user=UserHandle{0} id=0 tag=gig:740896805:CLASSIC_INBOX_ALL_MAIL key=0|com.google.android.gm|0|gig:740896805:CLASSIC_INBOX_ALL_MAIL|10048: Notification(channel=^nc_1_mail_pthumati@asu.edu pri=0 contentView=null vibrate=null sound=null tick defaults=0x0 flags=0x218 color=0xffdb4437 category=email groupKey=gig:740896805:CLASSIC_INBOX_ALL_MAIL sortKey=92233704804738763350 actions=2 vis=PRIVATE publicVersion=Notification(channel=^nc_1_mail_pthumati@asu.edu pri=0 contentView=null vibrate=null sound=null tick defaults=0x0 flags=0x18 color=0xffdb4437 category=email vis=PUBLIC))): current userid: 0, notification userid: 0
04-27 09:29:12.920  3081  3081 D NotificationManager: shouldHideNotifications: true, -1000
04-27 09:29:12.920  3081  3081 V NotificationManager: StatusBarNotification(pkg=com.facebook.orca user=UserHandle{0} id=10000 tag=GROUP:2008692672506587 key=0|com.facebook.orca|10000|GROUP:2008692672506587|10141: Notification(channel=messenger_orca_050_messaging@6e2c1ac1-5c89-4b45-a125-3e4270aa279a pri=1 contentView=null vibrate=null sound=null tick defaults=0x0 flags=0x1 color=0xff0084ff category=msg actions=2 vis=PRIVATE)): current userid: 0, notification userid: 0
04-27 09:29:12.920  3081  3081 D NotificationManager: shouldHideNotifications: true, -1000
04-27 09:29:12.921  3081  3081 D SingleNotificationView: updateView
04-27 09:29:12.921  3081  3081 D SingleNotificationView: mNewPostedNotification = null
04-27 09:29:12.921  3081  3081 D NotificationIconArea: updateNotificationIcons
04-27 09:29:12.921  3081  3081 D NotificationIconArea: theOnlyOneNotification: force show com.facebook.orca icon
04-27 09:29:12.921  3081  3081 D NotificationIconArea: theOnlyOneNotification: force show com.balaji.alt icon
04-27 09:29:12.921  3081  3081 D NotificationIconArea: don't show notification icon due to is app custom group child
04-27 09:29:12.921  3081  3081 D NotificationIconArea: theOnlyOneNotification: force show android icon
04-27 09:29:12.922  3081  3081 D NotificationIconArea: updateNotificationIcons: toShow size 6
04-27 09:29:12.922  1283  1864 D FingerprintService: getEnrolledFingerprints: userId = 0
04-27 09:29:12.924  3081  3081 D OPNotificationData: filterAndSort
04-27 09:29:12.924  3081  3081 V NotificationManager: StatusBarNotification(pkg=android user=UserHandle{-1} id=26 tag=null key=-1|android|26|null|1000: Notification(channel=DEVELOPER pri=0 contentView=null vibrate=null sound=null tick defaults=0x0 flags=0x2 color=0xff607d8b vis=PUBLIC)): current userid: 0, notification userid: -1
04-27 09:29:12.924  3081  3081 D NotificationManager: shouldHideNotifications: true, -1000
04-27 09:29:12.925  3081  3081 V NotificationManager: StatusBarNotification(pkg=com.google.android.gm user=UserHandle{0} id=-2036043299 tag=gig:740896805:CLASSIC_INBOX_ALL_MAIL key=0|com.google.android.gm|-2036043299|gig:740896805:CLASSIC_INBOX_ALL_MAIL|10048: Notification(channel=^nc_1_mail_pthumati@asu.edu pri=0 contentView=null vibrate=null sound=null tick defaults=0x0 flags=0x18 color=0xffdb4437 category=email groupKey=gig:740896805:CLASSIC_INBOX_ALL_MAIL sortKey=9223370480473876335-2036043299 actions=2 vis=PRIVATE publicVersion=Notification(channel=^nc_1_mail_pthumati@asu.edu pri=0 contentView=null vibrate=null sound=null tick defaults=0x0 flags=0x18 color=0xffdb4437 category=email vis=PUBLIC))): current userid: 0, notification userid: 0
04-27 09:29:12.925  3081  3081 D NotificationManager: shouldHideNotifications: true, -1000
04-27 09:29:12.925  3081  3081 V NotificationManager: StatusBarNotification(pkg=com.google.android.apps.magazines user=UserHandle{0} id=-390561920 tag=null key=0|com.google.android.apps.magazines|-390561920|null|10126: Notification(channel=news_newsstand_notification_channel_id_1961629202 pri=0 contentView=null vibrate=null sound=null tick defaults=0x0 flags=0x10 color=0xff972cb0 category=recommendation actions=1 vis=PUBLIC)): current userid: 0, notification userid: 0
04-27 09:29:12.925  3081  3081 D NotificationManager: shouldHideNotifications: true, -1000
04-27 09:29:12.926  3081  3081 V NotificationManager: StatusBarNotification(pkg=com.google.android.apps.magazines user=UserHandle{0} id=1765761848 tag=null key=0|com.google.android.apps.magazines|1765761848|null|10126: Notification(channel=news_newsstand_notification_channel_id_1961629202 pri=0 contentView=null vibrate=null sound=null tick defaults=0x0 flags=0x10 color=0xff972cb0 category=recommendation actions=2 vis=PUBLIC)): current userid: 0, notification userid: 0
04-27 09:29:12.926  3081  3081 D NotificationManager: shouldHideNotifications: true, -1000
04-27 09:29:12.926  3081  3081 V NotificationManager: StatusBarNotification(pkg=com.balaji.alt user=UserHandle{0} id=-2009223103 tag=null key=0|com.balaji.alt|-2009223103|null|10203: Notification(channel=we_wk_push_channel pri=0 contentView=null vibrate=null sound=null defaults=0x0 flags=0x18 color=0x00000000 vis=PRIVATE)): current userid: 0, notification userid: 0
04-27 09:29:12.926  3081  3081 D NotificationManager: shouldHideNotifications: true, -1000
04-27 09:29:12.927  3081  3081 V NotificationManager: StatusBarNotification(pkg=com.google.android.gm user=UserHandle{0} id=0 tag=gig:740896805:CLASSIC_INBOX_ALL_MAIL key=0|com.google.android.gm|0|gig:740896805:CLASSIC_INBOX_ALL_MAIL|10048: Notification(channel=^nc_1_mail_pthumati@asu.edu pri=0 contentView=null vibrate=null sound=null tick defaults=0x0 flags=0x218 color=0xffdb4437 category=email groupKey=gig:740896805:CLASSIC_INBOX_ALL_MAIL sortKey=92233704804738763350 actions=2 vis=PRIVATE publicVersion=Notification(channel=^nc_1_mail_pthumati@asu.edu pri=0 contentView=null vibrate=null sound=null tick defaults=0x0 flags=0x18 color=0xffdb4437 category=email vis=PUBLIC))): current userid: 0, notification userid: 0
04-27 09:29:12.927  3081  3081 D NotificationManager: shouldHideNotifications: true, -1000
04-27 09:29:12.927  3081  3081 V NotificationManager: StatusBarNotification(pkg=com.facebook.orca user=UserHandle{0} id=10000 tag=GROUP:2008692672506587 key=0|com.facebook.orca|10000|GROUP:2008692672506587|10141: Notification(channel=messenger_orca_050_messaging@6e2c1ac1-5c89-4b45-a125-3e4270aa279a pri=1 contentView=null vibrate=null sound=null tick defaults=0x0 flags=0x1 color=0xff0084ff category=msg actions=2 vis=PRIVATE)): current userid: 0, notification userid: 0
04-27 09:29:12.927  3081  3081 D NotificationManager: shouldHideNotifications: true, -1000
04-27 09:29:12.929  1283  1864 D FingerprintService: getEnrolledFingerprints: userId = 0
04-27 09:29:12.929  3081  3081 I StatusBarIconView: set mSlot:android/0x20 icon.visible:true mBlocked:false
04-27 09:29:12.931  3081  3081 D OPNotificationData: filterAndSort
04-27 09:29:12.931  3627  3657 V FaceSettingService: checkState() - Acquiring semaphore [Start]
04-27 09:29:12.931  3627  3657 V FaceSettingService: checkState() - Acquiring semaphore [End]
04-27 09:29:12.931  3627  3657 V FaceSettingService: checkState() - [Start]
04-27 09:29:12.932  3081  3081 V NotificationManager: StatusBarNotification(pkg=android user=UserHandle{-1} id=26 tag=null key=-1|android|26|null|1000: Notification(channel=DEVELOPER pri=0 contentView=null vibrate=null sound=null tick defaults=0x0 flags=0x2 color=0xff607d8b vis=PUBLIC)): current userid: 0, notification userid: -1
04-27 09:29:12.932  3081  3081 D NotificationManager: shouldHideNotifications: true, -1000
04-27 09:29:12.932  3081  3081 V NotificationManager: StatusBarNotification(pkg=com.google.android.gm user=UserHandle{0} id=-2036043299 tag=gig:740896805:CLASSIC_INBOX_ALL_MAIL key=0|com.google.android.gm|-2036043299|gig:740896805:CLASSIC_INBOX_ALL_MAIL|10048: Notification(channel=^nc_1_mail_pthumati@asu.edu pri=0 contentView=null vibrate=null sound=null tick defaults=0x0 flags=0x18 color=0xffdb4437 category=email groupKey=gig:740896805:CLASSIC_INBOX_ALL_MAIL sortKey=9223370480473876335-2036043299 actions=2 vis=PRIVATE publicVersion=Notification(channel=^nc_1_mail_pthumati@asu.edu pri=0 contentView=null vibrate=null sound=null tick defaults=0x0 flags=0x18 color=0xffdb4437 category=email vis=PUBLIC))): current userid: 0, notification userid: 0
04-27 09:29:12.932  3081  3081 D NotificationManager: shouldHideNotifications: true, -1000
04-27 09:29:12.932  3627  3657 V FaceSettingService: checkState() - Result : 2, [End]
04-27 09:29:12.932  3081  3081 V NotificationManager: StatusBarNotification(pkg=com.google.android.apps.magazines user=UserHandle{0} id=-390561920 tag=null key=0|com.google.android.apps.magazines|-390561920|null|10126: Notification(channel=news_newsstand_notification_channel_id_1961629202 pri=0 contentView=null vibrate=null sound=null tick defaults=0x0 flags=0x10 color=0xff972cb0 category=recommendation actions=1 vis=PUBLIC)): current userid: 0, notification userid: 0
04-27 09:29:12.932  3081  3081 D NotificationManager: shouldHideNotifications: true, -1000
04-27 09:29:12.933  1983  1983 V KeyguardStatusView: refresh statusview showing:true
04-27 09:29:12.933  3081  3081 V NotificationManager: StatusBarNotification(pkg=com.google.android.apps.magazines user=UserHandle{0} id=1765761848 tag=null key=0|com.google.android.apps.magazines|1765761848|null|10126: Notification(channel=news_newsstand_notification_channel_id_1961629202 pri=0 contentView=null vibrate=null sound=null tick defaults=0x0 flags=0x10 color=0xff972cb0 category=recommendation actions=2 vis=PUBLIC)): current userid: 0, notification userid: 0
04-27 09:29:12.933  3081  3081 D NotificationManager: shouldHideNotifications: true, -1000
04-27 09:29:12.933  3081  3081 V NotificationManager: StatusBarNotification(pkg=com.balaji.alt user=UserHandle{0} id=-2009223103 tag=null key=0|com.balaji.alt|-2009223103|null|10203: Notification(channel=we_wk_push_channel pri=0 contentView=null vibrate=null sound=null defaults=0x0 flags=0x18 color=0x00000000 vis=PRIVATE)): current userid: 0, notification userid: 0
04-27 09:29:12.933  3081  3081 D NotificationManager: shouldHideNotifications: true, -1000
04-27 09:29:12.934  3081  3081 V NotificationManager: StatusBarNotification(pkg=com.google.android.gm user=UserHandle{0} id=0 tag=gig:740896805:CLASSIC_INBOX_ALL_MAIL key=0|com.google.android.gm|0|gig:740896805:CLASSIC_INBOX_ALL_MAIL|10048: Notification(channel=^nc_1_mail_pthumati@asu.edu pri=0 contentView=null vibrate=null sound=null tick defaults=0x0 flags=0x218 color=0xffdb4437 category=email groupKey=gig:740896805:CLASSIC_INBOX_ALL_MAIL sortKey=92233704804738763350 actions=2 vis=PRIVATE publicVersion=Notification(channel=^nc_1_mail_pthumati@asu.edu pri=0 contentView=null vibrate=null sound=null tick defaults=0x0 flags=0x18 color=0xffdb4437 category=email vis=PUBLIC))): current userid: 0, notification userid: 0
04-27 09:29:12.934  3081  3081 D NotificationManager: shouldHideNotifications: true, -1000
04-27 09:29:12.934  3081  3081 V NotificationManager: StatusBarNotification(pkg=com.facebook.orca user=UserHandle{0} id=10000 tag=GROUP:2008692672506587 key=0|com.facebook.orca|10000|GROUP:2008692672506587|10141: Notification(channel=messenger_orca_050_messaging@6e2c1ac1-5c89-4b45-a125-3e4270aa279a pri=1 contentView=null vibrate=null sound=null tick defaults=0x0 flags=0x1 color=0xff0084ff category=msg actions=2 vis=PRIVATE)): current userid: 0, notification userid: 0
04-27 09:29:12.934  3081  3081 D NotificationManager: shouldHideNotifications: true, -1000
04-27 09:29:12.934  3081  3081 V NotificationManager: StatusBarNotification(pkg=android user=UserHandle{-1} id=32 tag=null key=-1|android|32|null|1000: Notification(channel=USB pri=0 contentView=null vibrate=null sound=null tick defaults=0x0 flags=0x2 color=0xff607d8b vis=PUBLIC)): current userid: 0, notification userid: -1
04-27 09:29:12.934  3081  3081 D NotificationManager: shouldHideNotifications: true, -1000
04-27 09:29:12.935  3081  3081 D OPNotificationData: filterAndSort
04-27 09:29:12.935  3081  3081 V NotificationManager: StatusBarNotification(pkg=android user=UserHandle{-1} id=26 tag=null key=-1|android|26|null|1000: Notification(channel=DEVELOPER pri=0 contentView=null vibrate=null sound=null tick defaults=0x0 flags=0x2 color=0xff607d8b vis=PUBLIC)): current userid: 0, notification userid: -1
04-27 09:29:12.935  3081  3081 D NotificationManager: shouldHideNotifications: true, -1000
04-27 09:29:12.935  3081  3081 V NotificationManager: StatusBarNotification(pkg=com.google.android.gm user=UserHandle{0} id=-2036043299 tag=gig:740896805:CLASSIC_INBOX_ALL_MAIL key=0|com.google.android.gm|-2036043299|gig:740896805:CLASSIC_INBOX_ALL_MAIL|10048: Notification(channel=^nc_1_mail_pthumati@asu.edu pri=0 contentView=null vibrate=null sound=null tick defaults=0x0 flags=0x18 color=0xffdb4437 category=email groupKey=gig:740896805:CLASSIC_INBOX_ALL_MAIL sortKey=9223370480473876335-2036043299 actions=2 vis=PRIVATE publicVersion=Notification(channel=^nc_1_mail_pthumati@asu.edu pri=0 contentView=null vibrate=null sound=null tick defaults=0x0 flags=0x18 color=0xffdb4437 category=email vis=PUBLIC))): current userid: 0, notification userid: 0
04-27 09:29:12.936  3081  3081 D NotificationManager: shouldHideNotifications: true, -1000
04-27 09:29:12.936  3081  3081 V NotificationManager: StatusBarNotification(pkg=com.google.android.apps.magazines user=UserHandle{0} id=-390561920 tag=null key=0|com.google.android.apps.magazines|-390561920|null|10126: Notification(channel=news_newsstand_notification_channel_id_1961629202 pri=0 contentView=null vibrate=null sound=null tick defaults=0x0 flags=0x10 color=0xff972cb0 category=recommendation actions=1 vis=PUBLIC)): current userid: 0, notification userid: 0
04-27 09:29:12.936  3081  3081 D NotificationManager: shouldHideNotifications: true, -1000
04-27 09:29:12.936  3081  3081 V NotificationManager: StatusBarNotification(pkg=com.google.android.apps.magazines user=UserHandle{0} id=1765761848 tag=null key=0|com.google.android.apps.magazines|1765761848|null|10126: Notification(channel=news_newsstand_notification_channel_id_1961629202 pri=0 contentView=null vibrate=null sound=null tick defaults=0x0 flags=0x10 color=0xff972cb0 category=recommendation actions=2 vis=PUBLIC)): current userid: 0, notification userid: 0
04-27 09:29:12.936  3081  3081 D NotificationManager: shouldHideNotifications: true, -1000
04-27 09:29:12.936  3081  3081 V NotificationManager: StatusBarNotification(pkg=com.balaji.alt user=UserHandle{0} id=-2009223103 tag=null key=0|com.balaji.alt|-2009223103|null|10203: Notification(channel=we_wk_push_channel pri=0 contentView=null vibrate=null sound=null defaults=0x0 flags=0x18 color=0x00000000 vis=PRIVATE)): current userid: 0, notification userid: 0
04-27 09:29:12.936  3081  3081 D NotificationManager: shouldHideNotifications: true, -1000
04-27 09:29:12.937  3081  3081 V NotificationManager: StatusBarNotification(pkg=com.google.android.gm user=UserHandle{0} id=0 tag=gig:740896805:CLASSIC_INBOX_ALL_MAIL key=0|com.google.android.gm|0|gig:740896805:CLASSIC_INBOX_ALL_MAIL|10048: Notification(channel=^nc_1_mail_pthumati@asu.edu pri=0 contentView=null vibrate=null sound=null tick defaults=0x0 flags=0x218 color=0xffdb4437 category=email groupKey=gig:740896805:CLASSIC_INBOX_ALL_MAIL sortKey=92233704804738763350 actions=2 vis=PRIVATE publicVersion=Notification(channel=^nc_1_mail_pthumati@asu.edu pri=0 contentView=null vibrate=null sound=null tick defaults=0x0 flags=0x18 color=0xffdb4437 category=email vis=PUBLIC))): current userid: 0, notification userid: 0
04-27 09:29:12.937  3081  3081 D NotificationManager: shouldHideNotifications: true, -1000
04-27 09:29:12.937  3081  3081 V NotificationManager: StatusBarNotification(pkg=com.facebook.orca user=UserHandle{0} id=10000 tag=GROUP:2008692672506587 key=0|com.facebook.orca|10000|GROUP:2008692672506587|10141: Notification(channel=messenger_orca_050_messaging@6e2c1ac1-5c89-4b45-a125-3e4270aa279a pri=1 contentView=null vibrate=null sound=null tick defaults=0x0 flags=0x1 color=0xff0084ff category=msg actions=2 vis=PRIVATE)): current userid: 0, notification userid: 0
04-27 09:29:12.937  3081  3081 D NotificationManager: shouldHideNotifications: true, -1000
04-27 09:29:12.938  3081  3081 V NotificationManager: StatusBarNotification(pkg=android user=UserHandle{-1} id=32 tag=null key=-1|android|32|null|1000: Notification(channel=USB pri=0 contentView=null vibrate=null sound=null tick defaults=0x0 flags=0x2 color=0xff607d8b vis=PUBLIC)): current userid: 0, notification userid: -1
04-27 09:29:12.938  3081  3081 D NotificationManager: shouldHideNotifications: true, -1000
04-27 09:29:12.938  3081  3081 D SingleNotificationView: updateView
04-27 09:29:12.938  3081  3081 D SingleNotificationView: mNewPostedNotification = null
04-27 09:29:12.938  3081  3081 D NotificationIconArea: updateNotificationIcons
04-27 09:29:12.938  3081  3081 D NotificationIconArea: theOnlyOneNotification: force show com.facebook.orca icon
04-27 09:29:12.938  3081  3081 D NotificationIconArea: theOnlyOneNotification: force show com.balaji.alt icon
04-27 09:29:12.938  3081  3081 D NotificationIconArea: don't show notification icon due to is app custom group child
04-27 09:29:12.938  3081  3081 D NotificationIconArea: don't show notification icon due to is ambient
04-27 09:29:12.939  3081  3081 D NotificationIconArea: updateNotificationIcons: toShow size 6
04-27 09:29:12.942  1283  3507 I StatusBarManagerService: pkg = com.android.systemui, mDisabled1 = 1200000, mDisabled2 =0,what =18874368
04-27 09:29:12.944  3081  3081 D NotificationCollectorService: onNotificationRankingUpdate
04-27 09:29:12.945  3081  3081 D OPNotificationData: filterAndSort
04-27 09:29:12.946  3081  3081 V NotificationManager: StatusBarNotification(pkg=android user=UserHandle{-1} id=26 tag=null key=-1|android|26|null|1000: Notification(channel=DEVELOPER pri=0 contentView=null vibrate=null sound=null tick defaults=0x0 flags=0x2 color=0xff607d8b vis=PUBLIC)): current userid: 0, notification userid: -1
04-27 09:29:12.946  3081  3081 D NotificationManager: shouldHideNotifications: true, -1000
04-27 09:29:12.946  1983  1983 V KeyguardDisplayManager: show
04-27 09:29:12.946  3081  3081 V NotificationManager: StatusBarNotification(pkg=com.google.android.gm user=UserHandle{0} id=-2036043299 tag=gig:740896805:CLASSIC_INBOX_ALL_MAIL key=0|com.google.android.gm|-2036043299|gig:740896805:CLASSIC_INBOX_ALL_MAIL|10048: Notification(channel=^nc_1_mail_pthumati@asu.edu pri=0 contentView=null vibrate=null sound=null tick defaults=0x0 flags=0x18 color=0xffdb4437 category=email groupKey=gig:740896805:CLASSIC_INBOX_ALL_MAIL sortKey=9223370480473876335-2036043299 actions=2 vis=PRIVATE publicVersion=Notification(channel=^nc_1_mail_pthumati@asu.edu pri=0 contentView=null vibrate=null sound=null tick defaults=0x0 flags=0x18 color=0xffdb4437 category=email vis=PUBLIC))): current userid: 0, notification userid: 0
04-27 09:29:12.946  3081  3081 D NotificationManager: shouldHideNotifications: true, -1000
04-27 09:29:12.946  3081  3081 V NotificationManager: StatusBarNotification(pkg=com.google.android.apps.magazines user=UserHandle{0} id=-390561920 tag=null key=0|com.google.android.apps.magazines|-390561920|null|10126: Notification(channel=news_newsstand_notification_channel_id_1961629202 pri=0 contentView=null vibrate=null sound=null tick defaults=0x0 flags=0x10 color=0xff972cb0 category=recommendation actions=1 vis=PUBLIC)): current userid: 0, notification userid: 0
04-27 09:29:12.947  3081  3081 D NotificationManager: shouldHideNotifications: true, -1000
04-27 09:29:12.947  3081  3081 V NotificationManager: StatusBarNotification(pkg=com.google.android.apps.magazines user=UserHandle{0} id=1765761848 tag=null key=0|com.google.android.apps.magazines|1765761848|null|10126: Notification(channel=news_newsstand_notification_channel_id_1961629202 pri=0 contentView=null vibrate=null sound=null tick defaults=0x0 flags=0x10 color=0xff972cb0 category=recommendation actions=2 vis=PUBLIC)): current userid: 0, notification userid: 0
04-27 09:29:12.947  3081  3081 D NotificationManager: shouldHideNotifications: true, -1000
04-27 09:29:12.947  3081  3081 V NotificationManager: StatusBarNotification(pkg=com.balaji.alt user=UserHandle{0} id=-2009223103 tag=null key=0|com.balaji.alt|-2009223103|null|10203: Notification(channel=we_wk_push_channel pri=0 contentView=null vibrate=null sound=null defaults=0x0 flags=0x18 color=0x00000000 vis=PRIVATE)): current userid: 0, notification userid: 0
04-27 09:29:12.947  3081  3081 D NotificationManager: shouldHideNotifications: true, -1000
04-27 09:29:12.948  3081  3081 V NotificationManager: StatusBarNotification(pkg=com.google.android.gm user=UserHandle{0} id=0 tag=gig:740896805:CLASSIC_INBOX_ALL_MAIL key=0|com.google.android.gm|0|gig:740896805:CLASSIC_INBOX_ALL_MAIL|10048: Notification(channel=^nc_1_mail_pthumati@asu.edu pri=0 contentView=null vibrate=null sound=null tick defaults=0x0 flags=0x218 color=0xffdb4437 category=email groupKey=gig:740896805:CLASSIC_INBOX_ALL_MAIL sortKey=92233704804738763350 actions=2 vis=PRIVATE publicVersion=Notification(channel=^nc_1_mail_pthumati@asu.edu pri=0 contentView=null vibrate=null sound=null tick defaults=0x0 flags=0x18 color=0xffdb4437 category=email vis=PUBLIC))): current userid: 0, notification userid: 0
04-27 09:29:12.948  3081  3081 D NotificationManager: shouldHideNotifications: true, -1000
04-27 09:29:12.948  3081  3081 V NotificationManager: StatusBarNotification(pkg=com.facebook.orca user=UserHandle{0} id=10000 tag=GROUP:2008692672506587 key=0|com.facebook.orca|10000|GROUP:2008692672506587|10141: Notification(channel=messenger_orca_050_messaging@6e2c1ac1-5c89-4b45-a125-3e4270aa279a pri=1 contentView=null vibrate=null sound=null tick defaults=0x0 flags=0x1 color=0xff0084ff category=msg actions=2 vis=PRIVATE)): current userid: 0, notification userid: 0
04-27 09:29:12.948  3081  3081 D NotificationManager: shouldHideNotifications: true, -1000
04-27 09:29:12.948  3081  3081 V NotificationManager: StatusBarNotification(pkg=android user=UserHandle{-1} id=32 tag=null key=-1|android|32|null|1000: Notification(channel=USB pri=0 contentView=null vibrate=null sound=null tick defaults=0x0 flags=0x2 color=0xff607d8b vis=PUBLIC)): current userid: 0, notification userid: -1
04-27 09:29:12.948  3081  3081 D NotificationManager: shouldHideNotifications: true, -1000
04-27 09:29:12.949  3081  3081 D OPNotificationData: filterAndSort
04-27 09:29:12.949  3081  3081 V NotificationManager: StatusBarNotification(pkg=android user=UserHandle{-1} id=26 tag=null key=-1|android|26|null|1000: Notification(channel=DEVELOPER pri=0 contentView=null vibrate=null sound=null tick defaults=0x0 flags=0x2 color=0xff607d8b vis=PUBLIC)): current userid: 0, notification userid: -1
04-27 09:29:12.949  3081  3081 D NotificationManager: shouldHideNotifications: true, -1000
04-27 09:29:12.950  3081  3081 V NotificationManager: StatusBarNotification(pkg=com.google.android.gm user=UserHandle{0} id=-2036043299 tag=gig:740896805:CLASSIC_INBOX_ALL_MAIL key=0|com.google.android.gm|-2036043299|gig:740896805:CLASSIC_INBOX_ALL_MAIL|10048: Notification(channel=^nc_1_mail_pthumati@asu.edu pri=0 contentView=null vibrate=null sound=null tick defaults=0x0 flags=0x18 color=0xffdb4437 category=email groupKey=gig:740896805:CLASSIC_INBOX_ALL_MAIL sortKey=9223370480473876335-2036043299 actions=2 vis=PRIVATE publicVersion=Notification(channel=^nc_1_mail_pthumati@asu.edu pri=0 contentView=null vibrate=null sound=null tick defaults=0x0 flags=0x18 color=0xffdb4437 category=email vis=PUBLIC))): current userid: 0, notification userid: 0
04-27 09:29:12.950  3081  3081 D NotificationManager: shouldHideNotifications: true, -1000
04-27 09:29:12.950  3081  3081 V NotificationManager: StatusBarNotification(pkg=com.google.android.apps.magazines user=UserHandle{0} id=-390561920 tag=null key=0|com.google.android.apps.magazines|-390561920|null|10126: Notification(channel=news_newsstand_notification_channel_id_1961629202 pri=0 contentView=null vibrate=null sound=null tick defaults=0x0 flags=0x10 color=0xff972cb0 category=recommendation actions=1 vis=PUBLIC)): current userid: 0, notification userid: 0
04-27 09:29:12.950  3081  3081 D NotificationManager: shouldHideNotifications: true, -1000
04-27 09:29:12.951  3081  3081 V NotificationManager: StatusBarNotification(pkg=com.google.android.apps.magazines user=UserHandle{0} id=1765761848 tag=null key=0|com.google.android.apps.magazines|1765761848|null|10126: Notification(channel=news_newsstand_notification_channel_id_1961629202 pri=0 contentView=null vibrate=null sound=null tick defaults=0x0 flags=0x10 color=0xff972cb0 category=recommendation actions=2 vis=PUBLIC)): current userid: 0, notification userid: 0
04-27 09:29:12.951  3081  3081 D NotificationManager: shouldHideNotifications: true, -1000
04-27 09:29:12.952  3081  3081 V NotificationManager: StatusBarNotification(pkg=com.balaji.alt user=UserHandle{0} id=-2009223103 tag=null key=0|com.balaji.alt|-2009223103|null|10203: Notification(channel=we_wk_push_channel pri=0 contentView=null vibrate=null sound=null defaults=0x0 flags=0x18 color=0x00000000 vis=PRIVATE)): current userid: 0, notification userid: 0
04-27 09:29:12.952  3081  3081 D NotificationManager: shouldHideNotifications: true, -1000
04-27 09:29:12.952  3081  3081 V NotificationManager: StatusBarNotification(pkg=com.google.android.gm user=UserHandle{0} id=0 tag=gig:740896805:CLASSIC_INBOX_ALL_MAIL key=0|com.google.android.gm|0|gig:740896805:CLASSIC_INBOX_ALL_MAIL|10048: Notification(channel=^nc_1_mail_pthumati@asu.edu pri=0 contentView=null vibrate=null sound=null tick defaults=0x0 flags=0x218 color=0xffdb4437 category=email groupKey=gig:740896805:CLASSIC_INBOX_ALL_MAIL sortKey=92233704804738763350 actions=2 vis=PRIVATE publicVersion=Notification(channel=^nc_1_mail_pthumati@asu.edu pri=0 contentView=null vibrate=null sound=null tick defaults=0x0 flags=0x18 color=0xffdb4437 category=email vis=PUBLIC))): current userid: 0, notification userid: 0
04-27 09:29:12.952  3081  3081 D NotificationManager: shouldHideNotifications: true, -1000
04-27 09:29:12.952  3081  3081 V NotificationManager: StatusBarNotification(pkg=com.facebook.orca user=UserHandle{0} id=10000 tag=GROUP:2008692672506587 key=0|com.facebook.orca|10000|GROUP:2008692672506587|10141: Notification(channel=messenger_orca_050_messaging@6e2c1ac1-5c89-4b45-a125-3e4270aa279a pri=1 contentView=null vibrate=null sound=null tick defaults=0x0 flags=0x1 color=0xff0084ff category=msg actions=2 vis=PRIVATE)): current userid: 0, notification userid: 0
04-27 09:29:12.953  3081  3081 D NotificationManager: shouldHideNotifications: true, -1000
04-27 09:29:12.953  3081  3081 V NotificationManager: StatusBarNotification(pkg=android user=UserHandle{-1} id=32 tag=null key=-1|android|32|null|1000: Notification(channel=USB pri=0 contentView=null vibrate=null sound=null tick defaults=0x0 flags=0x2 color=0xff607d8b vis=PUBLIC)): current userid: 0, notification userid: -1
04-27 09:29:12.953  3081  3081 D NotificationManager: shouldHideNotifications: true, -1000
04-27 09:29:12.954  3081  3081 D NotificationIconArea: updateNotificationIcons
04-27 09:29:12.954  3081  3081 D NotificationIconArea: theOnlyOneNotification: force show com.facebook.orca icon
04-27 09:29:12.954  3081  3081 D NotificationIconArea: theOnlyOneNotification: force show com.balaji.alt icon
04-27 09:29:12.954  3081  3081 D NotificationIconArea: don't show notification icon due to is app custom group child
04-27 09:29:12.954  3081  3081 D NotificationIconArea: don't show notification icon due to is ambient
04-27 09:29:12.955  3081  3081 D NotificationIconArea: updateNotificationIcons: toShow size 6
04-27 09:29:13.035  3227  3227 D Launcher: DynamicIcon doWorkspaceOrFolderIconAnimation be skip
04-27 09:29:13.038  1283  3513 V LocSvc_HIDL_Subscription_jni: screen_status_update
04-27 09:29:13.038  1283  3513 V LocSvc_HIDL_Subscription_jni: [screen_status_update][485] [HC] =>> [HS]
04-27 09:29:13.039  1007  1007 V LocSvc_HIDL_IzatSubscription: [screenStatusUpdate][552] [HS] <<<<= [HC]
04-27 09:29:13.039  1283  3513 V LocSvc_HIDL_Subscription_jni: Exit Result 0
04-27 09:29:13.090 29744 29744 D AbstractProcessor: onScreenOff
04-27 09:29:13.096 30505 30505 V ContentDetectionIntentReceiver: Screen off
04-27 09:29:13.099 30505 30505 V ContentDetectionService: onStartCommand()
04-27 09:29:13.099 30505 30505 D ContentDetectionService: onStartCommand() - Command : com.oneplus.gallery.NOTIFY_SCREEN_OFF
04-27 09:29:13.099 30505 30505 E ContentDetectionService: updateSceneDetectionState() - No SceneDetector
04-27 09:29:13.120  2855  2855 I io.presage.receivers.BootReceiver: INFO main io.presage.receivers.BootReceiver - Send event: screen_off
04-27 09:29:13.125  2855  2855 W io.presage.utils.do.c: WARN main io.presage.utils.do.c - Request event not authorized
04-27 09:29:13.128  2936  2936 W ChimeraUtils: Non Chimera context
04-27 09:29:13.128  2936  2936 W ChimeraUtils: Non Chimera context
04-27 09:29:13.137  2936  2936 W DiscoveryManager: BroadcastReceiver is already registered
04-27 09:29:13.137  2936  2936 V MediaRouter: Dispatching route change: UserRouteInfo{ name=My bedroom Speaker, description=Google Home Mini, status=null, category=RouteCategory{ name=Devices types=ROUTE_TYPE_USER  groupable=false }, supportedTypes=ROUTE_TYPE_USER , presentationDisplay=null }
04-27 09:29:13.137  2936  2936 V MediaRouter: Removing route: UserRouteInfo{ name=My bedroom Speaker, description=Google Home Mini, status=null, category=RouteCategory{ name=Devices types=ROUTE_TYPE_USER  groupable=false }, supportedTypes=ROUTE_TYPE_USER , presentationDisplay=null }
04-27 09:29:13.138  2936  5965 I DiscoveryManager: Filter criteria(C1EB68AE) scannerFlags(2)
04-27 09:29:13.153  7505  7505 V MediaRouter: Dispatching route change: UserRouteInfo{ name=My bedroom Speaker, description=Google Home Mini, status=null, category=RouteCategory{ name=Devices types=ROUTE_TYPE_USER  groupable=false }, supportedTypes=ROUTE_TYPE_USER , presentationDisplay=null }
04-27 09:29:13.153  7505  7505 V MediaRouter: Dispatching route change: UserRouteInfo{ name=My bedroom Speaker, description=Google Home Mini, status=null, category=RouteCategory{ name=Devices types=ROUTE_TYPE_USER  groupable=false }, supportedTypes=ROUTE_TYPE_USER , presentationDisplay=null }
04-27 09:29:13.155  2048  2048 E wpa_supplicant: wpa_driver_nl80211_driver_cmd: failed to issue private commands
04-27 09:29:13.158  1283  1892 E SupplicantStaIfaceHal: ISupplicantStaIface.removeRxFilter failed: FAILURE_UNKNOWN, 
04-27 09:29:13.162  7505  7505 V MediaRouter: Dispatching route change: UserRouteInfo{ name=My bedroom Speaker, description=Google Home Mini, status=null, category=RouteCategory{ name=Devices types=ROUTE_TYPE_USER  groupable=false }, supportedTypes=ROUTE_TYPE_USER , presentationDisplay=null }
04-27 09:29:13.162  7505  7505 V MediaRouter: Dispatching route change: UserRouteInfo{ name=My bedroom Speaker, description=Google Home Mini, status=null, category=RouteCategory{ name=Devices types=ROUTE_TYPE_USER  groupable=false }, supportedTypes=ROUTE_TYPE_USER , presentationDisplay=null }
04-27 09:29:13.607  1283  1395 I Embryo_Uterus: BirthRunnable checkProc return, uid 10040
04-27 09:29:13.739  1283  1757 V AlarmManager: Triggering alarm #0: 2 when =81815092 package =com.whatsapp operation =*walarm*:com.whatsapp.alarm.AVAILABLE_TIMEOUT flags =0x5
04-27 09:29:13.739  1283  1757 V AlarmManager: Triggering alarm #1: 1 when =1556382551761 package =com.android.chrome operation =*alarm*:com.android.chrome/com.google.ipc.invalidation.external.client.contrib.AndroidListener$AlarmReceiver flags =0x0
04-27 09:29:13.858  1283  1395 I ActivityManager: Start proc 7907:com.example.bradycardia/u0a206 for embryo com.example.bradycardia
04-27 09:29:13.858  1283  1395 D Embryo_Uterus: Embryo created.com.example.bradycardia, pid=7907
04-27 09:29:13.862  7907  7907 I chatty  : uid=10206(com.example.bradycardia) expire 2 lines
04-27 09:29:13.957  1283  1395 I ActivityManager: Start proc 7921:com.facebook.katana/u0a62 for embryo com.facebook.katana
04-27 09:29:13.958  1283  1395 D Embryo_Uterus: Embryo created.com.facebook.katana, pid=7921
04-27 09:29:13.968  7921  7921 W zygote  : Using default instruction set features for ARM CPU variant (cortex-a9) using conservative defaults
04-27 09:29:13.974  1283  3038 D EmbryoManager: Embryo attached, pid=7907
04-27 09:29:14.025  1283  1395 I ActivityManager: Start proc 7936:com.instagram.android/u0a94 for embryo com.instagram.android
04-27 09:29:14.025  1283  1395 D Embryo_Uterus: Embryo created.com.instagram.android, pid=7936
04-27 09:29:14.026  1283  3038 D EmbryoManager: Embryo attached, pid=7921
04-27 09:29:14.033  7936  7936 W zygote  : Using default instruction set features for ARM CPU variant (cortex-a9) using conservative defaults
04-27 09:29:14.061  1283  3038 D EmbryoManager: Embryo attached, pid=7936
04-27 09:29:14.255  1283  3038 D Embryo_Uterus: get preload status from 7907, success=true
04-27 09:29:14.261  7907  7957 I chatty  : uid=10206(com.example.bradycardia) expire 6 lines
04-27 09:29:14.270   472   472 W auditd  : type=1400 "RenderThread""proc""debugfs"
04-27 09:29:14.286  1283  1299 I zygote64: Background concurrent copying GC freed 274230(15MB) AllocSpace objects, 278(25MB) LOS objects, 41% free, 34MB/58MB, paused 3.131ms total 495.613ms
04-27 09:29:14.318  7921  7921 E Embryo  : com.facebook.katana preload layout failed. main
04-27 09:29:14.326  7921  7921 D Embryo  : preload com.facebook.katana, 30ms, hwui=true, layout=false, decor=false
04-27 09:29:14.328  1283  3038 D Embryo_Uterus: get preload status from 7921, success=false
04-27 09:29:14.521  7936  7946 I zygote  : Background concurrent copying GC freed 23547(11MB) AllocSpace objects, 0(0B) LOS objects, 96% free, 440KB/12MB, paused 5.058ms total 51.314ms
04-27 09:29:14.565  7936  7936 D Embryo  : preload com.instagram.android, 101ms, hwui=true, layout=true, decor=false
04-27 09:29:14.567  1283  3038 D Embryo_Uterus: get preload status from 7936, success=true
04-27 09:29:14.568  7936  7961 I Adreno  : QUALCOMM build                   : 08cdca0, I5f270ba9bc
04-27 09:29:14.568  7936  7961 I Adreno  : Build Date                       : 09/18/17
04-27 09:29:14.568  7936  7961 I Adreno  : OpenGL ES Shader Compiler Version: EV031.20.00.04
04-27 09:29:14.568  7936  7961 I Adreno  : Local Branch                     : 
04-27 09:29:14.568  7936  7961 I Adreno  : Remote Branch                    : refs/tags/AU_LINUX_ANDROID_LA.UM.6.5.R1.08.00.00.312.025
04-27 09:29:14.568  7936  7961 I Adreno  : Remote Branch                    : NONE
04-27 09:29:14.568  7936  7961 I Adreno  : Reconstruct Branch               : NOTHING
04-27 09:29:14.570  7936  7961 I vndksupport: sphal namespace is not configured for this process. Loading /vendor/lib/hw/gralloc.msm8996.so from the current namespace instead.
04-27 09:29:14.579   472   472 W auditd  : type=1400 "RenderThread""proc""debugfs"
04-27 09:29:14.579  7936  7961 I Adreno  : PFP: 0x005ff087, ME: 0x005ff063
04-27 09:29:14.588  7936  7961 I OpenGLRenderer: Initialized EGL, version 1.4
04-27 09:29:14.588  7936  7961 D OpenGLRenderer: HWUI GL Pipeline
04-27 09:29:14.588  7936  7961 D OpenGLRenderer: Swap behavior 2
04-27 09:29:15.476  1283  1395 I ActivityManager: Start proc 7963:com.oyo.consumer/u0a207 for embryo com.oyo.consumer
04-27 09:29:15.476  1283  1395 D Embryo_Uterus: Embryo created.com.oyo.consumer, pid=7963
04-27 09:29:15.507  1283  5019 D EmbryoManager: Embryo attached, pid=7963
