04-27 09:29:10.465  1283  3048 I ActivityManager: START u0 {act=android.intent.action.MAIN cat=[android.intent.category.HOME] flg=0x10200000 cmp=net.oneplus.launcher/.Launcher} from uid 10026 pid 1983
04-27 09:29:10.466   558   558 E ANDR-PERF-MPCTL: hint lookup failed
04-27 09:29:10.468  1283  3048 E ANDR-PERF-JNI: com_qualcomm_qtiperformance_native_perf_io_prefetch_start
04-27 09:29:10.471  1283  3048 E ANDR-PERF-JNI: gIOPHAl initialized
04-27 09:29:10.471  1283  3048 E ANDR-PERF-JNI: gIOPHAl calling iopstart
04-27 09:29:10.472   557   557 E ANDR-IOP: IOP HAL: Received pkg_name = net.oneplus.launcher pid = -1
04-27 09:29:10.472   557   611 E ANDR-IOP: is_in_recent_list is TRUE
04-27 09:29:10.472   557   611 E ANDR-IOP: io prefetch is deactivate
04-27 09:29:10.478  3227  3227 D RecyclerViewWrapper: onWindowVisibilityChanged:4
04-27 09:29:10.484  3227  3227 D Launcher: onNewIntent
04-27 09:29:10.493  1283  1396 D RestartProcessManager: Update Total Launch Times :net.oneplus.launcher
04-27 09:29:10.493  1283  1396 D RestartProcessManager: sLastRunningPackage (null) : net.oneplus.launcher
04-27 09:29:10.503  1283  3040 D ActivityManager: Process com.android.chrome:sandboxed_process4 has 1 services
04-27 09:29:10.503  1283  3040 W ActivityManager: Scheduling restart of crashed service com.android.chrome/org.chromium.content.app.SandboxedProcessService4 in 1000ms
04-27 09:29:10.506  3227  3227 D Launcher: onStart
04-27 09:29:10.509  3227  3227 D BlurWallpaperEventHandler: [onLauncherStart] mUserForeground=true
04-27 09:29:10.510  3227  3227 D WallpaperUtils: [isOnePlusH2BlurWallpaper]: user=0, info=null
04-27 09:29:10.511  3227  3227 D BlurWallpaperEventHandler: [onLauncherStart] mWillResetWallpaper=false, isOnePlusH2BlurWallpaper=false, showingDefaultImageWallpaper=false
04-27 09:29:10.511  3227  3227 D Launcher: onResume
04-27 09:29:10.524 30258 30258 W chromium: [WARNING:compositor_view.cc(263)] Child process died (type=6) pid=7842)
04-27 09:29:10.530  1283  6947 D ActivityManager: Process com.android.chrome:sandboxed_process3 has 1 services
04-27 09:29:10.530  1283  6947 W ActivityManager: Scheduling restart of crashed service com.android.chrome/org.chromium.content.app.SandboxedProcessService3 in 10973ms
04-27 09:29:10.534 30258 30258 I cr_TabWebContentsObs: renderProcessGone() for tab id: 2553, oom protected: false, already needs reload: false
04-27 09:29:10.540  1283  3040 I ActivityManager: Killing 30258:com.android.chrome/u0a40 (adj 0): remove task
04-27 09:29:10.543  3227  3227 D NotificationListener: permissionGranted# grant: true
04-27 09:29:10.545  3227  3227 D LSTAnimation: [startAnimationToWorkspace] fromState=APPS, fromWorkspaceState=NORMAL_HIDDEN, toWorkspaceState=NORMAL
04-27 09:29:10.552  3227  3227 D FoldersTransitionController: endAnimation# dismiss folders view
04-27 09:29:10.554  1283  3045 I ActivityManager: Killing 5927:com.example.bradycardia/u0a206 (adj 900): remove task
04-27 09:29:10.555  3227  3227 D Launcher: DynamicIcon doWorkspaceOrFolderIconAnimation be skip
04-27 09:29:10.555  3227  3227 D FrequentAppsGrid: App icon adds to Shelf: ComponentInfo{com.android.chrome/com.google.android.apps.chrome.Main}
04-27 09:29:10.564   577   577 E lowmemorykiller: Error writing /proc/7740/oom_score_adj; errno=22
04-27 09:29:10.574  1283  3040 W ActivityManager: Exception when unbinding service com.android.chrome/org.chromium.content.app.PrivilegedProcessService0
04-27 09:29:10.574  1283  3040 W ActivityManager: android.os.DeadObjectException
04-27 09:29:10.574  1283  3040 W ActivityManager: 	at android.os.BinderProxy.transactNative(Native Method)
04-27 09:29:10.574  1283  3040 W ActivityManager: 	at android.os.BinderProxy.transact(Binder.java:787)
04-27 09:29:10.574  1283  3040 W ActivityManager: 	at android.app.IApplicationThread$Stub$Proxy.scheduleUnbindService(IApplicationThread.java:1560)
04-27 09:29:10.574  1283  3040 W ActivityManager: 	at com.android.server.am.ActiveServices.removeConnectionLocked(ActiveServices.java:2852)
04-27 09:29:10.574  1283  3040 W ActivityManager: 	at com.android.server.am.ActiveServices.killServicesLocked(ActiveServices.java:3277)
04-27 09:29:10.574  1283  3040 W ActivityManager: 	at com.android.server.am.ActivityManagerService.cleanUpApplicationRecordLocked(ActivityManagerService.java:19836)
04-27 09:29:10.574  1283  3040 W ActivityManager: 	at com.android.server.am.ActivityManagerService.handleAppDiedLocked(ActivityManagerService.java:6287)
04-27 09:29:10.574  1283  3040 W ActivityManager: 	at com.android.server.am.ActivityManagerService.startProcessLocked(ActivityManagerService.java:4423)
04-27 09:29:10.574  1283  3040 W ActivityManager: 	at com.android.server.am.ActivityManagerService.startProcessLocked(ActivityManagerService.java:4347)
04-27 09:29:10.574  1283  3040 W ActivityManager: 	at com.android.server.am.BroadcastQueue.processNextBroadcast(BroadcastQueue.java:1442)
04-27 09:29:10.574  1283  3040 W ActivityManager: 	at com.android.server.am.ActivityManagerService.finishReceiver(ActivityManagerService.java:21821)
04-27 09:29:10.574  1283  3040 W ActivityManager: 	at android.app.IActivityManager$Stub.onTransact(IActivityManager.java:284)
04-27 09:29:10.574  1283  3040 W ActivityManager: 	at com.android.server.am.ActivityManagerService.onTransact(ActivityManagerService.java:3536)
04-27 09:29:10.574  1283  3040 W ActivityManager: 	at android.os.Binder.execTransact(Binder.java:692)
04-27 09:29:10.574   577   577 E lowmemorykiller: Error writing /proc/30317/oom_score_adj; errno=22
04-27 09:29:10.575   577   577 E lowmemorykiller: Error writing /proc/30302/oom_score_adj; errno=22
04-27 09:29:10.577  1283  3040 D ActivityManager: Process com.android.chrome has 1 services
04-27 09:29:10.577  1283  3040 W ActivityManager: Scheduling restart of crashed service com.android.chrome/org.chromium.chrome.browser.invalidation.ChromeInvalidationClientService in 1000ms
04-27 09:29:10.583  1283  3040 D EmbryoManager: Embryo claimed. com.android.chrome, pid=22789
04-27 09:29:10.593  1283  1396 W ActivityManager: Scheduling restart of crashed service com.android.chrome/org.chromium.chrome.browser.invalidation.ChromeInvalidationClientService in 1000ms
04-27 09:29:10.600  1283  3045 I ActivityManager: Killing 11509:com.facebook.katana:fwkstartlog/u0a62 (adj 900): remove task
04-27 09:29:10.600  1283  3045 I ActivityManager: Killing 7447:com.facebook.katana:notification/u0a62 (adj 900): remove task
04-27 09:29:10.601  1283  3045 I ActivityManager: Killing 27828:com.facebook.katana:videoplayer/u0a62 (adj 900): remove task
04-27 09:29:10.601  1283  3045 I ActivityManager: Killing 27790:com.facebook.katana:browser/u0a62 (adj 900): remove task
04-27 09:29:10.602  1283  3045 I ActivityManager: Killing 2867:com.facebook.katana/u0a62 (adj 900): remove task
04-27 09:29:10.603  1283  3048 D EmbryoManager: prepare com.android.chrome user 0
04-27 09:29:10.603  1283  3048 D ActivityManager: Process com.android.chrome:privileged_process0 has 0 services
04-27 09:29:10.612  3227  3227 D Launcher: DynamicIcon doWorkspaceOrFolderIconAnimation be enter
04-27 09:29:10.612  3227  3227 D Launcher.Workspace: DynamicIcon Workspace updateCurrentPageDynamicIconState success
04-27 09:29:10.612  1283  1397 W Looper  : Dispatch took 162ms on android.ui, h=Handler (com.android.server.am.ActivityManagerService$UiHandler) {d61a2da} cb=null msg=53
04-27 09:29:10.624  1283  3045 I ActivityManager: Killing 26422:com.facebook.orca:videoplayer/u0a141 (adj 900): remove task
04-27 09:29:10.625  1283  3045 I ActivityManager: Killing 25346:com.facebook.orca/u0a141 (adj 900): remove task
04-27 09:29:10.626  1283  3045 I ActivityManager: Killing 27597:com.android.chrome:sandboxed_process0/u0a141i137 (adj 900): remove task
04-27 09:29:10.627  1283  3045 I ActivityManager: Killing 1244:com.google.android.gm/u0a48 (adj 900): remove task
04-27 09:29:10.634  2510 25108 E WakeLock: GCMSEND release without a matched acquire!
04-27 09:29:10.647  1283  3045 I ActivityManager: Killing 31498:com.whatsapp/u0a106 (adj 900): remove task
04-27 09:29:10.651  3227  3227 D RecyclerViewWrapper: onWindowVisibilityChanged:0
04-27 09:29:10.674  3227  3227 D PopupDataProvider: onNotificationFullRefresh#
04-27 09:29:10.684  1983  2391 I chatty  : uid=10026(com.android.systemui) android.bg expire 1 line
04-27 09:29:10.685  1283  3048 I ActivityManager: Killing 5638:com.instagram.android:videoplayer/u0a94 (adj 900): remove task
04-27 09:29:10.685  1283  3048 I ActivityManager: Killing 5662:com.instagram.android:mqtt/u0a94 (adj 900): remove task
04-27 09:29:10.686  1283  3048 I ActivityManager: Killing 5903:com.instagram.android:browser/u0a94 (adj 900): remove task
04-27 09:29:10.687  1283  3048 I ActivityManager: Killing 30205:com.instagram.android/u0a94 (adj 900): remove task
04-27 09:29:10.696  1283  1398 W zygote64: failed to open /acct/uid_99113/pid_30302/cgroup.procs: No such file or directory
04-27 09:29:10.697  1283  1398 W zygote64: failed to open /acct/uid_99150/pid_7740/cgroup.procs: No such file or directory
04-27 09:29:10.697  1283  1398 W zygote64: failed to open /acct/uid_99151/pid_7808/cgroup.procs: No such file or directory
04-27 09:29:10.697  1283  1398 W zygote64: failed to open /acct/uid_99152/pid_7842/cgroup.procs: No such file or directory
04-27 09:29:10.699  1283  3507 D EmbryoManager: prepare com.android.chrome user 0
04-27 09:29:10.700  1283  3507 D ActivityManager: Process com.android.chrome:webview_service has 0 services
04-27 09:29:10.705  1283  3040 D ActivityManager: Process com.android.chrome:sandboxed_process0 has 0 services
04-27 09:29:10.734  3227  3227 D FrequentAppsGrid: createFromPackage pkg status: 0, true, false
04-27 09:29:10.738  3227  3227 D FrequentAppsGrid: bindAppGridItem pkg status: com.android.chrome. isPackageValid: true, isPackageRestoring: false
04-27 09:29:10.738  3227  3227 D FrequentAppsGrid: bindAppGridItem: 0
04-27 09:29:10.745  1283  1979 D ActivityManager: Process com.android.chrome:sandboxed_process2 has 0 services
04-27 09:29:10.746 22789 22789 V Font    : Change font:2
04-27 09:29:10.747  3227  3227 D FlowIconTextView: applyState:Chrome, false, 0, 100, 0, false
04-27 09:29:10.748  3227  3227 D FlowIconTextView: applyState:Group24, false, 0, 100, 0, false
04-27 09:29:10.748  3227  3227 D FlowIconTextView: applyState:Facebook, false, 0, 100, 0, false
04-27 09:29:10.748  3227  3227 D FlowIconTextView: applyState:Gmail, false, 0, 100, 0, false
04-27 09:29:10.748  3227  3227 D FlowIconTextView: applyState:Clock, false, 0, 100, 0, false
04-27 09:29:10.748  3227  3227 D FlowIconTextView: applyState:Instagram, false, 0, 100, 0, false
04-27 09:29:10.748  3227  3227 D FlowIconTextView: applyState:Tinder, false, 0, 100, 0, false
04-27 09:29:10.748  3227  3227 D FlowIconTextView: applyState:YouTube, false, 0, 100, 0, false
04-27 09:29:10.748  3227  3227 D FlowIconTextView: applyState:WhatsApp, false, 0, 100, 0, false
04-27 09:29:10.748  3227  3227 D FlowIconTextView: applyState:9GAG, false, 0, 100, 0, false
04-27 09:29:10.762  1283  3507 W BroadcastQueue: Background execution not allowed: receiving Intent { act=org.codeaurora.action.stk.idle_screen flg=0x10 (has extras) } to com.android.stk/.StkCmdReceiver
04-27 09:29:10.765  3227  3227 D FlowIconTextView: applyState:Chrome, false, 0, 100, 0, false
04-27 09:29:10.765  3227  3227 D FlowIconTextView: applyState:Group24, false, 0, 100, 0, false
04-27 09:29:10.765  3227  3227 D FlowIconTextView: applyState:Facebook, false, 0, 100, 0, false
04-27 09:29:10.765  3227  3227 D FlowIconTextView: applyState:Gmail, false, 0, 100, 0, false
04-27 09:29:10.765  3227  3227 D FlowIconTextView: applyState:Clock, false, 0, 100, 0, false
04-27 09:29:10.765  3227  3227 D FlowIconTextView: applyState:Instagram, false, 0, 100, 0, false
04-27 09:29:10.765  3227  3227 D FlowIconTextView: applyState:Tinder, false, 0, 100, 0, false
04-27 09:29:10.765  3227  3227 D FlowIconTextView: applyState:YouTube, false, 0, 100, 0, false
04-27 09:29:10.765  3227  3227 D FlowIconTextView: applyState:WhatsApp, false, 0, 100, 0, false
04-27 09:29:10.765  3227  3227 D FlowIconTextView: applyState:9GAG, false, 0, 100, 0, false
04-27 09:29:10.784  1283  1491 W ActivityManager: setHasOverlayUi called on unknown pid: 30258
04-27 09:29:10.789  1283  3040 D ConnectivityService: ConnectivityService NetworkRequestInfo binderDied(NetworkRequest [ LISTEN id=440, [ Capabilities: INTERNET&NOT_RESTRICTED&TRUSTED&FOREGROUND] ], android.os.BinderProxy@c63f481)
04-27 09:29:10.789  1283  1326 D ConnectivityService: ConnectivityService NetworkRequestInfo binderDied(NetworkRequest [ LISTEN id=441, [ Capabilities: INTERNET&NOT_RESTRICTED&TRUSTED&FOREGROUND] ], android.os.BinderProxy@7d49926)
04-27 09:29:10.789  1283  1897 D ConnectivityService: releasing NetworkRequest [ LISTEN id=440, [ Capabilities: INTERNET&NOT_RESTRICTED&TRUSTED&FOREGROUND] ] (CALLBACK_RELEASED)
04-27 09:29:10.790  1283  1897 D ConnectivityService: sending notification RELEASED for NetworkRequest [ LISTEN id=440, [ Capabilities: INTERNET&NOT_RESTRICTED&TRUSTED&FOREGROUND] ]
04-27 09:29:10.790  1283  1897 E ConnectivityService: RemoteException caught trying to send a callback msg for NetworkRequest [ LISTEN id=440, [ Capabilities: INTERNET&NOT_RESTRICTED&TRUSTED&FOREGROUND] ]
04-27 09:29:10.790  1283  1897 D ConnectivityService: releasing NetworkRequest [ LISTEN id=441, [ Capabilities: INTERNET&NOT_RESTRICTED&TRUSTED&FOREGROUND] ] (CALLBACK_RELEASED)
04-27 09:29:10.791  1283  1897 D ConnectivityService: sending notification RELEASED for NetworkRequest [ LISTEN id=441, [ Capabilities: INTERNET&NOT_RESTRICTED&TRUSTED&FOREGROUND] ]
04-27 09:29:10.791  1283  1897 E ConnectivityService: RemoteException caught trying to send a callback msg for NetworkRequest [ LISTEN id=441, [ Capabilities: INTERNET&NOT_RESTRICTED&TRUSTED&FOREGROUND] ]
04-27 09:29:10.810  1283  1793 W InputDispatcher: channel '22ca543 com.example.bradycardia/com.example.bradycardia.MainActivity (server)' ~ Consumer closed input channel or an error occurred.  events=0x9
04-27 09:29:10.810  1283  1793 E InputDispatcher: channel '22ca543 com.example.bradycardia/com.example.bradycardia.MainActivity (server)' ~ Channel is unrecoverably broken and will be disposed!
04-27 09:29:10.812  1283  6947 D WificondControl: Scan result ready event
04-27 09:29:10.813  1283  1326 I WindowManager: WIN DEATH: Window{22ca543 u0 com.example.bradycardia/com.example.bradycardia.MainActivity}
04-27 09:29:10.813  1283  1326 W InputDispatcher: Attempted to unregister already unregistered input channel '22ca543 com.example.bradycardia/com.example.bradycardia.MainActivity (server)'
04-27 09:29:10.813  1021  2040 I LOWI-8.5.0.1: [LOWI-Scan] lowi_close_record:Scan completed in 81787871ms and Recieved 39 APs scan results
04-27 09:29:10.814  1283  3050 D EmbryoManager: prepare com.example.bradycardia user 0
04-27 09:29:10.815  1283  3050 D ActivityManager: Process com.example.bradycardia has 0 services
04-27 09:29:10.819  1283  1892 W WifiMode: , Invalid SupportedRates!!!
04-27 09:29:10.823  1283  1894 W WifiMode: , Invalid SupportedRates!!!
04-27 09:29:10.824  1283  1491 W ActivityManager: setHasOverlayUi called on unknown pid: 5927
04-27 09:29:10.825  1283  1894 D WificondScannerImpl: Filtering out 5 scan results.
04-27 09:29:10.830  1283  1892 W WifiMode: , Invalid SupportedRates!!!
04-27 09:29:10.836  1283  1396 W BroadcastQueue: Background execution not allowed: receiving Intent { act=android.net.wifi.SCAN_RESULTS flg=0x4000010 (has extras) } to com.jio.myjio/.jionet.receiver.WifiScanReceiver
04-27 09:29:10.844  1283  3050 D WifiPermissionsUtil: Denied: no location permission
04-27 09:29:10.852  1283  2205 I NotificationService: cancelToast pkg=com.oneplus.deskclock callback=android.app.ITransientNotification$Stub$Proxy@459c175
04-27 09:29:10.852  1283  2205 W NotificationService: Toast already cancelled. pkg=com.oneplus.deskclock callback=android.app.ITransientNotification$Stub$Proxy@459c175
04-27 09:29:10.862  1283  3050 D WifiPermissionsUtil: Denied: no location permission
04-27 09:29:10.872 20593 20593 E ActivityThread: Activity com.oneplus.deskclock.DeskClock has leaked IntentReceiver com.oneplus.deskclock.AnalogClock$1@62c5866 that was originally registered here. Are you missing a call to unregisterReceiver()?
04-27 09:29:10.872 20593 20593 E ActivityThread: android.app.IntentReceiverLeaked: Activity com.oneplus.deskclock.DeskClock has leaked IntentReceiver com.oneplus.deskclock.AnalogClock$1@62c5866 that was originally registered here. Are you missing a call to unregisterReceiver()?
04-27 09:29:10.872 20593 20593 E ActivityThread: 	at android.app.LoadedApk$ReceiverDispatcher.<init>(LoadedApk.java:1384)
04-27 09:29:10.872 20593 20593 E ActivityThread: 	at android.app.LoadedApk.getReceiverDispatcher(LoadedApk.java:1154)
04-27 09:29:10.872 20593 20593 E ActivityThread: 	at android.app.ContextImpl.registerReceiverInternal(ContextImpl.java:1422)
04-27 09:29:10.872 20593 20593 E ActivityThread: 	at android.app.ContextImpl.registerReceiver(ContextImpl.java:1395)
04-27 09:29:10.872 20593 20593 E ActivityThread: 	at android.content.ContextWrapper.registerReceiver(ContextWrapper.java:617)
04-27 09:29:10.872 20593 20593 E ActivityThread: 	at com.oneplus.deskclock.AnalogClock.onAttachedToWindow(AnalogClock.java:114)
04-27 09:29:10.872 20593 20593 E ActivityThread: 	at android.view.View.dispatchAttachedToWindow(View.java:17483)
04-27 09:29:10.872 20593 20593 E ActivityThread: 	at android.view.ViewGroup.dispatchAttachedToWindow(ViewGroup.java:3330)
04-27 09:29:10.872 20593 20593 E ActivityThread: 	at android.view.ViewGroup.dispatchAttachedToWindow(ViewGroup.java:3330)
04-27 09:29:10.872 20593 20593 E ActivityThread: 	at android.view.ViewGroup.dispatchAttachedToWindow(ViewGroup.java:3330)
04-27 09:29:10.872 20593 20593 E ActivityThread: 	at android.view.ViewGroup.addViewInner(ViewGroup.java:4959)
04-27 09:29:10.872 20593 20593 E ActivityThread: 	at android.view.ViewGroup.addViewInLayout(ViewGroup.java:4895)
04-27 09:29:10.872 20593 20593 E ActivityThread: 	at android.widget.ListView.setupChild(ListView.java:2134)
04-27 09:29:10.872 20593 20593 E ActivityThread: 	at android.widget.ListView.makeAndAddView(ListView.java:2055)
04-27 09:29:10.872 20593 20593 E ActivityThread: 	at android.widget.ListView.fillDown(ListView.java:786)
04-27 09:29:10.872 20593 20593 E ActivityThread: 	at android.widget.ListView.fillSpecific(ListView.java:1494)
04-27 09:29:10.872 20593 20593 E ActivityThread: 	at android.widget.ListView.layoutChildren(ListView.java:1790)
04-27 09:29:10.872 20593 20593 E ActivityThread: 	at android.widget.AbsListView.onLayout(AbsListView.java:2203)
04-27 09:29:10.872 20593 20593 E ActivityThread: 	at android.view.View.layout(View.java:19692)
04-27 09:29:10.872 20593 20593 E ActivityThread: 	at android.view.ViewGroup.layout(ViewGroup.java:6057)
04-27 09:29:10.872 20593 20593 E ActivityThread: 	at android.widget.LinearLayout.setChildFrame(LinearLayout.java:1791)
04-27 09:29:10.872 20593 20593 E ActivityThread: 	at android.widget.LinearLayout.layoutVertical(LinearLayout.java:1635)
04-27 09:29:10.872 20593 20593 E ActivityThread: 	at android.widget.LinearLayout.onLayout(LinearLayout.java:1544)
04-27 09:29:10.872 20593 20593 E ActivityThread: 	at android.view.View.layout(View.java:19692)
04-27 09:29:10.872 20593 20593 E ActivityThread: 	at android.view.ViewGroup.layout(ViewGroup.java:6057)
04-27 09:29:10.872 20593 20593 E ActivityThread: 	at android.support.v4.view.ViewPager.onLayout(ViewPager.java:1767)
04-27 09:29:10.872 20593 20593 E ActivityThread: 	at android.view.View.layout(View.java:19692)
04-27 09:29:10.872 20593 20593 E ActivityThread: 	at android.view.ViewGroup.layout(ViewGroup.java:6057)
04-27 09:29:10.872 20593 20593 E ActivityThread: 	at com.oneplus.lib.design.widget.HeaderScrollingViewBehavior.layoutChild(HeaderScrollingViewBehavior.java:133)
04-27 09:29:10.872 20593 20593 E ActivityThread: 	at com.oneplus.lib.design.widget.ViewOffsetBehavior.onLayoutChild(ViewOffsetBehavior.java:42)
04-27 09:29:10.872 20593 20593 E ActivityThread: 	at com.oneplus.lib.design.widget.AppBarLayout$ScrollingViewBehavior.onLayoutChild(Unknown Source:0)
04-27 09:29:10.872 20593 20593 E ActivityThread: 	at com.oneplus.lib.design.widget.CoordinatorLayout.onLayout(CoordinatorLayout.java:862)
04-27 09:29:10.872 20593 20593 E ActivityThread: 	at android.view.View.layout(View.java:19692)
04-27 09:29:10.872 20593 20593 E ActivityThread: 	at android.view.ViewGroup.layout(ViewGroup.java:6057)
04-27 09:29:10.872 20593 20593 E ActivityThread: 	at android.widget.FrameLayout.layoutChildren(FrameLayout.java:323)
04-27 09:29:10.872 20593 20593 E ActivityThread: 	at android.widget.FrameLayout.onLayout(FrameLayout.java:261)
04-27 09:29:10.872 20593 20593 E ActivityThread: 	at android.view.View.layout(View.java:19692)
04-27 09:29:10.872 20593 20593 E ActivityThread: 	at android.view.ViewGroup.layout(ViewGroup.java:6057)
04-27 09:29:10.872 20593 20593 E ActivityThread: 	at android.widget.LinearLayout.setChildFrame(LinearLayout.java:1791)
04-27 09:29:10.872 20593 20593 E ActivityThread: 	at android.widget.LinearLayout.layoutVertical(LinearLayout.java:1635)
04-27 09:29:10.872 20593 20593 E ActivityThread: 	at android.widget.LinearLayout.onLayout(LinearLayout.java:1544)
04-27 09:29:10.872 20593 20593 E ActivityThread: 	at android.view.View.layout(View.java:19692)
04-27 09:29:10.872 20593 20593 E ActivityThread: 	at android.view.ViewGroup.layout(ViewGroup.java:6057)
04-27 09:29:10.872 20593 20593 E ActivityThread: 	at android.widget.FrameLayout.layoutChildren(FrameLayout.java:323)
04-27 09:29:10.872 20593 20593 E ActivityThread: 	at android.widget.FrameLayout.onLayout(FrameLayout.java:261)
04-27 09:29:10.872 20593 20593 E ActivityThread: 	at com.android.internal.policy.DecorView.onLayout(DecorView.java:759)
04-27 09:29:10.872 20593 20593 E ActivityThread: 	at android.view.View.layout(View.java:19692)
04-27 09:29:10.872 20593 20593 E ActivityThread: 	at android.view.ViewGroup.layout(ViewGroup.java:6057)
04-27 09:29:10.872 20593 20593 E ActivityThread: 	at android.view.ViewRootImpl.performLayout(ViewRootImpl.java:2521)
04-27 09:29:10.872 20593 20593 E ActivityThread: 	at android.view.ViewRootImpl.performTraversals(ViewRootImpl.java:2230)
04-27 09:29:10.872 20593 20593 E ActivityThread: 	at android.view.ViewRootImpl.doTraversal(ViewRootImpl.java:1416)
04-27 09:29:10.872 20593 20593 E ActivityThread: 	at android.view.ViewRootImpl$TraversalRunnable.run(ViewRootImpl.java:6845)
04-27 09:29:10.872 20593 20593 E ActivityThread: 	at android.view.Choreographer$CallbackRecord.run(Choreographer.java:966)
04-27 09:29:10.872 20593 20593 E ActivityThread: 	at android.view.Choreographer.doCallbacks(Choreographer.java:778)
04-27 09:29:10.872 20593 20593 E ActivityThread: 	at android.view.Choreographer.doFrame(Choreographer.java:713)
04-27 09:29:10.872 20593 20593 E ActivityThread: 	at andro
04-27 09:29:10.874 20593 20593 E ActivityThread: Activity com.oneplus.deskclock.DeskClock has leaked IntentReceiver android.widget.TextClock$1@6d228c1 that was originally registered here. Are you missing a call to unregisterReceiver()?
04-27 09:29:10.874 20593 20593 E ActivityThread: android.app.IntentReceiverLeaked: Activity com.oneplus.deskclock.DeskClock has leaked IntentReceiver android.widget.TextClock$1@6d228c1 that was originally registered here. Are you missing a call to unregisterReceiver()?
04-27 09:29:10.874 20593 20593 E ActivityThread: 	at android.app.LoadedApk$ReceiverDispatcher.<init>(LoadedApk.java:1384)
04-27 09:29:10.874 20593 20593 E ActivityThread: 	at android.app.LoadedApk.getReceiverDispatcher(LoadedApk.java:1154)
04-27 09:29:10.874 20593 20593 E ActivityThread: 	at android.app.ContextImpl.registerReceiverInternal(ContextImpl.java:1422)
04-27 09:29:10.874 20593 20593 E ActivityThread: 	at android.app.ContextImpl.registerReceiverAsUser(ContextImpl.java:1409)
04-27 09:29:10.874 20593 20593 E ActivityThread: 	at android.content.ContextWrapper.registerReceiverAsUser(ContextWrapper.java:634)
04-27 09:29:10.874 20593 20593 E ActivityThread: 	at android.widget.TextClock.registerReceiver(TextClock.java:563)
04-27 09:29:10.874 20593 20593 E ActivityThread: 	at android.widget.TextClock.onAttachedToWindow(TextClock.java:513)
04-27 09:29:10.874 20593 20593 E ActivityThread: 	at android.view.View.dispatchAttachedToWindow(View.java:17483)
04-27 09:29:10.874 20593 20593 E ActivityThread: 	at android.view.ViewGroup.dispatchAttachedToWindow(ViewGroup.java:3330)
04-27 09:29:10.874 20593 20593 E ActivityThread: 	at android.view.ViewGroup.dispatchAttachedToWindow(ViewGroup.java:3330)
04-27 09:29:10.874 20593 20593 E ActivityThread: 	at android.view.ViewGroup.dispatchAttachedToWindow(ViewGroup.java:3330)
04-27 09:29:10.874 20593 20593 E ActivityThread: 	at android.view.ViewGroup.dispatchAttachedToWindow(ViewGroup.java:3330)
04-27 09:29:10.874 20593 20593 E ActivityThread: 	at android.view.ViewGroup.addViewInner(ViewGroup.java:4959)
04-27 09:29:10.874 20593 20593 E ActivityThread: 	at android.view.ViewGroup.addViewInLayout(ViewGroup.java:4895)
04-27 09:29:10.874 20593 20593 E ActivityThread: 	at android.widget.ListView.setupChild(ListView.java:2134)
04-27 09:29:10.874 20593 20593 E ActivityThread: 	at android.widget.ListView.makeAndAddView(ListView.java:2055)
04-27 09:29:10.874 20593 20593 E ActivityThread: 	at android.widget.ListView.fillDown(ListView.java:786)
04-27 09:29:10.874 20593 20593 E ActivityThread: 	at android.widget.ListView.fillSpecific(ListView.java:1494)
04-27 09:29:10.874 20593 20593 E ActivityThread: 	at android.widget.ListView.layoutChildren(ListView.java:1790)
04-27 09:29:10.874 20593 20593 E ActivityThread: 	at android.widget.AbsListView.onLayout(AbsListView.java:2203)
04-27 09:29:10.874 20593 20593 E ActivityThread: 	at android.view.View.layout(View.java:19692)
04-27 09:29:10.874 20593 20593 E ActivityThread: 	at android.view.ViewGroup.layout(ViewGroup.java:6057)
04-27 09:29:10.874 20593 20593 E ActivityThread: 	at android.widget.LinearLayout.setChildFrame(LinearLayout.java:1791)
04-27 09:29:10.874 20593 20593 E ActivityThread: 	at android.widget.LinearLayout.layoutVertical(LinearLayout.java:1635)
04-27 09:29:10.874 20593 20593 E ActivityThread: 	at android.widget.LinearLayout.onLayout(LinearLayout.java:1544)
04-27 09:29:10.874 20593 20593 E ActivityThread: 	at android.view.View.layout(View.java:19692)
04-27 09:29:10.874 20593 20593 E ActivityThread: 	at android.view.ViewGroup.layout(ViewGroup.java:6057)
04-27 09:29:10.874 20593 20593 E ActivityThread: 	at android.support.v4.view.ViewPager.onLayout(ViewPager.java:1767)
04-27 09:29:10.874 20593 20593 E ActivityThread: 	at android.view.View.layout(View.java:19692)
04-27 09:29:10.874 20593 20593 E ActivityThread: 	at android.view.ViewGroup.layout(ViewGroup.java:6057)
04-27 09:29:10.874 20593 20593 E ActivityThread: 	at com.oneplus.lib.design.widget.HeaderScrollingViewBehavior.layoutChild(HeaderScrollingViewBehavior.java:133)
04-27 09:29:10.874 20593 20593 E ActivityThread: 	at com.oneplus.lib.design.widget.ViewOffsetBehavior.onLayoutChild(ViewOffsetBehavior.java:42)
04-27 09:29:10.874 20593 20593 E ActivityThread: 	at com.oneplus.lib.design.widget.AppBarLayout$ScrollingViewBehavior.onLayoutChild(Unknown Source:0)
04-27 09:29:10.874 20593 20593 E ActivityThread: 	at com.oneplus.lib.design.widget.CoordinatorLayout.onLayout(CoordinatorLayout.java:862)
04-27 09:29:10.874 20593 20593 E ActivityThread: 	at android.view.View.layout(View.java:19692)
04-27 09:29:10.874 20593 20593 E ActivityThread: 	at android.view.ViewGroup.layout(ViewGroup.java:6057)
04-27 09:29:10.874 20593 20593 E ActivityThread: 	at android.widget.FrameLayout.layoutChildren(FrameLayout.java:323)
04-27 09:29:10.874 20593 20593 E ActivityThread: 	at android.widget.FrameLayout.onLayout(FrameLayout.java:261)
04-27 09:29:10.874 20593 20593 E ActivityThread: 	at android.view.View.layout(View.java:19692)
04-27 09:29:10.874 20593 20593 E ActivityThread: 	at android.view.ViewGroup.layout(ViewGroup.java:6057)
04-27 09:29:10.874 20593 20593 E ActivityThread: 	at android.widget.LinearLayout.setChildFrame(LinearLayout.java:1791)
04-27 09:29:10.874 20593 20593 E ActivityThread: 	at android.widget.LinearLayout.layoutVertical(LinearLayout.java:1635)
04-27 09:29:10.874 20593 20593 E ActivityThread: 	at android.widget.LinearLayout.onLayout(LinearLayout.java:1544)
04-27 09:29:10.874 20593 20593 E ActivityThread: 	at android.view.View.layout(View.java:19692)
04-27 09:29:10.874 20593 20593 E ActivityThread: 	at android.view.ViewGroup.layout(ViewGroup.java:6057)
04-27 09:29:10.874 20593 20593 E ActivityThread: 	at android.widget.FrameLayout.layoutChildren(FrameLayout.java:323)
04-27 09:29:10.874 20593 20593 E ActivityThread: 	at android.widget.FrameLayout.onLayout(FrameLayout.java:261)
04-27 09:29:10.874 20593 20593 E ActivityThread: 	at com.android.internal.policy.DecorView.onLayout(DecorView.java:759)
04-27 09:29:10.874 20593 20593 E ActivityThread: 	at android.view.View.layout(View.java:19692)
04-27 09:29:10.874 20593 20593 E ActivityThread: 	at android.view.ViewGroup.layout(ViewGroup.java:6057)
04-27 09:29:10.874 20593 20593 E ActivityThread: 	at android.view.ViewRootImpl.performLayout(ViewRootImpl.java:2521)
04-27 09:29:10.874 20593 20593 E ActivityThread: 	at android.view.ViewRootImpl.performTraversals(ViewRootImpl.java:2230)
04-27 09:29:10.874 20593 20593 E ActivityThread: 	at android.view.ViewRootImpl.doTraversal(ViewRootImpl.java:1416)
04-27 09:29:10.874 20593 20593 E ActivityThread: 	at android.view.ViewRootImpl$TraversalRunnable.run(ViewRootImpl.java:6845)
04-27 09:29:10.874 20593 20593 E ActivityThread: 	at android.view.Choreographer$CallbackRecord.run(Choreographer.java:966)
04-27 09:29:10.874 20593 20593 E ActivityThread: 	at android.view.
04-27 09:29:10.884 22789  7894 W DynamiteModule: Local module descriptor class for com.google.android.gms.googlecertificates not found.
04-27 09:29:10.894  1283  1326 D ActivityManager: Process com.android.chrome:sandboxed_process0 has 1 services
04-27 09:29:10.894  1283  1326 W ActivityManager: Scheduling restart of crashed service com.facebook.orca/org.chromium.content.app.SandboxedProcessService0 in 10699ms
04-27 09:29:10.895  1283  1398 W zygote64: failed to open /acct/uid_10040/pid_30258/cgroup.procs: No such file or directory
04-27 09:29:10.924 22789  7894 W zygote  : Skipping duplicate class check due to unrecognized classloader
04-27 09:29:10.931 22789  7894 I DynamiteModule: Considering local module com.google.android.gms.googlecertificates:0 and remote module com.google.android.gms.googlecertificates:4
04-27 09:29:10.931 22789  7894 I DynamiteModule: Selected remote version of com.google.android.gms.googlecertificates, version >= 4
04-27 09:29:10.933  1283  1326 D EmbryoManager: prepare com.facebook.katana user 0
04-27 09:29:10.933  1283  1326 D ActivityManager: Process com.facebook.katana:notification has 0 services
04-27 09:29:10.952  1283  8416 D EmbryoManager: prepare com.facebook.orca user 0
04-27 09:29:10.952  1283  8416 D ActivityManager: Process com.facebook.orca:videoplayer has 1 services
04-27 09:29:10.952  1283  8416 W ActivityManager: Scheduling restart of crashed service com.facebook.orca/com.facebook.video.heroplayer.service.HeroService in 20642ms
04-27 09:29:10.960 22789  7894 W zygote  : Skipping duplicate class check due to unrecognized classloader
04-27 09:29:10.968  1283  2205 D EmbryoManager: prepare com.whatsapp user 0
04-27 09:29:10.969  1283  2205 D ActivityManager: Process com.whatsapp has 1 services
04-27 09:29:10.969  1283  2205 W ActivityManager: Scheduling restart of crashed service com.whatsapp/.messaging.MessageService in 30625ms
04-27 09:29:10.971  1283  1491 W ActivityManager: setHasOverlayUi called on unknown pid: 31498
04-27 09:29:10.972 22789  7896 W ape     : platform method missing - proto runtime falling back to safer methods: java.lang.NoSuchMethodException: copyMemory [class java.lang.Object, long, class java.lang.Object, long, long]
04-27 09:29:10.976   558   625 E ANDR-PERF-OPTSHANDLER: perf_lock_rel: updated /sys/class/scsi_host/host0/../../../clkscale_enable with 1
04-27 09:29:10.976   558   625 E ANDR-PERF-OPTSHANDLER:  return value 2
04-27 09:29:10.984  1283  8416 D EmbryoManager: prepare com.facebook.katana user 0
04-27 09:29:10.985  1283  8416 D ActivityManager: Process com.facebook.katana:fwkstartlog has 0 services
04-27 09:29:10.995  1283  1283 W ContentService: Found dead observer, removing
04-27 09:29:11.005  1283  5019 D EmbryoManager: prepare com.instagram.android user 0
04-27 09:29:11.005  1283  5019 D ActivityManager: Process com.instagram.android:mqtt has 0 services
04-27 09:29:11.053  1283  2999 D EmbryoManager: prepare com.facebook.katana user 0
04-27 09:29:11.054  1283  2999 D ActivityManager: Process com.facebook.katana:videoplayer has 1 services
04-27 09:29:11.054  1283  2999 W ActivityManager: Scheduling restart of crashed service com.facebook.katana/com.facebook.video.heroplayer.service.HeroService in 40540ms
04-27 09:29:11.061  1283  3008 D EmbryoManager: prepare com.instagram.android user 0
04-27 09:29:11.062   577   577 E lowmemorykiller: Error writing /proc/5638/oom_score_adj; errno=22
04-27 09:29:11.064  1283  3008 W ActivityManager: Exception when unbinding service com.instagram.android/com.facebook.video.heroplayer.service.HeroService
04-27 09:29:11.064  1283  3008 W ActivityManager: android.os.DeadObjectException
04-27 09:29:11.064  1283  3008 W ActivityManager: 	at android.os.BinderProxy.transactNative(Native Method)
04-27 09:29:11.064  1283  3008 W ActivityManager: 	at android.os.BinderProxy.transact(Binder.java:787)
04-27 09:29:11.064  1283  3008 W ActivityManager: 	at android.app.IApplicationThread$Stub$Proxy.scheduleUnbindService(IApplicationThread.java:1560)
04-27 09:29:11.064  1283  3008 W ActivityManager: 	at com.android.server.am.ActiveServices.removeConnectionLocked(ActiveServices.java:2852)
04-27 09:29:11.064  1283  3008 W ActivityManager: 	at com.android.server.am.ActiveServices.killServicesLocked(ActiveServices.java:3277)
04-27 09:29:11.064  1283  3008 W ActivityManager: 	at com.android.server.am.ActivityManagerService.cleanUpApplicationRecordLocked(ActivityManagerService.java:19836)
04-27 09:29:11.064  1283  3008 W ActivityManager: 	at com.android.server.am.ActivityManagerService.handleAppDiedLocked(ActivityManagerService.java:6287)
04-27 09:29:11.064  1283  3008 W ActivityManager: 	at com.android.server.am.ActivityManagerService.appDiedLocked(ActivityManagerService.java:6531)
04-27 09:29:11.064  1283  3008 W ActivityManager: 	at com.android.server.am.ActivityManagerService$AppDeathRecipient.binderDied(ActivityManagerService.java:1896)
04-27 09:29:11.064  1283  3008 W ActivityManager: 	at android.os.BinderProxy.sendDeathNotice(Binder.java:867)
04-27 09:29:11.064   577   577 E lowmemorykiller: Error writing /proc/5638/oom_score_adj; errno=22
04-27 09:29:11.065  1283  3008 D ActivityManager: Process com.instagram.android has 0 services
04-27 09:29:11.066  1283  2999 I WindowManager: WIN DEATH: Window{8cc7056 u0 com.instagram.android/com.instagram.mainactivity.MainActivity}
04-27 09:29:11.076  1283  1491 W ActivityManager: setHasOverlayUi called on unknown pid: 30205
04-27 09:29:11.135  1283  5019 D EmbryoManager: prepare com.instagram.android user 0
04-27 09:29:11.136  1283  5019 D ActivityManager: Process com.instagram.android:browser has 0 services
04-27 09:29:11.165  1283  5019 D EmbryoManager: prepare com.instagram.android user 0
04-27 09:29:11.165  1283  5019 D ActivityManager: Process com.instagram.android:videoplayer has 0 services
04-27 09:29:11.171  1283  6949 D EmbryoManager: prepare com.facebook.katana user 0
04-27 09:29:11.171  1283  6949 D ActivityManager: Process com.facebook.katana:browser has 0 services
04-27 09:29:11.175  3227  3227 D Launcher.Workspace: buildPageHardwareLayer, page:i: 0, type: LAYER_TYPE_HARDWARE
04-27 09:29:11.184  3227  3227 D Launcher.Workspace: buildPageHardwareLayer, page:i: 1, type: LAYER_TYPE_HARDWARE
04-27 09:29:11.190  3227  3450 W OpenGLRenderer: Incorrectly called buildLayer on View: ShortcutAndWidgetContainer, destroying layer...
04-27 09:29:11.191  3227  3450 W OpenGLRenderer: Incorrectly called buildLayer on View: ShortcutAndWidgetContainer, destroying layer...
04-27 09:29:11.205  1283  6949 I WindowManager: WIN DEATH: Window{b469f04 u0 com.facebook.katana/com.facebook.katana.LoginActivity}
04-27 09:29:11.207  1283  5019 D EmbryoManager: prepare com.facebook.katana user 0
04-27 09:29:11.212  1283  5019 D ActivityManager: Process com.facebook.katana has 0 services
04-27 09:29:11.221  1283  2228 D ConnectivityService: ConnectivityService NetworkRequestInfo binderDied(NetworkRequest [ LISTEN id=542, [ Capabilities: INTERNET&NOT_RESTRICTED&TRUSTED&FOREGROUND] ], android.os.BinderProxy@c97c30d)
04-27 09:29:11.222  1283  1897 D ConnectivityService: releasing NetworkRequest [ LISTEN id=542, [ Capabilities: INTERNET&NOT_RESTRICTED&TRUSTED&FOREGROUND] ] (CALLBACK_RELEASED)
04-27 09:29:11.223  1283  1897 D ConnectivityService: sending notification RELEASED for NetworkRequest [ LISTEN id=542, [ Capabilities: INTERNET&NOT_RESTRICTED&TRUSTED&FOREGROUND] ]
04-27 09:29:11.223  1283  1897 E ConnectivityService: RemoteException caught trying to send a callback msg for NetworkRequest [ LISTEN id=542, [ Capabilities: INTERNET&NOT_RESTRICTED&TRUSTED&FOREGROUND] ]
04-27 09:29:11.227  1283  1491 W ActivityManager: setHasOverlayUi called on unknown pid: 2867
04-27 09:29:11.230  1283  2990 D EmbryoManager: prepare com.google.android.gm user 0
04-27 09:29:11.231  1283  2990 D ActivityManager: Process com.google.android.gm has 0 services
04-27 09:29:11.239  1283  1491 W ActivityManager: setHasOverlayUi called on unknown pid: 1244
04-27 09:29:11.270  1283  4769 D ConnectivityService: ConnectivityService NetworkRequestInfo binderDied(NetworkRequest [ LISTEN id=522, [ Capabilities: INTERNET&NOT_RESTRICTED&TRUSTED] ], android.os.BinderProxy@31a32c2)
04-27 09:29:11.271  1283  1897 D ConnectivityService: releasing NetworkRequest [ LISTEN id=522, [ Capabilities: INTERNET&NOT_RESTRICTED&TRUSTED] ] (CALLBACK_RELEASED)
04-27 09:29:11.271  1283  3080 D EmbryoManager: prepare com.facebook.orca user 0
04-27 09:29:11.271  1283  3507 I WindowManager: WIN DEATH: Window{c9fcc81 u0 com.facebook.orca/com.facebook.messenger.neue.MainActivity}
04-27 09:29:11.272  1283  1897 D ConnectivityService: sending notification RELEASED for NetworkRequest [ LISTEN id=522, [ Capabilities: INTERNET&NOT_RESTRICTED&TRUSTED] ]
04-27 09:29:11.272  1283  3080 D ActivityManager: Process com.facebook.orca has 0 services
04-27 09:29:11.272  1283  1897 E ConnectivityService: RemoteException caught trying to send a callback msg for NetworkRequest [ LISTEN id=522, [ Capabilities: INTERNET&NOT_RESTRICTED&TRUSTED] ]
04-27 09:29:11.284  1283  1491 W ActivityManager: setHasOverlayUi called on unknown pid: 25346
04-27 09:29:11.427  1283  1398 E zygote64: failed to kill 1 processes for processgroup 2867
04-27 09:29:11.428  1283  1398 W zygote64: failed to open /acct/uid_99137/pid_27597/cgroup.procs: No such file or directory
04-27 09:29:11.550  1283  1299 I zygote64: Background concurrent copying GC freed 254939(13MB) AllocSpace objects, 247(19MB) LOS objects, 31% free, 51MB/75MB, paused 1.122ms total 451.858ms
04-27 09:29:11.592  1283  1757 V AlarmManager: Triggering alarm #0: 1 when =1556382551593 package =com.android.chrome operation =*alarm*:com.android.chrome/com.google.ipc.invalidation.ticl.android2.AndroidInternalScheduler$AlarmReceiver flags =0x0
04-27 09:29:11.630 22789  7903 W cr_invalidation: Invalidation client error:ErrorInfo: 0, false, Client does not exist on downcall, null
04-27 09:29:11.652 22789  7903 I chatty  : uid=10040(com.android.chrome) identical 7 lines
04-27 09:29:11.655 22789  7903 W cr_invalidation: Invalidation client error:ErrorInfo: 0, false, Client does not exist on downcall, null
04-27 09:29:12.022  1044  1962 E fpc_fingerprint_hal: fpc_wait_finger_down_for_home_12_zone after irq 0
04-27 09:29:12.022  1044  1962 D fpc_tac : fpc_tac_wakeup_qualification begin
04-27 09:29:12.022  1044  1962 D fpc_tac : fpc_tac_send_cmd begin
04-27 09:29:12.031  1044  1962 D fpc_tac : fpc_tac_send_cmd end
04-27 09:29:12.031  1044  1962 D fpc_tac : fpc_tac_wakeup_qualification end
04-27 09:29:12.031  1044  1962 I fpc_fingerprint_hal: do_home status 0
04-27 09:29:12.032  1044  1962 D fpc_fingerprint_hal: do_home  HOME DOWN 
04-27 09:29:12.032  1044  1962 D fpc_fingerprint_hal: fpc_wait_finger_up
04-27 09:29:12.142  1044  1962 E fpc_fingerprint_hal: fpc_wait_finger_up FPC_LIB_FINGER_LOST
04-27 09:29:12.142  1044  1962 D fpc_fingerprint_hal: do_home  HOME UP 
04-27 09:29:12.142  1044  1962 D fpc_fingerprint_hal: fpc_wait_finger_down_for_home_12_zone enter
04-27 09:29:12.142  1044  1962 D fpc_tac : fpc_tac_12zones_wakeup_setup begin
04-27 09:29:12.142  1044  1962 D fpc_tac : fpc_tac_send_cmd begin
04-27 09:29:12.154  1044  1962 D fpc_tac : fpc_tac_send_cmd end
04-27 09:29:12.154  1044  1962 D fpc_tac : fpc_tac_12zones_wakeup_setup end
04-27 09:29:12.194  1044  1962 E fpc_fingerprint_hal: fpc_wait_finger_down_for_home_12_zone after irq 0
04-27 09:29:12.194  1044  1962 D fpc_tac : fpc_tac_wakeup_qualification begin
04-27 09:29:12.194  1044  1962 D fpc_tac : fpc_tac_send_cmd begin
04-27 09:29:12.202  1044  1962 D fpc_tac : fpc_tac_send_cmd end
04-27 09:29:12.202  1044  1962 D fpc_tac : fpc_tac_wakeup_qualification end
04-27 09:29:12.202  1044  1962 I fpc_fingerprint_hal: do_home status 0
04-27 09:29:12.203  1044  1962 D fpc_fingerprint_hal: do_home  HOME DOWN 
04-27 09:29:12.203  1044  1962 D fpc_fingerprint_hal: fpc_wait_finger_up
04-27 09:29:12.207  1283  1793 D DisplayManagerService: setWakingupReason: 
04-27 09:29:12.207  1283  1793 I PowerManagerService: Going to sleep by application request (uid 1000)...
04-27 09:29:12.208  1283  1493 I ColorBalanceService: MSG:2
04-27 09:29:12.209  1283  1493 I DisplayPowerController: useProximityForceSuspend = false
04-27 09:29:12.209  1283  1905 D ColorBalanceService: MSG_SCREEN_OFF
04-27 09:29:12.209  1283  1905 I ColorBalanceService: processScreenOn:false
04-27 09:29:12.209  1283  1905 I ColorBalanceService: setSRGBSensorEnabled:false
04-27 09:29:12.213  3227  3227 D Launcher: onPause
04-27 09:29:12.272  1283  1283 I WindowManager: Started going to sleep... (why=2)
04-27 09:29:12.282  3227  3227 D Launcher: onStop
04-27 09:29:12.282  3227  3227 D QuickPage: leaveQuickPageEditMode: true false false
04-27 09:29:12.284  1283  3080 D FingerprintService: getEnrolledFingerprints: userId = 0
04-27 09:29:12.285  1283  4769 D FingerprintService: getEnrolledFingerprints: userId = 0
04-27 09:29:12.287  1044  1962 E fpc_fingerprint_hal: fpc_wait_finger_up FPC_LIB_FINGER_LOST
04-27 09:29:12.288  1044  1962 D fpc_fingerprint_hal: do_home  HOME UP 
04-27 09:29:12.288  1044  1962 D fpc_fingerprint_hal: fpc_wait_finger_down_for_home_12_zone enter
04-27 09:29:12.288  1044  1962 D fpc_tac : fpc_tac_12zones_wakeup_setup begin
04-27 09:29:12.288  1044  1962 D fpc_tac : fpc_tac_send_cmd begin
04-27 09:29:12.289  1283  1908 D FingerprintService: startAuthentication: 0
04-27 09:29:12.289  1283  1908 D FingerprintService: current user = 0
04-27 09:29:12.289  1283  1908 D FingerprintService: hasEnrolledFingerprints: 0, 4
04-27 09:29:12.291  1044  1044 V android.hardware.biometrics.fingerprint@2.1-service: getAuthenticatorId
04-27 09:29:12.291  1044  1044 D fpc_fingerprint_hal: fpc_get_authenticator_id
04-27 09:29:12.297  1044  1962 D fpc_tac : fpc_tac_send_cmd end
04-27 09:29:12.297  1044  1962 D fpc_tac : fpc_tac_12zones_wakeup_setup end
04-27 09:29:12.297  1044  1962 E fpc_fingerprint_hal: wait_12zones_wake_up  status -4  
04-27 09:29:12.297  1044  1962 E fpc_fingerprint_hal: fpc_wait_finger_down_for_home_12_zone after irq -4
04-27 09:29:12.297  1044  1962 E fpc_fingerprint_hal: do_home  -4 canceled 00
04-27 09:29:12.297  1044  1962 D fpc_fingerprint_hal: workerFunction STATE_IDLE
04-27 09:29:12.297  1044  1044 D fpc_tac : fpc_tac_get_template_db_id begin
04-27 09:29:12.297  1044  1044 D fpc_tac : fpc_tac_send_get_uint64_cmd begin
04-27 09:29:12.303  1044  1044 D fpc_tac : fpc_tac_send_get_uint64_cmd end
04-27 09:29:12.303  1044  1044 D fpc_tac : fpc_tac_get_template_db_id end
04-27 09:29:12.303  1044  1044 D fpc_fingerprint_hal: fpc_get_authenticator_id id 15558958928411039620, aut 0,screen state 1
04-27 09:29:12.303  1044  1962 D fpc_fingerprint_hal: workerFunction STATE_NONE (HOME)
04-27 09:29:12.303  1044  1962 I fpc_fingerprint_hal: do_home  Enter 
04-27 09:29:12.303  1044  1962 D fpc_tac : fpc_tac_set_zonenum begin
04-27 09:29:12.303  1044  1962 D fpc_tac : fpc_tac_send_cmd64 begin
04-27 09:29:12.304  1283  1908 V FingerprintService: startAuthentication(com.android.systemui), 0, 0, 0, 0, true
04-27 09:29:12.304  1283  1908 V FingerprintService: starting client AuthenticationClient(com.android.systemui), initiatedByClient = true)
04-27 09:29:12.304  1283  1908 D FingerprintService: updateStatus , 3
04-27 09:29:12.305  1044  1044 V android.hardware.biometrics.fingerprint@2.1-service: updateStatus(3)
04-27 09:29:12.305  1044  1044 D fpc_fingerprint_hal: fpc_update_status status : 3
04-27 09:29:12.306  1044  1044 D fpc_fingerprint_hal: fpc_update_status dev->status : 4
04-27 09:29:12.306  1044  1044 V android.hardware.biometrics.fingerprint@2.1-service: authenticate(operationId=0, gid=0)
04-27 09:29:12.306  1044  1044 D fpc_fingerprint_hal: fpc_authenticate operation_id 0
04-27 09:29:12.308  1044  1962 D fpc_tac : fpc_tac_send_cmd64 end
04-27 09:29:12.308  1044  1962 D fpc_tac : fpc_tac_set_zonenum end
04-27 09:29:12.308  1044  1962 D fpc_fingerprint_hal: fpc_wait_finger_up
04-27 09:29:12.308  1044  1962 D fpc_fingerprint_hal: fpc_wait_finger_up interrupted
04-27 09:29:12.308  1044  1962 E fpc_fingerprint_hal: do_home fpc_wait_finger_up before do HOME ,status -4 
04-27 09:29:12.308  1044  1962 D fpc_fingerprint_hal: workerFunction STATE_IDLE
04-27 09:29:12.309  1283  1908 W FingerprintService: client com.android.systemui is authenticating...
04-27 09:29:12.309  1044  1962 D fpc_fingerprint_hal: workerFunction STATE_AUTHENTICATE
04-27 09:29:12.309  1044  1962 E fpc_fingerprint_hal: do_identify
04-27 09:29:12.309  1044  1962 D fpc_tac : fpc_tac_set_zonenum begin
04-27 09:29:12.309  1044  1962 D fpc_tac : fpc_tac_send_cmd64 begin
04-27 09:29:12.314  1044  1962 D fpc_tac : fpc_tac_send_cmd64 end
04-27 09:29:12.314  1044  1962 D fpc_tac : fpc_tac_set_zonenum end
04-27 09:29:12.314  1044  1962 D fpc_tac : fpc_tac_get_template_count begin
04-27 09:29:12.318  1044  1962 D fpc_tac : fpc_tac_get_template_count end
04-27 09:29:12.318  1044  1962 D fpc_fingerprint_hal: do_identify  home_prop:
04-27 09:29:12.318  1044  1962 D fpc_tac : fpc_tac_send_get_indices_cmd begin
04-27 09:29:12.323  1044  1962 D fpc_tac : Number of indices in the database: 4
04-27 09:29:12.323  1044  1962 D fpc_tac : fpc_tac_send_get_indices_cmd end
04-27 09:29:12.323  1044  1962 D fpc_tac : fpc_tac_get_indices end
04-27 09:29:12.323  1044  1962 D fpc_tac : fpc_tac_set_hw_auth_challenge begin
04-27 09:29:12.323  1044  1962 D fpc_tac : fpc_tac_send_set_uint64_cmd begin
04-27 09:29:12.328  1044  1962 D fpc_tac : fpc_tac_send_set_uint64_cmd end
04-27 09:29:12.328  1044  1962 D fpc_tac : fpc_tac_set_hw_auth_challenge end
04-27 09:29:12.328  1044  1962 D fpc_tac : fpc_tac_begin_identify begin
04-27 09:29:12.328  1044  1962 D fpc_tac : fpc_tac_send_begin_identify_cmd begin
04-27 09:29:12.342  1044  1962 D fpc_tac : fpc_tac_send_begin_identify_cmd end
04-27 09:29:12.342  1044  1962 D fpc_tac : fpc_tac_begin_identify end
04-27 09:29:12.342  1044  1962 E fpc_fingerprint_hal: do_identify status 0
04-27 09:29:12.342  1044  1962 E fpc_fingerprint_hal: fpc_capture_image
04-27 09:29:12.342  1044  1962 D fpc_fingerprint_hal: fpc_wait_finger_up
04-27 09:29:12.394  1283  4769 I ActivityManager: Killing 5597:com.oyo.consumer/u0a207 (adj 906): empty #17
04-27 09:29:12.394  1283  1757 V AlarmManager: Triggering alarm #0: 2 when =81813748 package =android operation = null listenTag =*job.delay* flags =0x0
04-27 09:29:12.446  1283  5019 D EmbryoManager: prepare com.oyo.consumer user 0
04-27 09:29:12.447  1283  5019 D ActivityManager: Process com.oyo.consumer has 0 services
04-27 09:29:12.456  1044  1962 E fpc_fingerprint_hal: fpc_wait_finger_up FPC_LIB_FINGER_LOST
04-27 09:29:12.456  1044  1962 D fpc_tac : fpc_tac_wakeup_setup begin
04-27 09:29:12.456  1044  1962 D fpc_tac : fpc_tac_send_cmd begin
04-27 09:29:12.467  1044  1962 D fpc_tac : fpc_tac_send_cmd end
04-27 09:29:12.467  1044  1962 D fpc_tac : fpc_tac_wakeup_setup end
04-27 09:29:12.480  1283  1493 I DisplayPowerController: useProximityForceSuspend = false
04-27 09:29:12.481  1283  1493 I DisplayPowerController: Blocking screen off
04-27 09:29:12.494  1283  1493 I DisplayPowerController: Unblocked screen off after 13 ms
04-27 09:29:12.495  1283  1493 I DisplayPowerController: useProximityForceSuspend = false
04-27 09:29:12.495  1283  1493 I WindowManager: Screen turned off...
04-27 09:29:12.495  1283  1493 V KeyguardServiceDelegate: onScreenTurnedOff()
04-27 09:29:12.495  1983  2448 I chatty  : uid=10026(com.android.systemui) Binder:1983_7 expire 6 lines
04-27 09:29:12.496   552  1692 E qti_sensors_hal: sendEnableReq:sensor(com.oneplus.sensor.pocket) Sending enable to svc no:31
04-27 09:29:12.501  1283  1493 D RestartProcessManager: No need to write old record
04-27 09:29:12.501  1283  1493 D RestartProcessManager: Screen off is true
04-27 09:29:12.502   558   558 E ANDR-PERF-MPCTL: hint lookup failed
04-27 09:29:12.502   551   551 E QCOM PowerHAL: Failed to acquire lock.
04-27 09:29:12.503  1283  1493 I DisplayPowerController: useProximityForceSuspend = false
04-27 09:29:12.503  1283  1493 D RestartProcessManager: No need to write old record
