04-27 09:30:02.786  2936  2936 V MediaRouter: Dispatching route change: UserRouteInfo{ name=null, description=null, status=null, category=RouteCategory{ name=Devices types=ROUTE_TYPE_USER  groupable=false }, supportedTypes=ROUTE_TYPE_USER , presentationDisplay=null }
04-27 09:30:02.786  2936  2936 V MediaRouter: Dispatching route change: UserRouteInfo{ name=My bedroom Speaker, description=null, status=null, category=RouteCategory{ name=Devices types=ROUTE_TYPE_USER  groupable=false }, supportedTypes=ROUTE_TYPE_USER , presentationDisplay=null }
04-27 09:30:02.786  2936  2936 V MediaRouter: Dispatching route change: UserRouteInfo{ name=My bedroom Speaker, description=Google Home Mini, status=null, category=RouteCategory{ name=Devices types=ROUTE_TYPE_USER  groupable=false }, supportedTypes=ROUTE_TYPE_USER , presentationDisplay=null }
04-27 09:30:02.786  2936  2936 V MediaRouter: Adding route: UserRouteInfo{ name=My bedroom Speaker, description=Google Home Mini, status=null, category=RouteCategory{ name=Devices types=ROUTE_TYPE_USER  groupable=false }, supportedTypes=ROUTE_TYPE_USER , presentationDisplay=null }
04-27 09:30:02.787  2936  2936 W DiscoveryManager: BroadcastReceiver is already registered
04-27 09:30:02.787  2936  3814 I DiscoveryManager: Filter criteria(C1EB68AE,%urn:x-cast:com.google.cast.media) scannerFlags(2)
04-27 09:30:02.817  2936  3814 E DeviceScanner: [BLE] Failed to start scan because the Bluetooth is disabled.
04-27 09:30:02.830  2936  2936 V MediaRouter: Dispatching route change: UserRouteInfo{ name=My bedroom Speaker, description=Google Home Mini, status=null, category=RouteCategory{ name=Devices types=ROUTE_TYPE_USER  groupable=false }, supportedTypes=ROUTE_TYPE_USER , presentationDisplay=null }
04-27 09:30:02.830  2936  2936 I chatty  : uid=10010(com.google.android.gms) identical 2 lines
04-27 09:30:02.830  2936  2936 V MediaRouter: Dispatching route change: UserRouteInfo{ name=My bedroom Speaker, description=Google Home Mini, status=null, category=RouteCategory{ name=Devices types=ROUTE_TYPE_USER  groupable=false }, supportedTypes=ROUTE_TYPE_USER , presentationDisplay=null }
04-27 09:30:02.833  7505  7505 V MediaRouter: Dispatching route change: UserRouteInfo{ name=My bedroom Speaker, description=Google Home Mini, status=null, category=RouteCategory{ name=Devices types=ROUTE_TYPE_USER  groupable=false }, supportedTypes=ROUTE_TYPE_USER , presentationDisplay=null }
04-27 09:30:02.833  7505  7505 I chatty  : uid=10128(com.gaana) identical 2 lines
04-27 09:30:02.834  7505  7505 V MediaRouter: Dispatching route change: UserRouteInfo{ name=My bedroom Speaker, description=Google Home Mini, status=null, category=RouteCategory{ name=Devices types=ROUTE_TYPE_USER  groupable=false }, supportedTypes=ROUTE_TYPE_USER , presentationDisplay=null }
04-27 09:30:02.844  2936  3814 E DeviceScanner: [BLE] Failed to start scan because the Bluetooth is disabled.
04-27 09:30:02.853  2936  6699 I qtaguid : Untagging socket 164 failed errno=-22
04-27 09:30:02.853  2936  6699 W NetworkManagementSocketTagger: untagSocket(164) failed with errno -22
04-27 09:30:02.853  2936  6699 I qtaguid : Untagging socket 164 failed errno=-22
04-27 09:30:02.853  2936  6699 W NetworkManagementSocketTagger: untagSocket(164) failed with errno -22
04-27 09:30:02.854  2936  6699 I qtaguid : Untagging socket 164 failed errno=-22
04-27 09:30:02.854  2936  6699 W NetworkManagementSocketTagger: untagSocket(164) failed with errno -22
04-27 09:30:02.854  2936  6699 I qtaguid : Untagging socket 164 failed errno=-22
04-27 09:30:02.854  2936  6699 W NetworkManagementSocketTagger: untagSocket(164) failed with errno -22
04-27 09:30:02.854  2936  6699 I qtaguid : Untagging socket 164 failed errno=-22
04-27 09:30:02.854  2936  6699 W NetworkManagementSocketTagger: untagSocket(164) failed with errno -22
04-27 09:30:02.854  2936  6699 I qtaguid : Untagging socket 164 failed errno=-22
04-27 09:30:02.855  2936  6699 W NetworkManagementSocketTagger: untagSocket(164) failed with errno -22
04-27 09:30:02.855  2936  6699 I qtaguid : Untagging socket 164 failed errno=-22
04-27 09:30:02.855  2936  6699 W NetworkManagementSocketTagger: untagSocket(164) failed with errno -22
04-27 09:30:02.855  2936  6699 I qtaguid : Untagging socket 164 failed errno=-22
04-27 09:30:02.855  2936  6699 W NetworkManagementSocketTagger: untagSocket(164) failed with errno -22
04-27 09:30:02.855  2936  6699 I qtaguid : Untagging socket 164 failed errno=-22
04-27 09:30:02.855  2936  6699 W NetworkManagementSocketTagger: untagSocket(164) failed with errno -22
04-27 09:30:02.856  2936  6699 I qtaguid : Untagging socket 164 failed errno=-22
04-27 09:30:02.856  2936  6699 W NetworkManagementSocketTagger: untagSocket(164) failed with errno -22
04-27 09:30:02.856  2936  6699 I qtaguid : Untagging socket 164 failed errno=-22
04-27 09:30:02.856  2936  6699 W NetworkManagementSocketTagger: untagSocket(164) failed with errno -22
04-27 09:30:02.856  2936  6699 I qtaguid : Untagging socket 164 failed errno=-22
04-27 09:30:02.856  2936  6699 W NetworkManagementSocketTagger: untagSocket(164) failed with errno -22
04-27 09:30:02.857  2936  6699 I qtaguid : Untagging socket 164 failed errno=-22
04-27 09:30:02.857  2936  6699 W NetworkManagementSocketTagger: untagSocket(164) failed with errno -22
04-27 09:30:02.857  2936  6699 I qtaguid : Untagging socket 164 failed errno=-22
04-27 09:30:02.857  2936  6699 W NetworkManagementSocketTagger: untagSocket(164) failed with errno -22
04-27 09:30:02.857  2936  6699 I qtaguid : Untagging socket 164 failed errno=-22
04-27 09:30:02.857  2936  6699 W NetworkManagementSocketTagger: untagSocket(164) failed with errno -22
04-27 09:30:02.857  2936  6699 I qtaguid : Untagging socket 164 failed errno=-22
04-27 09:30:02.857  2936  6699 W NetworkManagementSocketTagger: untagSocket(164) failed with errno -22
04-27 09:30:02.858  2936  6699 I qtaguid : Untagging socket 164 failed errno=-22
04-27 09:30:02.858  2936  6699 W NetworkManagementSocketTagger: untagSocket(164) failed with errno -22
04-27 09:30:02.858  2936  6699 I qtaguid : Untagging socket 164 failed errno=-22
04-27 09:30:02.858  2936  6699 W NetworkManagementSocketTagger: untagSocket(164) failed with errno -22
04-27 09:30:02.859  2936  6699 I qtaguid : Untagging socket 164 failed errno=-22
04-27 09:30:02.859  2936  6699 W NetworkManagementSocketTagger: untagSocket(164) failed with errno -22
04-27 09:30:02.860  2936  6699 I qtaguid : Untagging socket 164 failed errno=-22
04-27 09:30:02.860  2936  6699 W NetworkManagementSocketTagger: untagSocket(164) failed with errno -22
04-27 09:30:02.860  2936  6699 I qtaguid : Untagging socket 164 failed errno=-22
04-27 09:30:02.861  2936  6699 W NetworkManagementSocketTagger: untagSocket(164) failed with errno -22
04-27 09:30:02.861  2936  6699 I qtaguid : Untagging socket 164 failed errno=-22
04-27 09:30:02.861  2936  6699 W NetworkManagementSocketTagger: untagSocket(164) failed with errno -22
04-27 09:30:02.861  2936  6699 I qtaguid : Untagging socket 164 failed errno=-22
04-27 09:30:02.862  2936  6699 W NetworkManagementSocketTagger: untagSocket(164) failed with errno -22
04-27 09:30:02.862  2936  6699 I qtaguid : Untagging socket 164 failed errno=-22
04-27 09:30:02.862  2936  6699 W NetworkManagementSocketTagger: untagSocket(164) failed with errno -22
04-27 09:30:02.862  2936  6699 I qtaguid : Untagging socket 164 failed errno=-22
04-27 09:30:02.862  2936  6699 W NetworkManagementSocketTagger: untagSocket(164) failed with errno -22
04-27 09:30:02.862  2936  6699 I qtaguid : Untagging socket 164 failed errno=-22
04-27 09:30:02.862  2936  6699 W NetworkManagementSocketTagger: untagSocket(164) failed with errno -22
04-27 09:30:02.863  2936  6699 I qtaguid : Untagging socket 164 failed errno=-22
04-27 09:30:02.863  2936  6699 W NetworkManagementSocketTagger: untagSocket(164) failed with errno -22
04-27 09:30:02.863  2936  6699 I qtaguid : Untagging socket 164 failed errno=-22
04-27 09:30:02.863  2936  6699 W NetworkManagementSocketTagger: untagSocket(164) failed with errno -22
04-27 09:30:02.863  2936  6699 I qtaguid : Untagging socket 164 failed errno=-22
04-27 09:30:02.863  2936  6699 W NetworkManagementSocketTagger: untagSocket(164) failed with errno -22
04-27 09:30:02.863  2936  6699 I qtaguid : Untagging socket 164 failed errno=-22
04-27 09:30:02.863  2936  6699 W NetworkManagementSocketTagger: untagSocket(164) failed with errno -22
04-27 09:30:02.864  2936  6699 I qtaguid : Untagging socket 164 failed errno=-22
04-27 09:30:02.864  2936  6699 W NetworkManagementSocketTagger: untagSocket(164) failed with errno -22
04-27 09:30:02.864  2936  6699 I qtaguid : Untagging socket 164 failed errno=-22
04-27 09:30:02.864  2936  6699 W NetworkManagementSocketTagger: untagSocket(164) failed with errno -22
04-27 09:30:02.864  2936  6699 I qtaguid : Untagging socket 164 failed errno=-22
04-27 09:30:02.864  2936  6699 W NetworkManagementSocketTagger: untagSocket(164) failed with errno -22
04-27 09:30:02.865  2936  6699 I qtaguid : Untagging socket 164 failed errno=-22
04-27 09:30:02.865  2936  6699 W NetworkManagementSocketTagger: untagSocket(164) failed with errno -22
04-27 09:30:02.865  2936  6699 I qtaguid : Untagging socket 164 failed errno=-22
04-27 09:30:02.865  2936  6699 W NetworkManagementSocketTagger: untagSocket(164) failed with errno -22
04-27 09:30:02.865  2936  6699 I qtaguid : Untagging socket 164 failed errno=-22
04-27 09:30:02.865  2936  6699 W NetworkManagementSocketTagger: untagSocket(164) failed with errno -22
04-27 09:30:02.865  2936  6699 I qtaguid : Untagging socket 164 failed errno=-22
04-27 09:30:02.865  2936  6699 W NetworkManagementSocketTagger: untagSocket(164) failed with errno -22
04-27 09:30:02.866  2936  6699 I qtaguid : Untagging socket 164 failed errno=-22
04-27 09:30:02.866  2936  6699 W NetworkManagementSocketTagger: untagSocket(164) failed with errno -22
04-27 09:30:02.866  2936  6699 I qtaguid : Untagging socket 164 failed errno=-22
04-27 09:30:02.866  2936  6699 W NetworkManagementSocketTagger: untagSocket(164) failed with errno -22
04-27 09:30:02.866  2936  6699 I qtaguid : Untagging socket 164 failed errno=-22
04-27 09:30:02.866  2936  6699 W NetworkManagementSocketTagger: untagSocket(164) failed with errno -22
04-27 09:30:02.866  2936  6699 I qtaguid : Untagging socket 164 failed errno=-22
04-27 09:30:02.866  2936  6699 W NetworkManagementSocketTagger: untagSocket(164) failed with errno -22
04-27 09:30:02.867  2936  6699 I qtaguid : Untagging socket 164 failed errno=-22
04-27 09:30:02.867  2936  6699 W NetworkManagementSocketTagger: untagSocket(164) failed with errno -22
04-27 09:30:02.867  2936  6699 I qtaguid : Untagging socket 164 failed errno=-22
04-27 09:30:02.867  2936  6699 W NetworkManagementSocketTagger: untagSocket(164) failed with errno -22
04-27 09:30:02.867  2936  6699 I qtaguid : Untagging socket 164 failed errno=-22
04-27 09:30:02.867  2936  6699 W NetworkManagementSocketTagger: untagSocket(164) failed with errno -22
04-27 09:30:02.867  2936  6699 I qtaguid : Untagging socket 164 failed errno=-22
04-27 09:30:02.867  2936  6699 W NetworkManagementSocketTagger: untagSocket(164) failed with errno -22
04-27 09:30:02.868  2936  6699 I qtaguid : Untagging socket 164 failed errno=-22
04-27 09:30:02.868  2936  6699 W NetworkManagementSocketTagger: untagSocket(164) failed with errno -22
04-27 09:30:02.868  2936  6699 I qtaguid : Untagging socket 164 failed errno=-22
04-27 09:30:02.868  2936  6699 W NetworkManagementSocketTagger: untagSocket(164) failed with errno -22
04-27 09:30:02.869  2936  6699 I qtaguid : Untagging socket 164 failed errno=-22
04-27 09:30:02.869  2936  6699 W NetworkManagementSocketTagger: untagSocket(164) failed with errno -22
04-27 09:30:02.870  2936  6699 I qtaguid : Untagging socket 164 failed errno=-22
04-27 09:30:02.870  2936  6699 W NetworkManagementSocketTagger: untagSocket(164) failed with errno -22
04-27 09:30:02.870  2936  6699 I qtaguid : Untagging socket 164 failed errno=-22
04-27 09:30:02.870  2936  6699 W NetworkManagementSocketTagger: untagSocket(164) failed with errno -22
04-27 09:30:02.871  2936  6699 I qtaguid : Untagging socket 164 failed errno=-22
04-27 09:30:02.871  2936  6699 W NetworkManagementSocketTagger: untagSocket(164) failed with errno -22
04-27 09:30:02.871  2936  6699 I qtaguid : Untagging socket 164 failed errno=-22
04-27 09:30:02.871  2936  6699 W NetworkManagementSocketTagger: untagSocket(164) failed with errno -22
04-27 09:30:02.871  2936  6699 I qtaguid : Untagging socket 164 failed errno=-22
04-27 09:30:02.871  2936  6699 W NetworkManagementSocketTagger: untagSocket(164) failed with errno -22
04-27 09:30:02.871  2936  6699 I qtaguid : Untagging socket 164 failed errno=-22
04-27 09:30:02.871  2936  6699 W NetworkManagementSocketTagger: untagSocket(164) failed with errno -22
04-27 09:30:02.872  2936  6699 I qtaguid : Untagging socket 164 failed errno=-22
04-27 09:30:02.872  2936  6699 W NetworkManagementSocketTagger: untagSocket(164) failed with errno -22
04-27 09:30:02.872  2936  6699 I qtaguid : Untagging socket 164 failed errno=-22
04-27 09:30:02.872  2936  6699 W NetworkManagementSocketTagger: untagSocket(164) failed with errno -22
04-27 09:30:02.872  2936  6699 I qtaguid : Untagging socket 164 failed errno=-22
04-27 09:30:02.872  2936  6699 W NetworkManagementSocketTagger: untagSocket(164) failed with errno -22
04-27 09:30:02.872  2936  6699 I qtaguid : Untagging socket 164 failed errno=-22
04-27 09:30:02.872  2936  6699 W NetworkManagementSocketTagger: untagSocket(164) failed with errno -22
04-27 09:30:02.873  2936  6699 I qtaguid : Untagging socket 164 failed errno=-22
04-27 09:30:02.873  2936  6699 W NetworkManagementSocketTagger: untagSocket(164) failed with errno -22
04-27 09:30:02.873  2936  6699 I qtaguid : Untagging socket 164 failed errno=-22
04-27 09:30:02.873  2936  6699 W NetworkManagementSocketTagger: untagSocket(164) failed with errno -22
04-27 09:30:02.873  2936  6699 I qtaguid : Untagging socket 164 failed errno=-22
04-27 09:30:02.873  2936  6699 W NetworkManagementSocketTagger: untagSocket(164) failed with errno -22
04-27 09:30:02.873  2936  6699 I qtaguid : Untagging socket 164 failed errno=-22
04-27 09:30:02.873  2936  6699 W NetworkManagementSocketTagger: untagSocket(164) failed with errno -22
04-27 09:30:02.874  2936  6699 I qtaguid : Untagging socket 164 failed errno=-22
04-27 09:30:02.874  2936  6699 W NetworkManagementSocketTagger: untagSocket(164) failed with errno -22
04-27 09:30:02.874  2936  6699 I qtaguid : Untagging socket 164 failed errno=-22
04-27 09:30:02.874  2936  6699 W NetworkManagementSocketTagger: untagSocket(164) failed with errno -22
04-27 09:30:02.874  2936  6699 I qtaguid : Untagging socket 164 failed errno=-22
04-27 09:30:02.874  2936  6699 W NetworkManagementSocketTagger: untagSocket(164) failed with errno -22
04-27 09:30:02.874  2936  6699 I qtaguid : Untagging socket 164 failed errno=-22
04-27 09:30:02.874  2936  6699 W NetworkManagementSocketTagger: untagSocket(164) failed with errno -22
04-27 09:30:02.875  2936  6699 I qtaguid : Untagging socket 164 failed errno=-22
04-27 09:30:02.875  2936  6699 W NetworkManagementSocketTagger: untagSocket(164) failed with errno -22
04-27 09:30:02.875  2936  6699 I qtaguid : Untagging socket 164 failed errno=-22
04-27 09:30:02.875  2936  6699 W NetworkManagementSocketTagger: untagSocket(164) failed with errno -22
04-27 09:30:02.875  2936  6699 I qtaguid : Untagging socket 164 failed errno=-22
04-27 09:30:02.875  2936  6699 W NetworkManagementSocketTagger: untagSocket(164) failed with errno -22
04-27 09:30:02.875  2936  6699 I qtaguid : Untagging socket 164 failed errno=-22
04-27 09:30:02.876  2936  6699 W NetworkManagementSocketTagger: untagSocket(164) failed with errno -22
04-27 09:30:02.876  2936  6699 I qtaguid : Untagging socket 164 failed errno=-22
04-27 09:30:02.876  2936  6699 W NetworkManagementSocketTagger: untagSocket(164) failed with errno -22
04-27 09:30:02.876  2936  6699 I qtaguid : Untagging socket 164 failed errno=-22
04-27 09:30:02.876  2936  6699 W NetworkManagementSocketTagger: untagSocket(164) failed with errno -22
04-27 09:30:02.876  2936  6699 I qtaguid : Untagging socket 164 failed errno=-22
04-27 09:30:02.876  2936  6699 W NetworkManagementSocketTagger: untagSocket(164) failed with errno -22
04-27 09:30:02.876  2936  6699 I qtaguid : Untagging socket 164 failed errno=-22
04-27 09:30:02.877  2936  6699 W NetworkManagementSocketTagger: untagSocket(164) failed with errno -22
04-27 09:30:02.880  2048  2048 E wpa_supplicant: wpa_driver_nl80211_driver_cmd: failed to issue private commands
04-27 09:30:02.880  1283  1892 E SupplicantStaIfaceHal: ISupplicantStaIface.addRxFilter failed: FAILURE_UNKNOWN, 
04-27 09:30:02.936  2936  3814 I DeviceScanner: [MDNS] Received response from "My bedroom Speaker" (90178eca342a8a326fed29f17be20fd5) with result "1 New device"
04-27 09:30:03.733  1044  1962 D fpc_tac : fpc_tac_wakeup_qualification begin
04-27 09:30:03.734  1044  1962 D fpc_tac : fpc_tac_send_cmd begin
04-27 09:30:03.747  1044  1962 D fpc_tac : fpc_tac_send_cmd end
04-27 09:30:03.747  1044  1962 D fpc_tac : fpc_tac_wakeup_qualification end
04-27 09:30:03.747  1044  1962 D android.hardware.biometrics.fingerprint@2.1-service: onAcquired(1000)
04-27 09:30:03.747  1044  1962 D android.hardware.biometrics.fingerprint@2.1-service: FingerprintMsgThread queue
04-27 09:30:03.747  1044  1962 D fpc_tac : fpc_tac_capture_image begin
04-27 09:30:03.747  1044  1060 D android.hardware.biometrics.fingerprint@2.1-service: onAcquired(1000)
04-27 09:30:03.747  1044  1962 D fpc_tac : fpc_tac_send_cmd begin
04-27 09:30:03.749  1044  1060 D android.hardware.biometrics.fingerprint@2.1-service: fingerprintmsg loop
04-27 09:30:03.750  1283 15537 D FingerprintService: onAcquired, 1000, lockout:false
04-27 09:30:03.753  1283  3507 D KeyguardStateMonitor: onFingerprintStateChange , true, false
04-27 09:30:03.753  1983  1983 W FingerprintManager: Invalid acquired message: 1000, 0
04-27 09:30:03.871  1044  1962 D fpc_tac : fpc_tac_send_cmd end
04-27 09:30:03.871  1044  1962 D fpc_tac : fpc_tac_capture_image end
04-27 09:30:03.871  1044  1962 E fpc_fingerprint_hal: fpc_tac_capture_image took: 123952
04-27 09:30:03.871  1044  1962 E fpc_fingerprint_hal: fpc_capture_image status 0
04-27 09:30:03.871  1044  1962 D fpc_tac : fpc_tac_getimagequality begin
04-27 09:30:03.877  1044  1962 D fpc_tac : fpc_tac_getimagequality end
04-27 09:30:03.877  1044  1962 E fpc_fingerprint_hal: fpc_capture_image image_quality = 74
04-27 09:30:03.877  1044  1962 D fpc_fingerprint_hal: fpc_handle_image_subscription
04-27 09:30:03.878  1044  1962 D android.hardware.biometrics.fingerprint@2.1-service: onAcquired(0)
04-27 09:30:03.878  1044  1962 D fpc_tac : fpc_tac_identify begin
04-27 09:30:03.878  1044  1962 D fpc_tac : fpc_tac_send_identify_cmd begin
04-27 09:30:03.879  1283 15537 D FingerprintService: onAcquired, 0, lockout:false
04-27 09:30:03.996  1044  1962 D fpc_tac : fpc_tac_send_identify_cmd end
04-27 09:30:03.996  1044  1962 D fpc_tac : fpc_tac_identify end
04-27 09:30:03.996  1044  1962 D fpc_fingerprint_hal: do_identify fpc_tac_identify result 2 886 0 188411
04-27 09:30:03.996  1044  1962 D fpc_tac : fpc_tac_get_template_id_from_index begin
04-27 09:30:03.996  1044  1962 D fpc_tac : fpc_tac_send_get_template_id_from_index_cmd begin
04-27 09:30:04.003  1044  1962 D fpc_tac : fpc_tac_send_get_template_id_from_index_cmd end
04-27 09:30:04.003  1044  1962 D fpc_tac : fpc_tac_get_template_id_from_index end
04-27 09:30:04.003  1044  1962 D fpc_tac : fpc_tac_get_hw_auth_token begin
04-27 09:30:04.003  1044  1962 D fpc_tac : fpc_tac_send_get_arbitrary_data_cmd begin
04-27 09:30:04.013  1044  1962 D fpc_tac : fpc_tac_send_get_arbitrary_data_cmd end
04-27 09:30:04.013  1044  1962 D fpc_tac : fpc_tac_get_hw_auth_token end
04-27 09:30:04.013  1044  1962 D fpc_fingerprint_hal: authenticated
04-27 09:30:04.013  1044  1962 D fpc_fingerprint_hal: hat->challenge 0
04-27 09:30:04.013  1044  1962 D fpc_fingerprint_hal: hat->authenticator_id 15558958928411039620
04-27 09:30:04.013  1044  1962 D fpc_fingerprint_hal: hat->authenticator_type 33554432
04-27 09:30:04.013  1044  1962 D fpc_fingerprint_hal: hat->timestamp 13418159547093090304
04-27 09:30:04.013  1044  1962 D fpc_fingerprint_hal: hat->user_id 15337571520351705960
04-27 09:30:04.013  1044  1962 D fpc_fingerprint_hal: hat->version 0
04-27 09:30:04.013  1044  1962 D android.hardware.biometrics.fingerprint@2.1-service: onAuthenticated(fid=-2038438118, gid=0)
04-27 09:30:04.013  1044  1962 D fpc_tac : fpc_tac_end_identify begin
04-27 09:30:04.013  1044  1962 D fpc_tac : fpc_tac_send_cmd begin
04-27 09:30:04.014  1283  1908 D FingerprintService: handleAuthenticated: 0
04-27 09:30:04.020  1283  1908 V FingerprintService: onAuthenticated(owner=com.android.systemui, id=-2038438118, gp=0)
04-27 09:30:04.023  1283  1908 V FingerprintService: Done with client: com.android.systemui
04-27 09:30:04.023  1044  1962 D fpc_tac : fpc_tac_send_cmd end
04-27 09:30:04.023  1044  1962 D fpc_tac : fpc_tac_end_identify end
04-27 09:30:04.023  1044  1962 D fpc_tac : fpc_tac_store_template_db
04-27 09:30:04.023  1044  1962 D fpc_tac : fpc_tac_store_template_db storing db at /data/system/users/0/fpdata/user.db.bak
04-27 09:30:04.023  1044  1962 D fpc_tac : send_data_msg begin
04-27 09:30:04.041  1283  3038 D KeyguardStateMonitor: onFingerprintStateChange , false, true
04-27 09:30:04.041  1283  1397 D WindowManager: MSG_KEYGUARD_FP_STATE_CHANGE, false
04-27 09:30:04.041  1283  1397 D WindowManager: finishScreenTurningOn: mAwake=true, mScreenOnEarly=true, mScreenOnFully=true, mKeyguardDrawComplete=true, mWindowManagerDrawComplete=true, mKeyguardDelegate.isShowing()= true, mKeyguardDelegate.isFingerprintAuthenticating()= false
04-27 09:30:04.042  1983  2047 I chatty  : uid=10026(com.android.systemui) MdmLogger expire 1 line
04-27 09:30:04.042   558   558 E ANDR-PERF-MPCTL: hint lookup failed
04-27 09:30:04.052  1283  1864 D FingerprintService: getEnrolledFingerprints: userId = 0
04-27 09:30:04.054  1283  1864 D FingerprintService: getEnrolledFingerprints: userId = 0
04-27 09:30:04.055  1283  1908 D FingerprintService: startAuthentication: 0
04-27 09:30:04.055  1283  1908 D FingerprintService: current user = 0
04-27 09:30:04.055  1283  1908 D FingerprintService: hasEnrolledFingerprints: 0, 4
04-27 09:30:04.055  1044  1044 V android.hardware.biometrics.fingerprint@2.1-service: getAuthenticatorId
04-27 09:30:04.055  1044  1044 D fpc_fingerprint_hal: fpc_get_authenticator_id
04-27 09:30:04.101  1044  1962 D fpc_tac : send_data_msg end
04-27 09:30:04.102  1044  1962 D fpc_fingerprint_hal: workerFunction STATE_IDLE
04-27 09:30:04.102  1044  1044 D fpc_tac : fpc_tac_get_template_db_id begin
04-27 09:30:04.102  1044  1044 D fpc_tac : fpc_tac_send_get_uint64_cmd begin
04-27 09:30:04.107  1044  1044 D fpc_tac : fpc_tac_send_get_uint64_cmd end
04-27 09:30:04.107  1044  1044 D fpc_tac : fpc_tac_get_template_db_id end
04-27 09:30:04.107  1044  1044 D fpc_fingerprint_hal: fpc_get_authenticator_id id 15558958928411039620, aut 0,screen state 1
04-27 09:30:04.107  1044  1962 D fpc_fingerprint_hal: workerFunction STATE_NONE (HOME)
04-27 09:30:04.107  1044  1962 I fpc_fingerprint_hal: do_home  Enter 
04-27 09:30:04.107  1044  1962 D fpc_tac : fpc_tac_set_zonenum begin
04-27 09:30:04.107  1044  1962 D fpc_tac : fpc_tac_send_cmd64 begin
04-27 09:30:04.108  1283  1908 V FingerprintService: startAuthentication(com.android.systemui), 0, 0, 0, 0, true
04-27 09:30:04.108  1283  1908 V FingerprintService: starting client AuthenticationClient(com.android.systemui), initiatedByClient = true)
04-27 09:30:04.108  1283  1908 D FingerprintService: updateStatus , 3
04-27 09:30:04.108  1044  1044 V android.hardware.biometrics.fingerprint@2.1-service: updateStatus(3)
04-27 09:30:04.108  1044  1044 D fpc_fingerprint_hal: fpc_update_status status : 3
04-27 09:30:04.109  1044  1044 D fpc_fingerprint_hal: fpc_update_status dev->status : 4
04-27 09:30:04.109  1044  1044 V android.hardware.biometrics.fingerprint@2.1-service: authenticate(operationId=0, gid=0)
04-27 09:30:04.109  1044  1044 D fpc_fingerprint_hal: fpc_authenticate operation_id 0
04-27 09:30:04.113  1044  1962 D fpc_tac : fpc_tac_send_cmd64 end
04-27 09:30:04.114  1044  1962 D fpc_tac : fpc_tac_set_zonenum end
04-27 09:30:04.114  1044  1962 D fpc_fingerprint_hal: fpc_wait_finger_up
04-27 09:30:04.114  1044  1962 D fpc_fingerprint_hal: fpc_wait_finger_up interrupted
04-27 09:30:04.114  1044  1962 E fpc_fingerprint_hal: do_home fpc_wait_finger_up before do HOME ,status -4 
04-27 09:30:04.114  1044  1962 D fpc_fingerprint_hal: workerFunction STATE_IDLE
04-27 09:30:04.114  1044  1962 D fpc_fingerprint_hal: workerFunction STATE_AUTHENTICATE
04-27 09:30:04.114  1044  1962 E fpc_fingerprint_hal: do_identify
04-27 09:30:04.114  1044  1962 D fpc_tac : fpc_tac_set_zonenum begin
04-27 09:30:04.114  1044  1962 D fpc_tac : fpc_tac_send_cmd64 begin
04-27 09:30:04.114  1283  1908 W FingerprintService: client com.android.systemui is authenticating...
04-27 09:30:04.120  1044  1962 D fpc_tac : fpc_tac_send_cmd64 end
04-27 09:30:04.120  1044  1962 D fpc_tac : fpc_tac_set_zonenum end
04-27 09:30:04.120  1044  1962 D fpc_tac : fpc_tac_get_template_count begin
04-27 09:30:04.126  1044  1962 D fpc_tac : fpc_tac_get_template_count end
04-27 09:30:04.126  1044  1962 D fpc_fingerprint_hal: do_identify  home_prop:
04-27 09:30:04.126  1044  1962 D fpc_tac : fpc_tac_send_get_indices_cmd begin
04-27 09:30:04.134  1044  1962 D fpc_tac : Number of indices in the database: 4
04-27 09:30:04.134  1044  1962 D fpc_tac : fpc_tac_send_get_indices_cmd end
04-27 09:30:04.134  1044  1962 D fpc_tac : fpc_tac_get_indices end
04-27 09:30:04.134  1044  1962 D fpc_tac : fpc_tac_set_hw_auth_challenge begin
04-27 09:30:04.134  1044  1962 D fpc_tac : fpc_tac_send_set_uint64_cmd begin
04-27 09:30:04.140  1044  1962 D fpc_tac : fpc_tac_send_set_uint64_cmd end
04-27 09:30:04.141  1044  1962 D fpc_tac : fpc_tac_set_hw_auth_challenge end
04-27 09:30:04.141  1044  1962 D fpc_tac : fpc_tac_begin_identify begin
04-27 09:30:04.141  1044  1962 D fpc_tac : fpc_tac_send_begin_identify_cmd begin
04-27 09:30:04.155  1044  1962 D fpc_tac : fpc_tac_send_begin_identify_cmd end
04-27 09:30:04.155  1044  1962 D fpc_tac : fpc_tac_begin_identify end
04-27 09:30:04.155  1044  1962 E fpc_fingerprint_hal: do_identify status 0
04-27 09:30:04.155  1044  1962 E fpc_fingerprint_hal: fpc_capture_image
04-27 09:30:04.155  1044  1962 D fpc_fingerprint_hal: fpc_wait_finger_up
04-27 09:30:04.297  5543  5735 I CastDatabase: Saving the database
04-27 09:30:04.310  5543  5735 I SQLiteCastStore: [CastNetworkInfo] saved: 0, skipped: 0, [CastDeviceInfo]: saved 0, skipped 0, [Paired Guest Mode DeviceInfo] saved: 0, skipped: 0. [ProbedNetworks]: saved 0, skipped: 0, [ProbedSocketAddress]: saved 0, skipped: 0, [Network-Device pairs]: saved: 0
04-27 09:30:04.326  1283  1864 I ActivityManager: AppLocker: setKeyguardDone true
04-27 09:30:04.329  1283  1396 D RestartProcessManager: Update Total Launch Times :net.oneplus.launcher
04-27 09:30:04.330  1283  1396 D RestartProcessManager: sLastRunningPackage (null) : net.oneplus.launcher
04-27 09:30:04.338  1283  3038 E DeviceKeyHandler: receive keyguard done, process gesture action
04-27 09:30:04.347  3227  3227 D Launcher: onStart
04-27 09:30:04.351  3227  3227 D BlurWallpaperEventHandler: [onLauncherStart] mUserForeground=true
04-27 09:30:04.353  3227  3227 D WallpaperUtils: [isOnePlusH2BlurWallpaper]: user=0, info=null
04-27 09:30:04.354  3227  3227 D BlurWallpaperEventHandler: [onLauncherStart] mWillResetWallpaper=false, isOnePlusH2BlurWallpaper=false, showingDefaultImageWallpaper=false
04-27 09:30:04.356  1983  1983 D KeyguardViewMediator: setLockScreenShown begin, false, seq:29364047
04-27 09:30:04.356  3227  3227 D Launcher: onResume
04-27 09:30:04.360  3227  3227 D NotificationListener: permissionGranted# grant: true
04-27 09:30:04.364  1044  1962 E fpc_fingerprint_hal: fpc_wait_finger_up FPC_LIB_FINGER_LOST
04-27 09:30:04.364  1044  1962 D fpc_tac : fpc_tac_wakeup_setup begin
04-27 09:30:04.364  1044  1962 D fpc_tac : fpc_tac_send_cmd begin
04-27 09:30:04.366  1283  1396 W BroadcastQueue: Background execution not allowed: receiving Intent { act=org.codeaurora.action.stk.idle_screen flg=0x10 (has extras) } to com.android.stk/.StkCmdReceiver
04-27 09:30:04.367  3227  3227 D Launcher: DynamicIcon doWorkspaceOrFolderIconAnimation be enter
04-27 09:30:04.367  3227  3227 D Launcher.Workspace: DynamicIcon Workspace updateCurrentPageDynamicIconState success
04-27 09:30:04.368  1983  2081 D KeyguardViewMediator: setLockScreenShown false, seq:29364047
04-27 09:30:04.376  1283  3508 D ActivityManager: setLockScreenShown false, pid:1983
04-27 09:30:04.376  1283  3508 D ActivityManager: setKeyguardShown, false, true
04-27 09:30:04.377  1044  1962 D fpc_tac : fpc_tac_send_cmd end
04-27 09:30:04.377  1044  1962 D fpc_tac : fpc_tac_wakeup_setup end
04-27 09:30:04.380  1283  3508 I ActivityManager: [scene] setLockScreenShown showing false, occluded false
04-27 09:30:04.382  1283  1283 D OemSceneButtonController: [scene] start monitoring, content://settings/system/game_mode_status content://settings/system/game_mode_lock_buttons
04-27 09:30:04.385  3627  3657 V FaceSettingService: checkState() - Acquiring semaphore [Start]
04-27 09:30:04.385  3627  3657 V FaceSettingService: checkState() - Acquiring semaphore [End]
04-27 09:30:04.385  3627  3657 V FaceSettingService: checkState() - [Start]
04-27 09:30:04.387  3627  3657 V FaceSettingService: checkState() - Result : 2, [End]
04-27 09:30:04.388  1983  2449 I chatty  : uid=10026(com.android.systemui) FacelockThread expire 2 lines
04-27 09:30:04.390  1283  1908 V FingerprintService: stop client com.android.systemui
04-27 09:30:04.390  1044  1044 V android.hardware.biometrics.fingerprint@2.1-service: cancel
04-27 09:30:04.390  1044  1044 D fpc_fingerprint_hal: fpc_cancel
04-27 09:30:04.390  1044  1962 E fpc_fingerprint_hal: wait_wake_up -4
04-27 09:30:04.390  1044  1962 E fpc_fingerprint_hal: capture_single_image failed -4
04-27 09:30:04.390  1044  1962 E fpc_fingerprint_hal: fpc_capture_image status -4
04-27 09:30:04.390  1044  1962 D fpc_tac : fpc_tac_end_identify begin
04-27 09:30:04.390  1044  1962 D fpc_tac : fpc_tac_send_cmd begin
04-27 09:30:04.393  1983  1983 V KeyguardDisplayManager: hide
04-27 09:30:04.395  3227  3227 D PopupDataProvider: onNotificationFullRefresh#
04-27 09:30:04.395  1044  1962 D fpc_tac : fpc_tac_send_cmd end
04-27 09:30:04.395  1044  1962 D fpc_tac : fpc_tac_end_identify end
04-27 09:30:04.395  1044  1962 E fpc_fingerprint_hal: do_identify failed -4
04-27 09:30:04.395  1044  1962 D fpc_fingerprint_hal: workerFunction STATE_IDLE
04-27 09:30:04.395  1044  1044 D android.hardware.biometrics.fingerprint@2.1-service: onError(5)
04-27 09:30:04.395  1044  1962 D fpc_fingerprint_hal: workerFunction STATE_NONE (HOME)
04-27 09:30:04.396  1044  1962 I fpc_fingerprint_hal: do_home  Enter 
04-27 09:30:04.396  1044  1962 D fpc_tac : fpc_tac_set_zonenum begin
04-27 09:30:04.396  1044  1962 D fpc_tac : fpc_tac_send_cmd64 begin
04-27 09:30:04.396  1283  3050 I StatusBarManagerService: pkg = com.android.systemui, mDisabled1 = 0, mDisabled2 =0,what =0
04-27 09:30:04.396  1283  1908 W FingerprintService: client com.android.systemui is no longer authenticating
04-27 09:30:04.396  1283  1908 V FingerprintService: Done with client: com.android.systemui
04-27 09:30:04.396  1283  1908 V FingerprintService: handleError(client=com.android.systemui, error = 5)
04-27 09:30:04.401  2957  2957 I GsaVoiceInteractionSrv: O received Intent { act=android.intent.action.USER_PRESENT flg=0x24200010 }
04-27 09:30:04.402  2159  2250 I QCNEJ/CndHalConnector: -> SND notifyScreenStateChanged(true)
04-27 09:30:04.403  1283  1396 W BroadcastQueue: Background execution not allowed: receiving Intent { act=android.intent.action.USER_PRESENT flg=0x24200010 } to com.tencent.ig/com.tencent.android.tpush.XGPushReceiver
04-27 09:30:04.403  1283  1396 W BroadcastQueue: Background execution not allowed: receiving Intent { act=android.intent.action.USER_PRESENT flg=0x24200010 } to com.facebook.katana/com.facebook.rti.orca.FbnsLiteBroadcastReceiver
04-27 09:30:04.406  1283  1396 W BroadcastQueue: Background execution not allowed: receiving Intent { act=android.intent.action.USER_PRESENT flg=0x24200010 } to com.google.android.gms/.auth.setup.devicesignals.LockScreenReceiver
04-27 09:30:04.407  1283  1396 W BroadcastQueue: Background execution not allowed: receiving Intent { act=android.intent.action.USER_PRESENT flg=0x24200010 } to com.google.android.gms/.trustagent.UserPresentBroadcastReceiver
04-27 09:30:04.407  1283  1396 W BroadcastQueue: Background execution not allowed: receiving Intent { act=android.intent.action.USER_PRESENT flg=0x24200010 } to com.google.android.gms/.chimera.GmsIntentOperationService$PersistentTrustedReceiver
04-27 09:30:04.407  1283  1396 W BroadcastQueue: Background execution not allowed: receiving Intent { act=android.intent.action.USER_PRESENT flg=0x24200010 } to com.instagram.android/com.instagram.push.fbns.FbnsInitBroadcastReceiver
04-27 09:30:04.410  1044  1962 D fpc_tac : fpc_tac_send_cmd64 end
04-27 09:30:04.410  1044  1962 D fpc_tac : fpc_tac_set_zonenum end
04-27 09:30:04.410  1044  1962 D fpc_fingerprint_hal: fpc_wait_finger_up
04-27 09:30:04.416  1283  1396 W BroadcastQueue: Background execution not allowed: receiving Intent { act=android.intent.action.USER_PRESENT flg=0x24200010 } to com.lenovo.anyshare.gps/com.lenovo.anyshare.app.DefaultReceiver
04-27 09:30:04.419  1283  1396 W BroadcastQueue: Background execution not allowed: receiving Intent { act=android.intent.action.USER_PRESENT flg=0x24200010 } to com.myairtelapp/com.airtel.agilelab.dartsdk.receiver.UserPresentBroadcastReceiver
04-27 09:30:04.425  1283  3507 D WindowManager: clear mDeferredHideWallpaper for newFocus:Window{787beb0 u0 net.oneplus.launcher/net.oneplus.launcher.Launcher}
04-27 09:30:04.429  1044  1962 E fpc_fingerprint_hal: fpc_wait_finger_up FPC_LIB_FINGER_LOST
04-27 09:30:04.429  1044  1962 E fpc_fingerprint_hal: do_home fpc_wait_finger_up before do HOME ,status 0 
04-27 09:30:04.429  1044  1962 D fpc_fingerprint_hal: fpc_wait_finger_down_for_home_12_zone enter
04-27 09:30:04.429  1044  1962 D fpc_tac : fpc_tac_12zones_wakeup_setup begin
04-27 09:30:04.429  1044  1962 D fpc_tac : fpc_tac_send_cmd begin
04-27 09:30:04.440  1044  1962 D fpc_tac : fpc_tac_send_cmd end
04-27 09:30:04.440  1044  1962 D fpc_tac : fpc_tac_12zones_wakeup_setup end
04-27 09:30:04.461   552  1692 E qti_sensors_hal: sendCancel:sensor(android.sensor.proximity) Sending cancel to svc no:21
04-27 09:30:04.470  1283  3050 D KeyguardStateMonitor: onFingerprintStateChange , false, false
04-27 09:30:04.478  1283  3507 W BroadcastQueue: Background execution not allowed: receiving Intent { act=android.intent.action.USER_PRESENT flg=0x24200010 } to com.google.android.gms/.auth.setup.devicesignals.LockScreenReceiver
04-27 09:30:04.478  1283  1396 W BroadcastQueue: Background execution not allowed: receiving Intent { act=android.intent.action.USER_PRESENT flg=0x24200010 } to com.google.android.gms/.trustagent.UserPresentBroadcastReceiver
04-27 09:30:04.478  1283  1396 W BroadcastQueue: Background execution not allowed: receiving Intent { act=android.intent.action.USER_PRESENT flg=0x24200010 } to com.google.android.gms/.chimera.GmsIntentOperationService$PersistentTrustedReceiver
04-27 09:30:04.539  5543  5735 I CastDatabase: Opening the database
04-27 09:30:04.551  5543  5735 I SQLiteCastStore: 0 CastNetworkInfo instances loaded, 0 CastDeviceInfo instances loaded, 0 paired guest mode devices loaded.
04-27 09:30:04.557  5543  5543 I DiscoveryManager: WifiGuestModeDeviceScanner enabled.
04-27 09:30:05.023  1283  1757 V AlarmManager: Triggering alarm #0: 2 when =81859307 package =com.whatsapp operation =*walarm*:com.whatsapp.MessageHandler.CLIENT_PINGER_ACTION flags =0x0
04-27 09:30:05.024  1283  1757 V AlarmManager: Triggering alarm #1: 1 when =1556382605023 package =com.android.chrome operation =*alarm*:com.android.chrome/com.google.ipc.invalidation.external.client.contrib.AndroidListener$AlarmReceiver flags =0x0
04-27 09:30:05.053  1283  3507 D AppWidgetServiceImpl: widget package = net.oneplus.weather
04-27 09:30:05.053  1283  3507 I chatty  : uid=1000(system) Binder:1283_17 identical 1 line
04-27 09:30:05.053  1283  3507 D AppWidgetServiceImpl: widget package = net.oneplus.weather
04-27 09:30:05.053  1283  3507 D AppWidgetServiceImpl: widget package = com.google.android.googlequicksearchbox
04-27 09:30:05.053  1283  3507 D AppWidgetServiceImpl: widget package = com.google.android.music
04-27 09:30:05.053  1283  3507 D AppWidgetServiceImpl: widget package = com.nis.app
04-27 09:30:05.065  1283  3050 I ActivityManager: START u0 {flg=0x10804000 cmp=com.android.systemui/.recents.RecentsActivity} from uid 10026 pid 1983
04-27 09:30:05.068  3227  3227 D Launcher: onPause
04-27 09:30:05.069  1283  1396 D RestartProcessManager: Update Total Launch Times :com.android.systemui
04-27 09:30:05.069  1283  1396 D RestartProcessManager: sLastRunningPackage (null) : com.android.systemui
04-27 09:30:05.091  3227  3227 D Launcher: onStop
04-27 09:30:05.091  3227  3227 D QuickPage: leaveQuickPageEditMode: true false false
04-27 09:30:05.102  3227  3227 D RecyclerViewWrapper: onWindowVisibilityChanged:4
04-27 09:30:05.152  3227  3227 D RecyclerViewWrapper: onWindowVisibilityChanged:8
04-27 09:30:05.356  1283  1757 V AlarmManager: Triggering alarm #0: 1 when =1556382605141 package =com.android.chrome operation =*alarm*:com.android.chrome/com.google.ipc.invalidation.external.client.contrib.AndroidListener$AlarmReceiver flags =0x0
04-27 09:30:06.135  1044  1962 E fpc_fingerprint_hal: fpc_wait_finger_down_for_home_12_zone after irq 0
04-27 09:30:06.135  1044  1962 D fpc_tac : fpc_tac_wakeup_qualification begin
04-27 09:30:06.136  1044  1962 D fpc_tac : fpc_tac_send_cmd begin
04-27 09:30:06.148  1044  1962 D fpc_tac : fpc_tac_send_cmd end
04-27 09:30:06.148  1044  1962 D fpc_tac : fpc_tac_wakeup_qualification end
04-27 09:30:06.148  1044  1962 I fpc_fingerprint_hal: do_home status 0
04-27 09:30:06.150  1044  1962 D fpc_fingerprint_hal: do_home  HOME DOWN 
04-27 09:30:06.150  1044  1962 D fpc_fingerprint_hal: fpc_wait_finger_up
04-27 09:30:06.275  1044  1962 E fpc_fingerprint_hal: fpc_wait_finger_up FPC_LIB_FINGER_LOST
04-27 09:30:06.276  1044  1962 D fpc_fingerprint_hal: do_home  HOME UP 
04-27 09:30:06.276  1044  1962 D fpc_fingerprint_hal: fpc_wait_finger_down_for_home_12_zone enter
04-27 09:30:06.276  1044  1962 D fpc_tac : fpc_tac_12zones_wakeup_setup begin
04-27 09:30:06.276  1044  1962 D fpc_tac : fpc_tac_send_cmd begin
04-27 09:30:06.287  1044  1962 D fpc_tac : fpc_tac_send_cmd end
04-27 09:30:06.287  1044  1962 D fpc_tac : fpc_tac_12zones_wakeup_setup end
04-27 09:30:06.535  1283  3507 I ActivityManager: START u0 {act=android.intent.action.MAIN cat=[android.intent.category.HOME] flg=0x10200000 cmp=net.oneplus.launcher/.Launcher} from uid 10026 pid 1983
04-27 09:30:06.536   558   558 E ANDR-PERF-MPCTL: hint lookup failed
04-27 09:30:06.538  1283  3507 E ANDR-PERF-JNI: com_qualcomm_qtiperformance_native_perf_io_prefetch_start
04-27 09:30:06.541  1283  3507 E ANDR-PERF-JNI: gIOPHAl initialized
04-27 09:30:06.541  1283  3507 E ANDR-PERF-JNI: gIOPHAl calling iopstart
04-27 09:30:06.541   557   557 E ANDR-IOP: IOP HAL: Received pkg_name = net.oneplus.launcher pid = -1
04-27 09:30:06.541   557   611 E ANDR-IOP: is_in_recent_list is TRUE
04-27 09:30:06.541   557   611 E ANDR-IOP: io prefetch is deactivate
04-27 09:30:06.544  1283  1396 D RestartProcessManager: Update Total Launch Times :net.oneplus.launcher
04-27 09:30:06.544  1283  1396 D RestartProcessManager: sLastRunningPackage (null) : net.oneplus.launcher
04-27 09:30:06.561  3227  3227 D RecyclerViewWrapper: onWindowVisibilityChanged:4
04-27 09:30:06.565  3227  3227 D Launcher: onNewIntent
04-27 09:30:06.568  3227  3227 D Launcher: onStart
04-27 09:30:06.570  3227  3227 D BlurWallpaperEventHandler: [onLauncherStart] mUserForeground=true
04-27 09:30:06.570  3227  3227 D WallpaperUtils: [isOnePlusH2BlurWallpaper]: user=0, info=null
04-27 09:30:06.571  3227  3227 D BlurWallpaperEventHandler: [onLauncherStart] mWillResetWallpaper=false, isOnePlusH2BlurWallpaper=false, showingDefaultImageWallpaper=false
04-27 09:30:06.571  3227  3227 D Launcher: onResume
04-27 09:30:06.572  3227  3227 D NotificationListener: permissionGranted# grant: true
04-27 09:30:06.573  3227  3227 D Launcher: DynamicIcon doWorkspaceOrFolderIconAnimation be skip
04-27 09:30:06.576  1283  1396 W BroadcastQueue: Background execution not allowed: receiving Intent { act=org.codeaurora.action.stk.idle_screen flg=0x10 (has extras) } to com.android.stk/.StkCmdReceiver
04-27 09:30:06.576  3227  3227 D Launcher: DynamicIcon doWorkspaceOrFolderIconAnimation be enter
04-27 09:30:06.576  3227  3227 D Launcher.Workspace: DynamicIcon Workspace updateCurrentPageDynamicIconState success
04-27 09:30:06.578  3227  3227 D RecyclerViewWrapper: onWindowVisibilityChanged:0
04-27 09:30:06.592  3227  3227 D PopupDataProvider: onNotificationFullRefresh#
04-27 09:30:06.661  1983  2391 I chatty  : uid=10026(com.android.systemui) android.bg expire 1 line
04-27 09:30:06.837  3227  3227 D FoldersTransitionController: onInterceptTouchEvent# not in folders mode
04-27 09:30:06.897  3227  3227 D DragLayer: Intercept touch # event action: 2, pos: (706, 1778), activeController: net.oneplus.launcher.allapps.AllAppsTransitionController@e7acec9
04-27 09:30:06.903   558   558 E ANDR-PERF-MPCTL: hint lookup failed
04-27 09:30:06.939  3227  3227 D Launcher: [showAppsOrWidgetsOrWallpapers] toState=APPS, fromWorkspaceState=NORMAL
04-27 09:30:07.051   558   625 E ANDR-PERF-OPTSHANDLER: perf_lock_rel: updated /sys/class/scsi_host/host0/../../../clkscale_enable with 1
04-27 09:30:07.051   558   625 E ANDR-PERF-OPTSHANDLER:  return value 2
04-27 09:30:07.096  3227  3227 D Launcher.Workspace: buildPageHardwareLayer, page:i: 0, type: LAYER_TYPE_HARDWARE
04-27 09:30:07.103  3227  3227 D Launcher.Workspace: buildPageHardwareLayer, page:i: 1, type: LAYER_TYPE_HARDWARE
04-27 09:30:07.104  3227  3450 W OpenGLRenderer: Incorrectly called buildLayer on View: ShortcutAndWidgetContainer, destroying layer...
04-27 09:30:07.104  3227  3450 W OpenGLRenderer: Incorrectly called buildLayer on View: ShortcutAndWidgetContainer, destroying layer...
04-27 09:30:07.253  3227  3227 D FoldersTransitionController: onInterceptTouchEvent# not in folders mode
04-27 09:30:07.336   558   558 E ANDR-PERF-MPCTL: hint lookup failed
04-27 09:30:07.350  1283  3050 D WificondControl: Scan result ready event
04-27 09:30:07.359  1021  2040 I LOWI-8.5.0.1: [LOWI-Scan] lowi_close_record:Scan completed in 81844417ms and Recieved 29 APs scan results
04-27 09:30:07.364  1283  1892 W WifiMode: , Invalid SupportedRates!!!
04-27 09:30:07.370  1283  1894 W WifiMode: , Invalid SupportedRates!!!
04-27 09:30:07.374  1283  1892 W WifiMode: , Invalid SupportedRates!!!
04-27 09:30:07.377  1283  1396 W BroadcastQueue: Background execution not allowed: receiving Intent { act=android.net.wifi.SCAN_RESULTS flg=0x4000010 (has extras) } to com.jio.myjio/.jionet.receiver.WifiScanReceiver
04-27 09:30:07.380  1283  3050 D WifiPermissionsUtil: Denied: no location permission
04-27 09:30:07.382  1283  3507 D WifiPermissionsUtil: Denied: no location permission
04-27 09:30:08.669  3227  3227 D FoldersTransitionController: onInterceptTouchEvent# not in folders mode
04-27 09:30:08.781   558   558 E ANDR-PERF-MPCTL: hint lookup failed
04-27 09:30:08.997   472   472 W auditd  : type=1400 "vendor.qti.hard""2""proc"
04-27 09:30:09.754  3227  3227 D AllAppsTrans: onControllerInterceptTouchEvent# all apps mode but can't scroll the container
04-27 09:30:09.754  3227  3227 D FoldersTransitionController: onInterceptTouchEvent# not in folders mode
04-27 09:30:09.817  1283  1757 V AlarmManager: Triggering alarm #0: 3 when =81867263 package =com.google.android.gms operation =*alarm*:com.google.android.gms/.lockbox.LockboxAlarmReceiver flags =0x0
04-27 09:30:09.817  1283  1757 V AlarmManager: Triggering alarm #1: 1 when =1556382609817 package =com.android.chrome operation =*alarm*:com.android.chrome/com.google.ipc.invalidation.external.client.contrib.AndroidListener$AlarmReceiver flags =0x0
04-27 09:30:09.830  3227  3227 D Launcher: onClick
04-27 09:30:09.839  1283  3050 I ActivityManager: START u0 {act=android.intent.action.MAIN cat=[android.intent.category.LAUNCHER] flg=0x10200000 cmp=com.example.bradycardia/.MainActivity bnds=[432,1385][648,1696] (has extras)} from uid 10157 pid 3227
04-27 09:30:09.855   558   558 E ANDR-PERF-MPCTL: hint lookup failed
04-27 09:30:09.856  1283  3050 E ANDR-PERF-JNI: com_qualcomm_qtiperformance_native_perf_io_prefetch_start
04-27 09:30:09.858  1283  3050 E ANDR-PERF-JNI: gIOPHAl initialized
04-27 09:30:09.858  1283  3050 E ANDR-PERF-JNI: gIOPHAl calling iopstart
04-27 09:30:09.858   557   557 E ANDR-IOP: IOP HAL: Received pkg_name = com.example.bradycardia pid = -1
04-27 09:30:09.858   557   611 E ANDR-IOP: is_in_recent_list is TRUE
04-27 09:30:09.858   557   611 E ANDR-IOP: io prefetch is deactivate
04-27 09:30:09.869  3227  3227 D Stats   : Intent.getPackage() is null. therefore try to get package name from componentName.getPackageName(): com.example.bradycardia
04-27 09:30:09.869  3227  3227 D Stats   : Intent.getPackage() is null. therefore try to get package name from componentName.getPackageName(): com.android.chrome
04-27 09:30:09.869  3227  3227 D Stats   : Intent.getPackage() is null. therefore try to get package name from componentName.getPackageName(): com.example.amine.learn2sign
04-27 09:30:09.869  3227  3227 D Stats   : Intent.getPackage() is null. therefore try to get package name from componentName.getPackageName(): com.facebook.katana
04-27 09:30:09.869  3227  3227 D Stats   : Intent.getPackage() is null. therefore try to get package name from componentName.getPackageName(): com.google.android.gm
04-27 09:30:09.869  3227  3227 D Stats   : Intent.getPackage() is null. therefore try to get package name from componentName.getPackageName(): com.oneplus.deskclock
04-27 09:30:09.869  3227  3227 D Stats   : Intent.getPackage() is null. therefore try to get package name from componentName.getPackageName(): com.instagram.android
04-27 09:30:09.870  3227  3227 D Stats   : Intent.getPackage() is null. therefore try to get package name from componentName.getPackageName(): com.tinder
04-27 09:30:09.870  3227  3227 D Stats   : Intent.getPackage() is null. therefore try to get package name from componentName.getPackageName(): com.google.android.youtube
04-27 09:30:09.870  3227  3227 D Stats   : Intent.getPackage() is null. therefore try to get package name from componentName.getPackageName(): com.whatsapp
04-27 09:30:09.870  3227  3227 D Stats   : Intent.getPackage() is null. therefore try to get package name from componentName.getPackageName(): com.ninegag.android.app
04-27 09:30:09.870  1283  3507 W ActivityManager: Background start not allowed: service Intent { flg=0x14 cmp=com.android.chrome/org.chromium.chrome.browser.invalidation.ChromeInvalidationClientService (has extras) } to com.android.chrome/org.chromium.chrome.browser.invalidation.ChromeInvalidationClientService from pid=22789 uid=10040 pkg=com.android.chrome
04-27 09:30:09.870  3227  3227 D Stats   : Intent.getPackage() is null. therefore try to get package name from componentName.getPackageName(): com.mantis.kankerroadways
04-27 09:30:09.870  3227  3227 D Stats   : Intent.getPackage() is null. therefore try to get package name from componentName.getPackageName(): com.spotify.music
04-27 09:30:09.870  3227  3227 D Stats   : Intent.getPackage() is null. therefore try to get package name from componentName.getPackageName(): com.snapchat.android
04-27 09:30:09.870  3227  3227 D Stats   : Intent.getPackage() is null. therefore try to get package name from componentName.getPackageName(): com.android.dialer
04-27 09:30:09.870  3227  3227 D Stats   : Intent.getPackage() is null. therefore try to get package name from componentName.getPackageName(): com.google.android.calendar
04-27 09:30:09.870  3227  3227 D Stats   : Intent.getPackage() is null. therefore try to get package name from componentName.getPackageName(): com.nis.app
04-27 09:30:09.870  3227  3227 D Stats   : Intent.getPackage() is null. therefore try to get package name from componentName.getPackageName(): com.twitter.android
04-27 09:30:09.870  3227  3227 D Stats   : Intent.getPackage() is null. therefore try to get package name from componentName.getPackageName(): com.touchtype.swiftkey
04-27 09:30:09.870  3227  3227 D Stats   : Intent.getPackage() is null. therefore try to get package name from componentName.getPackageName(): com.oneplus.calculator
04-27 09:30:09.871  3227  3227 D Stats   : Intent.getPackage() is null. therefore try to get package name from componentName.getPackageName(): com.facebook.orca
04-27 09:30:09.871  3227  3227 D Stats   : Intent.getPackage() is null. therefore try to get package name from componentName.getPackageName(): com.solebon.letterpress
04-27 09:30:09.871  3227  3227 D Stats   : Intent.getPackage() is null. therefore try to get package name from componentName.getPackageName(): com.google.android.googlequicksearchbox
04-27 09:30:09.871  3227  3227 D Stats   : Intent.getPackage() is null. therefore try to get package name from componentName.getPackageName(): com.thetransitapp.droid
04-27 09:30:09.871  3227  3227 D Stats   : Intent.getPackage() is null. therefore try to get package name from componentName.getPackageName(): com.mfoundry.mb.android.mb_731
