04-27 09:21:22.372  1283  1396 D RestartProcessManager: updateSelf :  com.ebay.mobile, size : 30
04-27 09:21:22.372  1283  1396 D RestartProcessManager: updateSelf :  eu.bandainamcoent.tekkenmobile, size : 30
04-27 09:21:22.372  1283  1396 D RestartProcessManager: updateSelf :  com.google.earth, size : 30
04-27 09:21:22.373  1283  1396 D RestartProcessManager: updateSelf :  com.lge.app1, size : 30
04-27 09:21:22.373  1283  1396 D RestartProcessManager: updateSelf :  com.paypal.android.p2pmobile, size : 30
04-27 09:21:22.373  1283  1396 D RestartProcessManager: updateSelf :  com.google.android.apps.maps, size : 30
04-27 09:21:22.373  1283  1396 D RestartProcessManager: updateSelf :  com.google.android.apps.tachyon, size : 30
04-27 09:21:22.373  1283  1396 D RestartProcessManager: updateSelf :  com.umoni.nocrash, size : 30
04-27 09:21:22.373  1283  1396 D RestartProcessManager: updateSelf :  com.mfoundry.mb.android.mb_731, size : 30
04-27 09:21:22.373  1283  1396 D RestartProcessManager: updateSelf :  com.amazon.avod.thirdpartyclient, size : 30
04-27 09:21:22.373  1283  1396 D RestartProcessManager: updateSelf :  com.softwarelint.darkops, size : 30
04-27 09:21:22.373  1283  1396 D RestartProcessManager: updateSelf :  com.microsoft.office.word, size : 30
04-27 09:21:22.373  1283  1396 D RestartProcessManager: updateSelf :  com.lenovo.anyshare.gps, size : 30
04-27 09:21:22.373  1283  1396 D RestartProcessManager: updateSelf :  com.google.android.apps.messaging, size : 30
04-27 09:21:22.373  1283  1396 D RestartProcessManager: updateSelf :  net.oneplus.weather, size : 30
04-27 09:21:22.373  1283  1396 D RestartProcessManager: updateSelf :  com.google.android.googlequicksearchbox, size : 30
04-27 09:21:22.373  1283  1396 D RestartProcessManager: updateSelf :  com.shazam.android, size : 30
04-27 09:21:22.373  1283  1396 D RestartProcessManager: updateSelf :  com.google.ar.lens, size : 30
04-27 09:21:22.373  1283  1396 D RestartProcessManager: updateSelf :  com.enstage.wibmo.hdfc, size : 30
04-27 09:21:22.373  1283  1396 D RestartProcessManager: updateSelf :  com.flyfrontier.android, size : 30
04-27 09:21:22.373  1283  1396 D RestartProcessManager: updateSelf :  com.Splitwise.SplitwiseMobile, size : 30
04-27 09:21:22.373  1283  1396 D RestartProcessManager: updateSelf :  com.google.android.play.games, size : 30
04-27 09:21:22.373  1283  1396 D RestartProcessManager: updateSelf :  com.magoosh.gre.quiz.vocabulary, size : 30
04-27 09:21:22.373  1283  1396 D RestartProcessManager: updateSelf :  com.adobe.reader, size : 30
04-27 09:21:22.373  1283  1396 D RestartProcessManager: updateSelf :  com.tuokio.smashtheoffice, size : 30
04-27 09:21:22.373  1283  1396 D RestartProcessManager: updateSelf :  com.gombosdev.ampere, size : 30
04-27 09:21:22.373  1283  1396 D RestartProcessManager: updateSelf :  org.chromium.webapk.a565ee74ec5d87792, size : 30
04-27 09:21:22.373  1283  1396 D RestartProcessManager: updateSelf :  pl.idreams.SkyForceReloaded2016, size : 30
04-27 09:21:22.373  1283  1396 D RestartProcessManager: updateSelf :  com.facebook.katana, size : 30
04-27 09:21:22.373  1283  1396 D RestartProcessManager: updateSelf :  com.sega.vtc, size : 30
04-27 09:21:22.373  1283  1396 D RestartProcessManager: updateSelf :  in.swiggy.android, size : 30
04-27 09:21:22.373  1283  1396 D RestartProcessManager: updateSelf :  net.oneplus.forums, size : 30
04-27 09:21:22.373  1283  1396 D RestartProcessManager: updateSelf :  com.android.mms, size : 30
04-27 09:21:22.373  1283  1396 D RestartProcessManager: updateSelf :  com.truecaller, size : 30
04-27 09:21:22.373  1283  1396 D RestartProcessManager: updateSelf :  com.noodlecake.leapon, size : 30
04-27 09:21:22.373  1283  1396 D RestartProcessManager: updateSelf :  com.mantis.kankerroadways, size : 30
04-27 09:21:22.373  1283  1396 D RestartProcessManager: updateSelf :  com.airbnb.android, size : 30
04-27 09:21:22.373  1283  1396 D RestartProcessManager: updateSelf :  com.amazon.mp3, size : 30
04-27 09:21:22.373  1283  1396 D RestartProcessManager: updateSelf :  com.gaana, size : 30
04-27 09:21:22.373  1283  1396 D RestartProcessManager: updateSelf :  com.nextwave.realcarrom, size : 30
04-27 09:21:22.373  1283  1396 D RestartProcessManager: updateSelf :  com.google.android.calculator, size : 30
04-27 09:21:22.373  1283  1396 D RestartProcessManager: updateSelf :  com.saltosystems.justin, size : 30
04-27 09:21:22.373  1283  1396 D RestartProcessManager: updateSelf :  com.android.settings, size : 30
04-27 09:21:22.374  1283  1396 D RestartProcessManager: updateSelf :  com.ogqcorp.bgh, size : 30
04-27 09:21:22.374  1283  1396 D RestartProcessManager: updateSelf :  com.google.android.apps.googleassistant, size : 30
04-27 09:21:22.374  1283  1396 D RestartProcessManager: updateSelf :  com.altshift.notnot, size : 30
04-27 09:21:22.374  1283  1396 D RestartProcessManager: updateSelf :  com.oneplus.note, size : 30
04-27 09:21:22.374  1283  1396 D RestartProcessManager: updateSelf :  com.myairtelapp, size : 30
04-27 09:21:22.374  1283  1396 D RestartProcessManager: updateSelf :  com.flipkart.android, size : 30
04-27 09:21:22.374  1283  1396 D RestartProcessManager: updateSelf :  com.oneplus.soundrecorder, size : 30
04-27 09:21:22.374  1283  1396 D RestartProcessManager: updateSelf :  com.google.android.apps.youtube.music, size : 30
04-27 09:21:22.374  1283  1396 D RestartProcessManager: updateSelf :  com.cisco.anyconnect.vpn.android.avf, size : 30
04-27 09:21:22.374  1283  1396 D RestartProcessManager: updateSelf :  com.touchtype.swiftkey, size : 30
04-27 09:21:22.374  1283  1396 D RestartProcessManager: updateSelf :  com.instagram.android, size : 30
04-27 09:21:22.374  1283  1396 D RestartProcessManager: updateSelf :  com.example.bradycardia, size : 30
04-27 09:21:22.374  1283  1396 D RestartProcessManager: updateSelf :  com.android.dialer, size : 30
04-27 09:21:22.374  1283  1396 D RestartProcessManager: updateSelf :  com.google.android.apps.cultural, size : 30
04-27 09:21:22.374  1283  1396 D RestartProcessManager: updateSelf :  com.asu.sundevilrewards, size : 30
04-27 09:21:22.374  1283  1396 D RestartProcessManager: updateSelf :  com.linkedin.android, size : 30
04-27 09:21:22.374  1283  1396 D RestartProcessManager: updateSelf :  in.amazon.mShop.android.shopping, size : 30
04-27 09:21:22.374  1283  1396 D RestartProcessManager: updateSelf :  com.livesafe.activities, size : 30
04-27 09:21:22.374  1283  1396 D RestartProcessManager: updateSelf :  com.oneplus.camera, size : 30
04-27 09:21:22.374  1283  1396 D RestartProcessManager: updateSelf :  com.drivetribe, size : 30
04-27 09:21:22.374  1283  1396 D RestartProcessManager: updateSelf :  com.venmo, size : 30
04-27 09:21:22.374  1283  1396 D RestartProcessManager: updateSelf :  com.limebike, size : 30
04-27 09:21:22.374  1283  1396 D RestartProcessManager: updateSelf :  com.sbi.SBIFreedomPlus, size : 30
04-27 09:21:22.374  1283  1396 D RestartProcessManager: updateSelf :  com.koushikdutta.vysor, size : 30
04-27 09:21:22.374  1283  1396 D RestartProcessManager: updateSelf :  com.mercariapp.mercari, size : 30
04-27 09:21:22.374  1283  1396 D RestartProcessManager: updateSelf :  com.snapchat.android, size : 30
04-27 09:21:22.374  1283  1396 D RestartProcessManager: updateSelf :  com.android.vending, size : 30
04-27 09:21:22.374  1283  1396 D RestartProcessManager: updateSelf :  com.balaji.alt, size : 30
04-27 09:21:22.374  1283  1396 D RestartProcessManager: updateSelf :  com.android.chrome, size : 30
04-27 09:21:22.374  1283  1396 D RestartProcessManager: updateSelf :  com.microsoft.office.excel, size : 30
04-27 09:21:22.374  1283  1396 D RestartProcessManager: updateSelf :  com.android.stk, size : 30
04-27 09:21:22.374  1283  1396 D RestartProcessManager: updateSelf :  com.microsoft.office.powerpoint, size : 30
04-27 09:21:22.374  1283  1396 D RestartProcessManager: updateSelf :  com.example.amine.learn2sign, size : 30
04-27 09:21:22.374  1283  1396 D RestartProcessManager: updateSelf :  com.ubercab.eats, size : 30
04-27 09:21:22.374  1283  1396 D RestartProcessManager: updateSelf :  com.bitstrips.imoji, size : 30
04-27 09:21:22.374  1283  1396 D RestartProcessManager: updateSelf :  com.google.android.apps.docs, size : 30
04-27 09:21:22.374  1283  1396 D RestartProcessManager: updateSelf :  com.nis.app, size : 30
04-27 09:21:22.374  1283  1396 D RestartProcessManager: updateSelf :  com.greatclips.android, size : 30
04-27 09:21:22.374  1283  1396 D RestartProcessManager: updateSelf :  com.google.android.youtube, size : 30
04-27 09:21:22.374  1283  1396 D RestartProcessManager: updateSelf :  com.oyo.consumer, size : 30
04-27 09:21:22.375  1283  1396 D RestartProcessManager: updateSelf :  com.reddit.frontpage, size : 30
04-27 09:21:22.375  1283  1396 D RestartProcessManager: updateSelf :  com.viettran.INKredible, size : 30
04-27 09:21:22.375  1283  1396 D RestartProcessManager: updateSelf :  com.thetransitapp.droid, size : 30
04-27 09:21:22.375  1283  1396 D RestartProcessManager: updateSelf :  com.backflipstudios.android.papertoss2, size : 30
04-27 09:21:22.375  1283  1396 D RestartProcessManager: updateSelf :  com.spotify.music, size : 30
04-27 09:21:22.375  1283  1396 D RestartProcessManager: updateSelf :  com.wb.goog.ellen.psych, size : 30
04-27 09:21:22.375  1283  1396 D RestartProcessManager: updateSelf :  com.primatelabs.geekbench, size : 30
04-27 09:21:22.375  1283  1396 D RestartProcessManager: updateSelf :  com.skype.raider, size : 30
04-27 09:21:22.375  1283  1396 D RestartProcessManager: updateSelf :  com.timeanddate.worldclock, size : 30
04-27 09:21:22.375  1283  1396 D RestartProcessManager: updateSelf :  com.lego, size : 30
04-27 09:21:22.375  1283  1396 D RestartProcessManager: updateSelf :  com.google.android.videos, size : 30
04-27 09:21:22.375  1283  1396 D RestartProcessManager: updateSelf :  com.walmart.android, size : 30
04-27 09:21:22.375  1283  1396 D RestartProcessManager: updateSelf :  edu.asu.mobile.android.test, size : 30
04-27 09:21:22.375  1283  1396 D RestartProcessManager: updateSelf :  com.moocho.moocho, size : 30
04-27 09:21:22.375  1283  1396 D RestartProcessManager: updateSelf :  com.wordwebsoftware.android.wordweb, size : 30
04-27 09:21:22.375  1283  1396 D RestartProcessManager: updateSelf :  me.lyft.android, size : 30
04-27 09:21:22.375  1283  1396 D RestartProcessManager: updateSelf :  com.jio.myjio, size : 30
04-27 09:21:22.375  1283  1396 D RestartProcessManager: updateSelf :  com.amazon.appmanager, size : 30
04-27 09:21:22.375  1283  1396 D RestartProcessManager: updateSelf :  com.oneplus.deskclock, size : 30
04-27 09:21:22.375  1283  1396 D RestartProcessManager: updateSelf :  ua.com.wifisolutions.wifiheatmap, size : 30
04-27 09:21:22.375  1283  1396 D RestartProcessManager: updateSelf :  com.tinder, size : 30
04-27 09:21:22.375  1283  1396 D RestartProcessManager: updateSelf :  com.facebook.orca, size : 30
04-27 09:21:22.375  1283  1396 D RestartProcessManager: updateSelf :  net.one97.paytm, size : 30
04-27 09:21:22.375  1283  1396 D RestartProcessManager: updateSelf :  com.whatsapp, size : 30
04-27 09:21:22.375  1283  1396 D RestartProcessManager: updateSelf :  com.oneplus.filemanager, size : 30
04-27 09:21:22.375  1283  1396 D RestartProcessManager: updateSelf :  com.oneplus.gallery, size : 30
04-27 09:21:22.375  1283  1396 D RestartProcessManager: updateSelf :  com.oneplus.calculator, size : 30
04-27 09:21:22.375  1283  1396 D RestartProcessManager: updateSelf :  com.intsig.camscanner, size : 30
04-27 09:21:22.375  1283  1396 D RestartProcessManager: updateSelf :  com.jio.jioplay.tv, size : 30
04-27 09:21:22.375  1283  1396 D RestartProcessManager: updateSelf :  com.amazon.mShop.android.shopping, size : 30
04-27 09:21:22.375  1283  1396 D RestartProcessManager: updateSelf :  com.nianticproject.scout, size : 30
04-27 09:21:22.375  1283  1396 D RestartProcessManager: updateSelf :  com.google.zxing.client.android, size : 30
04-27 09:21:22.375  1283  1396 D RestartProcessManager: updateSelf :  com.google.android.gm, size : 30
04-27 09:21:22.375  1283  1396 D RestartProcessManager: updateSelf :  com.linkedin.android.jobs.jobseeker, size : 30
04-27 09:21:22.375  1283  1396 D RestartProcessManager: updateSelf :  com.google.android.apps.magazines, size : 30
04-27 09:21:22.375  1283  1396 D RestartProcessManager: updateSelf :  com.infinitygames.loophex, size : 30
04-27 09:21:22.375  1283  1396 D RestartProcessManager: updateSelf :  com.google.android.music, size : 30
04-27 09:21:22.375  1283  1396 D RestartProcessManager: updateSelf :  com.bt.bms, size : 30
04-27 09:21:22.376  1283  1396 D RestartProcessManager: updateSelf :  com.google.android.calendar, size : 30
04-27 09:21:22.379  1283  1396 D RestartProcessManager: Max day duration : 2468735
04-27 09:21:22.379  1283  1396 D RestartProcessManager: com.mantis.kankerroadways got score 0.06128644832272399 in DayDuration for duration : 1513
04-27 09:21:22.379  1283  1396 D RestartProcessManager: com.example.amine.learn2sign got score 0.2607813313296081 in DayDuration for duration : 6438
04-27 09:21:22.379  1283  1396 D RestartProcessManager: com.google.android.googlequicksearchbox got score 0.40137965395232783 in DayDuration for duration : 9909
04-27 09:21:22.379  1283  1396 D RestartProcessManager: com.facebook.orca got score 0.42839753963062055 in DayDuration for duration : 10576
04-27 09:21:22.379  1283  1396 D RestartProcessManager: com.android.chrome got score 1.9243053628680273 in DayDuration for duration : 47506
04-27 09:21:22.379  1283  1396 D RestartProcessManager: com.microsoft.office.word got score 2.2111729286456425 in DayDuration for duration : 54588
04-27 09:21:22.379  1283  1396 D RestartProcessManager: com.spotify.music got score 2.68866443745481 in DayDuration for duration : 66376
04-27 09:21:22.379  1283  1396 D RestartProcessManager: com.example.bradycardia got score 3.9528341438023924 in DayDuration for duration : 97585
04-27 09:21:22.379  1283  1396 D RestartProcessManager: com.android.settings got score 4.70455516691747 in DayDuration for duration : 116143
04-27 09:21:22.379  1283  1396 D RestartProcessManager: com.facebook.katana got score 6.631736496626815 in DayDuration for duration : 163720
04-27 09:21:22.379  1283  1396 D RestartProcessManager: com.google.android.gm got score 8.000332153916885 in DayDuration for duration : 197507
04-27 09:21:22.379  1283  1396 D RestartProcessManager: com.ninegag.android.app got score 43.083319999918984 in DayDuration for duration : 1063613
04-27 09:21:22.379  1283  1396 D RestartProcessManager: com.tinder got score 43.74568351807707 in DayDuration for duration : 1079965
04-27 09:21:22.379  1283  1396 D RestartProcessManager: com.instagram.android got score 46.76864872090362 in DayDuration for duration : 1154594
04-27 09:21:22.379  1283  1396 D RestartProcessManager: com.whatsapp got score 54.9471692992565 in DayDuration for duration : 1356500
04-27 09:21:22.379  1283  1396 D RestartProcessManager: com.oneplus.deskclock got score 56.888527930296284 in DayDuration for duration : 1404427
04-27 09:21:22.379  1283  1396 D RestartProcessManager: com.google.android.youtube got score 100.0 in DayDuration for duration : 2468735
04-27 09:21:22.379  1283  1396 D RestartProcessManager: Max LRU Diff : 58564863
04-27 09:21:22.380  1283  1396 D RestartProcessManager: com.android.chrome got score 21.743406110247367 in DayLRU for LRU diff : 12733996
04-27 09:21:22.380  1283  1396 D RestartProcessManager: com.spotify.music got score 24.76299825033314 in DayLRU for LRU diff : 14502416
04-27 09:21:22.380  1283  1396 D RestartProcessManager: com.mantis.kankerroadways got score 33.154738191737934 in DayLRU for LRU diff : 19417027
04-27 09:21:22.380  1283  1396 D RestartProcessManager: com.google.android.googlequicksearchbox got score 41.46618596205032 in DayLRU for LRU diff : 24284615
04-27 09:21:22.380  1283  1396 D RestartProcessManager: com.ninegag.android.app got score 56.24703843326672 in DayLRU for LRU diff : 32941001
04-27 09:21:22.380  1283  1396 D RestartProcessManager: com.google.android.youtube got score 58.341840567440585 in DayLRU for LRU diff : 34167819
04-27 09:21:22.380  1283  1396 D RestartProcessManager: com.tinder got score 58.38202677943599 in DayLRU for LRU diff : 34191354
04-27 09:21:22.380  1283  1396 D RestartProcessManager: com.instagram.android got score 66.72909146906055 in DayLRU for LRU diff : 39079801
04-27 09:21:22.380  1283  1396 D RestartProcessManager: com.oneplus.deskclock got score 98.01276577732283 in DayLRU for LRU diff : 57401042
04-27 09:21:22.380  1283  1396 D RestartProcessManager: com.whatsapp got score 98.05171063065579 in DayLRU for LRU diff : 57423850
04-27 09:21:22.380  1283  1396 D RestartProcessManager: com.microsoft.office.word got score 98.05765446766263 in DayLRU for LRU diff : 57427331
04-27 09:21:22.380  1283  1396 D RestartProcessManager: com.android.settings got score 98.24654930038854 in DayLRU for LRU diff : 57537957
04-27 09:21:22.380  1283  1396 D RestartProcessManager: com.google.android.gm got score 98.5422931835425 in DayLRU for LRU diff : 57711159
04-27 09:21:22.380  1283  1396 D RestartProcessManager: com.facebook.orca got score 98.55530781315069 in DayLRU for LRU diff : 57718781
04-27 09:21:22.380  1283  1396 D RestartProcessManager: com.facebook.katana got score 98.5733954504427 in DayLRU for LRU diff : 57729374
04-27 09:21:22.380  1283  1396 D RestartProcessManager: com.example.amine.learn2sign got score 99.97577557724331 in DayLRU for LRU diff : 58550676
04-27 09:21:22.380  1283  1396 D RestartProcessManager: com.example.bradycardia got score 100.0 in DayLRU for LRU diff : 58564863
04-27 09:21:22.380  1283  1396 D RestartProcessManager: Max launch times : 17
04-27 09:21:22.380  1283  1396 D RestartProcessManager: com.mantis.kankerroadways got score 5.88235294117647 in DayLaunchTimes for launch times : 1
04-27 09:21:22.380  1283  1396 D RestartProcessManager: com.ninegag.android.app got score 5.88235294117647 in DayLaunchTimes for launch times : 1
04-27 09:21:22.380  1283  1396 D RestartProcessManager: com.oneplus.deskclock got score 5.88235294117647 in DayLaunchTimes for launch times : 1
04-27 09:21:22.380  1283  1396 D RestartProcessManager: com.microsoft.office.word got score 5.88235294117647 in DayLaunchTimes for launch times : 1
04-27 09:21:22.380  1283  1396 D RestartProcessManager: com.facebook.orca got score 5.88235294117647 in DayLaunchTimes for launch times : 1
04-27 09:21:22.380  1283  1396 D RestartProcessManager: com.example.amine.learn2sign got score 5.88235294117647 in DayLaunchTimes for launch times : 1
04-27 09:21:22.380  1283  1396 D RestartProcessManager: com.android.chrome got score 11.76470588235294 in DayLaunchTimes for launch times : 2
04-27 09:21:22.380  1283  1396 D RestartProcessManager: com.google.android.googlequicksearchbox got score 11.76470588235294 in DayLaunchTimes for launch times : 2
04-27 09:21:22.380  1283  1396 D RestartProcessManager: com.android.settings got score 11.76470588235294 in DayLaunchTimes for launch times : 2
04-27 09:21:22.380  1283  1396 D RestartProcessManager: com.example.bradycardia got score 11.76470588235294 in DayLaunchTimes for launch times : 2
04-27 09:21:22.380  1283  1396 D RestartProcessManager: com.spotify.music got score 17.647058823529413 in DayLaunchTimes for launch times : 3
04-27 09:21:22.380  1283  1396 D RestartProcessManager: com.google.android.gm got score 17.647058823529413 in DayLaunchTimes for launch times : 3
04-27 09:21:22.380  1283  1396 D RestartProcessManager: com.facebook.katana got score 17.647058823529413 in DayLaunchTimes for launch times : 3
04-27 09:21:22.380  1283  1396 D RestartProcessManager: com.tinder got score 29.411764705882355 in DayLaunchTimes for launch times : 5
04-27 09:21:22.380  1283  1396 D RestartProcessManager: com.google.android.youtube got score 35.294117647058826 in DayLaunchTimes for launch times : 6
04-27 09:21:22.380  1283  1396 D RestartProcessManager: com.instagram.android got score 47.05882352941176 in DayLaunchTimes for launch times : 8
04-27 09:21:22.381  1283  1396 D RestartProcessManager: com.whatsapp got score 100.0 in DayLaunchTimes for launch times : 17
04-27 09:21:22.385  1283  1396 D RestartProcessManager: Finish all packages
04-27 09:21:22.392  1283  1396 I OHPD    : [BgDetect]chkExcessCpu level: 3 doKills: true critical false uptime: 1200494
04-27 09:21:22.923  1283  1396 I ActivityManager: Killing 26361:com.microsoft.office.word/u0a197 (adj 903): [BgDetect][RNK] kill com.microsoft.office.word (uid 10197) usage 0
04-27 09:21:22.925  1283  1396 D ActivityManager: Process com.microsoft.office.word has 0 services
04-27 09:21:22.932  1283  1396 I ActivityManager: Killing 4248:com.lenovo.anyshare.gps/u0a200 (adj 902): [BgDetect][RNK] kill com.lenovo.anyshare.gps (uid 10200) usage 0
04-27 09:21:22.938  1283  1396 D ActivityManager: Process com.lenovo.anyshare.gps has 0 services
04-27 09:21:22.941  1283  1396 I ActivityManager: Killing 4305:com.android.chrome:sandboxed_process0/u0a200i148 (adj 0): isolated not needed
04-27 09:21:22.967  1283  6947 D ActivityManager: Process com.android.chrome:sandboxed_process0 has 0 services
04-27 09:21:22.980  1283  2205 D ConnectivityService: ConnectivityService NetworkRequestInfo binderDied(NetworkRequest [ LISTEN id=562, [ Capabilities: INTERNET&NOT_RESTRICTED&TRUSTED] ], android.os.BinderProxy@af9b297)
04-27 09:21:22.981  1283  6947 D ConnectivityService: ConnectivityService NetworkRequestInfo binderDied(NetworkRequest [ LISTEN id=561, [ Capabilities: INTERNET&NOT_RESTRICTED&TRUSTED] ], android.os.BinderProxy@8853c84)
04-27 09:21:22.981  1283  1897 D ConnectivityService: releasing NetworkRequest [ LISTEN id=562, [ Capabilities: INTERNET&NOT_RESTRICTED&TRUSTED] ] (CALLBACK_RELEASED)
04-27 09:21:22.981  1283  1897 D ConnectivityService: sending notification RELEASED for NetworkRequest [ LISTEN id=562, [ Capabilities: INTERNET&NOT_RESTRICTED&TRUSTED] ]
04-27 09:21:22.982  1283  1897 E ConnectivityService: RemoteException caught trying to send a callback msg for NetworkRequest [ LISTEN id=562, [ Capabilities: INTERNET&NOT_RESTRICTED&TRUSTED] ]
04-27 09:21:22.982  1283  1897 D ConnectivityService: releasing NetworkRequest [ LISTEN id=561, [ Capabilities: INTERNET&NOT_RESTRICTED&TRUSTED] ] (CALLBACK_RELEASED)
04-27 09:21:22.983  1283  1897 D ConnectivityService: sending notification RELEASED for NetworkRequest [ LISTEN id=561, [ Capabilities: INTERNET&NOT_RESTRICTED&TRUSTED] ]
04-27 09:21:22.983  1283  1897 E ConnectivityService: RemoteException caught trying to send a callback msg for NetworkRequest [ LISTEN id=561, [ Capabilities: INTERNET&NOT_RESTRICTED&TRUSTED] ]
04-27 09:21:22.998  1283  3507 I WindowManager: WIN DEATH: Window{9fbfb72 u0 com.microsoft.office.word/com.microsoft.office.word.WordActivity}
04-27 09:21:23.002  1283  1491 W ActivityManager: setHasOverlayUi called on unknown pid: 26361
04-27 09:21:24.883  1283  1757 V AlarmManager: Triggering alarm #0: 2 when =81336374 package =android operation = null listenTag =WifiConnectivityManager Schedule Periodic Scan Timer flags =0x8
04-27 09:21:24.884  1283  1757 V AlarmManager: Triggering alarm #1: 0 when =1556382084881 package =com.application.zomato operation =*walarm*:com.application.zomato/com.freshdesk.hotline.receiver.HotlineReceiver flags =0x0
04-27 09:21:24.884  1283  1757 V AlarmManager: Triggering alarm #2: 3 when =81334222 package =com.google.android.gms operation =*alarm*:com.google.android.gms/.lockbox.LockboxAlarmReceiver flags =0x0
04-27 09:21:24.915  1283  1396 I ActivityManager: Start proc 6827:com.application.zomato/u0a173 for broadcast com.application.zomato/com.freshdesk.hotline.receiver.HotlineReceiver
04-27 09:21:25.950  1283  1395 I ActivityManager: Start proc 6896:com.microsoft.office.word/u0a197 for embryo com.microsoft.office.word
04-27 09:21:25.976  1283  1395 I ActivityManager: Start proc 6921:com.lenovo.anyshare.gps/u0a200 for embryo com.lenovo.anyshare.gps
04-27 09:21:29.618  1283  1396 W BroadcastQueue: Background execution not allowed: receiving Intent { act=android.net.wifi.SCAN_RESULTS flg=0x4000010 (has extras) } to com.jio.myjio/.jionet.receiver.WifiScanReceiver
04-27 09:21:29.751  1283  1396 I OHPD    : [BgDetect]chkExcessCpu level: 2 doKills: true critical false uptime: 600611
04-27 09:21:40.961  1283  1396 I ActivityManager: Waited long enough for: ServiceRecord{7d7547c u0 com.application.zomato/com.freshdesk.hotline.service.HotlineService}
04-27 09:21:44.388  1283  1283 I NotificationService: Cannot find enqueued record for key: 0|com.balaji.alt|9734|null|10203
04-27 09:21:44.837  1283  7044 D VibratorService: , startTime: 28864527, effect: Waveform{mTimings=[0, 100, 150, 100], mAmplitudes=[0, -1, 0, -1], mRepeat=-1}, usageHint: 5, uid: 10203, opPkg: com.balaji.alt
04-27 09:21:46.726  1283  7073 D VibratorService: , startTime: 28866415, effect: Waveform{mTimings=[0, 350, 250, 350], mAmplitudes=[0, -1, 0, -1], mRepeat=-1}, usageHint: 5, uid: 10203, opPkg: com.balaji.alt
04-27 09:21:54.237  1283  1396 I OHPD    : [BgDetect]chkExcessCpu level: 0 doKills: true critical false uptime: 300647
04-27 09:21:54.758  1283  1396 I OHPD    : [BgDetect]chkExcessCpu level: 1 doKills: true critical false uptime: 300614
04-27 09:22:00.001  1283  1757 V AlarmManager: Triggering alarm #0: 3 when =81381354 package =android operation =*alarm*:android.intent.action.TIME_TICK flags =0x1
04-27 09:22:24.469  1283  1404 E BatteryStatsService: no controller energy info supplied
04-27 09:22:31.776  1283  1757 V AlarmManager: Triggering alarm #0: 2 when =81383339 package =android operation = null listenTag =*job.delay* flags =0x0
04-27 09:22:31.777  1283  1757 V AlarmManager: Triggering alarm #1: 3 when =81386384 package =com.google.android.gms operation =*alarm*:com.google.android.gms.common.operation.LOG_CORE_ANALYTICS flags =0x0
04-27 09:22:31.777  1283  1757 V AlarmManager: Triggering alarm #2: 3 when =81388012 package =com.google.android.gms operation =*alarm*:com.google.android.gms.common.operation.LOG_CORE_ANALYTICS flags =0x0
04-27 09:22:31.777  1283  1757 V AlarmManager: Triggering alarm #3: 3 when =81407469 package =com.google.android.gms operation =*alarm*:com.google.android.gms/.lockbox.LockboxAlarmReceiver flags =0x0
04-27 09:22:31.777  1283  1757 V AlarmManager: Triggering alarm #4: 3 when =81413128 package =com.linkedin.android.jobs.jobseeker operation =*alarm*:com.linkedin.android.jobs.jobseeker/.intentService.CacheFillingService flags =0x0
04-27 09:22:31.800  1283  1757 W ActivityManager: Background start not allowed: service Intent { flg=0x4 cmp=com.linkedin.android.jobs.jobseeker/.intentService.CacheFillingService (has extras) } to com.linkedin.android.jobs.jobseeker/.intentService.CacheFillingService from pid=-1 uid=10242 pkg=com.linkedin.android.jobs.jobseeker
04-27 09:22:43.835  1283  1283 I NotificationService: Cannot find enqueued record for key: 0|com.whatsapp|11|null|10106
04-27 09:22:44.605  1283  7142 D VibratorService: , startTime: 28924294, effect: Waveform{mTimings=[0, 300, 200, 300, 200], mAmplitudes=[0, -1, 0, -1, 0], mRepeat=-1}, usageHint: 5, uid: 10106, opPkg: com.whatsapp
04-27 09:22:51.850  1283  1979 I ActivityManager: sendInner # force resolve:resolvedType=null, finalIntent=Intent { act=com.whatsapp.intent.action.CHATS cmp=com.whatsapp/.HomeActivity }
04-27 09:22:51.851  1283  1979 I ActivityManager: START u0 {act=com.whatsapp.intent.action.CHATS cmp=com.whatsapp/.HomeActivity} from uid 10106 pid -1
04-27 09:22:51.853  1283  1979 W ActivityManager: startActivity called from non-Activity context; forcing Intent.FLAG_ACTIVITY_NEW_TASK for: Intent { act=com.whatsapp.intent.action.CHATS cmp=com.whatsapp/.HomeActivity }
04-27 09:22:51.862  1283  3048 E ActivityManager: applyOptionsLocked: Unknown animationType=0
04-27 09:22:51.879  1283  1396 D RestartProcessManager: updateSelf :  com.whatsapp, size : 30
04-27 09:22:54.322  1283  1979 I ActivityManager: START u0 {flg=0x14000000 cmp=com.whatsapp/.Conversation (has extras)} from uid 10106 pid 31498
04-27 09:22:54.336  1283  1396 D RestartProcessManager: updateSelf :  com.whatsapp, size : 30
04-27 09:22:58.805  1283  1757 V AlarmManager: Triggering alarm #0: 2 when =81430949 package =android operation = null listenTag =*job.delay* flags =0x0
04-27 09:22:58.805  1283  1757 V AlarmManager: Triggering alarm #1: 2 when =81440158 package =com.whatsapp operation =*walarm*:com.whatsapp.MessageHandler.CLIENT_PINGER_ACTION flags =0x0
04-27 09:22:58.845  1283  1283 I ActivityManager: Start proc 7179:com.asu.sundevilrewards/u0a230 for service com.asu.sundevilrewards/com.gimbal.android.jobs.JobManagerService
04-27 09:22:59.659  1283  3048 W ActivityManager: Unable to start service Intent { act=com.asu.sundevilrewards pkg=com.asu.sundevilrewards } U=0: not found
04-27 09:22:59.999  1283  1757 V AlarmManager: Triggering alarm #0: 3 when =81441353 package =android operation =*alarm*:android.intent.action.TIME_TICK flags =0x1
04-27 09:23:00.679  1283  1396 D RestartProcessManager: updateSelf :  com.whatsapp, size : 30
04-27 09:23:03.673  1283  7229 I ActivityManager: START u0 {flg=0x14000000 cmp=com.whatsapp/.Conversation (has extras)} from uid 10106 pid 31498
04-27 09:23:03.690  1283  1396 D RestartProcessManager: updateSelf :  com.whatsapp, size : 30
04-27 09:23:05.000  1283  1396 D RestartProcessManager: updateSelf :  com.whatsapp, size : 30
04-27 09:23:07.959  1283  1793 D DisplayManagerService: setWakingupReason: 
04-27 09:23:07.959  1283  1793 I PowerManagerService: Going to sleep by application request (uid 1000)...
04-27 09:23:07.959  1283  1493 I ColorBalanceService: MSG:2
04-27 09:23:07.959  1283  1493 I DisplayPowerController: useProximityForceSuspend = false
04-27 09:23:07.959  1283  1905 D ColorBalanceService: MSG_SCREEN_OFF
04-27 09:23:07.960  1283  1905 I ColorBalanceService: processScreenOn:false
04-27 09:23:07.960  1283  1905 I ColorBalanceService: setSRGBSensorEnabled:false
04-27 09:23:08.030  1283  1283 I WindowManager: Started going to sleep... (why=2)
04-27 09:23:08.042  1283  3507 D FingerprintService: getEnrolledFingerprints: userId = 0
04-27 09:23:08.044  1283  3507 D FingerprintService: getEnrolledFingerprints: userId = 0
04-27 09:23:08.046  1283  1908 D FingerprintService: startAuthentication: 0
04-27 09:23:08.046  1283  1908 D FingerprintService: current user = 0
04-27 09:23:08.047  1283  1908 D FingerprintService: hasEnrolledFingerprints: 0, 4
04-27 09:23:08.061  1283  1908 V FingerprintService: startAuthentication(com.android.systemui), 0, 0, 0, 0, true
04-27 09:23:08.061  1283  1908 V FingerprintService: starting client AuthenticationClient(com.android.systemui), initiatedByClient = true)
04-27 09:23:08.061  1283  1908 D FingerprintService: updateStatus , 3
04-27 09:23:08.066  1283  1908 W FingerprintService: client com.android.systemui is authenticating...
04-27 09:23:08.230  1283  1493 I DisplayPowerController: useProximityForceSuspend = false
04-27 09:23:08.231  1283  1493 I DisplayPowerController: Blocking screen off
04-27 09:23:08.249  1283  1493 I DreamManagerService: Entering dreamland.
04-27 09:23:08.251  1283  1493 I PowerManagerService: Dozing...
04-27 09:23:08.254  1283  1489 I DreamController: Starting dream: name=ComponentInfo{com.oneplus.aod/com.oneplus.doze.DozeService}, isTest=false, canDoze=true, userId=0
04-27 09:23:08.262  1283  1493 I DisplayPowerController: Unblocked screen off after 31 ms
04-27 09:23:08.262  1283  1493 I DisplayPowerController: useProximityForceSuspend = false
04-27 09:23:08.262  1283  1493 I WindowManager: Screen turned off...
04-27 09:23:08.271  3081  3081 V DreamService[DozeService]: onCreate()
04-27 09:23:08.274  1283  1493 D RestartProcessManager: Screen off is true
04-27 09:23:08.274  1283  1493 I DisplayPowerController: useProximityForceSuspend = false
04-27 09:23:08.274  1283  1493 D RestartProcessManager: Screen off is true
04-27 09:23:08.276  1283  1491 I DisplayManagerService: Display device changed state: "Built-in Screen", OFF
04-27 09:23:08.283  1283  3507 D FingerprintService: getEnrolledFingerprints: userId = 0
04-27 09:23:08.302  1283  3507 D FingerprintService: updateStatus , 2
04-27 09:23:08.329  3081  3081 V DreamService[DozeService]: onBind() intent = Intent { act=android.service.dreams.DreamService flg=0x800000 cmp=com.oneplus.aod/com.oneplus.doze.DozeService }
04-27 09:23:08.332  3081  3081 V DreamService[DozeService]: Calling onDreamingStarted()
04-27 09:23:08.332  3081  3081 V DreamService[DozeService]: onDreamingStarted()
04-27 09:23:08.375  1283  1493 I DisplayPowerController: useProximityForceSuspend = false
04-27 09:23:08.375  1283  1493 D RestartProcessManager: Screen off is true
04-27 09:23:08.540  1283  1493 I DisplayPowerController: useProximityForceSuspend = false
04-27 09:23:08.540  1283  1493 D RestartProcessManager: Screen off is true
04-27 09:23:08.541  1283  1283 I WindowManager: Finished going to sleep... (why=2)
04-27 09:23:08.549  1283  7229 I ActivityManager: AppLocker: setKeyguardDone false
04-27 09:23:08.557  1983  1983 D KeyguardViewMediator: setLockScreenShown begin, true, seq:28948248
04-27 09:23:08.565  1983  2081 D KeyguardViewMediator: setLockScreenShown true, seq:28948248
04-27 09:23:08.566  1283  7229 D ActivityManager: setLockScreenShown true, pid:1983
04-27 09:23:08.566  1283  7229 D ActivityManager: setKeyguardShown, true, false
04-27 09:23:08.572  1283  7229 I ActivityManager: [scene] setLockScreenShown showing true, occluded false
04-27 09:23:08.588  1283  3507 D FingerprintService: getEnrolledFingerprints: userId = 0
04-27 09:23:08.736  1283  1979 D FingerprintService: getEnrolledFingerprints: userId = 0
04-27 09:23:08.744  1283  3507 D FingerprintService: getEnrolledFingerprints: userId = 0
04-27 09:23:08.749  1983  1983 V KeyguardStatusView: refresh statusview showing:true
04-27 09:23:08.765  1283  3507 I StatusBarManagerService: pkg = com.android.systemui, mDisabled1 = 1200000, mDisabled2 =0,what =18874368
04-27 09:23:08.769  1983  1983 V KeyguardDisplayManager: show
04-27 09:23:15.671  1283  1757 V AlarmManager: Triggering alarm #0: 2 when =81457024 package =com.whatsapp operation =*walarm*:com.whatsapp.alarm.AVAILABLE_TIMEOUT flags =0x5
04-27 09:23:30.479  1283  1404 E BatteryStatsService: no controller energy info supplied
04-27 09:23:32.037  1283  1757 V AlarmManager: Triggering alarm #0: 2 when =81470525 package =com.google.android.gms operation =*walarm*:com.google.android.gms.gcm.ACTION_CHECK_QUEUE flags =0x0
04-27 09:23:32.038  1283  1757 V AlarmManager: Triggering alarm #1: 3 when =81473390 package =com.google.android.gms operation =*alarm*:com.google.android.gms/.lockbox.LockboxAlarmReceiver flags =0x0
04-27 09:23:41.735  1283  1493 I DisplayPowerController: useProximityForceSuspend = false
04-27 09:23:41.736  1283  1493 I DisplayPowerController: Blocking screen on until initial contents have been drawn.
04-27 09:23:41.736  1283  1493 I WindowManager: Screen turning on...
04-27 09:23:41.736  1283  1493 D RestartProcessManager: Screen off is false
04-27 09:23:41.737  1283  1491 I DisplayManagerService: Display device changed state: "Built-in Screen", DOZE
04-27 09:23:41.792  1283  1493 I DisplayPowerController: useProximityForceSuspend = false
04-27 09:23:41.792  1283  1493 D RestartProcessManager: Screen off is false
04-27 09:23:41.793  1283  7229 D WindowManager: mKeyguardDelegate.ShowListener.onDrawn.
04-27 09:23:41.793  1283  1397 W WindowManager: Setting mKeyguardDrawComplete
04-27 09:23:41.912  1283  1491 I WindowManager: All windows ready for display!
04-27 09:23:41.912  1283  1397 W WindowManager: Setting mWindowManagerDrawComplete
04-27 09:23:41.912  1283  1397 D WindowManager: finishScreenTurningOn: mAwake=false, mScreenOnEarly=true, mScreenOnFully=false, mKeyguardDrawComplete=true, mWindowManagerDrawComplete=true, mKeyguardDelegate.isShowing()= true, mKeyguardDelegate.isFingerprintAuthenticating()= false
04-27 09:23:41.912  1283  1397 I WindowManager: Finished screen turning on...
04-27 09:23:41.913  1283  1493 I DisplayPowerController: Unblocked screen on after 177 ms
04-27 09:23:41.913  1283  1493 I DisplayPowerController: useProximityForceSuspend = false
04-27 09:23:41.913  1283  1493 D RestartProcessManager: Screen off is false
04-27 09:23:41.913  1283  1493 I DisplayPowerController: useProximityForceSuspend = false
04-27 09:23:41.913  1283  1493 D RestartProcessManager: Screen off is false
04-27 09:23:42.042  1283  1979 D FingerprintService: getEnrolledFingerprints: userId = 0
04-27 09:23:42.043  1283  1979 D FingerprintService: updateStatus , 0
04-27 09:23:42.077  1283  7316 D VibratorService: , startTime: 28981767, effect: Waveform{mTimings=[0, 300, 200, 300, 200], mAmplitudes=[0, -1, 0, -1, 0], mRepeat=-1}, usageHint: 5, uid: 10106, opPkg: com.whatsapp
04-27 09:23:47.116  1283  1493 I DisplayPowerController: useProximityForceSuspend = false
04-27 09:23:47.116  1283  1493 I DisplayPowerController: useProximityForceSuspend = false
04-27 09:23:47.116  1283  1493 I DisplayPowerController: Blocking screen off
04-27 09:23:47.117  1283  1493 I DisplayPowerController: Unblocked screen off after 1 ms
04-27 09:23:47.117  1283  1493 I DisplayPowerController: useProximityForceSuspend = false
04-27 09:23:47.117  1283  1493 I WindowManager: Screen turned off...
04-27 09:23:47.122  1283  7229 D FingerprintService: getEnrolledFingerprints: userId = 0
04-27 09:23:47.125  1283  1493 D RestartProcessManager: Screen off is true
04-27 09:23:47.125  1283  1493 I DisplayPowerController: useProximityForceSuspend = false
04-27 09:23:47.126  1283  1493 D RestartProcessManager: Screen off is true
04-27 09:23:47.127  1283  1491 I DisplayManagerService: Display device changed state: "Built-in Screen", OFF
04-27 09:23:47.138  1283  3507 D FingerprintService: updateStatus , 2
04-27 09:23:47.401  1283  1493 I DisplayPowerController: useProximityForceSuspend = false
04-27 09:23:47.401  1283  1493 D RestartProcessManager: Screen off is true
04-27 09:24:00.000  1283  1757 V AlarmManager: Triggering alarm #0: 3 when =81501353 package =android operation =*alarm*:android.intent.action.TIME_TICK flags =0x1
04-27 09:24:30.458  1283  1404 E BatteryStatsService: no controller energy info supplied
04-27 09:24:33.465  1283  1757 V AlarmManager: Triggering alarm #0: 2 when =81534818 package =com.google.android.gms operation =*walarm*:com.google.android.intent.action.MCS_HEARTBEAT flags =0x5
04-27 09:24:33.505  1283  1390 I ProcessStatsService: Pruning old procstats: /data/system/procstats/state-2019-04-25-11-35-43.bin
04-27 09:25:00.000  1283  1757 V AlarmManager: Triggering alarm #0: 3 when =81561353 package =android operation =*alarm*:android.intent.action.TIME_TICK flags =0x1
04-27 09:25:06.911  1283  1757 V AlarmManager: Triggering alarm #0: 0 when =1556382268279 package =com.application.zomato operation =*walarm*:com.application.zomato/com.freshdesk.hotline.receiver.HotlineReceiver flags =0x0
04-27 09:25:06.912  1283  1757 V AlarmManager: Triggering alarm #1: 2 when =81568263 package =android operation = null listenTag =*job.delay* flags =0x0
04-27 09:25:06.912  1283  1757 V AlarmManager: Triggering alarm #2: 3 when =81533642 package =com.google.android.gms operation =*alarm*:com.google.android.gms/.lockbox.LockboxAlarmReceiver flags =0x0
04-27 09:25:08.559  1283  1757 V AlarmManager: Triggering alarm #0: 2 when =81569912 package =com.facebook.katana operation =*walarm*:WakingExecutorService.ACTION_ALARM.com.facebook.katana.Mqtt_Wakeup flags =0x1
04-27 09:25:08.590  1283  1757 V AlarmManager: Triggering alarm #0: 2 when =81569944 package =com.facebook.orca operation =*walarm*:WakingExecutorService.ACTION_ALARM.com.facebook.orca.Mqtt_Wakeup flags =0x1
04-27 09:25:10.655  1283  1757 V AlarmManager: Triggering alarm #0: 2 when =81572008 package =android operation = null listenTag =*job.delay* flags =0x0
04-27 09:25:14.455  1283  1757 V AlarmManager: Triggering alarm #0: 2 when =81575808 package =android operation = null listenTag =*job.delay* flags =0x0
04-27 09:25:30.468  1283  1404 E BatteryStatsService: no controller energy info supplied
04-27 09:25:52.071  1283  3040 I ActivityManager: Killing 6043:com.noodlecake.leapon/u0a64 (adj 906): empty #17
04-27 09:25:52.091  1283  3048 D ActivityManager: Process com.noodlecake.leapon has 0 services
04-27 09:25:52.110  1283  1757 V AlarmManager: Triggering alarm #0: 2 when =81613464 package =android operation = null listenTag =*job.delay* flags =0x0
04-27 09:25:52.144  1283  1757 V AlarmManager: Triggering alarm #0: 2 when =81613464 package =android operation = null listenTag =*job.deadline* flags =0x0
04-27 09:25:53.265  1283  1493 I DisplayPowerController: useProximityForceSuspend = false
04-27 09:25:53.265  1283  1493 I DisplayPowerController: Blocking screen on until initial contents have been drawn.
04-27 09:25:53.265  1283  1493 I WindowManager: Screen turning on...
04-27 09:25:53.265  1283  1493 D RestartProcessManager: Screen off is false
04-27 09:25:53.266  1283  1491 I DisplayManagerService: Display device changed state: "Built-in Screen", DOZE
04-27 09:25:53.287  1283  3040 D WindowManager: mKeyguardDelegate.ShowListener.onDrawn.
04-27 09:25:53.287  1283  1397 W WindowManager: Setting mKeyguardDrawComplete
04-27 09:25:53.315  1283  1493 I DisplayPowerController: useProximityForceSuspend = false
04-27 09:25:53.315  1283  1493 D RestartProcessManager: Screen off is false
04-27 09:25:53.403  1283  1491 I WindowManager: All windows ready for display!
04-27 09:25:53.403  1283  1397 W WindowManager: Setting mWindowManagerDrawComplete
04-27 09:25:53.403  1283  1397 D WindowManager: finishScreenTurningOn: mAwake=false, mScreenOnEarly=true, mScreenOnFully=false, mKeyguardDrawComplete=true, mWindowManagerDrawComplete=true, mKeyguardDelegate.isShowing()= true, mKeyguardDelegate.isFingerprintAuthenticating()= false
04-27 09:25:53.403  1283  1397 I WindowManager: Finished screen turning on...
04-27 09:25:53.404  1283  1493 I DisplayPowerController: Unblocked screen on after 139 ms
04-27 09:25:53.404  1283  1493 I DisplayPowerController: useProximityForceSuspend = false
04-27 09:25:53.404  1283  1493 D RestartProcessManager: Screen off is false
04-27 09:25:53.404  1283  1493 I DisplayPowerController: useProximityForceSuspend = false
04-27 09:25:53.405  1283  1493 D RestartProcessManager: Screen off is false
04-27 09:25:53.421  1283  3040 D FingerprintService: getEnrolledFingerprints: userId = 0
04-27 09:25:53.421  1283  3040 D FingerprintService: updateStatus , 0
04-27 09:25:53.668  1283  7412 D VibratorService: , startTime: 29113355, effect: Waveform{mTimings=[0, 300, 200, 300, 200], mAmplitudes=[0, -1, 0, -1, 0], mRepeat=-1}, usageHint: 5, uid: 10106, opPkg: com.whatsapp
04-27 09:25:55.123  1283  1395 I ActivityManager: Start proc 7420:com.noodlecake.leapon/u0a64 for embryo com.noodlecake.leapon
04-27 09:25:57.023  1283  3048 E NotificationService: Suppressing notification from package by user request.
04-27 09:26:00.000  1283  1757 V AlarmManager: Triggering alarm #0: 3 when =81621353 package =android operation =*alarm*:android.intent.action.TIME_TICK flags =0x1
04-27 09:26:02.427  1283  1493 I DisplayPowerController: useProximityForceSuspend = false
04-27 09:26:02.428  1283  1493 I DisplayPowerController: useProximityForceSuspend = false
04-27 09:26:02.428  1283  1493 I DisplayPowerController: Blocking screen off
04-27 09:26:02.429  1283  1493 I DisplayPowerController: Unblocked screen off after 1 ms
04-27 09:26:02.429  1283  1493 I DisplayPowerController: useProximityForceSuspend = false
04-27 09:26:02.429  1283  1493 I WindowManager: Screen turned off...
04-27 09:26:02.438  1283  1493 D RestartProcessManager: Screen off is true
04-27 09:26:02.438  1283  1493 I DisplayPowerController: useProximityForceSuspend = false
04-27 09:26:02.439  1283  1493 D RestartProcessManager: Screen off is true
04-27 09:26:02.439  1283  1491 I DisplayManagerService: Display device changed state: "Built-in Screen", OFF
04-27 09:26:02.450  1283  3040 D FingerprintService: getEnrolledFingerprints: userId = 0
04-27 09:26:02.457  1283  7229 D FingerprintService: updateStatus , 2
04-27 09:26:02.715  1283  1493 I DisplayPowerController: useProximityForceSuspend = false
04-27 09:26:02.716  1283  1493 D RestartProcessManager: Screen off is true
04-27 09:26:30.472  1283  1404 E BatteryStatsService: no controller energy info supplied
04-27 09:26:44.512  1283  1757 V AlarmManager: Triggering alarm #0: 2 when =81665865 package =android operation = null listenTag =DhcpClient.wlan0.RENEW flags =0x9
04-27 09:26:44.610  1283  1897 D ConnectivityService: notifyType CAP_CHANGED for NetworkAgentInfo [WIFI () - 105]
04-27 09:26:44.610  1283  1897 D ConnectivityService:  sending notification for NetworkRequest [ REQUEST id=1, [ Capabilities: INTERNET&NOT_RESTRICTED&TRUSTED&NOT_VPN] ]
04-27 09:26:44.610  1283  1897 D ConnectivityService:  sending notification for NetworkRequest [ TRACK_DEFAULT id=3, [ Capabilities: INTERNET&NOT_RESTRICTED&TRUSTED&NOT_VPN] ]
04-27 09:26:44.610  1283  1897 D ConnectivityService: sending notification CAP_CHANGED for NetworkRequest [ TRACK_DEFAULT id=3, [ Capabilities: INTERNET&NOT_RESTRICTED&TRUSTED&NOT_VPN] ]
04-27 09:26:44.610  1283  1897 D ConnectivityService:  sending notification for NetworkRequest [ LISTEN id=4, [ Transports: CELLULAR|WIFI Capabilities: NOT_RESTRICTED&TRUSTED&NOT_VPN] ]
04-27 09:26:44.611  1283  1897 D ConnectivityService: sending notification CAP_CHANGED for NetworkRequest [ LISTEN id=4, [ Transports: CELLULAR|WIFI Capabilities: NOT_RESTRICTED&TRUSTED&NOT_VPN] ]
04-27 09:26:44.611  1283  1897 D ConnectivityService:  sending notification for NetworkRequest [ LISTEN id=5, [ Transports: WIFI Capabilities: INTERNET&NOT_RESTRICTED&TRUSTED&NOT_VPN] ]
04-27 09:26:44.611  1283  1897 D ConnectivityService: sending notification CAP_CHANGED for NetworkRequest [ LISTEN id=5, [ Transports: WIFI Capabilities: INTERNET&NOT_RESTRICTED&TRUSTED&NOT_VPN] ]
04-27 09:26:44.611  1283  1897 D ConnectivityService:  sending notification for NetworkRequest [ TRACK_DEFAULT id=7, [ Capabilities: INTERNET&NOT_RESTRICTED&TRUSTED&NOT_VPN] ]
04-27 09:26:44.612  1283  1897 D ConnectivityService: sending notification CAP_CHANGED for NetworkRequest [ TRACK_DEFAULT id=7, [ Capabilities: INTERNET&NOT_RESTRICTED&TRUSTED&NOT_VPN] ]
04-27 09:26:44.612  1283  1897 D ConnectivityService:  sending notification for NetworkRequest [ LISTEN id=8, [] ]
04-27 09:26:44.612  1283  1897 D ConnectivityService: sending notification CAP_CHANGED for NetworkRequest [ LISTEN id=8, [] ]
04-27 09:26:44.614  1283  1897 D ConnectivityService:  sending notification for NetworkRequest [ LISTEN id=27, [ Capabilities: INTERNET&NOT_RESTRICTED&TRUSTED&FOREGROUND] ]
04-27 09:26:44.614  1283  1897 D ConnectivityService: sending notification CAP_CHANGED for NetworkRequest [ LISTEN id=27, [ Capabilities: INTERNET&NOT_RESTRICTED&TRUSTED&FOREGROUND] ]
04-27 09:26:44.614  1283  1897 D ConnectivityService:  sending notification for NetworkRequest [ LISTEN id=28, [ Capabilities: INTERNET&NOT_RESTRICTED&TRUSTED&FOREGROUND] ]
04-27 09:26:44.614  1283  1897 D ConnectivityService: sending notification CAP_CHANGED for NetworkRequest [ LISTEN id=28, [ Capabilities: INTERNET&NOT_RESTRICTED&TRUSTED&FOREGROUND] ]
04-27 09:26:44.614  1283  1897 D ConnectivityService:  sending notification for NetworkRequest [ LISTEN id=31, [ Capabilities: INTERNET&NOT_RESTRICTED&TRUSTED&NOT_VPN] ]
04-27 09:26:44.615  1283  1897 D ConnectivityService: sending notification CAP_CHANGED for NetworkRequest [ LISTEN id=31, [ Capabilities: INTERNET&NOT_RESTRICTED&TRUSTED&NOT_VPN] ]
04-27 09:26:44.615  1283  1897 D ConnectivityService:  sending notification for NetworkRequest [ LISTEN id=57, [ Capabilities: INTERNET&NOT_RESTRICTED&TRUSTED] ]
04-27 09:26:44.615  1283  1897 D ConnectivityService: sending notification CAP_CHANGED for NetworkRequest [ LISTEN id=57, [ Capabilities: INTERNET&NOT_RESTRICTED&TRUSTED] ]
04-27 09:26:44.615  1283  1897 D ConnectivityService:  sending notification for NetworkRequest [ LISTEN id=58, [ Capabilities: INTERNET&NOT_RESTRICTED&TRUSTED] ]
04-27 09:26:44.615  1283  1897 D ConnectivityService: sending notification CAP_CHANGED for NetworkRequest [ LISTEN id=58, [ Capabilities: INTERNET&NOT_RESTRICTED&TRUSTED] ]
04-27 09:26:44.615  1283  1897 D ConnectivityService:  sending notification for NetworkRequest [ LISTEN id=145, [ Capabilities: INTERNET&NOT_RESTRICTED&TRUSTED&NOT_VPN&FOREGROUND] ]
04-27 09:26:44.615  1283  1897 D ConnectivityService: sending notification CAP_CHANGED for NetworkRequest [ LISTEN id=145, [ Capabilities: INTERNET&NOT_RESTRICTED&TRUSTED&NOT_VPN&FOREGROUND] ]
04-27 09:26:44.616  1283  1897 D ConnectivityService:  sending notification for NetworkRequest [ LISTEN id=334, [ Capabilities: INTERNET&NOT_RESTRICTED&TRUSTED] ]
04-27 09:26:44.616  1283  1897 D ConnectivityService: sending notification CAP_CHANGED for NetworkRequest [ LISTEN id=334, [ Capabilities: INTERNET&NOT_RESTRICTED&TRUSTED] ]
04-27 09:26:44.616  1283  1897 D ConnectivityService:  sending notification for NetworkRequest [ LISTEN id=440, [ Capabilities: INTERNET&NOT_RESTRICTED&TRUSTED&FOREGROUND] ]
04-27 09:26:44.616  1283  1897 D ConnectivityService: sending notification CAP_CHANGED for NetworkRequest [ LISTEN id=440, [ Capabilities: INTERNET&NOT_RESTRICTED&TRUSTED&FOREGROUND] ]
04-27 09:26:44.616  1283  1897 D ConnectivityService:  sending notification for NetworkRequest [ LISTEN id=441, [ Capabilities: INTERNET&NOT_RESTRICTED&TRUSTED&FOREGROUND] ]
04-27 09:26:44.616  1283  1897 D ConnectivityService: sending notification CAP_CHANGED for NetworkRequest [ LISTEN id=441, [ Capabilities: INTERNET&NOT_RESTRICTED&TRUSTED&FOREGROUND] ]
04-27 09:26:44.617  1283  1897 D ConnectivityService:  sending notification for NetworkRequest [ LISTEN id=511, [ Capabilities: INTERNET&NOT_RESTRICTED&TRUSTED] ]
